01-15 04:32:28.097 31525 31525 D DHCUI   : #30 pc 00006519  /system/b2g/b2g (_Z8b2g_mainiPPKc+160)
01-15 04:32:28.097 31525 31525 D DHCUI   : #31 pc 000062b7  /system/b2g/b2g (main+326)
01-15 04:32:28.097 31525 31525 D DHCUI   : #32 pc 00016655  /system/lib/libc.so (__libc_init+44)
01-15 04:32:28.097 31525 31525 D DHCUI   : #33 pc 00005db0  /system/b2g/b2g (_start+96)
01-15 04:32:28.097 31525 31525 D DHCUI   : BluetoothSocket::Cleanup this is 0xa7364c70,mSocketInterface is 0xaa6d5db8
01-15 04:32:28.097 31525 31525 I GeckoBluetooth: OnSocketDisconnect: [client]
01-15 04:32:28.097 31525 31525 I GeckoBluetooth: FileTransferComplete: broadcast system message: [bluetooth-opp-transfer-complete]
01-15 04:32:28.097 31943 32049 W bt_l2cap: L2CA_SetDesireRole() new:x0, disallow_switch:0
01-15 04:32:28.107 31525 31525 I WakeLock: Acquire cpu wakelock
01-15 04:32:28.127 31943 32049 W bt_rfcomm: rfc_port_closed
01-15 04:32:28.137 31943 32049 W bt_btif : bta_jv_rfc_port_to_cb(port_handle:0x9):jv handle:0x0 not FOUND
01-15 04:32:28.137 31943 32049 E bt_btif : bta_jv_port_mgmt_cl_cback, p_cb:0x0, p_cb->p_cback:0x0, p_pcb
01-15 04:32:28.137 31943 32049 W bt_rfcomm: port_rfc_closed RFCOMM connection in state 3 closed: Closed (res: 19)
01-15 04:32:28.137 31943 32049 W bt_l2cap: L2CA_DisconnectReq()  CID: 0x0045
01-15 04:32:28.137 31943 32049 W bt_l2cap: L2CAP - st: W4_L2CAP_DISC_RSP evt: 18
01-15 04:32:28.247 31525 31525 I WakeLock: Acquire cpu wakelock
01-15 04:32:28.367 31525 31525 I GeckoConsole: Content JS LOG: [System Bluetooth Transfer]: remove the finished sending task from queue, queue length = 0 
01-15 04:32:28.367 31525 31525 I GeckoConsole:     at bt_debug (app://system.gaiamobile.org/js/bluetooth_transfer.js:98:5)
01-15 04:32:28.377 31525 31525 I Gecko:DumpUtils: nsVolumeMountLock released for 'sdcard'
01-15 04:32:28.377 31525 31525 D DHCUI   : BluetoothSocket::~~BluetoothSocket this is 0xa7364c70
01-15 04:32:28.377 31525 31525 I GeckoBluetooth: ProcessNextBatch: REMOVE. 0 remaining
01-15 04:32:28.377 31525 31525 D DHCUI   : BluetoothSocket::BluetoothSocket this is 0xa57b1220
01-15 04:32:28.777 31525 31525 D DHCUI   : #00 pc 00a58add  /system/b2g/libxul.so (_ZN7mozilla3dom9bluetooth15BluetoothSocketC2EPNS1_23BluetoothSocketObserverE+80)
01-15 04:32:28.777 31525 31525 D DHCUI   : #01 pc 00a51605  /system/b2g/libxul.so (_ZN7mozilla3dom9bluetooth19BluetoothOppManager6ListenEv+72)
01-15 04:32:28.777 31525 31525 D DHCUI   : #02 pc 00a58fb7  /system/b2g/libxul.so (_ZN7mozilla3dom9bluetooth15BluetoothSocket12OnDisconnectEv+74)
01-15 04:32:28.777 31525 31525 D DHCUI   : #03 pc 00a583db  /system/b2g/libxul.so (_ZN7mozilla3dom9bluetooth15BluetoothSocket5CloseEv+62)
01-15 04:32:28.777 31525 31525 D DHCUI   : #04 pc 00a50199  /system/b2g/libxul.so (_ZN7mozilla3dom9bluetooth19BluetoothOppManager15StopSendingFileEv+20)
01-15 04:32:28.777 31525 31525 D DHCUI   : #05 pc 00a5563b  /system/b2g/libxul.so (_ZN7mozilla3dom9bluetooth25BluetoothServiceBluedroid15StopSendingFileERKNS1_16BluetoothAddressEPNS1_22BluetoothReplyRunnableE+42)
01-15 04:32:28.777 31525 31525 D DHCUI   : #06 pc 00a618ad  /system/b2g/libxul.so (_ZN7mozilla3dom9bluetooth16BluetoothAdapter15StopSendingFileERK18nsAString_internalRNS_11ErrorResultE+156)
01-15 04:32:28.777 31525 31525 D DHCUI   : #07 pc 00aab76d  /system/b2g/libxul.so (_ZN7mozilla3dom23BluetoothAdapterBindingL15stopSendingFileEP9JSContextN2JS6HandleIP8JSObjectEEPNS0_9bluetooth16BluetoothAdapterERK19JSJitMethodCallArgs+64)
01-15 04:32:28.777 31525 31525 D DHCUI   : #08 pc 00e0a5f3  /system/b2g/libxul.so (_ZN7mozilla3dom20GenericBindingMethodEP9JSContextjPN2JS5ValueE+194)
01-15 04:32:28.777 31525 31525 D DHCUI   : #09 pc 01ae0337  /system/b2g/libxul.so (_ZN2js23InternalCallOrConstructEP9JSContextRKN2JS8CallArgsENS_14MaybeConstructE+282)
01-15 04:32:28.777 31525 31525 D DHCUI   : #10 pc 01ad8e47  /system/b2g/libxul.so (_ZL9InterpretP9JSContextRN2js8RunStateE+1622)
01-15 04:32:28.777 31525 31525 D DHCUI   : #11 pc 01ae017d  /system/b2g/libxul.so (_ZN2js9RunScriptEP9JSContextRNS_8RunStateE+220)
01-15 04:32:28.777 31525 31525 D DHCUI   : #12 pc 01ae02b9  /system/b2g/libxul.so (_ZN2js23InternalCallOrConstructEP9JSContextRKN2JS8CallArgsENS_14MaybeConstructE+156)
01-15 04:32:28.777 31525 31525 D DHCUI   : #13 pc 01ae0499  /system/b2g/libxul.so (_ZN2js4CallEP9JSContextN2JS6HandleINS2_5ValueEEES5_RKNS_13AnyInvokeArgsENS2_13MutableHandleIS4_EE+24)
01-15 04:32:28.777 31525 31525 D DHCUI   : #14 pc 019fcfcb  /system/b2g/libxul.so (_ZN2JS4CallEP9JSContextNS_6HandleINS_5ValueEEES4_RKNS_16HandleValueArrayENS_13MutableHandleIS3_EE+178)
01-15 04:32:28.777 31525 31525 D DHCUI   : #15 pc 00ddbf83  /system/b2g/libxul.so (_ZN7mozilla3dom8Function4CallEP9JSContextN2JS6HandleINS4_5ValueEEERK8nsTArrayIS6_ENS4_13MutableHandleIS6_EERNS_11ErrorResultE+454)
01-15 04:32:28.777 31525 31525 D DHCUI   : #16 pc 009821c1  /system/b2g/libxul.so (_ZN14nsGlobalWindow17RunTimeoutHandlerEP9nsTimeoutP16nsIScriptContext+416)
01-15 04:32:28.777 31525 31525 D DHCUI   : #17 pc 00982887  /system/b2g/libxul.so (_ZN14nsGlobalWindow10RunTimeoutEP9nsTimeout+382)
01-15 04:32:28.777 31525 31525 D DHCUI   : #18 pc 00982a43  /system/b2g/libxul.so (_ZN14nsGlobalWindow13TimerCallbackEP8nsITimerPv+20)
01-15 04:32:28.777 31525 31525 D DHCUI   : #19 pc 003f22a1  /system/b2g/libxul.so (_ZN11nsTimerImpl4FireEv+712)
01-15 04:32:28.777 31525 31525 D DHCUI   : #20 pc 003ede49  /system/b2g/libxul.so (_ZN12nsTimerEvent3RunEv+160)
01-15 04:32:28.777 31525 31525 D DHCUI   : #21 pc 014abbdd  /system/b2g/libxul.so (_ZN7mozilla10tasktracer14TracedRunnable3RunEv+26)
01-15 04:32:28.777 31525 31525 D DHCUI   : #22 pc 003ee381  /system/b2g/libxul.so (_ZN8nsThread16ProcessNextEventEbPb+560)
01-15 04:32:28.777 31525 31525 D DHCUI   : #23 pc 0040048b  /system/b2g/libxul.so (_Z19NS_ProcessNextEventP9nsIThreadb+22)
01-15 04:32:28.777 31525 31525 D DHCUI   : #24 pc 005e46ad  /system/b2g/libxul.so (_ZN7mozilla3ipc11MessagePump3RunEPN4base11MessagePump8DelegateE+224)
01-15 04:32:28.777 31525 31525 D DHCUI   : #25 pc 005d58f3  /system/b2g/libxul.so (_ZN11MessageLoop3RunEv+14)
01-15 04:32:28.777 31525 31525 D DHCUI   : #26 pc 01186f89  /system/b2g/libxul.so (_ZN14nsBaseAppShell3RunEv+28)
01-15 04:32:28.777 31525 31525 D DHCUI   : #27 pc 01539bfd  /system/b2g/libxul.so (_ZN12nsAppStartup3RunEv+48)
01-15 04:32:28.777 31525 31525 D DHCUI   : #28 pc 015549bf  /system/b2g/libxul.so (_ZN7XREMain11XRE_mainRunEv+1806)
01-15 04:32:28.777 31525 31525 D DHCUI   : #29 pc 01554c85  /system/b2g/libxul.so (_ZN7XREMain8XRE_mainEiPPcPK12nsXREAppData+444)
01-15 04:32:28.777 31525 31525 D DHCUI   : #30 pc 01554e7b  /system/b2g/libxul.so (XRE_main+78)
01-15 04:32:28.777 31525 31525 D DHCUI   : #31 pc 00006421  /system/b2g/b2g (_ZL7do_mainiPPc+276)
01-15 04:32:28.777 31525 31525 D DHCUI   : #32 pc 00006519  /system/b2g/b2g (_Z8b2g_mainiPPKc+160)
01-15 04:32:28.777 31525 31525 D DHCUI   : #33 pc 000062b7  /system/b2g/b2g (main+326)
01-15 04:32:28.777 31525 31525 D DHCUI   : #34 pc 00016655  /system/lib/libc.so (__libc_init+44)
01-15 04:32:28.777 31525 31525 D DHCUI   : #35 pc 00005db0  /system/b2g/b2g (_start+96)
01-15 04:32:28.777 31525 31525 D DHCUI   : BluetoothSocket::Listen 1 this is 0xa57b1220
01-15 04:32:28.777 31525 31525 D DHCUI   : BluetoothSocket::Listen 2 this is 0xa57b1220
01-15 04:32:28.777 31525 31525 D DHCUI   : BluetoothSocket::LoadSocketInterface this is 0xa57b1220,mSocketInterface is 0x0
01-15 04:32:28.777 31525 31525 I GeckoConsole: Content JS LOG: [System Bluetooth Transfer]: opp's device don't accept the file and timeout occurred. 
01-15 04:32:28.777 31525 31525 I GeckoConsole:     at bt_debug (app://system.gaiamobile.org/js/bluetooth_transfer.js:98:5)
01-15 04:32:28.807 31525 31525 I Gecko:DumpUtils: nsVolume: sdcard state Mounted @ '/data/usbmsc_mnt' gen 1 locked 0 fake 1 media 1 sharing 0 formatting 0 unmounting 0 removable 0 hotswappable 0
01-15 04:32:28.807 31525 31546 I AutoMounter: Failed to get property, ro.kaios.usb.state_node, use default value.
01-15 04:32:28.807 31525 31525 I WakeLock: Release volume-sdcard-1 wakelock
01-15 04:32:28.807 31525 31546 I AutoMounter: Failed to get property, ro.kaios.usb.functions_node, use default value.
01-15 04:32:28.807 31525 31546 I AutoMounter: Failed to get property, ro.kaios.usb.state_node, use default value.
01-15 04:32:28.807 31525 31546 I AutoMounter: Failed to get property, ro.kaios.ums.directory_node, use default value.
01-15 04:32:28.807 31525 31546 I AutoMounter: Failed to get property, ro.kaios.mtp.directory_node, use default value.
01-15 04:32:28.807 31525 31546 I AutoMounter: UpdateState: ums:A0C0E0 mtp:A1C0E0 mode:0 usb:1 tryToShare:0 state:IDLE
01-15 04:32:28.807 31525 31546 I AutoMounter: UpdateState: Volume sdcard is Mounted and inserted @ /data/usbmsc_mnt gen 1 locked 0 sharing x
01-15 04:32:28.807 31525 31525 I WakeLock: Release cpu wakelock
01-15 04:32:28.807 31525 31546 D DHCUI   : DroidSocketImpl::Listen
01-15 04:32:28.807 31525 31546 D DHCUI   : DroidSocketImpl::OnFileCanReadWithoutBlocking
01-15 04:32:28.807 31525 31546 D DHCUI   : DroidSocketImpl::OnSocketCanAcceptWithoutBlocking
01-15 04:32:28.807 31525 31525 I FocusManager: << focus() called >>
01-15 04:32:28.807 31525 31525 I FocusManager:    trying to set focus on, tag: HTML:IFRAME, id: systemapp, class: 
01-15 04:32:28.807 31525 31525 I FocusManager: Warning: element is already focused.
01-15 04:32:28.807 31525 31525 I FocusManager: << focus() called >>
01-15 04:32:28.807 31525 31525 I FocusManager:    trying to set focus on, tag: HTML:IFRAME, id: systemapp, class: 
01-15 04:32:28.807 31525 31525 I FocusManager: Warning: element is already focused.
01-15 04:32:28.827 31525 31525 I FocusManager: << focus() called >>
01-15 04:32:28.827 31525 31525 I FocusManager:    trying to set focus on, tag: HTML:IFRAME, id: systemapp, class: 
01-15 04:32:28.827 31525 31525 I FocusManager: Warning: element is already focused.
01-15 04:32:28.847 31525 31525 D DHCUI   : new AcceptResultHandler
01-15 04:32:28.847 31525 31525 D DHCUI   : BluetoothSocket::LoadSocketInterface this is 0xa57b1220,mSocketInterface is 0xaa6d5db8
01-15 04:32:28.907 31525   414 W AudioTrack: AUDIO_OUTPUT_FLAG_FAST denied by client; transfer 1,track 44100 Hz, output 48000 Hz
01-15 04:32:28.907  7929  8032 D audio_hw_primary: start_output_stream: enter: stream(0xb868d540)usecase(1: low-latency-playback) devices(0x2)
01-15 04:32:28.907  7929  8032 D audio_hw_primary: select_devices: out_snd_device(2: speaker) in_snd_device(0: )
01-15 04:32:28.907  7929  8032 D hardware_info: hw_info_append_hw_type : device_name = speaker
01-15 04:32:28.907  7929  8032 D audio_hw_primary: enable_snd_device: snd_device(2: speaker)
01-15 04:32:28.907  7929  8032 W audio_hw_utils: audio_extn_utils_update_stream_app_type_cfg: App type could not be selected. Falling back to default
01-15 04:32:28.907  7929  8032 I audio_hw_primary: select_devices Selected apptype: 69936
01-15 04:32:28.907  7929  8032 D ACDB-LOADER: ACDB -> send_audio_cal, acdb_id = 14, path =  0
01-15 04:32:28.907  7929  8032 D ACDB-LOADER: ACDB -> send_asm_topology
01-15 04:32:28.907  7929  8032 D ACDB-LOADER: ACDB -> ACDB_CMD_GET_AUDPROC_STREAM_TOPOLOGY_ID
01-15 04:32:28.907  7929  8032 D ACDB-LOADER: ACDB -> send_adm_topology
01-15 04:32:28.907  7929  8032 D ACDB-LOADER: ACDB -> ACDB_CMD_GET_AUDPROC_COMMON_TOPOLOGY_ID
01-15 04:32:28.907  7929  8032 D ACDB-LOADER: ACDB -> send_audtable
01-15 04:32:28.907  7929  8032 D ACDB-LOADER: ACDB -> ACDB_CMD_GET_AUDPROC_COMMON_TABLE_SIZE
01-15 04:32:28.907  7929  8032 D ACDB-LOADER: ACDB -> ACDB_CMD_GET_AUDPROC_COMMON_TABLE
01-15 04:32:28.907  7929  8032 D ACDB-LOADER: ACDB -> AUDIO_SET_AUDPROC_CAL
01-15 04:32:28.907  7929  8032 D ACDB-LOADER: ACDB -> send_audvoltable
01-15 04:32:28.907  7929  8032 D ACDB-LOADER: ACDB -> ACDB_CMD_GET_AUDPROC_GAIN_DEP_STEP_TABLE
01-15 04:32:28.907  7929  8032 D ACDB-LOADER: ACDB -> AUDIO_SET_AUDPROC_VOL_CAL
01-15 04:32:28.907  7929  8032 D ACDB-LOADER: ACDB -> send_afe_cal
01-15 04:32:28.907  7929  8032 D ACDB-LOADER: ACDB -> ACDB_CMD_GET_AFE_COMMON_TABLE
01-15 04:32:28.907  7929  8032 D ACDB-LOADER: ACDB -> AUDIO_SET_AFE_CAL
01-15 04:32:28.907  7929  8032 D ACDB-LOADER: ACDB -> send_hw_delay : acdb_id = 14 path = 0
01-15 04:32:28.907  7929  8032 D ACDB-LOADER: ACDB -> ACDB_AVSYNC_INFO: ACDB_CMD_GET_DEVICE_PROPERTY
01-15 04:32:28.907  7929  8032 I audio_hw_utils: audio_extn_utils_send_app_type_cfg app_type 69936, acdb_dev_id 14, sample_rate 48000
01-15 04:32:28.907  7929  8032 D audio_hw_primary: enable_audio_route: apply mixer and update path: low-latency-playback
01-15 04:32:28.907  7929  8032 D audio_hw_primary: select_devices: done
01-15 04:32:28.937  7929  8032 D audio_hw_primary: start_output_stream: exit
01-15 04:32:28.937  7929  8031 E FastThread: did not receive expected priority boost
01-15 04:32:29.447 31525 31525 I GeckoConsole: Content JS LOG: [ELM] try again 
01-15 04:32:29.447 31525 31525 I GeckoConsole:     at debug (app://system.gaiamobile.org/dist/bundle.js:42308:6)
01-15 04:32:29.447 31525 31525 I GeckoConsole: Content JS LOG: [ELM] self.allGet false 
01-15 04:32:29.447 31525 31525 I GeckoConsole:     at debug (app://system.gaiamobile.org/dist/bundle.js:42308:6)
01-15 04:32:29.557 31649 31649 E sdcard  : missing packages.list; retrying




01-15 04:32:32.187 31943 32049 I bt_btm_sec: btm_sec_disconnected clearing pending flag handle:6 reason:22
01-15 04:32:32.187 31943 32049 W bt_l2cap: L2CA_SetDesireRole() new:x0, disallow_switch:0
01-15 04:32:32.257 31525 31525 I WakeLock: Release cpu wakelock
01-15 04:32:32.557 31649 31649 E sdcard  : missing packages.list; retrying
01-15 04:32:33.257  7929  8032 D audio_hw_primary: out_standby: enter: stream (0xb868d540) usecase(1: low-latency-playback)
01-15 04:32:33.367  7929  8032 D audio_hw_primary: disable_audio_route: reset and update mixer path: low-latency-playback
01-15 04:32:33.367  7929  8032 D hardware_info: hw_info_append_hw_type : device_name = speaker
01-15 04:32:33.367  7929  8032 D audio_hw_primary: disable_snd_device: snd_device(2: speaker)

01-15 04:32:34.487 31525 31525 I GeckoConsole: Content JS LOG: [ELM] try again 
01-15 04:32:34.487 31525 31525 I GeckoConsole:     at debug (app://system.gaiamobile.org/dist/bundle.js:42308:6)
01-15 04:32:34.497 31525 31525 I GeckoConsole: Content JS LOG: [ELM] self.allGet false 
01-15 04:32:34.497 31525 31525 I GeckoConsole:     at debug (app://system.gaiamobile.org/dist/bundle.js:42308:6)



01-15 04:32:35.557 31649 31649 E sdcard  : missing packages.list; retrying
01-15 04:32:38.557 31649 31649 E sdcard  : missing packages.list; retrying
01-15 04:32:39.547 31525 31525 I GeckoConsole: Content JS LOG: [ELM] try again 
01-15 04:32:39.547 31525 31525 I GeckoConsole:     at debug (app://system.gaiamobile.org/dist/bundle.js:42308:6)
01-15 04:32:39.547 31525 31525 I GeckoConsole: Content JS LOG: [ELM] self.allGet false 
01-15 04:32:39.547 31525 31525 I GeckoConsole:     at debug (app://system.gaiamobile.org/dist/bundle.js:42308:6)

