12-28 14:32:41.572   349 19700 E mm-camera: port_isp_redirect_stats_event_to_frame_port: stream (identiity = 0x10005) has no frame port linked
12-28 14:32:41.572   349 19700 E mm-camera: port_isp_module_event: event type = 13, forward_event error
12-28 14:32:41.572   349 19700 E mm-camera: is_port_handle_stream_event: MCT_EVENT_CONTROL_STREAMON, identity = 0x10004
12-28 14:32:41.572   349 19700 D mm-camera: c2d_module_handle_streamon_event:1646, identity=0x10004, stream-on done
12-28 14:32:41.572   349 19700 E mm-camera: isp_streamon: E, session_id = 1, stream_id = 4, active_count = 0 flash=FALSE
12-28 14:32:41.572   349 19692 E mm-camera: isp_proc_streamon: E, session_id = 1, stream_id = 4, stream_type = 2
12-28 14:32:41.572   349 19692 D mm-camera: isp_util_get_user_streams: bundling use case - bundle mask = 0x3,streamon_bundle = 0x1, nop
12-28 14:32:41.572   349 19700 E mm-camera: isp_streamon: X, session_id = 1, rc = 0
12-28 14:32:41.572   349 19700 E mm-camera: port_isp_send_streamon_done_event_downstream: ignore this streamon, hal_bundling_mask = 0x3, streamon_mask = 0x1
12-28 14:32:41.572   349 19700 E mm-camera: port_isp_mct_ctrl_cmd: X, identity = 0x10004, STREAMON, ret = 0
12-28 14:32:41.572   349 19700 E AEC_PORT: aec_port_proc_get_aec_data exp 0.064003 iso 100, exp-idx: 288, lc: 2427, gain: 2.000000
12-28 14:32:41.572   325 19684 E mm-camera-intf: mm_stream_request_buf: buf_num = 1, stream type = 3
12-28 14:32:41.572   349 19700 D mm-camera: mct_pipeline_process_set:command=800000a

dhcui-debug 

12-28 14:32:41.572   325 19684 D mm-camera-intf: mm_stream_qbuf: Starting poll on stream 0xb8abb5a0 type: 3
12-28 14:32:41.572   325 19684 D mm-camera-intf: mm_stream_qbuf: Started poll on stream 0xb8abb5a0 type: 3
12-28 14:32:41.572   325 19684 D mm-camera-intf: mm_stream_qbuf: VIDIOC_QBUF buf_index 0,stream type 3,frame_idx 0,queued cnt 1
12-28 14:32:41.582   349 19700 D mm-camera: mct_pipeline_process_set:command=8000008
12-28 14:32:41.582   349 19700 D mm-camera: mct_pipeline_process_set: stream_type = 3
12-28 14:32:41.582   349 19700 E mm-camera: isp_sink_port_stream_config: E, session_id = 1, stream_id = 4, stream_type = 2
12-28 14:32:41.582   349 19700 E mm-camera: isp_sink_port_stream_config: session_id = 1, stream_id = 4, is_split = 0
12-28 14:32:41.582   349 19700 E mm-camera: isp_sink_port_stream_config: old vfe_id_mask = 0x1, new vfe_id_mask = 0x1
12-28 14:32:41.582   349 19700 E mm-camera: isp_sink_port_stream_config: E, session_id = 1, stream_id = 5, stream_type = 3
12-28 14:32:41.582   349 19700 E mm-camera: isp_sink_port_stream_config: session_id = 1, stream_id = 5, is_split = 0
12-28 14:32:41.582   349 19700 E mm-camera: isp_sink_port_stream_config: old vfe_id_mask = 0x1, new vfe_id_mask = 0x1
12-28 14:32:41.582   349 19700 E mm-camera-sensor: Depth_Err: actuator sensitivity : 0.000000 is invalid
12-28 14:32:41.582   349 19700 E mm-camera: is_port_handle_stream_config_event: w = 1600, h = 1200, ma = 90, p = 0
12-28 14:32:41.582   349 19700 D mm-camera: gyro_port_event:frame_time: 31580 sensor_position: 0
12-28 14:32:41.582   349 19700 E mm-camera-sensor: module_sensor_stream_on:2458 chromatix name libchromatix_gc2385_preview.so
12-28 14:32:41.582   349 19700 E mm-camera: is_port_handle_set_is_enable: IS enable = 0
12-28 14:32:41.582   349 19700 E mm-camera: isp_tintless_config: same cfg as current
12-28 14:32:41.582   349 19700 E mm-camera: isp_tintless_bg_pca_update_chromatix_params: lib returned config err=0
12-28 14:32:41.582   349 19700 E mm-camera: port_isp_mct_ctrl_cmd: E, identity = 0x10005, STREAMON
12-28 14:32:41.582   349 19731 E mm-camera-CORE: awb_algo_snapshot: E, stats type=1
12-28 14:32:41.582   349 19700 E mm-camera: awb_port_update_awb_data r_gain; 1.310424, g_gain: 1.000001, b_gain: 1.496143, cct: 4918
12-28 14:32:41.582   349 19700 E mm-camera: port_isp_redirect_stats_event_to_frame_port: stream (identiity = 0x10005) has no frame port linked
12-28 14:32:41.582   349 19700 E mm-camera: port_isp_module_event: event type = 13, forward_event error
12-28 14:32:41.582   349 19700 E mm-camera: is_port_handle_stream_event: MCT_EVENT_CONTROL_STREAMON, identity = 0x10005
12-28 14:32:41.582   349 19700 E mm-camera: isp_streamon: E, session_id = 1, stream_id = 5, active_count = 0 flash=FALSE
12-28 14:32:41.582   349 19692 E mm-camera: isp_proc_streamon: E, session_id = 1, stream_id = 5, stream_type = 3
12-28 14:32:41.582   349 19692 E mm-camera: isp_ch_util_sync_stream_cfg_to_channel: cannot find channel, Adding new channel for stream id 4
12-28 14:32:41.582   349 19692 E mm-camera: isp_add_meta_channel: no meta data, session_id = 1, stream_id = 4
12-28 14:32:41.582   349 19692 E mm-camera: isp_ch_util_sync_stream_cfg_to_channel: cannot find channel, Adding new channel for stream id 5
12-28 14:32:41.582   349 19692 E mm-camera: isp_add_meta_channel: no meta data, session_id = 1, stream_id = 5
12-28 14:32:41.582   349 19692 E mm-camera: isp_ch_util_check_rotation: sessioN_id = 1, stream_type = 3, channel_id = 5, no swap, width = 1600, height = 1200, rotation = 0x0
12-28 14:32:41.582   349 19692 E mm-camera: isp_ch_util_check_rotation: sessioN_id = 1, stream_type = 2, channel_id = 4, no swap, width = 320, height = 240, rotation = 0x0
12-28 14:32:41.582   349 19692 D mm-camera: isp_validate_buf_request: total 6 current buffer count 6 for stream 4
12-28 14:32:41.582   349 19692 D mm-camera: isp_validate_buf_request: total 1 current buffer count 1 for stream 5
12-28 14:32:41.592   349 19725 D mm-camera: isp_fmt_to_pix_pattern: format 31
12-28 14:32:41.592   349 19725 D mm-camera: isp_fmt_to_pix_pattern: format 31
12-28 14:32:41.592   349 19725 E mm-camera: linearization_set_params: param_id is not supported in this module
12-28 14:32:41.592   349 19725 E mm-camera: pca_rolloff_set_params: param_id is not supported in this module
12-28 14:32:41.592   349 19725 E mm-camera: wb_set_params: param_id is not supported in this module
12-28 14:32:41.592   349 19725 E mm-camera: demosaic_set_params: param_id 7, is not supported in this module
12-28 14:32:41.592   349 19725 E mm-camera: demux_set_params: param_id 7, is not supported in this module
12-28 14:32:41.592   349 19725 E mm-camera: clf_set_params: param_id 7, is not supported in this module
12-28 14:32:41.592   349 19725 E mm-camera: mce_set_params: param_id is not supported in this module
12-28 14:32:41.592   349 19725 E mm-camera: sce_set_params: param_id is not supported in this module
12-28 14:32:41.592   349 19725 E mm-camera: linearization_set_params: param_id is not supported in this module
12-28 14:32:41.592   349 19725 E mm-camera: pca_rolloff_set_params: param_id is not supported in this module
12-28 14:32:41.592   349 19725 E mm-camera: wb_set_params: param_id is not supported in this module
12-28 14:32:41.592   349 19725 E mm-camera: demosaic_set_params: param_id 7, is not supported in this module
12-28 14:32:41.592   349 19725 E mm-camera: demux_set_params: param_id 7, is not supported in this module
12-28 14:32:41.592   349 19725 E mm-camera: clf_set_params: param_id 7, is not supported in this module
12-28 14:32:41.592   349 19725 E mm-camera: mce_set_params: param_id is not supported in this module
12-28 14:32:41.592   349 19725 E mm-camera: sce_set_params: param_id is not supported in this module
12-28 14:32:41.592   349 19725 E mm-camera: linearization_set_params: param_id is not supported in this module
12-28 14:32:41.592   349 19725 E mm-camera: pca_rolloff_set_params: param_id is not supported in this module
12-28 14:32:41.592   349 19725 E mm-camera: wb_set_params: param_id is not supported in this module
12-28 14:32:41.592   349 19725 E mm-camera: demosaic_set_params: param_id 7, is not supported in this module
12-28 14:32:41.592   349 19725 E mm-camera: demux_set_params: param_id 7, is not supported in this module
12-28 14:32:41.592   349 19725 E mm-camera: clf_set_params: param_id 7, is not supported in this module
12-28 14:32:41.592   349 19725 E mm-camera: mce_set_params: param_id is not supported in this module
12-28 14:32:41.592   349 19725 E mm-camera: sce_set_params: param_id is not supported in this module
12-28 14:32:41.592   349 19692 E mm-camera: isp_util_set_frame_skip: channel is NULL or BURST stream, streamidx= 1
12-28 14:32:41.592   349 19692 E mm-camera: is_port_handle_output_dim_event: MCT_EVENT_MODULE_ISP_OUTPUT_DIM, steam_type = 2, w = 320, h = 240, IS mode = 0
12-28 14:32:41.592   349 19692 D mm-camera: isp_util_set_stats_bf_filter_size: BF filter size = 2
12-28 14:32:41.592   349 19692 D mm-camera: isp_hw_action: first start, hw thread for streamon/ack
12-28 14:32:41.592   349 19692 E mm-camera: isp_ch_util_streamon: session_id = 1, vfe_mask = 0x1, async streamon, rc = 0
12-28 14:32:41.592   349 19692 D mm-camera: isp_hw_action: hw_thread for ack
12-28 14:32:41.592   349 19725 E mm-camera: isp_thread_proc_cmd: start/stop, thread_data = 0xb398d804, action_code = 0
12-28 14:32:41.592   349 19725 D mm-camera: isp_fmt_to_pix_pattern: format 31
12-28 14:32:41.592   349 19725 D mm-camera: vfe_calc_fov: out1w = 1600, out1h = 1200, out2w = 320, out2h = 240
12-28 14:32:41.592   349 19725 D mm-camera: vfe_calc_fov: demosaic first_p = 0, last_p = 1599, first_l = 0, last_l = 1199
12-28 14:32:41.592   349 19725 D mm-camera: vfe_calc_fov: crop_factor = 4096, x=0, y=0, crop_out_x=1600, crop_out_y=1200
12-28 14:32:41.592   349 19725 D mm-camera: main_scaler_config: ip_w=1600, ip_h=1200
12-28 14:32:41.592   349 19725 D mm-camera: main_scaler_config: op_w=1600, op_h=1200
12-28 14:32:41.592   349 19725 E mm-camera: linearization_set_params: param_id is not supported in this module
12-28 14:32:41.592   349 19725 E mm-camera: pca_rolloff_set_params: param_id is not supported in this module
12-28 14:32:41.592   349 19725 E mm-camera: wb_set_params: param_id is not supported in this module
12-28 14:32:41.592   349 19725 E mm-camera: demosaic_set_params: param_id 7, is not supported in this module
12-28 14:32:41.592   349 19725 E mm-camera: demux_set_params: param_id 7, is not supported in this module
12-28 14:32:41.592   349 19725 E mm-camera: clf_set_params: param_id 7, is not supported in this module
12-28 14:32:41.592   349 19725 E mm-camera: mce_set_params: param_id is not supported in this module
12-28 14:32:41.592   349 19725 E mm-camera: sce_set_params: param_id is not supported in this module
12-28 14:32:41.592   349 19725 D mm-camera: isp_fmt_to_pix_pattern: format 31
12-28 14:32:41.602   349 19725 E mm-camera: isp_pipeline_reset_hist_dmi, Enter
12-28 14:32:41.602   349 19725 E mm-camera: isp_pipeline_reset_hist_dmi, Enter
12-28 14:32:41.612   349 19725 E mm-camera: isp_pipeline_reset_hist_dmi, Enter
12-28 14:32:41.612   349 19725 E mm-camera: isp_axi_util_subscribe_v4l2_event: event_type = 0x8000101, is_subscribe = 1
12-28 14:32:41.612   349 19692 E mm-camera: isp_ch_util_streamon: session_id = 1, sync ack done
12-28 14:32:41.612   349 19731 E mm-camera-CORE: No active ISP module for ADRC, disable!!!
12-28 14:32:41.612   349 19725 E mm-camera: isp_thread_proc_cmd: start/stop ack done, thread_data = 0xb398d804, action_code = 1, rc = 0
12-28 14:32:41.612   349 19725 E mm-camera: isp_pipeline32_get_roi_map: ROI: first pix 0, last pix 1599, first ln 0, last line 1199
12-28 14:32:41.612   349 19700 E mm-camera: isp_streamon: X, session_id = 1, rc = 0
12-28 14:32:41.612   349 19700 E mm-camera: port_isp_send_streamon_done_event_downstream: notify stream done downstream
12-28 14:32:41.612   349 19700 E mm-camera: port_isp_mct_ctrl_cmd: X, identity = 0x10005, STREAMON, ret = 0
12-28 14:32:41.622   349 19700 D mm-camera: ispif_proc_streamon: ispif_hw_reset done
12-28 14:32:41.622   349 19700 D mm-camera: stream id 4, stream num_meta 0
12-28 14:32:41.622   349 19700 D mm-camera: ispif_streamon: session_id = 1, active_streams = 2
12-28 14:32:41.622   349 19700 E mm-camera-sensor: module_sensor_stream_on: Sending start bus message
12-28 14:32:41.622   349 19700 D mm-camera: start_sof_check_thread: Starting SOF timeout thread
12-28 14:32:41.622   349 19746 E mm-camera: mct_bus_sof_thread_run thread_id is 19746


dhcui-debug qcamera::QCamera2HardwareInterface::takePicture x

12-28 14:32:41.622   325 19684 D QCamera2HWI: int qcamera::QCamera2HardwareInterface::takePicture(): X
12-28 14:32:41.622   325   325 D QCamera2HWI: [KPI Perf] static int qcamera::QCamera2HardwareInterface::take_picture(camera_device*): X
12-28 14:32:41.622   349 19700 D mm-camera: mct_pipeline_process_set:command=8000012
12-28 14:32:41.622   349 19700 D mm-camera: mct_pipeline_add_stream_to_linked_streams: linked streams: 0x28c
12-28 14:32:41.622   349 19700 D mm-camera: mct_stream_start_link: Starting offline stream linking, 0x8
12-28 14:32:41.622   349 19700 E mm-camera: mct_pproc_sink_port_caps_reserve:200] The port 0xb83be0c0 is not free
12-28 14:32:41.622   349 19700 D mm-camera: c2d_port_check_caps_reserve:143, identity=0x10002, reserved
12-28 14:32:41.622   349 19700 D mm-camera: c2d_module_notify_add_stream:1396, info: success, identity=0x10002
12-28 14:32:41.622   349 19700 D mm-camera: mct_pipeline_process_set:command=8000004
12-28 14:32:41.622   349 19700 D mm-camera: mct_pipeline_process_set:command=8000013
12-28 14:32:41.622   349 19700 E mm-camera: pproc_module_offline_stream_param_buf:1669 failed: parm_buf.type is invalid
12-28 14:32:41.632   349 19700 D mm-camera: mct_pipeline_process_set:command=8000013
12-28 14:32:41.632   349 19700 E mm-camera: pproc_module_offline_stream_param_buf:1669 failed: parm_buf.type is invalid
12-28 14:32:41.632   325 19685 D QCameraHWI_Mem: void qcamera::QCameraMemory::traceLogAllocStart(size_t, int, const char*) : alloc E count=1 size=131072
12-28 14:32:41.632   325 19685 E QCameraHWI_Mem: void qcamera::QCameraMemory::traceLogAllocStart(size_t, int, const char*):StreamMemsize 131072
12-28 14:32:41.632   325 19685 D QCameraHWI_Mem: void qcamera::QCameraMemory::traceLogAllocStart(size_t, int, const char*) : alloc E count=1 size=131072
12-28 14:32:41.632   325 19685 E QCameraHWI_Mem: void qcamera::QCameraMemory::traceLogAllocStart(size_t, int, const char*):Memsize 131072
12-28 14:32:41.632   325 19685 E QCameraHWI_Mem: int qcamera::QCameraMemoryPool::allocateBuffer(qcamera::QCameraMemory::QCameraMemInfo&, unsigned int, size_t, bool, cam_stream_type_t) : Buffer not found!
12-28 14:32:41.632   325 19685 D QCameraHWI_Mem: static int qcamera::QCameraMemory::allocOneBuffer(qcamera::QCameraMemory::QCameraMemInfo&, unsigned int, size_t, bool) : ION buffer 1 with size 131072 allocated
12-28 14:32:41.632   325 19685 D QCameraHWI_Mem:  void qcamera::QCameraMemory::traceLogAllocEnd(size_t) : X
12-28 14:32:41.632   325 19685 E QCameraHWI_Mem: void qcamera::QCameraMemory::traceLogAllocEnd(size_t) 131072
12-28 14:32:41.632   325 19685 D QCameraHWI_Mem:  void qcamera::QCameraMemory::traceLogAllocEnd(size_t) : X
12-28 14:32:41.632   325 19685 E QCameraHWI_Mem: void qcamera::QCameraMemory::traceLogAllocEnd(size_t) 131072
12-28 14:32:41.632   349 19746 D mm-camera: mct_bus_sof_thread_run thread_id is 19746
12-28 14:32:41.632   325 19685 E mm-camera-intf: mm_stream_request_buf: buf_num = 1, stream type = 9

dhcui-debug


12-28 14:32:41.632   325 19685 D mm-camera-intf: mm_stream_qbuf: Starting poll on stream 0xb8aba878 type: 9
12-28 14:32:41.632   325 19685 D mm-camera-intf: mm_stream_qbuf: Started poll on stream 0xb8aba878 type: 9
12-28 14:32:41.632   325 19685 D mm-camera-intf: mm_stream_qbuf: VIDIOC_QBUF buf_index 0,stream type 9,frame_idx 0,queued cnt 1
12-28 14:32:41.632   349 19700 D mm-camera: mct_pipeline_process_set:command=8000008
12-28 14:32:41.632   349 19700 D mm-camera: mct_pipeline_process_set: stream_type = 9
12-28 14:32:41.632   349 19700 D mm-camera: c2d_module_handle_streamon_event:1646, identity=0x10001, stream-on done
12-28 14:32:41.632   325 19685 D QCameraHWI_Mem: void qcamera::QCameraMemory::traceLogAllocStart(size_t, int, const char*) : alloc E count=1 size=2920448
12-28 14:32:41.632   325 19685 E QCameraHWI_Mem: void qcamera::QCameraMemory::traceLogAllocStart(size_t, int, const char*):StreamMemsize 2920448
12-28 14:32:41.632   325 19685 D QCameraHWI_Mem: void qcamera::QCameraMemory::traceLogAllocStart(size_t, int, const char*) : alloc E count=1 size=2920448
12-28 14:32:41.632   325 19685 E QCameraHWI_Mem: void qcamera::QCameraMemory::traceLogAllocStart(size_t, int, const char*):Memsize 2920448
12-28 14:32:41.632   325 19685 E QCameraHWI_Mem: int qcamera::QCameraMemoryPool::allocateBuffer(qcamera::QCameraMemory::QCameraMemInfo&, unsigned int, size_t, bool, cam_stream_type_t) : Buffer not found!
12-28 14:32:41.652   325 19685 D QCameraHWI_Mem: static int qcamera::QCameraMemory::allocOneBuffer(qcamera::QCameraMemory::QCameraMemInfo&, unsigned int, size_t, bool) : ION buffer 1 with size 2920448 allocated
12-28 14:32:41.652   325 19685 D QCameraHWI_Mem:  void qcamera::QCameraMemory::traceLogAllocEnd(size_t) : X
12-28 14:32:41.652   325 19685 E QCameraHWI_Mem: void qcamera::QCameraMemory::traceLogAllocEnd(size_t) 2920448
12-28 14:32:41.652   325 19685 D QCameraHWI_Mem:  void qcamera::QCameraMemory::traceLogAllocEnd(size_t) : X
12-28 14:32:41.652   325 19685 E QCameraHWI_Mem: void qcamera::QCameraMemory::traceLogAllocEnd(size_t) 2920448
12-28 14:32:41.652   325 19685 E mm-camera-intf: mm_stream_request_buf: buf_num = 1, stream type = 9

dhcui-debug


12-28 14:32:41.652   325 19685 D mm-camera-intf: mm_stream_qbuf: Starting poll on stream 0xb8abaa60 type: 9
12-28 14:32:41.662   325 19685 D mm-camera-intf: mm_stream_qbuf: Started poll on stream 0xb8abaa60 type: 9
12-28 14:32:41.662   325 19685 D mm-camera-intf: mm_stream_qbuf: VIDIOC_QBUF buf_index 0,stream type 9,frame_idx 0,queued cnt 1
12-28 14:32:41.662   349 19700 D mm-camera: mct_pipeline_process_set:command=8000008
12-28 14:32:41.662   349 19700 D mm-camera: mct_pipeline_process_set: stream_type = 9
12-28 14:32:41.662   349 19700 D mm-camera: c2d_module_handle_streamon_event:1646, identity=0x10002, stream-on done
12-28 14:32:41.662   325 19685 D QCamera2HWI: cam_pp_feature_config_t qcamera::QCamera2HardwareInterface::getReprocessConfig(): Final pproc config = 8
12-28 14:32:41.662   325 19685 D QCamera2HWI: bool qcamera::QCamera2HardwareInterface::needReprocess(): needReprocess true
12-28 14:32:41.662   340   882 E LocSvc_ApiV02: I/<--- void globalEventCb(locClientHandleType, uint32_t, locClientEventIndUnionType, void*) line 91 QMI_LOC_EVENT_POSITION_REPORT_IND_V02
12-28 14:32:41.662   325 19685 D QCamera2HWI: bool qcamera::QCamera2HardwareInterface::needRotationReprocess(): need to do reprocess for rotation=90
12-28 14:32:41.662   325 19685 D QCamera2HWI: bool qcamera::QCamera2HardwareInterface::needRotationReprocess(): need to do reprocess for rotation=90
12-28 14:32:41.662   325 19685 D QCameraPostProc: [KPI Perf] int32_t qcamera::QCameraPostProcessor::start(qcamera::QCameraChannel*) : call jpeg create_session
12-28 14:32:41.682   325 19685 E mm-still: void* getInstance():20] Component ptr is 0xb8af2e38
12-28 14:32:41.682   325 19685 E qomx_image_core: OMX_GetHandle:236] get instance pts is 0xb8af2e38
12-28 14:32:41.682   325 19685 E mm-still: void* create_component_fns(OMX_PTR) 20:] Component ptr is 0xb8af2e38
12-28 14:32:41.682   325 19685 D qomx_image_core: OMX_GetHandle:256] handle = 0xb8af2e3c Instanceindex = 0,comp_idx 0 g_ptr 0xb8a6c330
12-28 14:32:41.682   325 19685 E mm-still: OMX_ERRORTYPE qomx_component_set_callbacks(OMX_HANDLETYPE, OMX_CALLBACKTYPE*, OMX_PTR): 181: This ptr addr 0xb8af2e38
12-28 14:32:41.682   325 19685 E qomx_image_core: OMX_GetHandle:260] Success
12-28 14:32:41.682   325 19685 D mm-jpeg-intf: mm_jpeg_session_config_main_buffer_offset:433] yOffset = 0, cbcrOffset = (0 0), totalSize = 2920448,cbcrStartOffset = (1945600 972800)
12-28 14:32:41.682   325 19685 D mm-jpeg-intf: mm_jpeg_encoding_mode:476] encoding mode = 1 
12-28 14:32:41.682   325 19685 E mm-jpeg-intf: mm_jpeg_meta_enc_key:626] Key is invalid
12-28 14:32:41.682   325 19753 E mm-still: virtual void QOMXImageCodec::changeState(OMX_STATETYPE):186] From Current State: 1 To New state: 2
12-28 14:32:41.682   325 19753 E mm-still: virtual void QOMXImageCodec::changeState(OMX_STATETYPE):268] State  change incomplete.. Moving to OMX_StateIdle_Pending
12-28 14:32:41.682   325 19685 E mm-still: virtual OMX_ERRORTYPE OMXJpegEncoder::preloadCodecLibs():988] E
12-28 14:32:41.682   325 19685 E mm-still: virtual OMX_ERRORTYPE OMXJpegEncoder::configureEncodedata():52] size 1200x1600 pad 1216x1600 subsampling 0 format 0
12-28 14:32:41.682   325 19685 E mm-still: virtual OMX_ERRORTYPE OMXJpegEncoder::configureEncodedata():59] ImageSize 2880000 1920000
12-28 14:32:41.682   325 19685 E mm-still: virtual OMX_ERRORTYPE OMXJpegEncoder::configureEncodedata():88] Scaling not enabled width: 1200 height:1600
12-28 14:32:41.692   325 19685 E mm-still: int QImageHW10Encoder::Load():1464] JpegE library loaded successfully

dhcui-debug 

12-28 14:32:41.692   325 19685 E jpeg_hw : open /dev/jpeg0: fd = -1
12-28 14:32:41.692   325 19685 E jpeg_hw : Cannot open /dev/jpeg0
12-28 14:32:41.692   325 19685 E jpeg_hw : open /dev/jpeg0: fd = -1
12-28 14:32:41.692   325 19685 E jpeg_hw : Cannot open /dev/jpeg0
12-28 14:32:41.692   325 19685 E mm-still: bool QImageHW10Encoder::IsAvailable(QIEncodeParams&) 1565: Failed to Initialize the Jpege HW lib
12-28 14:32:41.692   325 19685 E mm-still: void QImageHW10Encoder::UnLoad():1484: ptr 0xb230b684
12-28 14:32:41.692   325 19685 E mm-still: static QImageEncoderInterface* QImageHW10Encoder::New(QIEncodeParams&):1514] validation failed
12-28 14:32:41.692   325 19685 E mm-still: void QImageHW10Encoder::UnLoad():1484: ptr 0x0
12-28 14:32:41.692   325 19685 E mm-still: virtual QImageEncoderInterface* QImageCodecFactoryB::CreateEncoder(QImageCodecFactory::QCodecPrefType, QIEncodeParams&):79] Use Software encoder
12-28 14:32:41.692   325 19685 E mm-still: virtual OMX_ERRORTYPE OMXJpegEncoder::preloadCodecLibs():1004] X
12-28 14:32:41.692   325 19753 E mm-still: virtual void QOMXImageCodec::changeState(OMX_STATETYPE):186] From Current State: 2 To New state: 3
12-28 14:32:41.692   325 19753 E mm-still: virtual void QOMXImageCodec::changeState(OMX_STATETYPE):339] State change from OMX_StateIdle to OMX_StateExecuting

dhcui-debug stop 0xb8abb5a0

12-28 14:32:41.762   325 19729 D mm-camera-intf: mm_stream_read_msm_frame: Stoping poll on stream 0xb8abb5a0 type: 3
12-28 14:32:41.762   325 19729 D mm-camera-intf: mm_stream_read_msm_frame: Stopped poll on stream 0xb8abb5a0 type: 3
12-28 14:32:41.762   325 19729 D mm-camera-intf: mm_stream_read_msm_frame: VIDIOC_DQBUF buf_index 0, frame_idx 2, stream type 3, queued cnt 0
12-28 14:32:41.762   325 19729 D mm-camera-intf: mm_stream_read_msm_frame: VIDIOC_DQBUF buf_index 0, frame_idx 2, stream type 7, queued cnt 8
12-28 14:32:41.762   349 19693 E mm-camera: c2d_thread_handle_process_buf_event:190 input buf index 4
12-28 14:32:41.762   349 19693 E mm-camera: c2d_thread_handle_process_buf_event:207 input vaddr b59c7000
12-28 14:32:41.772   325 19729 D mm-camera-intf: mm_stream_read_msm_frame: VIDIOC_DQBUF buf_index 5, frame_idx 2, stream type 2, queued cnt 1
12-28 14:32:41.772   325 19741 D QCamera2HWI: [KPI Perf] static void qcamera::QCamera2HardwareInterface::capture_channel_cb_routine(mm_camera_super_buf_t*, void*): E PROFILE_YUV_CB_TO_HAL
12-28 14:32:41.772   325 19741 D QCamera2HWI: cam_pp_feature_config_t qcamera::QCamera2HardwareInterface::getReprocessConfig(): Final pproc config = 8
12-28 14:32:41.772   325 19741 D QCamera2HWI: bool qcamera::QCamera2HardwareInterface::needReprocess(): needReprocess true
12-28 14:32:41.772   325 19741 D QCamera2HWI: void qcamera::QCamera2HardwareInterface::playShutter(): CAMERA_MSG_SHUTTER 
12-28 14:32:41.772   325 19741 D QCameraPostProc: int32_t qcamera::QCameraPostProcessor::processData(mm_camera_super_buf_t*): need reprocess
12-28 14:32:41.772   325 19741 D QCamera2HWI: [KPI Perf] static void qcamera::QCamera2HardwareInterface::capture_channel_cb_routine(mm_camera_super_buf_t*, void*): X
12-28 14:32:41.772   349 19700 E mm-camera: isp_set_hal_stream_param: Type 69 not supported
12-28 14:32:41.772   325 19684 D QCamera2HWI: int qcamera::QCamera2HardwareInterface::disableMsgType(int32_t) (0x2) : mMsgEnabled = 0xd0d
12-28 14:32:41.772   349 19700 E mm-camera: isp_set_hal_stream_param: Type 133 not supported
12-28 14:32:41.772   349 19700 E mm-camera: isp_set_hal_stream_param: Type 69 not supported
12-28 14:32:41.772   349 19700 E mm-camera: isp_set_hal_stream_param: Type 133 not supported
12-28 14:32:41.772   349 19700 D mm-camera: mct_pipeline_process_set:command=8000013
12-28 14:32:41.772   349 19700 D mm-camera: pproc_module_handle_reprocess_offline:1618 input buf fd 51 type 4 size 126976
12-28 14:32:41.772   349 19700 D mm-camera: mct_pipeline_process_set:command=8000013
12-28 14:32:41.772   349 19700 D mm-camera: pproc_module_handle_reprocess_offline:1618 input buf fd 53 type 4 size 2920448

dhcui-debug Stoping 0xb8aba878

12-28 14:32:41.772   325 19737 D mm-camera-intf: mm_stream_read_msm_frame: Stoping poll on stream 0xb8aba878 type: 9
12-28 14:32:41.772   325 19737 D mm-camera-intf: mm_stream_read_msm_frame: Stopped poll on stream 0xb8aba878 type: 9
12-28 14:32:41.772   325 19737 D mm-camera-intf: mm_stream_read_msm_frame: VIDIOC_DQBUF buf_index 0, frame_idx 2, stream type 9, queued cnt 0
12-28 14:32:41.782   325 19684 E mm-camera-intf: mm_camera_poll_thread_del_poll_fd: invalid handler 14082 (2)
12-28 14:32:41.782   349 19700 D mm-camera: mct_pipeline_process_set:command=8000009
12-28 14:32:41.782   349 19700 D mm-camera: mct_pipeline_process_set: stream_type = 3
12-28 14:32:41.782   349 19700 E mm-camera: port_isp_mct_ctrl_cmd: E, identity = 0x10005, STREAMOFF
12-28 14:32:41.782   349 19700 E mm-camera: is_port_handle_stream_event: MCT_EVENT_CONTROL_STREAMOFF, identity = 0x10005
12-28 14:32:41.782   349 19700 E mm-camera: isp_streamoff: E, session_id = 1, stream_id = 5, active_count = 2
12-28 14:32:41.782   349 19692 E mm-camera: isp_proc_streamoff: E,session_id = 1, stream_id= 5, stream_type= 3 meta 0
12-28 14:32:41.782   349 19692 D mm-camera: isp_hw_action: last pix stop, pix_cnt = 2, cnt = 2
12-28 14:32:41.782   349 19725 E mm-camera: isp_thread_proc_cmd: start/stop, thread_data = 0xb398d804, action_code = 2
12-28 14:32:41.782   349 19692 E mm-camera: isp_ch_util_streamoff: session_id = 1, vfe_mask = 0x1, async streamoff, rc = 0
12-28 14:32:41.782   349 19692 D mm-camera: isp_hw_action: hw_thread for ack
12-28 14:32:41.782   349 19725 E mm-camera: isp_axi_util_subscribe_v4l2_event: event_type = 0x8000101, is_subscribe = 0
12-28 14:32:41.782  7353  7353 I WakeLock: Acquire cpu wakelock
12-28 14:32:41.792   349 19725 E mm-camera: isp_axi_unreg_buf: session_id = 1, stream_id = 4, buf_handle = 0x10000
12-28 14:32:41.792   349 19725 E mm-camera: isp_axi_unreg_buf: session_id = 1, stream_id = 5, buf_handle = 0x20001
12-28 14:32:41.792   349 19725 D mm-camera: linearization_action: action code = 7 is not supported. nop
12-28 14:32:41.792   349 19725 D mm-camera: pca_rolloff_action: action code = 7 is not supported. nop
12-28 14:32:41.792   349 19725 D mm-camera: demux_action: action code = 7 is not supported. nop
12-28 14:32:41.792   349 19725 D mm-camera: demosaic_action: action code = 7 is not supported. nop
12-28 14:32:41.792   349 19725 D mm-camera: bpc_action: action code = 7 is not supported. nop
12-28 14:32:41.792   349 19725 D mm-camera: abf_action: action code = 7 is not supported. nop
12-28 14:32:41.792   349 19725 D mm-camera: asf_action: action code = 7 is not supported. nop
12-28 14:32:41.792   349 19725 D mm-camera: color_conversion_action: action code = 7 is not supported. nop
12-28 14:32:41.792   349 19725 D mm-camera: color_correct_action: action code = 7 is not supported. nop
12-28 14:32:41.792   349 19725 D mm-camera: chroma_subsample_action: action code = 7 is not supported. nop
12-28 14:32:41.792   349 19725 D mm-camera: chroma_suppress_action: action code = 7 is not supported. nop
12-28 14:32:41.792   349 19725 D mm-camera: la_action: action code = 7 is not supported. nop
12-28 14:32:41.792   349 19725 D mm-camera: mce_action: action code = 7 is not supported. nop
12-28 14:32:41.792   349 19725 D mm-camera: sce_action: action code = 7 is not supported. nop
12-28 14:32:41.792   349 19725 D mm-camera: clf_action: action code = 7 is not supported. nop
12-28 14:32:41.792   349 19725 D mm-camera: wb_action: action code = 7 is not supported. nop
12-28 14:32:41.792   349 19725 D mm-camera: gamma_action: action code = 7 is not supported. nop
12-28 14:32:41.792   349 19725 D mm-camera: fov_action: action code = 7 is not supported. nop
12-28 14:32:41.792   349 19725 D mm-camera: scaler_action: action code = 7 is not supported
12-28 14:32:41.792   349 19725 D mm-camera: bcc_action: action code = 7 is not supported. nop
12-28 14:32:41.792   349 19725 D mm-camera: clamp_action: action code = 7 is not supported. nop
12-28 14:32:41.792   349 19725 D mm-camera: stats_action: action code = 7 is not supported. nop
12-28 14:32:41.792   349 19692 E mm-camera: isp_ch_util_streamoff: session_id = 1, sync ack done
12-28 14:32:41.792   349 19725 E mm-camera: isp_thread_proc_cmd: start/stop ack done, thread_data = 0xb398d804, action_code = 3, rc = 0
12-28 14:32:41.792   349 19700 E mm-camera: isp_streamoff: X, session_id = 1, rc = 0
12-28 14:32:41.792   349 19700 E mm-camera: port_isp_mct_ctrl_cmd: X, identity = 0x10005, STREAMOFF, ret = 0
12-28 14:32:41.792   349 19700 D mm-camera: stream id 5, stream num_meta 0

dhcui-debug 

12-28 14:32:41.792   325 19737 D mm-camera-intf: mm_stream_read_msm_frame: Stoping poll on stream 0xb8abaa60 type: 9
12-28 14:32:41.792   325 19737 D mm-camera-intf: mm_stream_read_msm_frame: Stopped poll on stream 0xb8abaa60 type: 9
12-28 14:32:41.792   325 19737 D mm-camera-intf: mm_stream_read_msm_frame: VIDIOC_DQBUF buf_index 0, frame_idx 2, stream type 9, queued cnt 0
12-28 14:32:41.792   325 19749 D QCamera2HWI: [KPI Perf] static void qcamera::QCamera2HardwareInterface::postproc_channel_cb_routine(mm_camera_super_buf_t*, void*): E
12-28 14:32:41.792   325 19749 E QCameraPostProc: QCameraPostProcessor::processPPData
12-28 14:32:41.792   325 19749 D QCameraPostProc: int32_t qcamera::QCameraPostProcessor::processPPData(mm_camera_super_buf_t*) pReprocFrame == NULL || isFaceDetectionEnabled = 0
12-28 14:32:41.792   325 19749 D QCameraPostProc: int32_t qcamera::QCameraPostProcessor::processPPData(mm_camera_super_buf_t*): 1071] 
12-28 14:32:41.792   325 19749 D QCamera2HWI: [KPI Perf] static void qcamera::QCamera2HardwareInterface::postproc_channel_cb_routine(mm_camera_super_buf_t*, void*): X
12-28 14:32:41.802   349 19700 D mm-camera: ispif_streamoff: session_id = 1, active_streams = 0
12-28 14:32:41.802   349 19700 D mm-camera: mct_pipeline_process_set:command=8000009
12-28 14:32:41.802   349 19700 D mm-camera: mct_pipeline_process_set: stream_type = 2
12-28 14:32:41.802   349 19700 E mm-camera: port_isp_mct_ctrl_cmd: E, identity = 0x10004, STREAMOFF
12-28 14:32:41.802   349 19700 D mm-camera: gyro_port_enable_disable_sensor_request: Deinit all sensors
12-28 14:32:41.802   349 19700 E mm-camera: is_port_handle_stream_event: MCT_EVENT_CONTROL_STREAMOFF, identity = 0x10004
12-28 14:32:41.802   349 19700 D mm-camera: c2d_module_handle_streamoff_event:1809, info: stream-off done for identity 0x10004
12-28 14:32:41.802   349 19700 E mm-camera: isp_streamoff: E, session_id = 1, stream_id = 4, active_count = 0
12-28 14:32:41.802   349 19692 E mm-camera: isp_proc_streamoff: E,session_id = 1, stream_id= 4, stream_type= 2 meta 0
12-28 14:32:41.802   349 19700 E mm-camera: isp_streamoff: X, session_id = 1, rc = 0
12-28 14:32:41.802   349 19700 E mm-camera: port_isp_mct_ctrl_cmd: X, identity = 0x10004, STREAMOFF, ret = 0
12-28 14:32:41.802   349 19700 E mm-camera-sensor: sensor_pdaf_deinit:3275 failed to open pdaf3 init library function
12-28 14:32:41.802   349 19700 E mm-camera-sensor: module_sensor_module_process_event: Sending stop bus message
12-28 14:32:41.802   349 19700 D mm-camera: stop_sof_check_thread: Stopping SOF timeout thread

dhcui-debug encode data

12-28 14:32:41.812   325 19705 D QCameraPostProc: int32_t qcamera::QCameraPostProcessor::encodeData(qcamera::qcamera_jpeg_data_t*, uint8_t&):1762] Crop needed 0
12-28 14:32:41.812   325 19705 E QCamera2HWI: qcamera::QCameraExif* qcamera::QCamera2HardwareInterface::getExifData(): getExifGpsDataTimeStamp failed
12-28 14:32:41.812   325 19705 D QCamera2HWI: bool qcamera::QCamera2HardwareInterface::needRotationReprocess(): need to do reprocess for rotation=90
12-28 14:32:41.812   325 19705 D QCameraPostProc: int32_t qcamera::QCameraPostProcessor::encodeData(qcamera::qcamera_jpeg_data_t*, uint8_t&): jpeg rotation is set to 0
12-28 14:32:41.812   325 19705 D QCamera2HWI: bool qcamera::QCamera2HardwareInterface::needRotationReprocess(): need to do reprocess for rotation=90
12-28 14:32:41.812   325 19705 D QCameraPostProc: int32_t qcamera::QCameraPostProcessor::encodeData(qcamera::qcamera_jpeg_data_t*, uint8_t&), thumbnail src w/h (240x320), dst w/h (240x320)
12-28 14:32:41.812   325 19705 D QCameraPostProc: [KPI Perf] int32_t qcamera::QCameraPostProcessor::encodeData(qcamera::qcamera_jpeg_data_t*, uint8_t&) : PROFILE_JPEG_JOB_START
12-28 14:32:41.812   325 19705 D mm-jpeg-intf: mm_jpeg_start_job:1943] session_idx 0 client idx 0
12-28 14:32:41.812   325 19705 D mm-jpeg-intf: mm_jpeg_start_job:1986] HAL passed the work buffer of size = 2920448
12-28 14:32:41.812   325 19705 D mm-jpeg-intf: mm_jpeg_start_job:1989] Additional work buffers needed = 0
12-28 14:32:41.812   325 19705 D mm-jpeg-intf: mm_jpeg_start_job:2011] >>>> Work bufs need 0, 0
12-28 14:32:41.812   325 19705 E mm-jpeg-intf: mm_jpeg_start_job:2070] X
12-28 14:32:41.812   325 19704 D mm-jpeg-intf: mm_jpeg_process_encoding_job:1473] before dequeue session 0
12-28 14:32:41.812   349 19700 D mm-camera: mct_pipeline_process_set:command=8000009
12-28 14:32:41.812   349 19700 D mm-camera: mct_pipeline_process_set: stream_type = 7
12-28 14:32:41.812   325 19704 E mm-jpeg-intf: process_3a_data:435] exp_time 0.064003, iso_value 100 exp idx: 288, lc: 2427, gain: 2.000000
12-28 14:32:41.812   325 19704 D mm-jpeg-intf: process_3a_data: numer 1 denom 16
12-28 14:32:41.812   325 19704 D mm-jpeg-intf: process_3a_data: numer 288 denom 1
12-28 14:32:41.812   325 19704 D mm-jpeg-intf: process_sensor_data:312] From metadata aperture = 2.800000 
12-28 14:32:41.812   325 19704 D mm-jpeg-intf: process_sensor_data 366: flash_tag: 0x20
12-28 14:32:41.812   325 19704 D mm-jpeg-intf: mm_jpeg_session_config_thumbnail:844] encode_thumbnail 1
12-28 14:32:41.812   325 19704 E mm-jpeg-intf: mm_jpeg_configure_job_params:1281] Work buffer 84 0xb117c000 WorkBufSize: 2920448
12-28 14:32:41.812   325 19704 E mm-jpeg-intf: buffer_invalidate: Cache Invalidate failed: Not a typewriter
12-28 14:32:41.812   325 19704 E mm-jpeg-intf: mm_jpeg_configure_job_params: config makernote data failed
12-28 14:32:41.812   325 19753 E mm-still: virtual OMX_ERRORTYPE OMXJpegEncoder::configureEncodedata():52] size 1200x1600 pad 1216x1600 subsampling 0 format 0
12-28 14:32:41.812   325 19753 E mm-still: virtual OMX_ERRORTYPE OMXJpegEncoder::configureEncodedata():59] ImageSize 2880000 1920000
12-28 14:32:41.812   325 19753 E mm-still: virtual OMX_ERRORTYPE OMXJpegEncoder::configureEncodedata():88] Scaling not enabled width: 1200 height:1600
12-28 14:32:41.812   325 19753 E mm-still: virtual OMX_ERRORTYPE OMXJpegEncoder::configureBuffers(OMX_BUFFERHEADERTYPE*, OMX_BUFFERHEADERTYPE*):158] MAIN buf=0xb07ba000, fd=106, offset=0 filled=0
12-28 14:32:41.812   325 19753 E mm-still: OMX_ERRORTYPE OMXJpegEncoder::configureTmbBuffer(OMX_BUFFERHEADERTYPE*):193] TMB buf=0xb1fd3000, fd=103, offset=0, filled=0
12-28 14:32:41.812   325 19753 E mm-still: OMX_ERRORTYPE OMXJpegEncoder::configureThumbnailData():806] size 240x320 pad 256x320 subsampling 0
12-28 14:32:41.812   325 19753 E mm-still: OMX_ERRORTYPE OMXJpegEncoder::configureThumbnailData():835] Thumbnail Scaling enabled o/p width: 240 o/p height:320
12-28 14:32:41.812   325 19753 E mm-still: virtual int QImageHybridEncoder::setEncodeParams(QIEncodeParams&):596] Rotation 0 Quality 85
12-28 14:32:41.812   325 19753 E mm-still: void QImageHybridEncoder::ConfigureDimensions():625] dim pad 1216x1600 orig 1200x1600
12-28 14:32:41.812   325 19753 E mm-still: void QImageHybridEncoder::ConfigureDimensions():702] Crop enabled so disabling multi threaded FastCV
12-28 14:32:41.812   325 19753 E mm-still: virtual int QImageHybridEncoder::addInputImage(QImage&):901] Y addr 0xb07ba000 len 1945600 fd 106
12-28 14:32:41.812   325 19753 E mm-still: virtual int QImageHybridEncoder::addInputImage(QImage&):919] CbCr addr 0xb0995000 len 972800 fd 106

dhcui-debug startEncode

12-28 14:32:41.812   325 19753 E mm-still: virtual OMX_ERRORTYPE OMXJpegEncoder::startEncode():401] startEncode()
12-28 14:32:41.822   325 19753 E mm-still: virtual int QImageHybridEncoder::setEncodeParams(QIEncodeParams&):596] Rotation 0 Quality 75
12-28 14:32:41.822   325 19753 E mm-still: void QImageHybridEncoder::ConfigureDimensions():625] dim pad 256x320 orig 240x320
12-28 14:32:41.822   325 19753 E mm-still: virtual int QImageHybridEncoder::addInputImage(QImage&):901] Y addr 0xb1fd3000 len 81920 fd 103
12-28 14:32:41.822   325 19753 E mm-still: virtual int QImageHybridEncoder::addInputImage(QImage&):919] CbCr addr 0xb1fe7000 len 40960 fd 103
12-28 14:32:41.822   325 19753 E mm-still: OMX_ERRORTYPE OMXJpegEncoder::startThumbnailEncode():966] startThumbnailEncode()
12-28 14:32:41.832   325 19753 E mm-still: OMX_ERRORTYPE OMXJpegEncoder::startThumbnailEncode():975] Started Thumbnail encoding
12-28 14:32:41.852   325 19764 E mm-still: int encoder_output_handler(void*, void*, jpeg_buffer_t, uint8_t):1720] encoder_output_handler:       received last output buffer
12-28 14:32:41.852   325 19764 I mm-still: jpege_engine_hybrid_event_handler: job done
12-28 14:32:41.852   325 19756 E mm-still: void QImageHybridEncoder::Encode():1455] Encode done : output_size 6566
12-28 14:32:41.852   325 19756 E mm-still: virtual int OMXJpegEncoder::EncodeComplete(QImage*):618] Thumbnail Encoding complete.
12-28 14:32:41.922   325 19758 E mm-still: int encoder_output_handler(void*, void*, jpeg_buffer_t, uint8_t):1720] encoder_output_handler:       received last output buffer
12-28 14:32:41.922   325 19758 I mm-still: jpege_engine_hybrid_event_handler: job done
12-28 14:32:41.922   325 19755 E mm-still: void QImageHybridEncoder::Encode():1455] Encode done : output_size 191602
12-28 14:32:41.922   325 19755 E mm-still: virtual int OMXJpegEncoder::EncodeComplete(QImage*):668] MainImage Encoding complete. Filled Length = 191602 m_thumbEncodingComplete 1
12-28 14:32:41.922   325 19755 D QCameraPostProc: static int qcamera::QCameraPostProcessor::getJpegMemory(omx_jpeg_ouput_buf_t*): Allocating jpeg out buffer of size: 200172
12-28 14:32:41.932   325 19755 E mm-still: int OMXJpegEncoder::CompleteMainImage():557] Encoded image length 200172
12-28 14:32:41.932   325 19753 E mm-still: virtual int QImageHybridEncoder::Stop():1109] Stop 
12-28 14:32:41.932   325 19753 E mm-still: virtual int QImageHybridEncoder::Stop():1109] Stop 
12-28 14:32:41.932   325 19753 D mm-jpeg-intf: [KPI Perf] : PROFILE_JPEG_FBD
12-28 14:32:41.932   325 19753 E mm-jpeg-intf: mm_jpegenc_destroy_job:2351] Exif entry count 10 17
12-28 14:32:41.932   325 19753 E mm-jpeg-intf: mm_jpeg_queue_remove_job_by_job_id:2853] found matching job id
12-28 14:32:41.932   325 19684 D mm-camera-intf: mm_stream_qbuf: Starting poll on stream 0xb8aba878 type: 9
12-28 14:32:41.932   325 19684 D mm-camera-intf: mm_stream_qbuf: Started poll on stream 0xb8aba878 type: 9
12-28 14:32:41.932   325 19684 D mm-camera-intf: mm_stream_qbuf: VIDIOC_QBUF buf_index 0,stream type 9,frame_idx 2,queued cnt 1
12-28 14:32:41.932   325 19684 D mm-camera-intf: mm_stream_qbuf: Starting poll on stream 0xb8abaa60 type: 9
12-28 14:32:41.932   325 19684 D mm-camera-intf: mm_stream_qbuf: Started poll on stream 0xb8abaa60 type: 9
12-28 14:32:41.932   325 19684 D mm-camera-intf: mm_stream_qbuf: VIDIOC_QBUF buf_index 0,stream type 9,frame_idx 2,queued cnt 1
12-28 14:32:41.932   325 19684 D QCameraPostProc: static void qcamera::QCameraPostProcessor::releaseJpegData(void*, void*) : Rleased job ID 16777216
12-28 14:32:41.932   325 19684 D QCameraPostProc: [KPI Perf] int32_t qcamera::QCameraPostProcessor::processJpegEvt(qcamera::qcamera_jpeg_evt_payload_t*) : jpeg job 16777216
12-28 14:32:41.932   325 19684 D QCameraPostProc: int32_t qcamera::QCameraPostProcessor::processJpegEvt(qcamera::qcamera_jpeg_evt_payload_t*) : Calling upperlayer callback to store JPEG image
12-28 14:32:41.932   325 19684 D QCameraPostProc: [KPI Perf] int32_t qcamera::QCameraPostProcessor::processJpegEvt(qcamera::qcamera_jpeg_evt_payload_t*): PROFILE_JPEG_CB 
12-28 14:32:41.932   325 19684 D QCamera2HWI: int qcamera::QCamera2HardwareInterface::cancelPicture():3183] 
12-28 14:32:41.932   325 19753 E mm-still: virtual void QOMXImageCodec::changeState(OMX_STATETYPE):186] From Current State: 3 To New state: 2
12-28 14:32:41.932   325 19753 E mm-still: virtual int QImageHybridEncoder::Stop():1109] Stop 
12-28 14:32:41.932   325 19753 E mm-still: virtual void QOMXImageCodec::changeState(OMX_STATETYPE): 299] State change from OMX_StateExecuting to OMX_StateIdle
12-28 14:32:41.932   325 19753 E mm-still: virtual void QOMXImageCodec::changeState(OMX_STATETYPE):186] From Current State: 2 To New state: 1
12-28 14:32:41.932   325 19753 E mm-still: virtual void QOMXImageCodec::changeState(OMX_STATETYPE):219] State change from OMX_StateIdle to OMX_StateLoaded Pending
12-28 14:32:41.932   325 19705 E mm-still: virtual OMX_ERRORTYPE OMXJpegEncoder::releaseCodecLibs():1248] E
12-28 14:32:41.932   325 19705 E mm-still: virtual int QImageHybridEncoder::Stop():1109] Stop 
12-28 14:32:41.932   325 19705 E mm-still: virtual OMX_ERRORTYPE OMXJpegEncoder::releaseCodecLibs():1259] X
12-28 14:32:41.932   325 19705 E mm-still: virtual OMX_ERRORTYPE OMXImageEncoder::omx_component_free_buffer(OMX_HANDLETYPE, OMX_U32, OMX_BUFFERHEADERTYPE*):1972: Free Buffer complete: State change fromOMX_StateLoadedPending to OMX_StateLoaded
12-28 14:32:41.932   325 19705 E qomx_image_core: OMX_FreeHandle:331] 
12-28 14:32:41.932   325 19705 E qomx_image_core: get_idx_from_handle:290] comp_idx 0 inst_idx 0
12-28 14:32:41.932   325 19705 E mm-still: OMX_ERRORTYPE qomx_component_deinit(OMX_HANDLETYPE) 206: Component State: 1 Calling Deinit
12-28 14:32:41.932   325 19705 E qomx_image_core: OMX_FreeHandle:366] Success
12-28 14:32:41.932   349 19700 D mm-camera: mct_pipeline_process_set:command=8000009
12-28 14:32:41.932   349 19700 D mm-camera: mct_pipeline_process_set: stream_type = 9
12-28 14:32:41.932   349 19700 D mm-camera: c2d_module_handle_streamoff_event:1809, info: stream-off done for identity 0x10002
12-28 14:32:41.932   349 19700 D mm-camera: mct_pipeline_process_set:command=8000009
12-28 14:32:41.932   349 19700 D mm-camera: mct_pipeline_process_set: stream_type = 9
12-28 14:32:41.932   349 19700 D mm-camera: c2d_module_handle_streamoff_event:1809, info: stream-off done for identity 0x10001
12-28 14:32:41.962   349 19700 D mm-camera: mct_pipeline_process_set:command=800000b
12-28 14:32:41.962   349 19700 D mm-camera: mct_stream_streamoff: Enter
12-28 14:32:41.962   349 19700 D mm-camera: mct_del_offline_stream: Enter
12-28 14:32:41.962   349 19700 D mm-camera: c2d_port_check_caps_unreserve:179, identity=0x10001, unreserved
12-28 14:32:41.962   349 19700 D mm-camera: mct_pipeline_process_set:command=800000b
12-28 14:32:41.962   349 19700 D mm-camera: mct_stream_streamoff: Enter
12-28 14:32:41.962   349 19700 D mm-camera: mct_del_offline_stream: Enter
12-28 14:32:41.962   349 19700 D mm-camera: c2d_port_check_caps_unreserve:179, identity=0x10002, unreserved
12-28 14:32:41.962   325 19684 E mm-camera-intf: mm_channel_fsm_fn_stopped: invalid state (1) for evt (6)
12-28 14:32:41.972   340   340 I GeckoDump: sb_handleEvent, evet.type:audiochannelchanged
12-28 14:32:41.972   349 19700 D mm-camera: mct_pipeline_process_set:command=800000b
12-28 14:32:41.972   349 19700 D mm-camera: mct_stream_streamoff: Enter
12-28 14:32:41.982   325 19684 D QCameraHWI_Mem: put buffer 0 successfully
12-28 14:32:41.982   325 19684 D QCameraHWI_Mem: put buffer 1 successfully
12-28 14:32:41.982   325 19684 D QCameraHWI_Mem: put buffer 2 successfully
12-28 14:32:41.982   325 19684 D QCameraHWI_Mem: put buffer 3 successfully
12-28 14:32:41.982   325 19684 D QCameraHWI_Mem: cancel_buffer: hdl =0xb8acd5d8
12-28 14:32:41.982   325 19684 D QCameraHWI_Mem: put buffer 4 successfully
12-28 14:32:41.982   325 19684 D QCameraHWI_Mem: cancel_buffer: hdl =0xb8ac8a48
12-28 14:32:41.982   325 19684 D QCameraHWI_Mem: put buffer 5 successfully
12-28 14:32:41.992   349 19700 D mm-camera: mct_pipeline_process_set:command=800000b
12-28 14:32:41.992   349 19700 D mm-camera: mct_stream_streamoff: Enter
12-28 14:32:41.992   349 19700 D mm-camera: mct_stream_streamoff: Enter
12-28 14:32:41.992   349 19700 D mm-camera: c2d_port_check_caps_unreserve:179, identity=0x10004, unreserved
12-28 14:32:41.992  7353 19767 I Cubeb_OpenSL: 23
12-28 14:32:41.992  7353 19767 E linker  : readlink('/proc/self/fd/76') failed: Invalid argument [fd=76]
12-28 14:32:41.992  7353 19767 E linker  : warning: unable to get realpath for the library "libOpenSLES.so". Will use given name.
12-28 14:32:41.992  7353 19767 E linker  : readlink('/proc/self/fd/76') failed: Invalid argument [fd=76]
12-28 14:32:41.992  7353 19767 E linker  : warning: unable to get realpath for the library "libwilhelm.so". Will use given name.
12-28 14:32:41.992   349 19700 D mm-camera: gyro_port_unlink: Enter
12-28 14:32:41.992   349 19700 D mm-camera: gyro_port_unlink: Exit
12-28 14:32:41.992  7353 19767 E linker  : readlink('/proc/self/fd/76') failed: Invalid argument [fd=76]
12-28 14:32:41.992  7353 19767 E linker  : warning: unable to get realpath for the library "libeffects.so". Will use given name.
12-28 14:32:42.002   349 19700 D mm-camera: mct_pipeline_process_set:command=800000b
12-28 14:32:42.002   349 19700 D mm-camera: mct_stream_streamoff: Enter
12-28 14:32:42.002   349 19700 E mm-camera: q3a_thread_aecawb_stop:384 MSG_STOP_THREAD
12-28 14:32:42.002   349 19700 E mm-camera: q3a_thread_af_stop:574 MSG_STOP_THREAD
12-28 14:32:42.002   349 19700 E mm-camera: q3a_thread_divertstats_stop:868 MSG_STOP_THREAD
12-28 14:32:42.002   349 19736 E mm-camera: is_thread_handler: Exiting IS thread handler
12-28 14:32:42.002   349 19700 D mm-camera: gyro_port_event  MCT_EVENT_MODULE_START_STOP_STATS_THREADS start_flag: 0
12-28 14:32:42.002   349 19700 D mm-camera: gyro_port_unlink: Enter
12-28 14:32:42.002   349 19700 D mm-camera: gyro_port_unlink: Exit

dhcui-debug 

12-28 14:32:42.012   325 19684 D QCamera2HWI: int qcamera::QCamera2HardwareInterface::disableMsgType(int32_t) (0x100) : mMsgEnabled = 0xc0d
12-28 14:32:42.012   325   785 D QCamera2HWI: [KPI Perf] static int qcamera::QCamera2HardwareInterface::start_preview(camera_device*): E PROFILE_START_PREVIEW
12-28 14:32:42.022   325 19684 D QCameraHWI_Mem: void qcamera::QCameraMemory::traceLogAllocStart(size_t, int, const char*) : alloc E count=1 size=932
12-28 14:32:42.022   325 19684 D QCameraHWI_Mem: void qcamera::QCameraMemory::traceLogAllocStart(size_t, int, const char*) : alloc E count=1 size=932
12-28 14:32:42.022   325 19684 D QCameraHWI_Mem: int qcamera::QCameraMemory::alloc(int, size_t, unsigned int) : No memory pool available and So allocate new buffer
12-28 14:32:42.022   325 19684 D QCameraHWI_Mem: static int qcamera::QCameraMemory::allocOneBuffer(qcamera::QCameraMemory::QCameraMemInfo&, unsigned int, size_t, bool) : ION buffer 1 with size 4096 allocated
12-28 14:32:42.022   325 19684 D QCameraHWI_Mem:  void qcamera::QCameraMemory::traceLogAllocEnd(size_t) : X
12-28 14:32:42.022   325 19684 D QCameraHWI_Mem:  void qcamera::QCameraMemory::traceLogAllocEnd(size_t) : X
12-28 14:32:42.022   325 19684 D QCamera2HWI: uint8_t qcamera::QCamera2HardwareInterface::getBufNumRequired(cam_stream_type_t): Allocating 9 buffers for streamtype 7
12-28 14:32:42.022   325 19684 D QCamera2HWI: virtual qcamera::QCameraHeapMemory* qcamera::QCamera2HardwareInterface::allocateStreamInfoBuf(cam_stream_type_t): stream_type 7, stream format 99,stream dimension 454088x1, num_bufs 9
12-28 14:32:42.022   325 19684 D QCamera2HWI: uint8_t qcamera::QCamera2HardwareInterface::getBufNumRequired(cam_stream_type_t): Allocating 9 buffers for streamtype 7
12-28 14:32:42.022  7353 19767 W AudioTrack: AUDIO_OUTPUT_FLAG_FAST denied by client; transfer 1,track 44100 Hz, output 48000 Hz
12-28 14:32:42.032   349 19700 D mm-camera: mct_pipeline_process_set:command=800000a
12-28 14:32:42.032   325 19684 D QCameraHWI_Mem: void qcamera::QCameraMemory::traceLogAllocStart(size_t, int, const char*) : alloc E count=1 size=932
12-28 14:32:42.032   325 19684 D QCameraHWI_Mem: void qcamera::QCameraMemory::traceLogAllocStart(size_t, int, const char*) : alloc E count=1 size=932
12-28 14:32:42.032   325 19684 D QCameraHWI_Mem: int qcamera::QCameraMemory::alloc(int, size_t, unsigned int) : No memory pool available and So allocate new buffer
12-28 14:32:42.032   325 19685 D QCameraHWI_Mem: void qcamera::QCameraMemory::traceLogAllocStart(size_t, int, const char*) : alloc E count=9 size=454112
12-28 14:32:42.032   325 19685 E QCameraHWI_Mem: void qcamera::QCameraMemory::traceLogAllocStart(size_t, int, const char*):StreamMemsize 454112
12-28 14:32:42.032   325 19685 D QCameraHWI_Mem: void qcamera::QCameraMemory::traceLogAllocStart(size_t, int, const char*) : alloc E count=9 size=454112
