12-28 14:32:46.482   325 19782 D mm-camera-intf: mm_stream_qbuf: VIDIOC_QBUF buf_index 0,stream type 1,frame_idx 73,queued cnt 4
12-28 14:32:46.482   349 19775 E AEC_PORT: aec_port_save_update:real_gain:2.000000 linecnt:1865 exp_idx:279 cur_luma:1610612736 led_est:1078605774
12-28 14:32:46.492   325 19771 D mm-camera-intf: mm_stream_read_msm_frame: VIDIOC_DQBUF buf_index 4, frame_idx 77, stream type 7, queued cnt 8
12-28 14:32:46.492   325 19781 D mm-camera-intf: mm_stream_qbuf: VIDIOC_QBUF buf_index 4,stream type 7,frame_idx 77,queued cnt 9
12-28 14:32:46.522   349 19775 E AEC_PORT: aec_port_save_update:real_gain:2.000000 linecnt:1865 exp_idx:279 cur_luma:0 led_est:1078618626
12-28 14:32:46.532   349 19693 E mm-camera: c2d_thread_handle_process_buf_event:190 input buf index 5
12-28 14:32:46.532   349 19693 E mm-camera: c2d_thread_handle_process_buf_event:207 input vaddr b39b1000
12-28 14:32:46.532   325 19771 D mm-camera-intf: mm_stream_read_msm_frame: VIDIOC_DQBUF buf_index 0, frame_idx 78, stream type 1, queued cnt 3
12-28 14:32:46.532   325 19782 D mm-camera-intf: mm_stream_qbuf: VIDIOC_QBUF buf_index 1,stream type 1,frame_idx 74,queued cnt 4
12-28 14:32:46.542   325 19771 D mm-camera-intf: mm_stream_read_msm_frame: VIDIOC_DQBUF buf_index 5, frame_idx 78, stream type 7, queued cnt 8
12-28 14:32:46.542   325 19781 D mm-camera-intf: mm_stream_qbuf: VIDIOC_QBUF buf_index 5,stream type 7,frame_idx 78,queued cnt 9
12-28 14:32:46.572   349 19775 E AEC_PORT: aec_port_save_update:real_gain:2.000000 linecnt:1865 exp_idx:279 cur_luma:-1073741824 led_est:1078579648
12-28 14:32:46.582   349 19693 E mm-camera: c2d_thread_handle_process_buf_event:190 input buf index 6
12-28 14:32:46.582   349 19693 E mm-camera: c2d_thread_handle_process_buf_event:207 input vaddr b3994000
12-28 14:32:46.582   325 19771 D mm-camera-intf: mm_stream_read_msm_frame: VIDIOC_DQBUF buf_index 1, frame_idx 79, stream type 1, queued cnt 3
12-28 14:32:46.582   325 19782 D mm-camera-intf: mm_stream_qbuf: VIDIOC_QBUF buf_index 2,stream type 1,frame_idx 75,queued cnt 4
12-28 14:32:46.592   325 19771 D mm-camera-intf: mm_stream_read_msm_frame: VIDIOC_DQBUF buf_index 6, frame_idx 79, stream type 7, queued cnt 8
12-28 14:32:46.592   325 19781 D mm-camera-intf: mm_stream_qbuf: VIDIOC_QBUF buf_index 6,stream type 7,frame_idx 79,queued cnt 9
12-28 14:32:46.622   349 19691 E         : dmlroc_entry  entering dmlroc_entry
12-28 14:32:46.622   349 19693 E mm-camera: c2d_thread_handle_process_buf_event:190 input buf index 4
12-28 14:32:46.622   349 19693 E mm-camera: c2d_thread_handle_process_buf_event:207 input vaddr b39ce000
12-28 14:32:46.622   325 19771 D mm-camera-intf: mm_stream_read_msm_frame: VIDIOC_DQBUF buf_index 2, frame_idx 80, stream type 1, queued cnt 3
12-28 14:32:46.632   325 19782 D mm-camera-intf: mm_stream_qbuf: VIDIOC_QBUF buf_index 3,stream type 1,frame_idx 76,queued cnt 4
12-28 14:32:46.642   325 19771 D mm-camera-intf: mm_stream_read_msm_frame: VIDIOC_DQBUF buf_index 7, frame_idx 80, stream type 7, queued cnt 8
12-28 14:32:46.642   325 19781 D mm-camera-intf: mm_stream_qbuf: VIDIOC_QBUF buf_index 7,stream type 7,frame_idx 80,queued cnt 9
12-28 14:32:46.662   340   882 E LocSvc_ApiV02: I/<--- void globalEventCb(locClientHandleType, uint32_t, locClientEventIndUnionType, void*) line 91 QMI_LOC_EVENT_POSITION_REPORT_IND_V02
12-28 14:32:46.672   349 19775 E AEC_PORT: aec_port_save_update:real_gain:2.000000 linecnt:1811 exp_idx:278 cur_luma:-536870912 led_est:1078690194
12-28 14:32:46.672   349 19693 E mm-camera: c2d_thread_handle_process_buf_event:190 input buf index 5
12-28 14:32:46.672   349 19693 E mm-camera: c2d_thread_handle_process_buf_event:207 input vaddr b39b1000
12-28 14:32:46.682   325 19771 D mm-camera-intf: mm_stream_read_msm_frame: VIDIOC_DQBUF buf_index 3, frame_idx 81, stream type 1, queued cnt 3
12-28 14:32:46.682   325 19782 D mm-camera-intf: mm_stream_qbuf: VIDIOC_QBUF buf_index 7,stream type 1,frame_idx 77,queued cnt 4
12-28 14:32:46.692   325 19771 D mm-camera-intf: mm_stream_read_msm_frame: VIDIOC_DQBUF buf_index 8, frame_idx 81, stream type 7, queued cnt 8
12-28 14:32:46.692   325 19781 D mm-camera-intf: mm_stream_qbuf: VIDIOC_QBUF buf_index 8,stream type 7,frame_idx 81,queued cnt 9
12-28 14:32:46.722   349 19693 E mm-camera: c2d_thread_handle_process_buf_event:190 input buf index 6
12-28 14:32:46.722   349 19693 E mm-camera: c2d_thread_handle_process_buf_event:207 input vaddr b3994000
12-28 14:32:46.722   349 19775 E AEC_PORT: aec_port_save_update:real_gain:2.000000 linecnt:1811 exp_idx:278 cur_luma:1073741824 led_est:1078793455
12-28 14:32:46.722   325 19771 D mm-camera-intf: mm_stream_read_msm_frame: VIDIOC_DQBUF buf_index 7, frame_idx 82, stream type 1, queued cnt 3
12-28 14:32:46.722   325 19782 D mm-camera-intf: mm_stream_qbuf: VIDIOC_QBUF buf_index 0,stream type 1,frame_idx 78,queued cnt 4
12-28 14:32:46.742   325 19771 D mm-camera-intf: mm_stream_read_msm_frame: VIDIOC_DQBUF buf_index 0, frame_idx 82, stream type 7, queued cnt 8
12-28 14:32:46.742   325 19781 D mm-camera-intf: mm_stream_qbuf: VIDIOC_QBUF buf_index 0,stream type 7,frame_idx 82,queued cnt 9
12-28 14:32:46.772   349 19775 E AEC_PORT: aec_port_save_update:real_gain:2.000000 linecnt:2036 exp_idx:282 cur_luma:-2147483648 led_est:1078091846
12-28 14:32:46.772   349 19693 E mm-camera: c2d_thread_handle_process_buf_event:190 input buf index 4
12-28 14:32:46.772   349 19693 E mm-camera: c2d_thread_handle_process_buf_event:207 input vaddr b39ce000
12-28 14:32:46.772   325 19771 D mm-camera-intf: mm_stream_read_msm_frame: VIDIOC_DQBUF buf_index 0, frame_idx 83, stream type 1, queued cnt 3
12-28 14:32:46.782   325 19782 D mm-camera-intf: mm_stream_qbuf: VIDIOC_QBUF buf_index 1,stream type 1,frame_idx 79,queued cnt 4
12-28 14:32:46.782   325 19771 D mm-camera-intf: mm_stream_read_msm_frame: VIDIOC_DQBUF buf_index 1, frame_idx 83, stream type 7, queued cnt 8
12-28 14:32:46.782   325 19781 D mm-camera-intf: mm_stream_qbuf: VIDIOC_QBUF buf_index 1,stream type 7,frame_idx 83,queued cnt 9
12-28 14:32:46.822   349 19693 E mm-camera: c2d_thread_handle_process_buf_event:190 input buf index 5
12-28 14:32:46.822   349 19693 E mm-camera: c2d_thread_handle_process_buf_event:207 input vaddr b39b1000
12-28 14:32:46.822   325 19771 D mm-camera-intf: mm_stream_read_msm_frame: VIDIOC_DQBUF buf_index 1, frame_idx 84, stream type 1, queued cnt 3
12-28 14:32:46.822   325 19782 D mm-camera-intf: mm_stream_qbuf: VIDIOC_QBUF buf_index 2,stream type 1,frame_idx 80,queued cnt 4
12-28 14:32:46.822   349 19775 E AEC_PORT: aec_port_save_update:real_gain:2.000000 linecnt:2036 exp_idx:282 cur_luma:536870912 led_est:1076912071
12-28 14:32:46.832   325 19771 D mm-camera-intf: mm_stream_read_msm_frame: VIDIOC_DQBUF buf_index 2, frame_idx 84, stream type 7, queued cnt 8
12-28 14:32:46.832   325 19781 D mm-camera-intf: mm_stream_qbuf: VIDIOC_QBUF buf_index 2,stream type 7,frame_idx 84,queued cnt 9
12-28 14:32:46.872   349 19693 E mm-camera: c2d_thread_handle_process_buf_event:190 input buf index 6
12-28 14:32:46.872   349 19693 E mm-camera: c2d_thread_handle_process_buf_event:207 input vaddr b3994000
12-28 14:32:46.872   349 19775 E AEC_PORT: aec_port_save_update:real_gain:2.000000 linecnt:2357 exp_idx:287 cur_luma:1073741824 led_est:1077961648
12-28 14:32:46.872   325 19771 D mm-camera-intf: mm_stream_read_msm_frame: VIDIOC_DQBUF buf_index 2, frame_idx 85, stream type 1, queued cnt 3
12-28 14:32:46.872   325 19782 D mm-camera-intf: mm_stream_qbuf: VIDIOC_QBUF buf_index 3,stream type 1,frame_idx 81,queued cnt 4
12-28 14:32:46.882   325 19771 D mm-camera-intf: mm_stream_read_msm_frame: VIDIOC_DQBUF buf_index 3, frame_idx 85, stream type 7, queued cnt 8
12-28 14:32:46.882   325 19781 D mm-camera-intf: mm_stream_qbuf: VIDIOC_QBUF buf_index 3,stream type 7,frame_idx 85,queued cnt 9
12-28 14:32:46.922   349 19775 E AEC_PORT: aec_port_save_update:real_gain:2.000000 linecnt:2357 exp_idx:287 cur_luma:-1073741824 led_est:1077509003
12-28 14:32:46.922   349 19693 E mm-camera: c2d_thread_handle_process_buf_event:190 input buf index 4
12-28 14:32:46.922   349 19693 E mm-camera: c2d_thread_handle_process_buf_event:207 input vaddr b39ce000
12-28 14:32:46.922   325 19771 D mm-camera-intf: mm_stream_read_msm_frame: VIDIOC_DQBUF buf_index 3, frame_idx 86, stream type 1, queued cnt 3
12-28 14:32:46.932   325 19782 D mm-camera-intf: mm_stream_qbuf: VIDIOC_QBUF buf_index 7,stream type 1,frame_idx 82,queued cnt 4
12-28 14:32:46.952   325 19771 D mm-camera-intf: mm_stream_read_msm_frame: VIDIOC_DQBUF buf_index 4, frame_idx 86, stream type 7, queued cnt 8
12-28 14:32:46.952   325 19781 D mm-camera-intf: mm_stream_qbuf: VIDIOC_QBUF buf_index 4,stream type 7,frame_idx 86,queued cnt 9
12-28 14:32:46.972   349 19775 E AEC_PORT: aec_port_save_update:real_gain:2.757812 linecnt:2660 exp_idx:302 cur_luma:0 led_est:1076840627
12-28 14:32:46.972   349 19693 E mm-camera: c2d_thread_handle_process_buf_event:190 input buf index 5
12-28 14:32:46.972   349 19693 E mm-camera: c2d_thread_handle_process_buf_event:207 input vaddr b39b1000
12-28 14:32:46.982   325 19771 D mm-camera-intf: mm_stream_read_msm_frame: VIDIOC_DQBUF buf_index 7, frame_idx 87, stream type 1, queued cnt 3
12-28 14:32:46.982   325 19782 D mm-camera-intf: mm_stream_qbuf: VIDIOC_QBUF buf_index 0,stream type 1,frame_idx 83,queued cnt 4
12-28 14:32:47.002   325 19771 D mm-camera-intf: mm_stream_read_msm_frame: VIDIOC_DQBUF buf_index 5, frame_idx 87, stream type 7, queued cnt 8
12-28 14:32:47.002   325 19781 D mm-camera-intf: mm_stream_qbuf: VIDIOC_QBUF buf_index 5,stream type 7,frame_idx 87,queued cnt 9
12-28 14:32:47.032   349 19775 E AEC_PORT: aec_port_save_update:real_gain:2.757812 linecnt:2660 exp_idx:302 cur_luma:536870912 led_est:1077356040
12-28 14:32:47.042   349 19693 E mm-camera: c2d_thread_handle_process_buf_event:190 input buf index 6
12-28 14:32:47.042   349 19693 E mm-camera: c2d_thread_handle_process_buf_event:207 input vaddr b3994000
12-28 14:32:47.042   325 19771 D mm-camera-intf: mm_stream_read_msm_frame: VIDIOC_DQBUF buf_index 0, frame_idx 88, stream type 1, queued cnt 3
12-28 14:32:47.042   325 19782 D mm-camera-intf: mm_stream_qbuf: VIDIOC_QBUF buf_index 1,stream type 1,frame_idx 84,queued cnt 4
12-28 14:32:47.062   325 19771 D mm-camera-intf: mm_stream_read_msm_frame: VIDIOC_DQBUF buf_index 6, frame_idx 88, stream type 7, queued cnt 8
12-28 14:32:47.062   325 19781 D mm-camera-intf: mm_stream_qbuf: VIDIOC_QBUF buf_index 6,stream type 7,frame_idx 88,queued cnt 9
12-28 14:32:47.092   349 19775 E AEC_PORT: aec_port_save_update:real_gain:3.492188 linecnt:2660 exp_idx:310 cur_luma:-1610612736 led_est:1077217273
12-28 14:32:47.102   349 19693 E mm-camera: c2d_thread_handle_process_buf_event:190 input buf index 4
12-28 14:32:47.102   349 19693 E mm-camera: c2d_thread_handle_process_buf_event:207 input vaddr b39ce000
12-28 14:32:47.102   325 19771 D mm-camera-intf: mm_stream_read_msm_frame: VIDIOC_DQBUF buf_index 1, frame_idx 89, stream type 1, queued cnt 3
12-28 14:32:47.102   325 19782 D mm-camera-intf: mm_stream_qbuf: VIDIOC_QBUF buf_index 2,stream type 1,frame_idx 85,queued cnt 4
12-28 14:32:47.132   325 19771 D mm-camera-intf: mm_stream_read_msm_frame: VIDIOC_DQBUF buf_index 7, frame_idx 89, stream type 7, queued cnt 8
12-28 14:32:47.132   325 19781 D mm-camera-intf: mm_stream_qbuf: VIDIOC_QBUF buf_index 7,stream type 7,frame_idx 89,queued cnt 9
12-28 14:32:47.162   349 19691 E         : dmlroc_entry  entering dmlroc_entry
12-28 14:32:47.162   349 19693 E mm-camera: c2d_thread_handle_process_buf_event:190 input buf index 5
12-28 14:32:47.162   349 19693 E mm-camera: c2d_thread_handle_process_buf_event:207 input vaddr b39b1000
12-28 14:32:47.172   325 19771 D mm-camera-intf: mm_stream_read_msm_frame: VIDIOC_DQBUF buf_index 2, frame_idx 90, stream type 1, queued cnt 3
12-28 14:32:47.172   325 19782 D mm-camera-intf: mm_stream_qbuf: VIDIOC_QBUF buf_index 3,stream type 1,frame_idx 86,queued cnt 4
12-28 14:32:47.202   325 19771 D mm-camera-intf: mm_stream_read_msm_frame: VIDIOC_DQBUF buf_index 8, frame_idx 90, stream type 7, queued cnt 8
12-28 14:32:47.212   325 19781 D mm-camera-intf: mm_stream_qbuf: VIDIOC_QBUF buf_index 8,stream type 7,frame_idx 90,queued cnt 9
12-28 14:32:47.232   349 19775 E AEC_PORT: aec_port_save_update:real_gain:3.492188 linecnt:2660 exp_idx:310 cur_luma:0 led_est:1073890206
12-28 14:32:47.242   349 19693 E mm-camera: c2d_thread_handle_process_buf_event:190 input buf index 6
12-28 14:32:47.242   349 19693 E mm-camera: c2d_thread_handle_process_buf_event:207 input vaddr b3994000
12-28 14:32:47.242   325 19771 D mm-camera-intf: mm_stream_read_msm_frame: VIDIOC_DQBUF buf_index 3, frame_idx 91, stream type 1, queued cnt 3
12-28 14:32:47.242   325 19782 D mm-camera-intf: mm_stream_qbuf: VIDIOC_QBUF buf_index 7,stream type 1,frame_idx 87,queued cnt 4
12-28 14:32:47.272   325 19771 D mm-camera-intf: mm_stream_read_msm_frame: VIDIOC_DQBUF buf_index 0, frame_idx 91, stream type 7, queued cnt 8
12-28 14:32:47.272   325 19781 D mm-camera-intf: mm_stream_qbuf: VIDIOC_QBUF buf_index 0,stream type 7,frame_idx 91,queued cnt 9
12-28 14:32:47.312   349 19775 E AEC_PORT: aec_port_save_update:real_gain:7.902344 linecnt:4940 exp_idx:359 cur_luma:1073741824 led_est:1071962490
12-28 14:32:47.312   349 19693 E mm-camera: c2d_thread_handle_process_buf_event:190 input buf index 4
12-28 14:32:47.312   349 19693 E mm-camera: c2d_thread_handle_process_buf_event:207 input vaddr b39ce000
12-28 14:32:47.312   349 19775 E mm-camera-CORE: awb_bayer_set_led_gains AWB decision invalid. return
12-28 14:32:47.312   325 19771 D mm-camera-intf: mm_stream_read_msm_frame: VIDIOC_DQBUF buf_index 7, frame_idx 92, stream type 1, queued cnt 3
12-28 14:32:47.312   325 19782 D mm-camera-intf: mm_stream_qbuf: VIDIOC_QBUF buf_index 0,stream type 1,frame_idx 88,queued cnt 4
12-28 14:32:47.342   325 19771 D mm-camera-intf: mm_stream_read_msm_frame: VIDIOC_DQBUF buf_index 1, frame_idx 92, stream type 7, queued cnt 8
12-28 14:32:47.352   325 19781 D mm-camera-intf: mm_stream_qbuf: VIDIOC_QBUF buf_index 1,stream type 7,frame_idx 92,queued cnt 9
12-28 14:32:47.352   340   886 E LocSvc_libulp: I/int ulp_brain_process_monitor_request(), gnss provider state = 1, quipc provider state = 0
12-28 14:32:47.352   340   886 E LocSvc_libulp: I/int ulp_brain_transition_all_providers(), before transition, 
12-28 14:32:47.352   340   886 E LocSvc_libulp:  GNSS provider state = 1,  GNSS selected to run = 1,  GNSS onoff_cnt = 0, GNSS high speed flag = 0 
12-28 14:32:47.352   340   886 E LocSvc_libulp:  QUIPC provider state = 0, QUIPC selected to run = 1, QUIPC onoff_cnt = 5, 
12-28 14:32:47.352   340   886 E LocSvc_libulp:  GNP provider state = 1,   GNP selected to run = 1,   GNP onoff_cnt = 1, 
12-28 14:32:47.352   340   886 E LocSvc_libulp: I/int ulp_brain_transition_all_providers(), after transition, 
12-28 14:32:47.352   340   886 E LocSvc_libulp:  GNSS provider state = 1,  GNSS selected to run = 1,  GNSS onoff_cnt = 0, GNSS high speed flag = 0 
12-28 14:32:47.352   340   886 E LocSvc_libulp:  QUIPC provider state = 0, QUIPC selected to run = 1, QUIPC onoff_cnt = 5, 
12-28 14:32:47.352   340   886 E LocSvc_libulp:  GNP provider state = 1,   GNP selected to run = 1,   GNP onoff_cnt = 1 
12-28 14:32:47.382   349 19693 E mm-camera: c2d_thread_handle_process_buf_event:190 input buf index 5
12-28 14:32:47.382   349 19693 E mm-camera: c2d_thread_handle_process_buf_event:207 input vaddr b39b1000
12-28 14:32:47.382   325 19771 D mm-camera-intf: mm_stream_read_msm_frame: VIDIOC_DQBUF buf_index 0, frame_idx 93, stream type 1, queued cnt 3
12-28 14:32:47.382   325 19782 D mm-camera-intf: mm_stream_qbuf: VIDIOC_QBUF buf_index 1,stream type 1,frame_idx 89,queued cnt 4
12-28 14:32:47.382   349 19775 E AEC_PORT: aec_port_save_update:real_gain:7.902344 linecnt:4940 exp_idx:359 cur_luma:-536870912 led_est:1071982234
12-28 14:32:47.422   325 19771 D mm-camera-intf: mm_stream_read_msm_frame: VIDIOC_DQBUF buf_index 2, frame_idx 93, stream type 7, queued cnt 8
12-28 14:32:47.422   325 19781 D mm-camera-intf: mm_stream_qbuf: VIDIOC_QBUF buf_index 2,stream type 7,frame_idx 93,queued cnt 9
12-28 14:32:47.452   349 19693 E mm-camera: c2d_thread_handle_process_buf_event:190 input buf index 6
12-28 14:32:47.452   349 19693 E mm-camera: c2d_thread_handle_process_buf_event:207 input vaddr b3994000
12-28 14:32:47.452   349 19775 E AEC_PORT: aec_port_save_update:real_gain:8.000000 linecnt:4940 exp_idx:360 cur_luma:-1073741824 led_est:1072083703
12-28 14:32:47.452   325 19771 D mm-camera-intf: mm_stream_read_msm_frame: VIDIOC_DQBUF buf_index 1, frame_idx 94, stream type 1, queued cnt 3
12-28 14:32:47.452   349 19775 E mm-camera-CORE: awb_bayer_set_led_gains AWB decision invalid. return
12-28 14:32:47.452   325 19782 D mm-camera-intf: mm_stream_qbuf: VIDIOC_QBUF buf_index 2,stream type 1,frame_idx 90,queued cnt 4
12-28 14:32:47.542   325 19771 D mm-camera-intf: mm_stream_read_msm_frame: VIDIOC_DQBUF buf_index 3, frame_idx 94, stream type 7, queued cnt 8
12-28 14:32:47.552   325 19781 D mm-camera-intf: mm_stream_qbuf: VIDIOC_QBUF buf_index 3,stream type 7,frame_idx 94,queued cnt 9
12-28 14:32:47.582   349 19775 E AEC_PORT: aec_port_save_update:real_gain:8.000000 linecnt:4940 exp_idx:360 cur_luma:1610612736 led_est:1074049699
12-28 14:32:47.582   349 19693 E mm-camera: c2d_thread_handle_process_buf_event:190 input buf index 4
12-28 14:32:47.582   349 19693 E mm-camera: c2d_thread_handle_process_buf_event:207 input vaddr b39ce000
12-28 14:32:47.592   325 19771 D mm-camera-intf: mm_stream_read_msm_frame: VIDIOC_DQBUF buf_index 2, frame_idx 95, stream type 1, queued cnt 3
12-28 14:32:47.592   325 19782 D mm-camera-intf: mm_stream_qbuf: VIDIOC_QBUF buf_index 3,stream type 1,frame_idx 91,queued cnt 4
12-28 14:32:47.662   340   882 E LocSvc_ApiV02: I/<--- void globalEventCb(locClientHandleType, uint32_t, locClientEventIndUnionType, void*) line 91 QMI_LOC_EVENT_POSITION_REPORT_IND_V02
12-28 14:32:47.682   325 19771 D mm-camera-intf: mm_stream_read_msm_frame: VIDIOC_DQBUF buf_index 4, frame_idx 95, stream type 7, queued cnt 8
12-28 14:32:47.682   325 19781 D mm-camera-intf: mm_stream_qbuf: VIDIOC_QBUF buf_index 4,stream type 7,frame_idx 95,queued cnt 9
12-28 14:32:47.702   349 19775 E AEC_PORT: aec_port_save_update:real_gain:8.000000 linecnt:4940 exp_idx:360 cur_luma:0 led_est:1074062379
12-28 14:32:47.712   349 19693 E mm-camera: c2d_thread_handle_process_buf_event:190 input buf index 5
12-28 14:32:47.712   349 19693 E mm-camera: c2d_thread_handle_process_buf_event:207 input vaddr b39b1000
12-28 14:32:47.712   349 19775 E mm-camera-CORE: awb_bayer_set_led_gains AWB decision invalid. return
12-28 14:32:47.722   325 19771 D mm-camera-intf: mm_stream_read_msm_frame: VIDIOC_DQBUF buf_index 3, frame_idx 96, stream type 1, queued cnt 3
12-28 14:32:47.722   325 19782 D mm-camera-intf: mm_stream_qbuf: VIDIOC_QBUF buf_index 7,stream type 1,frame_idx 92,queued cnt 4
12-28 14:32:47.812   325 19771 D mm-camera-intf: mm_stream_read_msm_frame: VIDIOC_DQBUF buf_index 5, frame_idx 96, stream type 7, queued cnt 8
12-28 14:32:47.812   325 19781 D mm-camera-intf: mm_stream_qbuf: VIDIOC_QBUF buf_index 5,stream type 7,frame_idx 96,queued cnt 9
12-28 14:32:47.832   349 19775 E AEC_PORT: aec_port_save_update:real_gain:8.000000 linecnt:4940 exp_idx:360 cur_luma:-1073741824 led_est:1074049786
12-28 14:32:47.842   349 19693 E mm-camera: c2d_thread_handle_process_buf_event:190 input buf index 6
12-28 14:32:47.842   349 19693 E mm-camera: c2d_thread_handle_process_buf_event:207 input vaddr b3994000
12-28 14:32:47.852   325 19771 D mm-camera-intf: mm_stream_read_msm_frame: VIDIOC_DQBUF buf_index 7, frame_idx 97, stream type 1, queued cnt 3
12-28 14:32:47.852   325 19782 D mm-camera-intf: mm_stream_qbuf: VIDIOC_QBUF buf_index 0,stream type 1,frame_idx 93,queued cnt 4



analysis log line by line for take picture first time 


1. memory enough for devices , no need LMK to kill BG app 
2. please help double check the rate reproduce ,only once ?

3 [log analysis]

3.1. launch camera app 

07-18 14:13:30.848  3323  3323 I Gecko   : [BrowserElement] event type: keyup, key: Enter, target: [object HTMLDivElement], class: app

07-18 14:13:30.978   285   767 D QCamera2HWI: [KPI Perf] int qcamera::QCamera2HardwareInterface::openCamera(hw_device_t**): E PROFILE_OPEN_CAMERA camera id 0



3.2. some errors when open camera -- normal case 

07-18 14:13:31.018   318   318 E mm-camera-img: hdr_comp_load:1202] Error opening hdr library
07-18 14:13:31.018   318   318 E hdr     : Cannot load hdr lib in module_hdr_lib_load
07-18 14:13:31.018   318   318 E hdr     : Cannot load library in hdr module
07-18 14:13:31.018   318   318 E mm-camera: pproc_module_init:2664] hdr module create failed
07-18 14:13:31.038   318   318 E mm-camera-img: module_imglib_create_topology:649] Can not init the module imglib_chroma_flash
07-18 14:13:31.038   318   318 E mm-camera-img: module_imglib_create_topology:649] Can not init the module imglib_optizoom
07-18 14:13:31.038   318   318 E mm-camera-img: module_imglib_create_topology:649] Can not init the module imglib_ubifocus
07-18 14:13:31.038   318   318 E mm-camera-img: module_imglib_create_topology:649] Can not init the module imglib_trueportrait
07-18 14:13:31.048   318   318 E mm-camera-img: module_imglib_create_topology:649] Can not init the module imglib_fssr
07-18 14:13:31.048   318   318 E mm-camera-img: module_imglib_create_topology:649] Can not init the module imglib_multitouchfocus
07-18 14:13:31.048   318   318 E mm-camera-img: frameproc_comp_load:831] Error opening frameproc library libmmcamera_ubifocus_lib.so
07-18 14:13:31.048   318   318 E mm-camera: module_imgbase_init_imglib_refocus:1442] Error rc -6
07-18 14:13:31.048   318   318 E mm-camera-img: module_imglib_create_topology:649] Can not init the module imglib_refocus

3.3 b2g handle app open --normal 

07-18 14:13:31.108   308   308 I GeckoDump: sb_handleEvent, evet.type:appopened
07-18 14:13:31.118   308   308 I GeckoDump: sb_handleEvent, evet.type:audiochannelchanged
07-18 14:13:31.128   308   308 I GeckoDump: sb_handleEvent, evet.type:hierarchytopmostwindowchanged

```````````````````````````` maybe a error ?  eventlogger_manager.js

07-18 14:13:31.228   308   308 I GeckoConsole: Content JS LOG: [ELM] addToDb exception
````````````````````````````

3.4 some preview set like setPreviewSize setPreviewFpsRange 

07-18 14:13:31.508   285 28032 D QCameraParameters: int32_t qcamera::QCameraParameters::setPreviewFpsRange(const qcamera::QCameraParameters&): FpsRange Values:(8000, 30000)

3.5 some sensor fail------ normal  

07-18 14:13:31.618   318 28047 E mm-camera: dsps_proc_init: Failed to open sensor1 port
07-18 14:13:31.618   318 28047 E mm-camera: gyro_port_init_sensors:DSPS fail to init
07-18 14:13:31.618   318 28047 D mm-camera: gyro_port_init_sensors:Init Android sensor intf
07-18 14:13:31.618   318 28047 E mm-camera: gyro_port_init_sensors:Error initializing Native Sensor!

3.6 more errors about isp --- normal

07-18 14:13:31.668   318 28047 E mm-camera: isp_hw_find_primary_cid:306 error cannot find primary sensor format
07-18 14:13:31.668   318 28047 E mm-camera: isp_reserve_src_port: Error given src port cannot be used to reserve

07-18 14:13:31.828   318 28047 E mm-camera: isp_sink_port_stream_config: E, session_id = 1, stream_id = 2, stream_type = 4
07-18 14:13:31.828   318 28047 E mm-camera: isp_sink_port_stream_config: session_id = 1, stream_id = 2, is_split = 0

3.7 change video tab to camera 

07-18 14:13:32.868  4226  4226 I Gecko   : [BrowserElement] event type: keydown, key: ArrowLeft, target: [object HTMLDivElement], id: view4, class: controls test-controls timer-inactive enabled mode-picture

07-18 14:13:33.078  4226  4226 I Gecko   : [BrowserElement] event type: keyup, key: ArrowLeft, target: [object HTMLDivElement], id: view4, class:

3.8 more errors about below ----normal

07-18 14:13:33.158   318 28086 E mm-camera: wb_set_params: param_id is not supported in this module

07-18 14:13:33.158   318 28086 E mm-camera: linearization_set_params: param_id is not supported in this module

3.9 try to take a pic 

07-18 14:13:34.218   308   308 I Gecko   : [BrowserElement] event type: keydown, key: Enter, target: [object HTMLIFrameElement], src: app://camera.gaiamobile.org/index.html, id: browser5, class: browser

07-18 14:13:34.328   285   767 D QCamera2HWI: [KPI Perf] static int qcamera::QCamera2HardwareInterface::take_picture(camera_device*): E PROFILE_TAKE_PICTURE

07-18 14:13:34.328   285 28032 D QCamera2HWI: int qcamera::QCamera2HardwareInterface::takePicture(): numSnapshot = 1
07-18 14:13:34.328   285 28032 D QCamera2HWI: int qcamera::QCamera2HardwareInterface::takePicture(): E

3.10 try alloc buffers ---normal 

07-18 14:13:34.338   285 28033 E QCameraHWI_Mem: int qcamera::QCameraMemoryPool::allocateBuffer(qcamera::QCameraMemory::QCameraMemInfo&, unsigned int, size_t, bool, cam_stream_type_t) : Buffer not found!
07-18 14:13:34.338   285 28033 D QCameraHWI_Mem: static int qcamera::QCameraMemory::allocOneBuffer(qcamera::QCameraMemory::QCameraMemInfo&, unsigned int, size_t, bool) : ION buffer 1 with size 454656 allocated



3.11 album failed save ---normal 

07-18 14:13:34.418   318 28047 E mm-camera-img: faceproc_save_album:795] Error No album 
07-18 14:13:34.418   318 28047 E mm-camera-img: faceproc_comp_eng_destroy: Album save failed -1
07-18 14:13:34.418   318 28047 E mm-camera: q3a_thread_aecawb_stop:384 MSG_STOP_THREAD
07-18 14:13:34.418   318 28047 E mm-camera: q3a_thread_af_stop:574 MSG_STOP_THREAD
07-18 14:13:34.418   318 28047 E mm-camera: q3a_thread_divertstats_stop:868 MSG_STOP_THREAD
07-18 14:13:34.418   318 28166 E mm-camera: is_thread_handler: Exiting IS thread handler

qcamera::QCamera2HardwareInterface::takePicture x



3.12 errors about jpeg ---normal 

07-18 14:13:34.948   285 28033 E jpeg_hw : open /dev/jpeg0: fd = -1
07-18 14:13:34.948   285 28033 E jpeg_hw : Cannot open /dev/jpeg0
07-18 14:13:34.948   285 28033 E jpeg_hw : open /dev/jpeg0: fd = -1
07-18 14:13:34.948   285 28033 E jpeg_hw : Cannot open /dev/jpeg0
07-18 14:13:34.948   285 28033 E mm-still: bool QImageHW10Encoder::IsAvailable(QIEncodeParams&) 1565: Failed to Initialize the Jpege HW lib


3.13 DSP output failed 

07-18 14:13:35.078   318 28045 E mm-camera: module_wnr_configure_client : IMG_COMP_SET_PARAM (QWD_EARLY_CB) rc 0
07-18 14:13:35.078   318 28045 E mm-camera-img: img_alloc_ion:754 failed: Wrong input parameters
07-18 14:13:35.078   318 28045 E mm-camera-img: wd_alloc_resize_buffers:234] DSP output ION buffer Memory allocation failed
07-18 14:13:35.078   318 28045 E mm-camera-DENOISE: DSP disable
07-18 14:13:35.078   285 28032 E mm-camera-intf: mm_camera_poll_thread_del_poll_fd: invalid handler 49154 (2)


3.14 more errors ---dynamic_work failed---------

07-18 14:13:35.188   318 28045 E mm-camera: All segments received 
07-18 14:13:35.188   318 28045 E mm-camera: Segment recd count i 0  count 1
07-18 14:13:35.188   318 28045 E mm-camera: Segment recd count i 1  count 1
07-18 14:13:35.188   318 28045 E mm-camera: Segment recd count i 2  count 0
07-18 14:13:35.188   318 28045 E mm-camera: Segment recd count i 3  count 0
07-18 14:13:35.188   318 28045 E mm-camera: dynamic_work_partition_deinit:156] waiting for all threads to join
07-18 14:13:35.188   318 28045 E mm-camera: dynamic_work_partition_deinit:160] all threads joined
07-18 14:13:35.198   318 28045 E mm-camera-img: img_cache_ops_external:916: ION_IOC_IMPORT failed
07-18 14:13:35.198   318 28045 E mm-camera-img: wd_comp_invalidate_buffer: 1427:] Cache Invalidation Failed
-

3.15 postproc_channel_cb_routine -> processPPData -> encodeData

07-18 14:13:35.228   285 28053 D QCameraPostProc: int32_t qcamera::QCameraPostProcessor::encodeData(qcamera::qcamera_jpeg_data_t*, uint8_t&), thumbnail src w/h (240x320), dst w/h (240x320)

3.16 mm-jpeg-intf work with errors 

07-18 14:13:35.228   285 28052 E mm-jpeg-intf: mm_jpeg_configure_job_params:1281] Work buffer 166 0xb1923000 WorkBufSize: 2920448

07-18 14:13:35.228   285 28052 E mm-jpeg-intf: buffer_invalidate: Cache Invalidate failed: Not a typewriter
07-18 14:13:35.228   285 28052 E mm-jpeg-intf: mm_jpeg_configure_job_params: config makernote data failed


3.17  Encode working 

07-18 14:13:35.278   285 28351 E mm-still: void QImageHybridEncoder::Encode():1455] Encode done : output_size 11642 
07-18 14:13:35.438   285 28350 E mm-still: void QImageHybridEncoder::Encode():1455] Encode done : output_size 179247

07-18 14:13:35.438   285 28350 E mm-still: int OMXJpegEncoder::CompleteMainImage():557] Encoded image length 193109

3.18 put buffer

07-18 14:13:35.488   285 28032 D QCameraHWI_Mem: put buffer 0 successfully
07-18 14:13:35.488   285 28032 D QCameraHWI_Mem: put buffer 1 successfully
07-18 14:13:35.488   285 28032 D QCameraHWI_Mem: put buffer 2 successfully
07-18 14:13:35.498   285 28032 D QCameraHWI_Mem: put buffer 3 successfully
07-18 14:13:35.498   285 28032 D QCameraHWI_Mem: cancel_buffer: hdl =0xb780df98
07-18 14:13:35.498   285 28032 D QCameraHWI_Mem: put buffer 4 successfully
07-18 14:13:35.498   285 28032 D QCameraHWI_Mem: cancel_buffer: hdl =0xb77cb6c0
07-18 14:13:35.498   285 28032 D QCameraHWI_Mem: put buffer 5 successfully

3.19 done and start startPreview

07-18 14:13:35.618   285 28032 D QCamera2HWI: int qcamera::QCamera2HardwareInterface::startPreview(): E



No gecko/dom log for detail of take video or picture.




after enable log of camera dom 

adb shell setprop kaios.log.filter Camera:5

open camera 

12-28 17:13:29.692 25039 25039 I Gecko   : [Main Thread]: D/Camera already_AddRefed<mozilla::dom::Promise> nsDOMCameraManager::GetCamera(const nsAString_internal&, const mozilla::dom::CameraConfiguration&, mozilla::ErrorResult&):333
12-28 17:13:29.692 25039 25039 I Gecko   : [Main Thread]: D/Camera mozilla::nsDOMCameraControl::nsDOMCameraControl(uint32_t, const mozilla::dom::CameraConfiguration&, mozilla::dom::Promise*, nsPIDOMWindowInner*):263 : this=ad296100
12-28 17:13:29.692 25039 25039 I Gecko   : [Main Thread]: I/Camera Preference 'camera.control.test.enabled' is not set
12-28 17:13:29.692 25039 25039 I Gecko   : [Main Thread]: D/Camera mozilla::CameraControlImpl::CameraControlImpl():26 : this=ad5f40b0
12-28 17:13:29.692 25039 25039 I Gecko   : [Main Thread]: D/Camera mozilla::nsGonkCameraControl::nsGonkCameraControl(uint32_t):94 : this=ad5f40b0
12-28 17:13:29.692 25039 25039 I Gecko   : [Main Thread]: D/Camera mozilla::DOMCameraControlListener::DOMCameraControlListener(mozilla::nsDOMCameraControl*, mozilla::CameraPreviewMediaStream*):24 : this=acfc9680, camera=ad296100, stream=b08c5980
12-28 17:13:29.692 25039 25039 I Gecko   : [Main Thread]: I/Camera >>> Register( aDOMCameraControl = ad296100 ) mWindowId = 0x180000003
12-28 17:13:29.692 25039 25219 I Gecko   : [CameraThread]: I/Camera Added camera control listener acfc9680
12-28 17:13:29.692 25039 25219 I Gecko   : [CameraThread]: I/Camera Preview stopped, clearing current frame
12-28 17:13:29.692 25039 25219 I Gecko   : [CameraThread]: I/Camera Preference 'camera.control.test.enabled' is not set
12-28 17:13:29.702 23694 20920 W CameraService: doUserSwitch: Received notification of user switch with no updated user IDs.
12-28 17:13:29.712 23694 23780 I CameraService: CameraService::connect call (PID 25039 "gonk.camera", camera ID 0) for HAL version default and Camera API version 1
12-28 17:13:29.732 23694 23780 I CameraClient: Opening camera 0
12-28 17:13:29.732 23694 23780 I QCamera2HWI: static void qcamera::QCamera2HardwareInterface::getLogLevel() gCamHalLogLevel=1
12-28 17:13:29.732 23694 23780 D QCamera2HWI: [KPI Perf] int qcamera::QCamera2HardwareInterface::openCamera(hw_device_t**): E PROFILE_OPEN_CAMERA camera id 0
12-28 17:13:29.742 23694 25790 D QCameraStateMachine: static void* qcamera::QCameraStateMachine::smEvtProcRoutine(void*): E
12-28 17:13:29.752 23694 25791 D QCamera2HWI: static void* qcamera::QCamera2HardwareInterface::defferedWorkRoutine(void*): start data proc
12-28 17:13:29.802 25039 25039 I Gecko   : [Main Thread]: I/Camera Camera mode still unspecified, nothing to do
12-28 17:13:29.802 25039 25039 I Gecko   : [Main Thread]: D/Camera void mozilla::nsDOMCameraControl::OnHardwareStateChange(mozilla::CameraControlListener::HardwareState, nsresult):1278 : this=ad296100
12-28 17:13:29.802 25039 25039 I Gecko   : [Main Thread]: D/Camera void mozilla::nsDOMCameraControl::OnPreviewStateChange(mozilla::CameraControlListener::PreviewState):1358 : this=ad296100
12-28 17:13:30.122 23694 23780 D QCamera2HWI: int qcamera::QCamera2HardwareInterface::openCamera(): enable_4k2k is 0
12-28 17:13:30.122 23694 23780 D mm-jpeg-intf: jpeg_open gMmCameraJpegLogLevel=1
12-28 17:13:30.142 23694 23780 D QCameraHWI_Mem: void qcamera::QCameraMemory::traceLogAllocStart(size_t, int, const char*) : alloc E count=1 size=1048576
12-28 17:13:30.142 23694 23780 E QCameraHWI_Mem: void qcamera::QCameraMemory::traceLogAllocStart(size_t, int, const char*):HeapMemsize 1048576
12-28 17:13:30.142 23694 23780 D QCameraHWI_Mem: void qcamera::QCameraMemory::traceLogAllocStart(size_t, int, const char*) : alloc E count=1 size=1048576
12-28 17:13:30.142 23694 23780 E QCameraHWI_Mem: void qcamera::QCameraMemory::traceLogAllocStart(size_t, int, const char*):Memsize 1048576
12-28 17:13:30.142 23694 23780 D QCameraHWI_Mem: int qcamera::QCameraMemory::alloc(int, size_t, unsigned int) : No memory pool available and So allocate new buffer
12-28 17:13:30.142 23694 23780 D QCameraHWI_Mem: static int qcamera::QCameraMemory::allocOneBuffer(qcamera::QCameraMemory::QCameraMemInfo&, unsigned int, size_t, bool) : ION buffer 1 with size 1048576 allocated
12-28 17:13:30.142 23694 23780 D QCameraHWI_Mem:  void qcamera::QCameraMemory::traceLogAllocEnd(size_t) : X
12-28 17:13:30.142 23694 23780 E QCameraHWI_Mem: void qcamera::QCameraMemory::traceLogAllocEnd(size_t) 1048576
12-28 17:13:30.142 23694 23780 D QCameraHWI_Mem:  void qcamera::QCameraMemory::traceLogAllocEnd(size_t) : X
12-28 17:13:30.142 23694 23780 E QCameraHWI_Mem: void qcamera::QCameraMemory::traceLogAllocEnd(size_t) 1048576
12-28 17:13:30.142 23694 23780 D QCameraParameters: int32_t qcamera::QCameraParameters::initDefaultParameters(): supported preview sizes: 1280x960,1280x720,864x480,800x480,768x432,720x480,640x480,480x640,576x432,480x360,384x288,352x288,320x240,240x320,240x160,176x144,144x176,160x120
12-28 17:13:30.142 23694 23780 D QCameraParameters: int32_t qcamera::QCameraParameters::initDefaultParameters(): supported video sizes: 1280x960,1280x720,864x480,800x480,720x480,640x480,480x640,480x360,352x288,320x240,240x320,176x144,144x176,160x120
12-28 17:13:30.142 23694 23780 D QCameraParameters: int32_t qcamera::QCameraParameters::initDefaultParameters(): supported pic sizes: 1600x1200,1280x960,1280x768,1280x720,1024x768,800x600,800x480,720x480,640x480,352x288,320x240,176x144,160x120
12-28 17:13:30.142 23694 23780 D QCameraParameters: int32_t qcamera::QCameraParameters::initDefaultParameters(): supported fps ranges: (15000,15000),(24000,24000),(8000,30000),(30000,30000)
12-28 17:13:30.152 23694 23780 D QCameraParameters: int32_t qcamera::QCameraParameters::setPreviewFpsRange(int, int, int, int): Updated: minFps = 8000, maxFps = 30000 , vid minFps = 8000, vid maxFps = 30000
12-28 17:13:30.152 23694 23780 D QCamera2HWI: int qcamera::QCamera2HardwareInterface::calcThermalLevel(qcamera::qcamera_thermal_level_enum_t, int, int, cam_fps_range_t&, msm_vfe_frame_skip_pattern&): level: 0, preview minfps 8000.000000, preview maxfpS 30000.000000, video minfps 8000.000000, video maxfpS 30000.000000
12-28 17:13:30.152 23694 23780 D QCamera2HWI: int qcamera::QCamera2HardwareInterface::calcThermalLevel(qcamera::qcamera_thermal_level_enum_t, int, int, cam_fps_range_t&, msm_vfe_frame_skip_pattern&): Thermal level 0, FPS [8.00,30.00, 8.00,30.00], frameskip 0
12-28 17:13:30.152 23694 23780 D QCameraParameters: int32_t qcamera::QCameraParameters::setPreviewFpsRange(int, int, int, int): Thermal adjusted Preview fps range 8.00,30.00, 8.00, 30.00
12-28 17:13:30.152 23694 23780 D QCameraParameters: int32_t qcamera::QCameraParameters::initDefaultParameters(): supported fps rates: 8,9,10,11,12,13,14,15,16,17,18,19,20,21,22,23,24,25,26,27,28,29,30
12-28 17:13:30.152 23694 23780 D QCameraParameters: int32_t qcamera::QCameraParameters::setFocusMode(const char*): Setting focus mode fixed
12-28 17:13:30.152 23694 23780 D QCameraParameters: int32_t qcamera::QCameraParameters::setWhiteBalance(const char*): Setting WhiteBalance value auto
12-28 17:13:30.152 23694 23780 E QCameraParameters: int32_t qcamera::QCameraParameters::initDefaultParameters(): supported flash modes cnt is 0!!!
12-28 17:13:30.152 23694 23780 D QCameraParameters: int32_t qcamera::QCameraParameters::setSceneMode(const char*): Setting SceneMode auto
12-28 17:13:30.152 23694 23780 D QCameraParameters: int32_t qcamera::QCameraParameters::setISOValue(const char*): Setting ISO value auto
12-28 17:13:30.152 23694 23780 D QCameraParameters: int32_t qcamera::QCameraParameters::initDefaultParameters(), Exposure time min 0.000000 ms, max 0.000000 ms
12-28 17:13:30.152 23694 23780 D QCameraParameters: int32_t qcamera::QCameraParameters::initDefaultParameters(), ISO min 0, max 0
12-28 17:13:30.152 23694 23780 D QCameraParameters: int32_t qcamera::QCameraParameters::setAEBracket(const char*), EXP_BRACKETING_OFF
12-28 17:13:30.152 23694 23780 D QCameraParameters: int32_t qcamera::QCameraParameters::setDISValue(const char*): Setting DIS value disable
12-28 17:13:30.152 23694 23780 D QCameraParameters: int32_t qcamera::QCameraParameters::initDefaultParameters(): totalram = 406167552, freeram = 13647872 
12-28 17:13:30.152 23694 23780 D QCameraParameters: int32_t qcamera::QCameraParameters::setLowPowerMode(const char*): Setting normal Power mode
12-28 17:13:30.152 23694 23780 D QCameraParameters: int32_t qcamera::QCameraParameters::setNumOfSnapshot(): nBurstNum = 1, nExpnum = 1
12-28 17:13:30.162 23694 25790 D QCamera2HWI: int qcamera::QCamera2HardwareInterface::calcThermalLevel(qcamera::qcamera_thermal_level_enum_t, int, int, cam_fps_range_t&, msm_vfe_frame_skip_pattern&): level: 0, preview minfps 8000.000000, preview maxfpS 30000.000000, video minfps 8000.000000, video maxfpS 30000.000000
12-28 17:13:30.162 23694 25790 D QCamera2HWI: int qcamera::QCamera2HardwareInterface::calcThermalLevel(qcamera::qcamera_thermal_level_enum_t, int, int, cam_fps_range_t&, msm_vfe_frame_skip_pattern&): Thermal level 0, FPS [8.00,30.00, 8.00,30.00], frameskip 0
12-28 17:13:30.162 23694 25790 D QCamera2HWI: int qcamera::QCamera2HardwareInterface::enableMsgType(int32_t) (0xc0d) : mMsgEnabled = 0xc0d
12-28 17:13:30.162 23694 25790 D QCamera2HWI: int qcamera::QCamera2HardwareInterface::calcThermalLevel(qcamera::qcamera_thermal_level_enum_t, int, int, cam_fps_range_t&, msm_vfe_frame_skip_pattern&): level: 0, preview minfps 8000.000000, preview maxfpS 30000.000000, video minfps 8000.000000, video maxfpS 30000.000000
12-28 17:13:30.162 23694 25790 D QCamera2HWI: int qcamera::QCamera2HardwareInterface::calcThermalLevel(qcamera::qcamera_thermal_level_enum_t, int, int, cam_fps_range_t&, msm_vfe_frame_skip_pattern&): Thermal level 0, FPS [8.00,30.00, 8.00,30.00], frameskip 0
12-28 17:13:30.172 25039 25219 I Gecko   : [CameraThread]: D/Camera android::GonkCameraHardware::GonkCameraHardware(mozilla::nsGonkCameraControl*, uint32_t, const android::sp<android::Camera>&):68 : this=ad15e3c0 (aTarget=ad5f40b0)
12-28 17:13:30.172 25039 25219 I Gecko   : [CameraThread]: D/Camera virtual nsresult android::GonkCameraHardware::Init(): this=ad15e3c0
12-28 17:13:30.172 25039 25219 I Gecko   : [CameraThread]: I/Camera Sensor orientation: base=90, offset=0, final=90
12-28 17:13:30.172 25039 25219 I Gecko   : [CameraThread]: I/Camera Initializing camera 0 (this=ad5f40b0, mCameraHw=ad15e3c0)
12-28 17:13:30.182 25039 25219 I Gecko   : [CameraThread]: I/Camera Preference 'camera.control.test.is_low_memory', got false
12-28 17:13:30.182 25039 25219 I Gecko   : [CameraThread]: I/Camera Preference 'camera.control.low_memory_thresholdMB', got 404
12-28 17:13:30.182 25039 25219 I Gecko   : [CameraThread]: I/Camera Low-memory platform with 406167552 bytes of RAM (threshold: <423624704 bytes)
12-28 17:13:30.182 25039 25219 I Gecko   : [CameraThread]: I/Camera Disable HDR support due to low memory
12-28 17:13:30.182 25039 25219 I Gecko   : [CameraThread]: W/Camera Dropped duplicate metering mode 'center-weighted' (index=1)
12-28 17:13:30.182 25039 25219 I Gecko   : [CameraThread]: I/Camera Pushing camera parameters
12-28 17:13:30.182 23694 25790 D QCameraParameters: int32_t qcamera::QCameraParameters::setPreviewSize(const qcamera::QCameraParameters&): Requested preview size 1280 x 960
12-28 17:13:30.182 23694 25790 D QCameraParameters: int32_t qcamera::QCameraParameters::setVideoSize(const qcamera::QCameraParameters&): Requested video size 1280 x 960
12-28 17:13:30.182 23694 25790 D QCameraParameters: int32_t qcamera::QCameraParameters::setPictureSize(const qcamera::QCameraParameters&): Requested picture size 160 x 120
12-28 17:13:30.182 23694 25790 D QCameraParameters: void qcamera::QCameraParameters::updateViewAngles(): Final horizViewAngle 54.799999, vertViewAngle 42.500000
12-28 17:13:30.182 23694 25790 D QCameraParameters: Param m_bNoDisplayMode = 0
12-28 17:13:30.182 23694 25790 D QCameraParameters: int32_t qcamera::QCameraParameters::setPreviewFpsRange(const qcamera::QCameraParameters&): FpsRange Values:(8000, 30000)
12-28 17:13:30.182 23694 25790 D QCameraParameters: int32_t qcamera::QCameraParameters::setPreviewFpsRange(const qcamera::QCameraParameters&): Requested FpsRange Values:(8000, 30000)
12-28 17:13:30.182 23694 25790 D QCameraParameters: HFR mode is OFF
12-28 17:13:30.192 23694 25790 D QCameraParameters: int32_t qcamera::QCameraParameters::setFssr(const qcamera::QCameraParameters&): FSSR is not supported
12-28 17:13:30.192 23694 25790 D QCameraParameters: int32_t qcamera::QCameraParameters::setMultiTouchFocus(const qcamera::QCameraParameters&): multi-touch focus is not supported
12-28 17:13:30.192 23694 25790 D QCameraParameters: int32_t qcamera::QCameraParameters::setNumOfSnapshot(): nBurstNum = 1, nExpnum = 1
12-28 17:13:30.202 25039 25219 I Gecko   : [CameraThread]: I/Camera index = 85 --> picture quality = 0.848485
12-28 17:13:30.202 25039 25219 I Gecko   : [CameraThread]: I/Camera  - maximum metering areas:        5
12-28 17:13:30.202 25039 25219 I Gecko   : [CameraThread]: I/Camera  - maximum focus areas:           0
12-28 17:13:30.202 25039 25219 I Gecko   : [CameraThread]: I/Camera  - default picture size:          160 x 120
12-28 17:13:30.202 25039 25219 I Gecko   : [CameraThread]: I/Camera  - default picture file format:   jpeg
12-28 17:13:30.202 25039 25219 I Gecko   : [CameraThread]: I/Camera  - default picture quality:       0.848485
12-28 17:13:30.202 25039 25219 I Gecko   : [CameraThread]: I/Camera  - default thumbnail size:        512 x 288
12-28 17:13:30.202 25039 25219 I Gecko   : [CameraThread]: I/Camera  - default preview size:          1280 x 960
12-28 17:13:30.202 25039 25219 I Gecko   : [CameraThread]: I/Camera  - luminance reporting:           NOT supported
12-28 17:13:30.202 25039 25219 I Gecko   : [CameraThread]: I/Camera  - flash:                         NOT supported
12-28 17:13:30.222 25039 25219 I Gecko   : [CameraThread]: I/Camera  - support for separate preview and video sizes
12-28 17:13:30.222 25039 25219 I Gecko   : [CameraThread]: I/Camera  - default video recorder size:   1280 x 960
12-28 17:13:30.222 25039 25219 I Gecko   : [CameraThread]: I/Camera  - preferred video preview size:  1280 x 960
12-28 17:13:30.222 25039 25219 I Gecko   : [CameraThread]: I/Camera Pushing camera parameters
12-28 17:13:30.232 23694 25790 D QCameraParameters: int32_t qcamera::QCameraParameters::setPreviewSize(const qcamera::QCameraParameters&): Requested preview size 1280 x 960
12-28 17:13:30.232 23694 25790 D QCameraParameters: int32_t qcamera::QCameraParameters::setVideoSize(const qcamera::QCameraParameters&): Requested video size 1280 x 960
12-28 17:13:30.232 23694 25790 D QCameraParameters: int32_t qcamera::QCameraParameters::setPictureSize(const qcamera::QCameraParameters&): Requested picture size 160 x 120
12-28 17:13:30.232 23694 25790 D QCameraParameters: void qcamera::QCameraParameters::updateViewAngles(): Final horizViewAngle 54.799999, vertViewAngle 42.500000
12-28 17:13:30.232 23694 25790 D QCameraParameters: Param m_bNoDisplayMode = 0
12-28 17:13:30.232 23694 25790 D QCameraParameters: int32_t qcamera::QCameraParameters::setPreviewFpsRange(const qcamera::QCameraParameters&): FpsRange Values:(8000, 30000)
12-28 17:13:30.232 23694 25790 D QCameraParameters: int32_t qcamera::QCameraParameters::setPreviewFpsRange(const qcamera::QCameraParameters&): Requested FpsRange Values:(8000, 30000)
12-28 17:13:30.232 23694 25790 D QCameraParameters: HFR mode is OFF
12-28 17:13:30.232 23694 25790 D QCameraParameters: int32_t qcamera::QCameraParameters::setFssr(const qcamera::QCameraParameters&): FSSR is not supported
12-28 17:13:30.232 23694 25790 D QCameraParameters: int32_t qcamera::QCameraParameters::setMultiTouchFocus(const qcamera::QCameraParameters&): multi-touch focus is not supported
12-28 17:13:30.232 23694 25790 D QCameraParameters: int32_t qcamera::QCameraParameters::setNumOfSnapshot(): nBurstNum = 1, nExpnum = 1
12-28 17:13:30.252 25039 25219 I Gecko   : [CameraThread]: I/Camera  - metering mode:                 'center-weighted'
12-28 17:13:30.252 25039 25219 I Gecko   : [CameraThread]: I/Camera New hardware state is 'open' (reason=0x0)
12-28 17:13:30.252 25039 25039 I Gecko   : [Main Thread]: D/Camera void mozilla::nsDOMCameraControl::OnHardwareStateChange(mozilla::CameraControlListener::HardwareState, nsresult):1278 : this=ad296100
12-28 17:13:30.252 25039 25039 I Gecko   : [Main Thread]: I/Camera DOM OnHardwareStateChange: open
12-28 17:13:30.252 25039 25039 I Gecko   : [Main Thread]: D/Camera mozilla::dom::CameraCapabilities::CameraCapabilities(nsPIDOMWindowInner*, mozilla::ICameraControl*):325 : this=acfd36e0
12-28 17:13:30.252 25039 25039 I Gecko   : [Main Thread]: D/Camera mozilla::dom::CameraClosedListenerProxy<T>::CameraClosedListenerProxy(T*) [with T = mozilla::dom::CameraCapabilities]:62 : this=acfaf130
12-28 17:13:30.252 25039 25039 I Gecko   : [Main Thread]: W/Camera Error 80004005 trying to get CAMERA_PARAM_SUPPORTED_FLASHMODES
12-28 17:13:30.252 25039 25219 I Gecko   : [CameraThread]: I/Camera Added camera control listener acfaf130
12-28 17:13:30.282 25039 25039 I Gecko   : [Main Thread]: D/Camera mozilla::dom::CameraRecorderProfiles::CameraRecorderProfiles(nsISupports*, mozilla::ICameraControl*):229 : this=ad158a80
12-28 17:13:30.282 25039 25039 I Gecko   : [Main Thread]: D/Camera mozilla::dom::CameraClosedListenerProxy<T>::CameraClosedListenerProxy(T*) [with T = mozilla::dom::CameraRecorderProfiles]:62 : this=acfc9e20
12-28 17:13:30.282 25039 25219 I Gecko   : [CameraThread]: I/Camera Added camera control listener acfc9e20
12-28 17:13:30.282 25039 25039 I Gecko   : [Main Thread]: D/Camera void mozilla::dom::CameraRecorderProfiles::GetSupportedNames(unsigned int, nsTArray<nsString>&):245 : this=ad158a80, flags=0x8
12-28 17:13:30.282 25039 25039 I Gecko   : [Main Thread]: D/Camera mozilla::dom::CameraRecorderProfile* mozilla::dom::CameraRecorderProfiles::NamedGetter(const nsAString_internal&, bool&):261 : this=ad158a80, name='480p'
12-28 17:13:30.282 25039 25039 I Gecko   : [Main Thread]: D/Camera mozilla::dom::CameraRecorderVideoProfile::CameraRecorderVideoProfile(nsISupports*, const mozilla::ICameraControl::RecorderProfile::Video&):109 : this=ad158b40
12-28 17:13:30.282 25039 25039 I Gecko   : [Main Thread]: I/Camera   video: 'h264' 720x480 bps=2000000 fps=30
12-28 17:13:30.282 25039 25039 I Gecko   : [Main Thread]: D/Camera mozilla::dom::CameraRecorderAudioProfile::CameraRecorderAudioProfile(nsISupports*, const mozilla::ICameraControl::RecorderProfile::Audio&):150 : this=ad2737c0
12-28 17:13:30.282 25039 25039 I Gecko   : [Main Thread]: I/Camera   audio: 'aac' bps=156000 samples/s=48000 channels=2
12-28 17:13:30.282 25039 25039 I Gecko   : [Main Thread]: D/Camera mozilla::dom::CameraRecorderProfile::CameraRecorderProfile(nsISupports*, const mozilla::ICameraControl::RecorderProfile&):191 : this=ad2eedd0
12-28 17:13:30.282 25039 25039 I Gecko   : [Main Thread]: I/Camera profile: '480p' container=mp4 mime-type=video/mp4
12-28 17:13:30.282 25039 25039 I Gecko   : [Main Thread]: D/Camera mozilla::dom::CameraRecorderProfile* mozilla::dom::CameraRecorderProfiles::NamedGetter(const nsAString_internal&, bool&):261 : this=ad158a80, name='480p'
12-28 17:13:30.292 25039 25039 I Gecko   : [Main Thread]: D/Camera mozilla::dom::CameraRecorderProfile* mozilla::dom::CameraRecorderProfiles::NamedGetter(const nsAString_internal&, bool&):261 : this=ad158a80, name='qvga'
12-28 17:13:30.292 25039 25039 I Gecko   : [Main Thread]: D/Camera mozilla::dom::CameraRecorderVideoProfile::CameraRecorderVideoProfile(nsISupports*, const mozilla::ICameraControl::RecorderProfile::Video&):109 : this=ad158bc0
12-28 17:13:30.292 25039 25039 I Gecko   : [Main Thread]: I/Camera   video: 'h264' 320x240 bps=512000 fps=30
12-28 17:13:30.292 25039 25039 I Gecko   : [Main Thread]: D/Camera mozilla::dom::CameraRecorderAudioProfile::CameraRecorderAudioProfile(nsISupports*, const mozilla::ICameraControl::RecorderProfile::Audio&):150 : this=ad41f3d0
12-28 17:13:30.292 25039 25039 I Gecko   : [Main Thread]: I/Camera   audio: 'aac' bps=156000 samples/s=48000 channels=2
12-28 17:13:30.292 25039 25039 I Gecko   : [Main Thread]: D/Camera mozilla::dom::CameraRecorderProfile::CameraRecorderProfile(nsISupports*, const mozilla::ICameraControl::RecorderProfile&):191 : this=ad4a90b0
