12-28 14:32:38.642   349 19700 D mm-camera: gyro_port_event  MCT_EVENT_MODULE_START_STOP_STATS_THREADS start_flag: 1
12-28 14:32:38.642   349 19700 D mm-camera: Initializing Motion Sensor Framework!!!
12-28 14:32:38.642   349 19700 D mm-camera: gyro_port_init_sensors:Init DSPS intf
12-28 14:32:38.642   349 19700 E mm-camera: dsps_proc_init: Failed to open sensor1 port
12-28 14:32:38.642   349 19700 E mm-camera: gyro_port_init_sensors:DSPS fail to init
12-28 14:32:38.642   349 19700 D mm-camera: gyro_port_init_sensors:Init Android sensor intf
12-28 14:32:38.642   349 19700 E mm-camera: gyro_port_init_sensors:Error initializing Native Sensor!
12-28 14:32:38.642   349 19700 E mm-camera: mct_pipeline_send_ctrl_events: Send Set Parm events
12-28 14:32:38.652   349 19700 E mm-camera-sensor: af_port_handle_module_event: HFR Mode: 0!
12-28 14:32:38.652   349 19700 E mm-camera: stats_port_proc_downstream_set_parm Enable AEC & AWB subsampling optimizations
12-28 14:32:38.652   349 19700 D mm-camera: mct_pipeline_process_set:command=8000004
12-28 14:32:38.662   349 19718 E mm-camera: is_thread_handler: Starting IS thread handler
12-28 14:32:38.662   340   882 E LocSvc_ApiV02: I/<--- void globalEventCb(locClientHandleType, uint32_t, locClientEventIndUnionType, void*) line 91 QMI_LOC_EVENT_POSITION_REPORT_IND_V02
12-28 14:32:38.662   325 19684 D QCamera2HWI: int qcamera::QCamera2HardwareInterface::startPreview(): E
12-28 14:32:38.662   325 19684 D QCamera2HWI: int qcamera::QCamera2HardwareInterface::calcThermalLevel(qcamera::qcamera_thermal_level_enum_t, int, int, cam_fps_range_t&, msm_vfe_frame_skip_pattern&): level: 0, preview minfps 8000.000000, preview maxfpS 30000.000000, video minfps 8000.000000, video maxfpS 30000.000000
12-28 14:32:38.662   325 19684 D QCamera2HWI: int qcamera::QCamera2HardwareInterface::calcThermalLevel(qcamera::qcamera_thermal_level_enum_t, int, int, cam_fps_range_t&, msm_vfe_frame_skip_pattern&): Thermal level 0, FPS [8.00,30.00, 8.00,30.00], frameskip 0
12-28 14:32:38.662   349 19700 D mm-camera: mct_pipeline_process_set:command=800000e
12-28 14:32:38.662   349 19700 E mm-camera: mct_pipeline_send_ctrl_events: Send Set Parm events
12-28 14:32:38.662   349 19700 D mm-camera: mct_pipeline_process_set:command=8000012
12-28 14:32:38.662   349 19700 D mm-camera: mct_pipeline_add_stream_to_linked_streams: linked streams: 0x82
12-28 14:32:38.662   349 19700 D mm-camera: mct_stream_start_link: Starting meta stream linking: do nothing 
12-28 14:32:38.662   325 19684 E mm-camera-intf: mm_stream_get_v4l2_fmt: Unknown fmt=99
12-28 14:32:38.672   349 19700 D mm-camera: mct_pipeline_process_set:command=8000004
12-28 14:32:38.672   325 19684 E mm-camera-intf: mm_stream_request_buf: buf_num = 9, stream type = 7
12-28 14:32:38.672   325 19684 D mm-camera-intf: mm_stream_qbuf: Starting poll on stream 0xb8aba878 type: 7
12-28 14:32:38.672   325 19684 D mm-camera-intf: mm_stream_qbuf: Started poll on stream 0xb8aba878 type: 7
12-28 14:32:38.672   325 19684 D mm-camera-intf: mm_stream_qbuf: VIDIOC_QBUF buf_index 0,stream type 7,frame_idx 0,queued cnt 1
12-28 14:32:38.672   325 19684 D mm-camera-intf: mm_stream_qbuf: VIDIOC_QBUF buf_index 1,stream type 7,frame_idx 0,queued cnt 2
12-28 14:32:38.672   325 19684 D mm-camera-intf: mm_stream_qbuf: VIDIOC_QBUF buf_index 2,stream type 7,frame_idx 0,queued cnt 3
12-28 14:32:38.672   325 19684 D mm-camera-intf: mm_stream_qbuf: VIDIOC_QBUF buf_index 3,stream type 7,frame_idx 0,queued cnt 4
12-28 14:32:38.672   325 19684 D mm-camera-intf: mm_stream_qbuf: VIDIOC_QBUF buf_index 4,stream type 7,frame_idx 0,queued cnt 5
12-28 14:32:38.672   325 19684 D mm-camera-intf: mm_stream_qbuf: VIDIOC_QBUF buf_index 5,stream type 7,frame_idx 0,queued cnt 6
12-28 14:32:38.672   325 19684 D mm-camera-intf: mm_stream_qbuf: VIDIOC_QBUF buf_index 6,stream type 7,frame_idx 0,queued cnt 7
12-28 14:32:38.672   325 19684 D mm-camera-intf: mm_stream_qbuf: VIDIOC_QBUF buf_index 7,stream type 7,frame_idx 0,queued cnt 8
12-28 14:32:38.672   325 19684 D mm-camera-intf: mm_stream_qbuf: VIDIOC_QBUF buf_index 8,stream type 7,frame_idx 0,queued cnt 9
12-28 14:32:38.672   349 19700 D mm-camera: mct_pipeline_process_set:command=8000008
12-28 14:32:38.682   349 19700 D mm-camera: mct_pipeline_process_set: stream_type = 7
12-28 14:32:38.682   325 19684 D QCameraParameters: int qcamera::QCameraParameters::getPreviewHalPixelFormat() const: format 17
12-28 14:32:38.682   325 19684 D QCameraHWI_Mem: void qcamera::QCameraGrallocMemory::setMaxFPS(int): Setting max fps 30 to display
12-28 14:32:38.682   325 19684 D QCameraHWI_Mem: void qcamera::QCameraMemory::traceLogAllocStart(size_t, int, const char*) : alloc E count=8 size=0
12-28 14:32:38.682   325 19684 D QCameraHWI_Mem:  virtual int qcamera::QCameraGrallocMemory::allocate(uint8_t, size_t) : E 
12-28 14:32:38.682   325 19684 D QCameraHWI_Mem: virtual int qcamera::QCameraGrallocMemory::allocate(uint8_t, size_t): usage = 1073872896, geometry: 0xb8a78338, 320, 240, 320, 240, 17
12-28 14:32:38.722   325 19684 D QCameraHWI_Mem:  virtual int qcamera::QCameraGrallocMemory::allocate(uint8_t, size_t) : X 
12-28 14:32:38.722   325 19684 D QCameraHWI_Mem:  void qcamera::QCameraMemory::traceLogAllocEnd(size_t) : X
12-28 14:32:38.722   325 19684 E mm-camera-intf: mm_stream_request_buf: buf_num = 8, stream type = 1
12-28 14:32:38.722   325 19684 D mm-camera-intf: mm_stream_qbuf: Starting poll on stream 0xb8abaa60 type: 1
12-28 14:32:38.722   325 19684 D mm-camera-intf: mm_stream_qbuf: Started poll on stream 0xb8abaa60 type: 1
12-28 14:32:38.722   325 19684 D mm-camera-intf: mm_stream_qbuf: VIDIOC_QBUF buf_index 4,stream type 1,frame_idx 0,queued cnt 1
12-28 14:32:38.722   325 19684 D mm-camera-intf: mm_stream_qbuf: VIDIOC_QBUF buf_index 5,stream type 1,frame_idx 0,queued cnt 2
12-28 14:32:38.722   325 19684 D mm-camera-intf: mm_stream_qbuf: VIDIOC_QBUF buf_index 6,stream type 1,frame_idx 0,queued cnt 3
12-28 14:32:38.722   325 19684 D mm-camera-intf: mm_stream_qbuf: VIDIOC_QBUF buf_index 7,stream type 1,frame_idx 0,queued cnt 4
12-28 14:32:38.722   349 19700 D mm-camera: mct_pipeline_process_set:command=8000008
12-28 14:32:38.722   349 19700 D mm-camera: mct_pipeline_process_set: stream_type = 1
12-28 14:32:38.732   349 19700 E mm-camera: decide_isp_nums_camif: num_isp = 1
12-28 14:32:38.732   349 19700 E mm-camera: isp_sink_port_stream_config: E, session_id = 1, stream_id = 2, stream_type = 1
12-28 14:32:38.732   349 19700 E mm-camera: isp_sink_port_stream_config: session_id = 1, stream_id = 2, is_split = 0
12-28 14:32:38.732   349 19700 E mm-camera: isp_sink_port_stream_config: old vfe_id_mask = 0x0, new vfe_id_mask = 0x1
12-28 14:32:38.732   349 19723 D mm-camera: isp_thread_main_loop thread_id is 19723
12-28 14:32:38.732   349 19724 D mm-camera: isp_sem_thread_main thread_id is 19724
12-28 14:32:38.732   349 19725 D mm-camera: isp_thread_main_loop thread_id is 19725
12-28 14:32:38.742   349 19723 E mm-camera: isp_pipeline_get_table_size: ISP_HW_MOD_GET_TABLE_SIZE error, module_id = 1, rc = -1
12-28 14:32:38.742   349 19723 E mm-camera: isp_hw_proc_init_meta_dump: get ISP_PIX_GET_ROLLOFF_TABLE_SIZE error
12-28 14:32:38.742   349 19700 E mm-camera-sensor: Depth_Err: actuator sensitivity : 0.000000 is invalid
12-28 14:32:38.742   349 19700 E mm-camera: is_port_handle_stream_config_event: w = 1600, h = 1200, ma = 90, p = 0
12-28 14:32:38.742   349 19700 D mm-camera: gyro_port_event:frame_time: 31580 sensor_position: 0
12-28 14:32:38.742   349 19700 E mm-camera-sensor: module_sensor_stream_on:2458 chromatix name libchromatix_gc2385_preview.so
12-28 14:32:38.742   349 19700 E mm-camera: is_port_handle_set_is_enable: IS enable = 0
12-28 14:32:38.742   349 19700 E mm-camera: isp_tintless_config: tint_correction_strength updated to 4
12-28 14:32:38.742   349 19700 E mm-camera: isp_tintless_bg_pca_update_chromatix_params: lib returned config err=0
12-28 14:32:38.752   349 19700 E mm-camera: port_isp_mct_ctrl_cmd: E, identity = 0x10002, STREAMON
12-28 14:32:38.752   349 19700 E mm-camera: gyro_port_enable_disable_sensor_request:No handler to enable!
12-28 14:32:38.752   349 19700 D mm-camera: gyro_port_enable_disable_sensor_request:Init Laser Sensor Interface!
12-28 14:32:38.752   349 19700 E mm-camera: gyro_port_enable_disable_sensor_request:Failure initializing laser sensor. Error: 1
12-28 14:32:38.752   349 19700 E mm-camera: awb_port_update_awb_data r_gain; 1.000000, g_gain: 1.034000, b_gain: 1.703460, cct: 4100
12-28 14:32:38.752   349 19700 E mm-camera: is_port_handle_stream_event: MCT_EVENT_CONTROL_STREAMON, identity = 0x10002
12-28 14:32:38.752   349 19700 E mm-camera-img: Face Album FILE EXISTS
12-28 14:32:38.752   349 19700 D mm-camera: c2d_module_handle_streamon_event:1646, identity=0x10002, stream-on done
12-28 14:32:38.752   349 19700 E mm-camera: isp_streamon: E, session_id = 1, stream_id = 2, active_count = 0 flash=FALSE
12-28 14:32:38.752   349 19692 E mm-camera: isp_proc_streamon: E, session_id = 1, stream_id = 2, stream_type = 1
12-28 14:32:38.752   349 19692 E mm-camera: isp_ch_util_sync_stream_cfg_to_channel: cannot find channel, Adding new channel for stream id 2
12-28 14:32:38.752   349 19692 E mm-camera: isp_add_meta_channel: no meta data, session_id = 1, stream_id = 2
12-28 14:32:38.752   349 19692 E mm-camera: isp_add_camif_channel: is_pdaf_supported 0
12-28 14:32:38.752   349 19692 D mm-camera: isp_validate_buf_request: total 8 current buffer count 8 for stream 2
12-28 14:32:38.752   349 19725 D mm-camera: isp_fmt_to_pix_pattern: format 31
12-28 14:32:38.752   349 19692 E mm-camera: is_port_handle_output_dim_event: MCT_EVENT_MODULE_ISP_OUTPUT_DIM, steam_type = 1, w = 320, h = 240, IS mode = 0
12-28 14:32:38.752   349 19692 D mm-camera: isp_util_set_stats_bf_filter_size: BF filter size = 2
12-28 14:32:38.752   349 19692 D mm-camera: isp_hw_action: first start, hw thread for streamon/ack
12-28 14:32:38.752   349 19725 E mm-camera: isp_thread_proc_cmd: start/stop, thread_data = 0xb398d804, action_code = 0
12-28 14:32:38.752   349 19725 D mm-camera: isp_fmt_to_pix_pattern: format 31
12-28 14:32:38.752   349 19725 D mm-camera: vfe_calc_fov: out1w = 320, out1h = 240, out2w = 0, out2h = 0
12-28 14:32:38.752   349 19725 D mm-camera: vfe_calc_fov: demosaic first_p = 0, last_p = 1599, first_l = 0, last_l = 1199
12-28 14:32:38.752   349 19725 D mm-camera: vfe_calc_fov: crop_factor = 4096, x=0, y=0, crop_out_x=1600, crop_out_y=1200
12-28 14:32:38.752   349 19725 D mm-camera: main_scaler_config: ip_w=1600, ip_h=1200
12-28 14:32:38.752   349 19725 D mm-camera: main_scaler_config: op_w=320, op_h=240
12-28 14:32:38.752   349 19725 E mm-camera: linearization_set_params: param_id is not supported in this module
12-28 14:32:38.752   349 19725 E mm-camera: pca_rolloff_set_params: param_id is not supported in this module
12-28 14:32:38.762   349 19725 E mm-camera: wb_set_params: param_id is not supported in this module
12-28 14:32:38.762   349 19725 E mm-camera: demosaic_set_params: param_id 7, is not supported in this module
12-28 14:32:38.762   349 19725 E mm-camera: demux_set_params: param_id 7, is not supported in this module
12-28 14:32:38.762   349 19725 E mm-camera: clf_set_params: param_id 7, is not supported in this module
12-28 14:32:38.762   349 19725 E mm-camera: mce_set_params: param_id is not supported in this module
12-28 14:32:38.762   349 19725 E mm-camera: sce_set_params: param_id is not supported in this module
12-28 14:32:38.762   349 19725 E mm-camera: isp_tintless_config: cfg: camif 1600x1200, elem sz 24x24,
12-28 14:32:38.762   349 19725 E         : dmlroc_init
12-28 14:32:38.762   349 19725 D mm-camera: isp_fmt_to_pix_pattern: format 31
12-28 14:32:38.762   349 19725 E mm-camera: isp_pipeline_reset_hist_dmi, Enter
12-28 14:32:38.762   349 19725 E mm-camera: isp_pipeline_reset_hist_dmi, Enter
12-28 14:32:38.772   349 19692 E mm-camera: isp_ch_util_streamon: session_id = 1, vfe_mask = 0x1, async streamon, rc = 0
12-28 14:32:38.772   349 19692 D mm-camera: isp_hw_action: hw_thread for ack
12-28 14:32:38.772   349 19725 E mm-camera: isp_pipeline_reset_hist_dmi, Enter
12-28 14:32:38.772   349 19725 D mm-camera: isp_validate_buf_request: total 4 current buffer count 4 for stream -2147418109
12-28 14:32:38.772   349 19725 D mm-camera: isp_validate_buf_request: total 4 current buffer count 4 for stream -2147418108
12-28 14:32:38.772   349 19725 D mm-camera: isp_validate_buf_request: total 4 current buffer count 4 for stream -2147418107
12-28 14:32:38.772   349 19725 D mm-camera: isp_validate_buf_request: total 4 current buffer count 4 for stream -2147418105
12-28 14:32:38.772   349 19725 D mm-camera: isp_validate_buf_request: total 4 current buffer count 4 for stream -2147418104
12-28 14:32:38.772   349 19725 D mm-camera: isp_validate_buf_request: total 4 current buffer count 4 for stream -2147418102
12-28 14:32:38.772   349 19725 E mm-camera: isp_axi_util_subscribe_v4l2_event: event_type = 0x8000100, is_subscribe = 1
12-28 14:32:38.782   349 19725 E mm-camera: isp_thread_proc_cmd: start/stop ack done, thread_data = 0xb398d804, action_code = 1, rc = 0
12-28 14:32:38.782   349 19692 E mm-camera: isp_ch_util_streamon: session_id = 1, sync ack done
12-28 14:32:38.782   349 19713 E mm-camera-CORE: No active ISP module for ADRC, disable!!!
12-28 14:32:38.782   349 19725 E mm-camera: isp_pipeline32_get_roi_map: ROI: first pix 0, last pix 1599, first ln 0, last line 1199
12-28 14:32:38.782   349 19700 E mm-camera: isp_streamon: X, session_id = 1, rc = 0
12-28 14:32:38.782   349 19700 E mm-camera: port_isp_send_streamon_done_event_downstream: notify stream done downstream
12-28 14:32:38.782   349 19700 E mm-camera: port_isp_mct_ctrl_cmd: X, identity = 0x10002, STREAMON, ret = 0
12-28 14:32:38.782   349 19700 D mm-camera: ispif_proc_streamon: ispif_hw_reset done
12-28 14:32:38.782   349 19700 D mm-camera: stream id 2, stream num_meta 0
12-28 14:32:38.782   349 19700 D mm-camera: ispif_streamon: session_id = 1, active_streams = 1
12-28 14:32:38.782   349 19700 E AEC_PORT: aec_port_proc_get_aec_data exp 0.031514 iso 50, exp-idx: 240, lc: 1195, gain: 1.000000
12-28 14:32:38.792   349 19700 E mm-camera-sensor: module_sensor_stream_on: Sending start bus message
12-28 14:32:38.792   349 19700 D mm-camera: start_sof_check_thread: Starting SOF timeout thread
12-28 14:32:38.792   349 19727 E mm-camera: mct_bus_sof_thread_run thread_id is 19727
12-28 14:32:38.792   349 19727 D mm-camera: mct_bus_sof_thread_run thread_id is 19727
12-28 14:32:38.792   325 19684 D QCamera2HWI: prewidht=320,preheight=240
12-28 14:32:38.792   325 19684 D QCamera2HWI: int qcamera::QCamera2HardwareInterface::startPreview(): X
12-28 14:32:38.792   325   785 D QCamera2HWI: [KPI Perf] static int qcamera::QCamera2HardwareInterface::start_preview(camera_device*): X
12-28 14:32:38.792   325 19684 D QCameraParameters: int32_t qcamera::QCameraParameters::setPreviewSize(const qcamera::QCameraParameters&): Requested preview size 320 x 240
12-28 14:32:38.792   325 19684 D QCameraParameters: int32_t qcamera::QCameraParameters::setVideoSize(const qcamera::QCameraParameters&): Requested video size 1280 x 960
12-28 14:32:38.792   325 19684 D QCameraParameters: int32_t qcamera::QCameraParameters::setPictureSize(const qcamera::QCameraParameters&): Requested picture size 1600 x 1200
12-28 14:32:38.792   325 19684 D QCameraParameters: void qcamera::QCameraParameters::updateViewAngles(): Final horizViewAngle 54.799999, vertViewAngle 42.500000
12-28 14:32:38.792   325 19684 D QCameraParameters: Param m_bNoDisplayMode = 0
12-28 14:32:38.792   325 19684 D QCameraParameters: int32_t qcamera::QCameraParameters::setPreviewFpsRange(const qcamera::QCameraParameters&): FpsRange Values:(8000, 30000)
12-28 14:32:38.792   325 19684 D QCameraParameters: int32_t qcamera::QCameraParameters::setPreviewFpsRange(const qcamera::QCameraParameters&): Requested FpsRange Values:(8000, 30000)
12-28 14:32:38.792   325 19684 D QCameraParameters: HFR mode is OFF
12-28 14:32:38.792   325 19684 D QCameraParameters: int32_t qcamera::QCameraParameters::setFssr(const qcamera::QCameraParameters&): FSSR is not supported
12-28 14:32:38.792   325 19684 D QCameraParameters: int32_t qcamera::QCameraParameters::setMultiTouchFocus(const qcamera::QCameraParameters&): multi-touch focus is not supported
12-28 14:32:38.792   349 19700 D mm-camera: mct_pipeline_process_set:command=800000e
12-28 14:32:38.792   349 19700 E mm-camera: mct_pipeline_send_ctrl_events: Send Set Parm events
12-28 14:32:38.792   349 19700 E mm-camera: stats_port_proc_downstream_set_parm Enable AEC & AWB subsampling optimizations
12-28 14:32:38.802   325 19684 D QCameraParameters: int32_t qcamera::QCameraParameters::setNumOfSnapshot(): nBurstNum = 1, nExpnum = 1
12-28 14:32:38.802   325 19684 D QCameraParameters: int32_t qcamera::QCameraParameters::setFaceDetection(bool): face process mask not changed, no ops here
12-28 14:32:38.802   325 19684 D QCamera2HWI: int qcamera::QCamera2HardwareInterface::sendCommand(int32_t, int32_t&, int32_t&): FaceDetection -> Disabled
12-28 14:32:38.802   325 19684 D QCameraParameters: int32_t qcamera::QCameraParameters::setPreviewSize(const qcamera::QCameraParameters&): Requested preview size 320 x 240
12-28 14:32:38.812   325 19684 D QCameraParameters: int32_t qcamera::QCameraParameters::setVideoSize(const qcamera::QCameraParameters&): Requested video size 1280 x 960
12-28 14:32:38.812   325 19684 D QCameraParameters: int32_t qcamera::QCameraParameters::setPictureSize(const qcamera::QCameraParameters&): Requested picture size 1600 x 1200
12-28 14:32:38.812   325 19684 D QCameraParameters: void qcamera::QCameraParameters::updateViewAngles(): Final horizViewAngle 54.799999, vertViewAngle 42.500000
12-28 14:32:38.812   325 19684 D QCameraParameters: Param m_bNoDisplayMode = 0
12-28 14:32:38.812   325 19684 D QCameraParameters: int32_t qcamera::QCameraParameters::setPreviewFpsRange(const qcamera::QCameraParameters&): FpsRange Values:(8000, 30000)
12-28 14:32:38.812   325 19684 D QCameraParameters: int32_t qcamera::QCameraParameters::setPreviewFpsRange(const qcamera::QCameraParameters&): Requested FpsRange Values:(8000, 30000)
12-28 14:32:38.812   325 19684 D QCameraParameters: HFR mode is OFF
12-28 14:32:38.812   325 19684 D QCameraParameters: int32_t qcamera::QCameraParameters::setFssr(const qcamera::QCameraParameters&): FSSR is not supported
12-28 14:32:38.812   325 19684 D QCameraParameters: int32_t qcamera::QCameraParameters::setMultiTouchFocus(const qcamera::QCameraParameters&): multi-touch focus is not supported
12-28 14:32:38.812   349 19700 D mm-camera: mct_pipeline_process_set:command=800000e
12-28 14:32:38.812   349 19700 E mm-camera: mct_pipeline_send_ctrl_events: Send Set Parm events
12-28 14:32:38.822   349 19700 E mm-camera: stats_port_proc_downstream_set_parm Enable AEC & AWB subsampling optimizations
12-28 14:32:38.822   325 19684 D QCameraParameters: int32_t qcamera::QCameraParameters::setNumOfSnapshot(): nBurstNum = 1, nExpnum = 1
12-28 14:32:38.822   325   785 D QCamera2HWI: [KPI Perf] static int qcamera::QCamera2HardwareInterface::cancel_auto_focus(camera_device*) : E PROFILE_CANCEL_AUTO_FOCUS
12-28 14:32:38.822   325   785 D QCamera2HWI: [KPI Perf] static int qcamera::QCamera2HardwareInterface::cancel_auto_focus(camera_device*) : X
12-28 14:32:38.902   325 19710 D mm-camera-intf: mm_stream_read_msm_frame: VIDIOC_DQBUF buf_index 0, frame_idx 1, stream type 7, queued cnt 8
12-28 14:32:38.902   325 19719 D mm-camera-intf: mm_stream_qbuf: VIDIOC_QBUF buf_index 0,stream type 7,frame_idx 1,queued cnt 9
12-28 14:32:38.942   349 19713 E mm-camera-CORE: aec_process_get_matching_index_from_history: history search unsuccessful! 
12-28 14:32:38.942   349 19713 E AEC_PORT: aec_port_save_update:real_gain:1.000000 linecnt:1195 exp_idx:240 cur_luma:-2147483648 led_est:1077029318
12-28 14:32:38.942   349 19693 E mm-camera: c2d_thread_handle_process_buf_event:190 input buf index 4
12-28 14:32:38.942   349 19693 E mm-camera: c2d_thread_handle_process_buf_event:207 input vaddr b39e8000
12-28 14:32:38.952   325 19710 D mm-camera-intf: mm_stream_read_msm_frame: VIDIOC_DQBUF buf_index 7, frame_idx 2, stream type 1, queued cnt 3
12-28 14:32:38.952   325 19720 D QCamera2HWI: [KPI Perf] static void qcamera::QCamera2HardwareInterface::preview_stream_cb_routine(mm_camera_super_buf_t*, qcamera::QCameraStream*, void*) : PROFILE_FIRST_PREVIEW_FRAME
12-28 14:32:38.952   325 19720 D mm-camera-intf: mm_stream_qbuf: VIDIOC_QBUF buf_index 0,stream type 1,frame_idx 0,queued cnt 4
12-28 14:32:38.952   325 19710 D mm-camera-intf: mm_stream_read_msm_frame: VIDIOC_DQBUF buf_index 1, frame_idx 2, stream type 7, queued cnt 8
12-28 14:32:38.962   325 19719 D mm-camera-intf: mm_stream_qbuf: VIDIOC_QBUF buf_index 1,stream type 7,frame_idx 2,queued cnt 9
12-28 14:32:38.962   349 19723 E mm-camera: q3a_port_send_event_downstream: AEC event handler returned failure!
12-28 14:32:38.962   349 19693 E mm-camera: c2d_thread_handle_process_buf_event:190 input buf index 5
12-28 14:32:38.962   349 19693 E mm-camera: c2d_thread_handle_process_buf_event:207 input vaddr b39cb000
12-28 14:32:38.962  7353  7353 I WakeLock: Acquire screen wakelock
12-28 14:32:38.972   325 19710 D mm-camera-intf: mm_stream_read_msm_frame: VIDIOC_DQBUF buf_index 2, frame_idx 3, stream type 7, queued cnt 8
12-28 14:32:38.972   325 19710 D mm-camera-intf: mm_stream_read_msm_frame: VIDIOC_DQBUF buf_index 0, frame_idx 3, stream type 1, queued cnt 3
12-28 14:32:38.972   325 19719 D mm-camera-intf: mm_stream_qbuf: VIDIOC_QBUF buf_index 2,stream type 7,frame_idx 3,queued cnt 9
12-28 14:32:38.972   325 19720 D mm-camera-intf: mm_stream_qbuf: VIDIOC_QBUF buf_index 1,stream type 1,frame_idx 0,queued cnt 4

dhcui focus coming 

12-28 14:32:38.982  7353  7353 I FocusManager: << focus() called >>
12-28 14:32:38.982  7353  7353 I FocusManager:    trying to set focus on, tag: DIV, id: view4, class: controls test-controls mode-picture visible timer-inactive enabled
12-28 14:32:38.992  7353  7353 I FocusManager: Warning: element is already focused.
12-28 14:32:39.012   349 19693 E mm-camera: c2d_thread_handle_process_buf_event:190 input buf index 6
12-28 14:32:39.012   349 19693 E mm-camera: c2d_thread_handle_process_buf_event:207 input vaddr b39ae000
12-28 14:32:39.012   349 19713 E AEC_PORT: aec_port_save_update:real_gain:1.296875 linecnt:1520 exp_idx:257 cur_luma:536870912 led_est:1076969791
12-28 14:32:39.012   325 19710 D mm-camera-intf: mm_stream_read_msm_frame: VIDIOC_DQBUF buf_index 1, frame_idx 4, stream type 1, queued cnt 3
12-28 14:32:39.012   325 19720 D mm-camera-intf: mm_stream_qbuf: VIDIOC_QBUF buf_index 2,stream type 1,frame_idx 0,queued cnt 4
12-28 14:32:39.012   325 19710 D mm-camera-intf: mm_stream_read_msm_frame: VIDIOC_DQBUF buf_index 3, frame_idx 4, stream type 7, queued cnt 8
12-28 14:32:39.012   325 19719 D mm-camera-intf: mm_stream_qbuf: VIDIOC_QBUF buf_index 3,stream type 7,frame_idx 4,queued cnt 9
12-28 14:32:39.032   349 19713 E mm-camera-CORE: aec_process_get_matching_index_from_history: history search unsuccessful! 
12-28 14:32:39.032   349 19693 E mm-camera: c2d_thread_handle_process_buf_event:190 input buf index 4
12-28 14:32:39.032   349 19693 E mm-camera: c2d_thread_handle_process_buf_event:207 input vaddr b39e8000
12-28 14:32:39.032   349 19713 E AEC_PORT: aec_port_save_update:real_gain:1.296875 linecnt:1520 exp_idx:257 cur_luma:-1073741824 led_est:1076945120
12-28 14:32:39.032   325 19710 D mm-camera-intf: mm_stream_read_msm_frame: VIDIOC_DQBUF buf_index 4, frame_idx 5, stream type 7, queued cnt 8
12-28 14:32:39.042   325 19719 D mm-camera-intf: mm_stream_qbuf: VIDIOC_QBUF buf_index 4,stream type 7,frame_idx 5,queued cnt 9
12-28 14:32:39.042   325 19710 D mm-camera-intf: mm_stream_read_msm_frame: VIDIOC_DQBUF buf_index 2, frame_idx 5, stream type 1, queued cnt 3
12-28 14:32:39.042   325 19720 D mm-camera-intf: mm_stream_qbuf: VIDIOC_QBUF buf_index 3,stream type 1,frame_idx 0,queued cnt 4
12-28 14:32:39.062   349 19693 E mm-camera: c2d_thread_handle_process_buf_event:190 input buf index 5
12-28 14:32:39.062   349 19693 E mm-camera: c2d_thread_handle_process_buf_event:207 input vaddr b39cb000
12-28 14:32:39.062   349 19713 E AEC_PORT: aec_port_save_update:real_gain:2.000000 linecnt:1611 exp_idx:274 cur_luma:1610612736 led_est:1076917090
12-28 14:32:39.072   325 19710 D mm-camera-intf: mm_stream_read_msm_frame: VIDIOC_DQBUF buf_index 3, frame_idx 6, stream type 1, queued cnt 3
12-28 14:32:39.072   325 19720 D mm-camera-intf: mm_stream_qbuf: VIDIOC_QBUF buf_index 7,stream type 1,frame_idx 2,queued cnt 4
12-28 14:32:39.072   325 19710 D mm-camera-intf: mm_stream_read_msm_frame: VIDIOC_DQBUF buf_index 5, frame_idx 6, stream type 7, queued cnt 8
12-28 14:32:39.072   325 19719 D mm-camera-intf: mm_stream_qbuf: VIDIOC_QBUF buf_index 5,stream type 7,frame_idx 6,queued cnt 9
12-28 14:32:39.102   349 19693 E mm-camera: c2d_thread_handle_process_buf_event:190 input buf index 6
12-28 14:32:39.102   349 19693 E mm-camera: c2d_thread_handle_process_buf_event:207 input vaddr b39ae000
12-28 14:32:39.102   349 19713 E AEC_PORT: aec_port_save_update:real_gain:2.000000 linecnt:1611 exp_idx:274 cur_luma:-1073741824 led_est:1077551969
12-28 14:32:39.112   325 19710 D mm-camera-intf: mm_stream_read_msm_frame: VIDIOC_DQBUF buf_index 7, frame_idx 7, stream type 1, queued cnt 3
12-28 14:32:39.112   325 19720 D mm-camera-intf: mm_stream_qbuf: VIDIOC_QBUF buf_index 0,stream type 1,frame_idx 3,queued cnt 4
12-28 14:32:39.112   325 19710 D mm-camera-intf: mm_stream_read_msm_frame: VIDIOC_DQBUF buf_index 6, frame_idx 7, stream type 7, queued cnt 8
12-28 14:32:39.112   325 19719 D mm-camera-intf: mm_stream_qbuf: VIDIOC_QBUF buf_index 6,stream type 7,frame_idx 7,queued cnt 9
12-28 14:32:39.142   349 19693 E mm-camera: c2d_thread_handle_process_buf_event:190 input buf index 4
12-28 14:32:39.142   349 19693 E mm-camera: c2d_thread_handle_process_buf_event:207 input vaddr b39e8000
12-28 14:32:39.152   349 19713 E AEC_PORT: aec_port_save_update:real_gain:2.000000 linecnt:1811 exp_idx:278 cur_luma:-2147483648 led_est:1077527114
12-28 14:32:39.152   325 19710 D mm-camera-intf: mm_stream_read_msm_frame: VIDIOC_DQBUF buf_index 0, frame_idx 8, stream type 1, queued cnt 3
12-28 14:32:39.152   325 19720 D mm-camera-intf: mm_stream_qbuf: VIDIOC_QBUF buf_index 1,stream type 1,frame_idx 4,queued cnt 4
12-28 14:32:39.152   325 19710 D mm-camera-intf: mm_stream_read_msm_frame: VIDIOC_DQBUF buf_index 7, frame_idx 8, stream type 7, queued cnt 8
12-28 14:32:39.152   325 19719 D mm-camera-intf: mm_stream_qbuf: VIDIOC_QBUF buf_index 7,stream type 7,frame_idx 8,queued cnt 9
12-28 14:32:39.192   349 19693 E mm-camera: c2d_thread_handle_process_buf_event:190 input buf index 5
12-28 14:32:39.192   349 19693 E mm-camera: c2d_thread_handle_process_buf_event:207 input vaddr b39cb000
12-28 14:32:39.192   349 19713 E AEC_PORT: aec_port_save_update:real_gain:2.000000 linecnt:1811 exp_idx:278 cur_luma:-1610612736 led_est:1078236828
12-28 14:32:39.192   325 19710 D mm-camera-intf: mm_stream_read_msm_frame: VIDIOC_DQBUF buf_index 1, frame_idx 9, stream type 1, queued cnt 3
12-28 14:32:39.192   325 19720 D mm-camera-intf: mm_stream_qbuf: VIDIOC_QBUF buf_index 2,stream type 1,frame_idx 5,queued cnt 4
12-28 14:32:39.202   325 19710 D mm-camera-intf: mm_stream_read_msm_frame: VIDIOC_DQBUF buf_index 8, frame_idx 9, stream type 7, queued cnt 8
12-28 14:32:39.202   325 19719 D mm-camera-intf: mm_stream_qbuf: VIDIOC_QBUF buf_index 8,stream type 7,frame_idx 9,queued cnt 9
12-28 14:32:39.232   349 19691 E         : dmlroc_entry  entering dmlroc_entry
12-28 14:32:39.232   349 19693 E mm-camera: c2d_thread_handle_process_buf_event:190 input buf index 6
12-28 14:32:39.232   349 19693 E mm-camera: c2d_thread_handle_process_buf_event:207 input vaddr b39ae000
12-28 14:32:39.232   325 19710 D mm-camera-intf: mm_stream_read_msm_frame: VIDIOC_DQBUF buf_index 2, frame_idx 10, stream type 1, queued cnt 3
12-28 14:32:39.232   325 19720 D mm-camera-intf: mm_stream_qbuf: VIDIOC_QBUF buf_index 3,stream type 1,frame_idx 6,queued cnt 4
12-28 14:32:39.252   325 19710 D mm-camera-intf: mm_stream_read_msm_frame: VIDIOC_DQBUF buf_index 0, frame_idx 10, stream type 7, queued cnt 8
12-28 14:32:39.252   325 19719 D mm-camera-intf: mm_stream_qbuf: VIDIOC_QBUF buf_index 0,stream type 7,frame_idx 10,queued cnt 9
12-28 14:32:39.282   349 19713 E AEC_PORT: aec_port_save_update:real_gain:2.000000 linecnt:1811 exp_idx:278 cur_luma:1073741824 led_est:1078414858
12-28 14:32:39.292   349 19693 E mm-camera: c2d_thread_handle_process_buf_event:190 input buf index 4
12-28 14:32:39.292   349 19693 E mm-camera: c2d_thread_handle_process_buf_event:207 input vaddr b39e8000
12-28 14:32:39.292   325 19710 D mm-camera-intf: mm_stream_read_msm_frame: VIDIOC_DQBUF buf_index 3, frame_idx 11, stream type 1, queued cnt 3
12-28 14:32:39.292   325 19720 D mm-camera-intf: mm_stream_qbuf: VIDIOC_QBUF buf_index 7,stream type 1,frame_idx 7,queued cnt 4
12-28 14:32:39.302   325 19710 D mm-camera-intf: mm_stream_read_msm_frame: VIDIOC_DQBUF buf_index 1, frame_idx 11, stream type 7, queued cnt 8
12-28 14:32:39.302   325 19719 D mm-camera-intf: mm_stream_qbuf: VIDIOC_QBUF buf_index 1,stream type 7,frame_idx 11,queued cnt 9
12-28 14:32:39.322   349 19693 E mm-camera: c2d_thread_handle_process_buf_event:190 input buf index 5
12-28 14:32:39.322   349 19693 E mm-camera: c2d_thread_handle_process_buf_event:207 input vaddr b39cb000
12-28 14:32:39.332   349 19713 E AEC_PORT: aec_port_save_update:real_gain:2.000000 linecnt:1865 exp_idx:279 cur_luma:536870912 led_est:1078425809
12-28 14:32:39.332   325 19710 D mm-camera-intf: mm_stream_read_msm_frame: VIDIOC_DQBUF buf_index 7, frame_idx 12, stream type 1, queued cnt 3
12-28 14:32:39.332   325 19720 D mm-camera-intf: mm_stream_qbuf: VIDIOC_QBUF buf_index 0,stream type 1,frame_idx 8,queued cnt 4
12-28 14:32:39.342   325 19710 D mm-camera-intf: mm_stream_read_msm_frame: VIDIOC_DQBUF buf_index 2, frame_idx 12, stream type 7, queued cnt 8
12-28 14:32:39.342   325 19719 D mm-camera-intf: mm_stream_qbuf: VIDIOC_QBUF buf_index 2,stream type 7,frame_idx 12,queued cnt 9
12-28 14:32:39.372   349 19713 E AEC_PORT: aec_port_save_update:real_gain:2.000000 linecnt:1865 exp_idx:279 cur_luma:-536870912 led_est:1078426888
12-28 14:32:39.372   349 19698 I mm-camera-eztune: vendor/qcom/proprietary/mm-camera/mm-camera2/server-tuning/tuning/eztune_process.cpp(405): "bool eztune::ProcessLayer::Init(eztune_server_t, int):Control Mode Init"
12-28 14:32:39.372   349 19698 I mm-camera-eztune: vendor/qcom/proprietary/mm-camera/mm-camera2/server-tuning/tuning/eztune_interface.cpp(62): "Server: Waiting on new connection...\n"
12-28 14:32:39.372   349 19693 E mm-camera: c2d_thread_handle_process_buf_event:190 input buf index 6
12-28 14:32:39.372   349 19693 E mm-camera: c2d_thread_handle_process_buf_event:207 input vaddr b39ae000
12-28 14:32:39.382   325 19710 D mm-camera-intf: mm_stream_read_msm_frame: VIDIOC_DQBUF buf_index 0, frame_idx 13, stream type 1, queued cnt 3
12-28 14:32:39.382   325 19720 D mm-camera-intf: mm_stream_qbuf: VIDIOC_QBUF buf_index 1,stream type 1,frame_idx 9,queued cnt 4
12-28 14:32:39.392   325 19710 D mm-camera-intf: mm_stream_read_msm_frame: VIDIOC_DQBUF buf_index 3, frame_idx 13, stream type 7, queued cnt 8
12-28 14:32:39.392   325 19719 D mm-camera-intf: mm_stream_qbuf: VIDIOC_QBUF buf_index 3,stream type 7,frame_idx 13,queued cnt 9
12-28 14:32:39.422   349 19713 E AEC_PORT: aec_port_save_update:real_gain:2.000000 linecnt:1920 exp_idx:280 cur_luma:1610612736 led_est:1078423807
12-28 14:32:39.422   349 19693 E mm-camera: c2d_thread_handle_process_buf_event:190 input buf index 4
12-28 14:32:39.422   349 19693 E mm-camera: c2d_thread_handle_process_buf_event:207 input vaddr b39e8000
12-28 14:32:39.432   325 19710 D mm-camera-intf: mm_stream_read_msm_frame: VIDIOC_DQBUF buf_index 1, frame_idx 14, stream type 1, queued cnt 3
12-28 14:32:39.432   325 19720 D mm-camera-intf: mm_stream_qbuf: VIDIOC_QBUF buf_index 2,stream type 1,frame_idx 10,queued cnt 4
12-28 14:32:39.442   325 19710 D mm-camera-intf: mm_stream_read_msm_frame: VIDIOC_DQBUF buf_index 4, frame_idx 14, stream type 7, queued cnt 8
12-28 14:32:39.442   325 19719 D mm-camera-intf: mm_stream_qbuf: VIDIOC_QBUF buf_index 4,stream type 7,frame_idx 14,queued cnt 9
12-28 14:32:39.472   349 19693 E mm-camera: c2d_thread_handle_process_buf_event:190 input buf index 5
12-28 14:32:39.472   349 19693 E mm-camera: c2d_thread_handle_process_buf_event:207 input vaddr b39cb000
12-28 14:32:39.472   349 19713 E AEC_PORT: aec_port_save_update:real_gain:2.000000 linecnt:1920 exp_idx:280 cur_luma:-1610612736 led_est:1078455878
12-28 14:32:39.472   325 19710 D mm-camera-intf: mm_stream_read_msm_frame: VIDIOC_DQBUF buf_index 2, frame_idx 15, stream type 1, queued cnt 3
12-28 14:32:39.472   325 19720 D mm-camera-intf: mm_stream_qbuf: VIDIOC_QBUF buf_index 3,stream type 1,frame_idx 11,queued cnt 4
12-28 14:32:39.492   325 19710 D mm-camera-intf: mm_stream_read_msm_frame: VIDIOC_DQBUF buf_index 5, frame_idx 15, stream type 7, queued cnt 8
12-28 14:32:39.492   325 19719 D mm-camera-intf: mm_stream_qbuf: VIDIOC_QBUF buf_index 5,stream type 7,frame_idx 15,queued cnt 9
12-28 14:32:39.522   349 19713 E AEC_PORT: aec_port_save_update:real_gain:2.000000 linecnt:1920 exp_idx:280 cur_luma:1610612736 led_est:1078436758
12-28 14:32:39.522   349 19693 E mm-camera: c2d_thread_handle_process_buf_event:190 input buf index 6
12-28 14:32:39.522   349 19693 E mm-camera: c2d_thread_handle_process_buf_event:207 input vaddr b39ae000
12-28 14:32:39.532   325 19710 D mm-camera-intf: mm_stream_read_msm_frame: VIDIOC_DQBUF buf_index 3, frame_idx 16, stream type 1, queued cnt 3
12-28 14:32:39.532   325 19720 D mm-camera-intf: mm_stream_qbuf: VIDIOC_QBUF buf_index 7,stream type 1,frame_idx 12,queued cnt 4
12-28 14:32:39.542   325 19710 D mm-camera-intf: mm_stream_read_msm_frame: VIDIOC_DQBUF buf_index 6, frame_idx 16, stream type 7, queued cnt 8
12-28 14:32:39.542   325 19719 D mm-camera-intf: mm_stream_qbuf: VIDIOC_QBUF buf_index 6,stream type 7,frame_idx 16,queued cnt 9
12-28 14:32:39.572   349 19713 E AEC_PORT: aec_port_save_update:real_gain:2.000000 linecnt:1920 exp_idx:280 cur_luma:-1073741824 led_est:1078463003
12-28 14:32:39.572   349 19693 E mm-camera: c2d_thread_handle_process_buf_event:190 input buf index 4
12-28 14:32:39.572   349 19693 E mm-camera: c2d_thread_handle_process_buf_event:207 input vaddr b39e8000
12-28 14:32:39.572   325 19710 D mm-camera-intf: mm_stream_read_msm_frame: VIDIOC_DQBUF buf_index 7, frame_idx 17, stream type 1, queued cnt 3
12-28 14:32:39.582   325 19720 D mm-camera-intf: mm_stream_qbuf: VIDIOC_QBUF buf_index 0,stream type 1,frame_idx 13,queued cnt 4
12-28 14:32:39.592   325 19710 D mm-camera-intf: mm_stream_read_msm_frame: VIDIOC_DQBUF buf_index 7, frame_idx 17, stream type 7, queued cnt 8
12-28 14:32:39.592   325 19719 D mm-camera-intf: mm_stream_qbuf: VIDIOC_QBUF buf_index 7,stream type 7,frame_idx 17,queued cnt 9
12-28 14:32:39.622   349 19713 E AEC_PORT: aec_port_save_update:real_gain:2.000000 linecnt:1977 exp_idx:281 cur_luma:-536870912 led_est:1078438419
12-28 14:32:39.622   349 19693 E mm-camera: c2d_thread_handle_process_buf_event:190 input buf index 5
12-28 14:32:39.622   349 19693 E mm-camera: c2d_thread_handle_process_buf_event:207 input vaddr b39cb000
12-28 14:32:39.632   325 19710 D mm-camera-intf: mm_stream_read_msm_frame: VIDIOC_DQBUF buf_index 0, frame_idx 18, stream type 1, queued cnt 3
12-28 14:32:39.632   325 19720 D mm-camera-intf: mm_stream_qbuf: VIDIOC_QBUF buf_index 1,stream type 1,frame_idx 14,queued cnt 4
12-28 14:32:39.642   325 19710 D mm-camera-intf: mm_stream_read_msm_frame: VIDIOC_DQBUF buf_index 8, frame_idx 18, stream type 7, queued cnt 8
12-28 14:32:39.642   325 19719 D mm-camera-intf: mm_stream_qbuf: VIDIOC_QBUF buf_index 8,stream type 7,frame_idx 18,queued cnt 9
12-28 14:32:39.662   340   882 E LocSvc_ApiV02: I/<--- void globalEventCb(locClientHandleType, uint32_t, locClientEventIndUnionType, void*) line 91 QMI_LOC_EVENT_POSITION_REPORT_IND_V02
12-28 14:32:39.672   349 19713 E AEC_PORT: aec_port_save_update:real_gain:2.000000 linecnt:1977 exp_idx:281 cur_luma:-1073741824 led_est:1078436390
12-28 14:32:39.672   349 19693 E mm-camera: c2d_thread_handle_process_buf_event:190 input buf index 6
12-28 14:32:39.672   349 19693 E mm-camera: c2d_thread_handle_process_buf_event:207 input vaddr b39ae000
12-28 14:32:39.682   325 19710 D mm-camera-intf: mm_stream_read_msm_frame: VIDIOC_DQBUF buf_index 1, frame_idx 19, stream type 1, queued cnt 3
12-28 14:32:39.682   325 19720 D mm-camera-intf: mm_stream_qbuf: VIDIOC_QBUF buf_index 2,stream type 1,frame_idx 15,queued cnt 4
12-28 14:32:39.692   325 19710 D mm-camera-intf: mm_stream_read_msm_frame: VIDIOC_DQBUF buf_index 0, frame_idx 19, stream type 7, queued cnt 8
12-28 14:32:39.692   325 19719 D mm-camera-intf: mm_stream_qbuf: VIDIOC_QBUF buf_index 0,stream type 7,frame_idx 19,queued cnt 9
12-28 14:32:39.722   349 19693 E mm-camera: c2d_thread_handle_process_buf_event:190 input buf index 4
12-28 14:32:39.722   349 19693 E mm-camera: c2d_thread_handle_process_buf_event:207 input vaddr b39e8000
12-28 14:32:39.722   349 19691 E         : dmlroc_entry  entering dmlroc_entry
12-28 14:32:39.722   325 19710 D mm-camera-intf: mm_stream_read_msm_frame: VIDIOC_DQBUF buf_index 2, frame_idx 20, stream type 1, queued cnt 3
12-28 14:32:39.732   325 19720 D mm-camera-intf: mm_stream_qbuf: VIDIOC_QBUF buf_index 3,stream type 1,frame_idx 16,queued cnt 4
12-28 14:32:39.742   325 19710 D mm-camera-intf: mm_stream_read_msm_frame: VIDIOC_DQBUF buf_index 1, frame_idx 20, stream type 7, queued cnt 8
12-28 14:32:39.742   325 19719 D mm-camera-intf: mm_stream_qbuf: VIDIOC_QBUF buf_index 1,stream type 7,frame_idx 20,queued cnt 9
12-28 14:32:39.772   349 19713 E AEC_PORT: aec_port_save_update:real_gain:2.000000 linecnt:1977 exp_idx:281 cur_luma:-1073741824 led_est:1078465807
12-28 14:32:39.782   349 19693 E mm-camera: c2d_thread_handle_process_buf_event:190 input buf index 5
12-28 14:32:39.782   349 19693 E mm-camera: c2d_thread_handle_process_buf_event:207 input vaddr b39cb000
12-28 14:32:39.782   325 19710 D mm-camera-intf: mm_stream_read_msm_frame: VIDIOC_DQBUF buf_index 3, frame_idx 21, stream type 1, queued cnt 3
12-28 14:32:39.782   325 19720 D mm-camera-intf: mm_stream_qbuf: VIDIOC_QBUF buf_index 7,stream type 1,frame_idx 17,queued cnt 4
12-28 14:32:39.792   325 19710 D mm-camera-intf: mm_stream_read_msm_frame: VIDIOC_DQBUF buf_index 2, frame_idx 21, stream type 7, queued cnt 8
12-28 14:32:39.792   325 19719 D mm-camera-intf: mm_stream_qbuf: VIDIOC_QBUF buf_index 2,stream type 7,frame_idx 21,queued cnt 9
12-28 14:32:39.822   349 19713 E AEC_PORT: aec_port_save_update:real_gain:2.000000 linecnt:2036 exp_idx:282 cur_luma:536870912 led_est:1078452000
12-28 14:32:39.832   349 19693 E mm-camera: c2d_thread_handle_process_buf_event:190 input buf index 6
12-28 14:32:39.832   349 19693 E mm-camera: c2d_thread_handle_process_buf_event:207 input vaddr b39ae000
12-28 14:32:39.832   325 19710 D mm-camera-intf: mm_stream_read_msm_frame: VIDIOC_DQBUF buf_index 7, frame_idx 22, stream type 1, queued cnt 3
12-28 14:32:39.832   325 19720 D mm-camera-intf: mm_stream_qbuf: VIDIOC_QBUF buf_index 0,stream type 1,frame_idx 18,queued cnt 4
12-28 14:32:39.852   325 19710 D mm-camera-intf: mm_stream_read_msm_frame: VIDIOC_DQBUF buf_index 3, frame_idx 22, stream type 7, queued cnt 8
12-28 14:32:39.852   325 19719 D mm-camera-intf: mm_stream_qbuf: VIDIOC_QBUF buf_index 3,stream type 7,frame_idx 22,queued cnt 9
12-28 14:32:39.882   349 19713 E AEC_PORT: aec_port_save_update:real_gain:2.000000 linecnt:2036 exp_idx:282 cur_luma:536870912 led_est:1078420659
12-28 14:32:39.882   349 19693 E mm-camera: c2d_thread_handle_process_buf_event:190 input buf index 4
12-28 14:32:39.882   349 19693 E mm-camera: c2d_thread_handle_process_buf_event:207 input vaddr b39e8000
12-28 14:32:39.882   325 19710 D mm-camera-intf: mm_stream_read_msm_frame: VIDIOC_DQBUF buf_index 0, frame_idx 23, stream type 1, queued cnt 3
12-28 14:32:39.882   325 19720 D mm-camera-intf: mm_stream_qbuf: VIDIOC_QBUF buf_index 1,stream type 1,frame_idx 19,queued cnt 4
12-28 14:32:39.902   325 19710 D mm-camera-intf: mm_stream_read_msm_frame: VIDIOC_DQBUF buf_index 4, frame_idx 23, stream type 7, queued cnt 8
12-28 14:32:39.902   325 19719 D mm-camera-intf: mm_stream_qbuf: VIDIOC_QBUF buf_index 4,stream type 7,frame_idx 23,queued cnt 9
12-28 14:32:39.932   349 19693 E mm-camera: c2d_thread_handle_process_buf_event:190 input buf index 5
12-28 14:32:39.932   349 19693 E mm-camera: c2d_thread_handle_process_buf_event:207 input vaddr b39cb000
12-28 14:32:39.932   349 19713 E AEC_PORT: aec_port_save_update:real_gain:2.000000 linecnt:2097 exp_idx:283 cur_luma:-1073741824 led_est:1078395407
12-28 14:32:39.932   325 19710 D mm-camera-intf: mm_stream_read_msm_frame: VIDIOC_DQBUF buf_index 1, frame_idx 24, stream type 1, queued cnt 3
12-28 14:32:39.932   325 19720 D mm-camera-intf: mm_stream_qbuf: VIDIOC_QBUF buf_index 2,stream type 1,frame_idx 20,queued cnt 4
12-28 14:32:39.952   325 19710 D mm-camera-intf: mm_stream_read_msm_frame: VIDIOC_DQBUF buf_index 5, frame_idx 24, stream type 7, queued cnt 8
12-28 14:32:39.952   325 19719 D mm-camera-intf: mm_stream_qbuf: VIDIOC_QBUF buf_index 5,stream type 7,frame_idx 24,queued cnt 9
12-28 14:32:39.982   349 19713 E AEC_PORT: aec_port_save_update:real_gain:2.000000 linecnt:2097 exp_idx:283 cur_luma:536870912 led_est:1078416985
12-28 14:32:39.992   349 19693 E mm-camera: c2d_thread_handle_process_buf_event:190 input buf index 6
12-28 14:32:39.992   349 19693 E mm-camera: c2d_thread_handle_process_buf_event:207 input vaddr b39ae000
12-28 14:32:39.992   325 19710 D mm-camera-intf: mm_stream_read_msm_frame: VIDIOC_DQBUF buf_index 2, frame_idx 25, stream type 1, queued cnt 3
12-28 14:32:39.992   325 19720 D mm-camera-intf: mm_stream_qbuf: VIDIOC_QBUF buf_index 3,stream type 1,frame_idx 21,queued cnt 4
12-28 14:32:40.012   325 19710 D mm-camera-intf: mm_stream_read_msm_frame: VIDIOC_DQBUF buf_index 6, frame_idx 25, stream type 7, queued cnt 8
12-28 14:32:40.012   325 19719 D mm-camera-intf: mm_stream_qbuf: VIDIOC_QBUF buf_index 6,stream type 7,frame_idx 25,queued cnt 9
12-28 14:32:40.042   349 19713 E AEC_PORT: aec_port_save_update:real_gain:2.000000 linecnt:2159 exp_idx:284 cur_luma:1610612736 led_est:1078379492
12-28 14:32:40.052   349 19693 E mm-camera: c2d_thread_handle_process_buf_event:190 input buf index 4
12-28 14:32:40.052   349 19693 E mm-camera: c2d_thread_handle_process_buf_event:207 input vaddr b39e8000
12-28 14:32:40.052   325 19710 D mm-camera-intf: mm_stream_read_msm_frame: VIDIOC_DQBUF buf_index 3, frame_idx 26, stream type 1, queued cnt 3
12-28 14:32:40.052   325 19720 D mm-camera-intf: mm_stream_qbuf: VIDIOC_QBUF buf_index 7,stream type 1,frame_idx 22,queued cnt 4
12-28 14:32:40.062   325 19710 D mm-camera-intf: mm_stream_read_msm_frame: VIDIOC_DQBUF buf_index 7, frame_idx 26, stream type 7, queued cnt 8
12-28 14:32:40.062   325 19719 D mm-camera-intf: mm_stream_qbuf: VIDIOC_QBUF buf_index 7,stream type 7,frame_idx 26,queued cnt 9
12-28 14:32:40.092   349 19693 E mm-camera: c2d_thread_handle_process_buf_event:190 input buf index 5
12-28 14:32:40.092   349 19693 E mm-camera: c2d_thread_handle_process_buf_event:207 input vaddr b39cb000
12-28 14:32:40.092   349 19713 E AEC_PORT: aec_port_save_update:real_gain:2.000000 linecnt:2159 exp_idx:284 cur_luma:-1610612736 led_est:1078405245
12-28 14:32:40.092   325 19710 D mm-camera-intf: mm_stream_read_msm_frame: VIDIOC_DQBUF buf_index 7, frame_idx 27, stream type 1, queued cnt 3
12-28 14:32:40.102   325 19720 D mm-camera-intf: mm_stream_qbuf: VIDIOC_QBUF buf_index 0,stream type 1,frame_idx 23,queued cnt 4
12-28 14:32:40.122   325 19710 D mm-camera-intf: mm_stream_read_msm_frame: VIDIOC_DQBUF buf_index 8, frame_idx 27, stream type 7, queued cnt 8
12-28 14:32:40.122   325 19719 D mm-camera-intf: mm_stream_qbuf: VIDIOC_QBUF buf_index 8,stream type 7,frame_idx 27,queued cnt 9
12-28 14:32:40.152   349 19693 E mm-camera: c2d_thread_handle_process_buf_event:190 input buf index 6
12-28 14:32:40.152   349 19693 E mm-camera: c2d_thread_handle_process_buf_event:207 input vaddr b39ae000
12-28 14:32:40.152   349 19713 E AEC_PORT: aec_port_save_update:real_gain:2.000000 linecnt:2223 exp_idx:285 cur_luma:1073741824 led_est:1078395106
12-28 14:32:40.152   325 19710 D mm-camera-intf: mm_stream_read_msm_frame: VIDIOC_DQBUF buf_index 0, frame_idx 28, stream type 1, queued cnt 3
12-28 14:32:40.152   325 19720 D mm-camera-intf: mm_stream_qbuf: VIDIOC_QBUF buf_index 1,stream type 1,frame_idx 24,queued cnt 4
12-28 14:32:40.172   325 19710 D mm-camera-intf: mm_stream_read_msm_frame: VIDIOC_DQBUF buf_index 0, frame_idx 28, stream type 7, queued cnt 8
12-28 14:32:40.172   325 19719 D mm-camera-intf: mm_stream_qbuf: VIDIOC_QBUF buf_index 0,stream type 7,frame_idx 28,queued cnt 9
12-28 14:32:40.202   349 19713 E AEC_PORT: aec_port_save_update:real_gain:2.000000 linecnt:2223 exp_idx:285 cur_luma:1073741824 led_est:1078413728
12-28 14:32:40.202   349 19693 E mm-camera: c2d_thread_handle_process_buf_event:190 input buf index 4
12-28 14:32:40.202   349 19693 E mm-camera: c2d_thread_handle_process_buf_event:207 input vaddr b39e8000
12-28 14:32:40.212   325 19710 D mm-camera-intf: mm_stream_read_msm_frame: VIDIOC_DQBUF buf_index 1, frame_idx 29, stream type 1, queued cnt 3
12-28 14:32:40.212   325 19720 D mm-camera-intf: mm_stream_qbuf: VIDIOC_QBUF buf_index 2,stream type 1,frame_idx 25,queued cnt 4
12-28 14:32:40.232   325 19710 D mm-camera-intf: mm_stream_read_msm_frame: VIDIOC_DQBUF buf_index 1, frame_idx 29, stream type 7, queued cnt 8
12-28 14:32:40.232   325 19719 D mm-camera-intf: mm_stream_qbuf: VIDIOC_QBUF buf_index 1,stream type 7,frame_idx 29,queued cnt 9
12-28 14:32:40.262   349 19691 E         : dmlroc_entry  entering dmlroc_entry
12-28 14:32:40.262   349 19693 E mm-camera: c2d_thread_handle_process_buf_event:190 input buf index 5
12-28 14:32:40.262   349 19693 E mm-camera: c2d_thread_handle_process_buf_event:207 input vaddr b39cb000
12-28 14:32:40.262   325 19710 D mm-camera-intf: mm_stream_read_msm_frame: VIDIOC_DQBUF buf_index 2, frame_idx 30, stream type 1, queued cnt 3
12-28 14:32:40.262   325 19720 D mm-camera-intf: mm_stream_qbuf: VIDIOC_QBUF buf_index 3,stream type 1,frame_idx 26,queued cnt 4
12-28 14:32:40.292   325 19710 D mm-camera-intf: mm_stream_read_msm_frame: VIDIOC_DQBUF buf_index 2, frame_idx 30, stream type 7, queued cnt 8
12-28 14:32:40.292   325 19719 D mm-camera-intf: mm_stream_qbuf: VIDIOC_QBUF buf_index 2,stream type 7,frame_idx 30,queued cnt 9
12-28 14:32:40.322   349 19713 E AEC_PORT: aec_port_save_update:real_gain:2.000000 linecnt:2223 exp_idx:285 cur_luma:-1073741824 led_est:1078413030
12-28 14:32:40.322   349 19693 E mm-camera: c2d_thread_handle_process_buf_event:190 input buf index 6
12-28 14:32:40.322   349 19693 E mm-camera: c2d_thread_handle_process_buf_event:207 input vaddr b39ae000
12-28 14:32:40.322   325 19710 D mm-camera-intf: mm_stream_read_msm_frame: VIDIOC_DQBUF buf_index 3, frame_idx 31, stream type 1, queued cnt 3
12-28 14:32:40.332   325 19720 D mm-camera-intf: mm_stream_qbuf: VIDIOC_QBUF buf_index 7,stream type 1,frame_idx 27,queued cnt 4
12-28 14:32:40.342   325 19710 D mm-camera-intf: mm_stream_read_msm_frame: VIDIOC_DQBUF buf_index 3, frame_idx 31, stream type 7, queued cnt 8
12-28 14:32:40.342   325 19719 D mm-camera-intf: mm_stream_qbuf: VIDIOC_QBUF buf_index 3,stream type 7,frame_idx 31,queued cnt 9
12-28 14:32:40.382   349 19713 E AEC_PORT: aec_port_save_update:real_gain:2.000000 linecnt:2289 exp_idx:286 cur_luma:1073741824 led_est:1078402797
12-28 14:32:40.382   349 19693 E mm-camera: c2d_thread_handle_process_buf_event:190 input buf index 4
12-28 14:32:40.382   349 19693 E mm-camera: c2d_thread_handle_process_buf_event:207 input vaddr b39e8000
12-28 14:32:40.382   325 19710 D mm-camera-intf: mm_stream_read_msm_frame: VIDIOC_DQBUF buf_index 7, frame_idx 32, stream type 1, queued cnt 3
12-28 14:32:40.392   325 19720 D mm-camera-intf: mm_stream_qbuf: VIDIOC_QBUF buf_index 0,stream type 1,frame_idx 28,queued cnt 4
12-28 14:32:40.412   325 19710 D mm-camera-intf: mm_stream_read_msm_frame: VIDIOC_DQBUF buf_index 4, frame_idx 32, stream type 7, queued cnt 8
12-28 14:32:40.412   325 19719 D mm-camera-intf: mm_stream_qbuf: VIDIOC_QBUF buf_index 4,stream type 7,frame_idx 32,queued cnt 9
12-28 14:32:40.442   349 19713 E AEC_PORT: aec_port_save_update:real_gain:2.000000 linecnt:2289 exp_idx:286 cur_luma:-1073741824 led_est:1078395874
12-28 14:32:40.442   349 19693 E mm-camera: c2d_thread_handle_process_buf_event:190 input buf index 5
12-28 14:32:40.442   349 19693 E mm-camera: c2d_thread_handle_process_buf_event:207 input vaddr b39cb000
12-28 14:32:40.442   325 19710 D mm-camera-intf: mm_stream_read_msm_frame: VIDIOC_DQBUF buf_index 0, frame_idx 33, stream type 1, queued cnt 3
12-28 14:32:40.452   325 19720 D mm-camera-intf: mm_stream_qbuf: VIDIOC_QBUF buf_index 1,stream type 1,frame_idx 29,queued cnt 4
12-28 14:32:40.462   325 19710 D mm-camera-intf: mm_stream_read_msm_frame: VIDIOC_DQBUF buf_index 5, frame_idx 33, stream type 7, queued cnt 8
12-28 14:32:40.462   325 19719 D mm-camera-intf: mm_stream_qbuf: VIDIOC_QBUF buf_index 5,stream type 7,frame_idx 33,queued cnt 9
12-28 14:32:40.492   349 19693 E mm-camera: c2d_thread_handle_process_buf_event:190 input buf index 6
12-28 14:32:40.492   349 19693 E mm-camera: c2d_thread_handle_process_buf_event:207 input vaddr b39ae000
12-28 14:32:40.492   349 19713 E AEC_PORT: aec_port_save_update:real_gain:2.000000 linecnt:2357 exp_idx:287 cur_luma:-536870912 led_est:1078389361
