12-28 14:32:43.782   325 19782 D mm-camera-intf: mm_stream_qbuf: VIDIOC_QBUF buf_index 2,stream type 1,frame_idx 20,queued cnt 4
12-28 14:32:43.802   325 19771 D mm-camera-intf: mm_stream_read_msm_frame: VIDIOC_DQBUF buf_index 5, frame_idx 24, stream type 7, queued cnt 8
12-28 14:32:43.802   325 19781 D mm-camera-intf: mm_stream_qbuf: VIDIOC_QBUF buf_index 5,stream type 7,frame_idx 24,queued cnt 9
12-28 14:32:43.842   349 19775 E AEC_PORT: aec_port_save_update:real_gain:2.000000 linecnt:2159 exp_idx:284 cur_luma:0 led_est:1078615197
12-28 14:32:43.842   349 19693 E mm-camera: c2d_thread_handle_process_buf_event:190 input buf index 6
12-28 14:32:43.842   349 19693 E mm-camera: c2d_thread_handle_process_buf_event:207 input vaddr b3994000
12-28 14:32:43.842   325 19771 D mm-camera-intf: mm_stream_read_msm_frame: VIDIOC_DQBUF buf_index 2, frame_idx 25, stream type 1, queued cnt 3
12-28 14:32:43.842   325 19782 D mm-camera-intf: mm_stream_qbuf: VIDIOC_QBUF buf_index 3,stream type 1,frame_idx 21,queued cnt 4
12-28 14:32:43.862   325 19771 D mm-camera-intf: mm_stream_read_msm_frame: VIDIOC_DQBUF buf_index 6, frame_idx 25, stream type 7, queued cnt 8
12-28 14:32:43.862   325 19781 D mm-camera-intf: mm_stream_qbuf: VIDIOC_QBUF buf_index 6,stream type 7,frame_idx 25,queued cnt 9
12-28 14:32:43.892   349 19775 E AEC_PORT: aec_port_save_update:real_gain:2.000000 linecnt:2159 exp_idx:284 cur_luma:-1073741824 led_est:1078669323
12-28 14:32:43.902   349 19693 E mm-camera: c2d_thread_handle_process_buf_event:190 input buf index 4
12-28 14:32:43.902   349 19693 E mm-camera: c2d_thread_handle_process_buf_event:207 input vaddr b39ce000
12-28 14:32:43.902   325 19771 D mm-camera-intf: mm_stream_read_msm_frame: VIDIOC_DQBUF buf_index 3, frame_idx 26, stream type 1, queued cnt 3
12-28 14:32:43.902   325 19782 D mm-camera-intf: mm_stream_qbuf: VIDIOC_QBUF buf_index 7,stream type 1,frame_idx 22,queued cnt 4
12-28 14:32:43.922   325 19771 D mm-camera-intf: mm_stream_read_msm_frame: VIDIOC_DQBUF buf_index 7, frame_idx 26, stream type 7, queued cnt 8
12-28 14:32:43.922   325 19781 D mm-camera-intf: mm_stream_qbuf: VIDIOC_QBUF buf_index 7,stream type 7,frame_idx 26,queued cnt 9
12-28 14:32:43.952   349 19775 E AEC_PORT: aec_port_save_update:real_gain:2.000000 linecnt:2097 exp_idx:283 cur_luma:536870912 led_est:1078736812
12-28 14:32:43.952   349 19693 E mm-camera: c2d_thread_handle_process_buf_event:190 input buf index 5
12-28 14:32:43.952   349 19693 E mm-camera: c2d_thread_handle_process_buf_event:207 input vaddr b39b1000
12-28 14:32:43.962   325 19771 D mm-camera-intf: mm_stream_read_msm_frame: VIDIOC_DQBUF buf_index 7, frame_idx 27, stream type 1, queued cnt 3
12-28 14:32:43.962   325 19782 D mm-camera-intf: mm_stream_qbuf: VIDIOC_QBUF buf_index 0,stream type 1,frame_idx 23,queued cnt 4
12-28 14:32:43.982   325 19771 D mm-camera-intf: mm_stream_read_msm_frame: VIDIOC_DQBUF buf_index 8, frame_idx 27, stream type 7, queued cnt 8
12-28 14:32:43.982   325 19781 D mm-camera-intf: mm_stream_qbuf: VIDIOC_QBUF buf_index 8,stream type 7,frame_idx 27,queued cnt 9
12-28 14:32:44.012   349 19693 E mm-camera: c2d_thread_handle_process_buf_event:190 input buf index 6
12-28 14:32:44.012   349 19693 E mm-camera: c2d_thread_handle_process_buf_event:207 input vaddr b3994000
12-28 14:32:44.012   349 19775 E AEC_PORT: aec_port_save_update:real_gain:2.000000 linecnt:2097 exp_idx:283 cur_luma:-536870912 led_est:1078742655
12-28 14:32:44.012   325 19771 D mm-camera-intf: mm_stream_read_msm_frame: VIDIOC_DQBUF buf_index 0, frame_idx 28, stream type 1, queued cnt 3
12-28 14:32:44.012   325 19782 D mm-camera-intf: mm_stream_qbuf: VIDIOC_QBUF buf_index 1,stream type 1,frame_idx 24,queued cnt 4
12-28 14:32:44.032   325 19771 D mm-camera-intf: mm_stream_read_msm_frame: VIDIOC_DQBUF buf_index 0, frame_idx 28, stream type 7, queued cnt 8
12-28 14:32:44.032   325 19781 D mm-camera-intf: mm_stream_qbuf: VIDIOC_QBUF buf_index 0,stream type 7,frame_idx 28,queued cnt 9
12-28 14:32:44.062   349 19775 E AEC_PORT: aec_port_save_update:real_gain:2.000000 linecnt:1977 exp_idx:281 cur_luma:1610612736 led_est:1078799582
12-28 14:32:44.072   349 19693 E mm-camera: c2d_thread_handle_process_buf_event:190 input buf index 4
12-28 14:32:44.072   349 19693 E mm-camera: c2d_thread_handle_process_buf_event:207 input vaddr b39ce000
12-28 14:32:44.072   325 19771 D mm-camera-intf: mm_stream_read_msm_frame: VIDIOC_DQBUF buf_index 1, frame_idx 29, stream type 1, queued cnt 3
12-28 14:32:44.072   325 19782 D mm-camera-intf: mm_stream_qbuf: VIDIOC_QBUF buf_index 2,stream type 1,frame_idx 25,queued cnt 4
12-28 14:32:44.092   325 19771 D mm-camera-intf: mm_stream_read_msm_frame: VIDIOC_DQBUF buf_index 1, frame_idx 29, stream type 7, queued cnt 8
12-28 14:32:44.092   325 19781 D mm-camera-intf: mm_stream_qbuf: VIDIOC_QBUF buf_index 1,stream type 7,frame_idx 29,queued cnt 9
12-28 14:32:44.122   349 19691 E         : dmlroc_entry  entering dmlroc_entry
12-28 14:32:44.122   349 19693 E mm-camera: c2d_thread_handle_process_buf_event:190 input buf index 5
12-28 14:32:44.122   349 19693 E mm-camera: c2d_thread_handle_process_buf_event:207 input vaddr b39b1000
12-28 14:32:44.122   325 19771 D mm-camera-intf: mm_stream_read_msm_frame: VIDIOC_DQBUF buf_index 2, frame_idx 30, stream type 1, queued cnt 3
12-28 14:32:44.122   325 19782 D mm-camera-intf: mm_stream_qbuf: VIDIOC_QBUF buf_index 3,stream type 1,frame_idx 26,queued cnt 4
12-28 14:32:44.142   325 19771 D mm-camera-intf: mm_stream_read_msm_frame: VIDIOC_DQBUF buf_index 2, frame_idx 30, stream type 7, queued cnt 8
12-28 14:32:44.142   325 19781 D mm-camera-intf: mm_stream_qbuf: VIDIOC_QBUF buf_index 2,stream type 7,frame_idx 30,queued cnt 9
12-28 14:32:44.182   349 19775 E AEC_PORT: aec_port_save_update:real_gain:2.000000 linecnt:1977 exp_idx:281 cur_luma:1073741824 led_est:1078793111
12-28 14:32:44.182   349 19693 E mm-camera: c2d_thread_handle_process_buf_event:190 input buf index 6
12-28 14:32:44.182   349 19693 E mm-camera: c2d_thread_handle_process_buf_event:207 input vaddr b3994000
12-28 14:32:44.182   325 19771 D mm-camera-intf: mm_stream_read_msm_frame: VIDIOC_DQBUF buf_index 3, frame_idx 31, stream type 1, queued cnt 3
12-28 14:32:44.182   325 19782 D mm-camera-intf: mm_stream_qbuf: VIDIOC_QBUF buf_index 7,stream type 1,frame_idx 27,queued cnt 4
12-28 14:32:44.192   325 19771 D mm-camera-intf: mm_stream_read_msm_frame: VIDIOC_DQBUF buf_index 3, frame_idx 31, stream type 7, queued cnt 8
12-28 14:32:44.192   325 19781 D mm-camera-intf: mm_stream_qbuf: VIDIOC_QBUF buf_index 3,stream type 7,frame_idx 31,queued cnt 9
12-28 14:32:44.232   349 19775 E AEC_PORT: aec_port_save_update:real_gain:2.000000 linecnt:1977 exp_idx:281 cur_luma:1610612736 led_est:1078707418
12-28 14:32:44.232   349 19693 E mm-camera: c2d_thread_handle_process_buf_event:190 input buf index 4
12-28 14:32:44.232   349 19693 E mm-camera: c2d_thread_handle_process_buf_event:207 input vaddr b39ce000
12-28 14:32:44.232   325 19771 D mm-camera-intf: mm_stream_read_msm_frame: VIDIOC_DQBUF buf_index 7, frame_idx 32, stream type 1, queued cnt 3
12-28 14:32:44.232   325 19782 D mm-camera-intf: mm_stream_qbuf: VIDIOC_QBUF buf_index 0,stream type 1,frame_idx 28,queued cnt 4
12-28 14:32:44.252   325 19771 D mm-camera-intf: mm_stream_read_msm_frame: VIDIOC_DQBUF buf_index 4, frame_idx 32, stream type 7, queued cnt 8
12-28 14:32:44.252   325 19781 D mm-camera-intf: mm_stream_qbuf: VIDIOC_QBUF buf_index 4,stream type 7,frame_idx 32,queued cnt 9
12-28 14:32:44.282   349 19775 E AEC_PORT: aec_port_save_update:real_gain:2.000000 linecnt:1920 exp_idx:280 cur_luma:0 led_est:1078719142
12-28 14:32:44.282   349 19693 E mm-camera: c2d_thread_handle_process_buf_event:190 input buf index 5
12-28 14:32:44.282   349 19693 E mm-camera: c2d_thread_handle_process_buf_event:207 input vaddr b39b1000
12-28 14:32:44.282   325 19771 D mm-camera-intf: mm_stream_read_msm_frame: VIDIOC_DQBUF buf_index 0, frame_idx 33, stream type 1, queued cnt 3
12-28 14:32:44.292   325 19782 D mm-camera-intf: mm_stream_qbuf: VIDIOC_QBUF buf_index 1,stream type 1,frame_idx 29,queued cnt 4
12-28 14:32:44.302   325 19771 D mm-camera-intf: mm_stream_read_msm_frame: VIDIOC_DQBUF buf_index 5, frame_idx 33, stream type 7, queued cnt 8
12-28 14:32:44.302   325 19781 D mm-camera-intf: mm_stream_qbuf: VIDIOC_QBUF buf_index 5,stream type 7,frame_idx 33,queued cnt 9
12-28 14:32:44.332   349 19693 E mm-camera: c2d_thread_handle_process_buf_event:190 input buf index 6
12-28 14:32:44.332   349 19693 E mm-camera: c2d_thread_handle_process_buf_event:207 input vaddr b3994000
12-28 14:32:44.332   349 19775 E AEC_PORT: aec_port_save_update:real_gain:2.000000 linecnt:1920 exp_idx:280 cur_luma:-2147483648 led_est:1078725651
12-28 14:32:44.332   325 19771 D mm-camera-intf: mm_stream_read_msm_frame: VIDIOC_DQBUF buf_index 1, frame_idx 34, stream type 1, queued cnt 3
12-28 14:32:44.342   325 19782 D mm-camera-intf: mm_stream_qbuf: VIDIOC_QBUF buf_index 2,stream type 1,frame_idx 30,queued cnt 4
12-28 14:32:44.352   340   886 E LocSvc_libulp: I/int ulp_brain_process_monitor_request(), gnss provider state = 1, quipc provider state = 0
12-28 14:32:44.352   340   886 E LocSvc_libulp: I/int ulp_brain_transition_all_providers(), before transition, 
12-28 14:32:44.352   340   886 E LocSvc_libulp:  GNSS provider state = 1,  GNSS selected to run = 1,  GNSS onoff_cnt = 0, GNSS high speed flag = 0 
12-28 14:32:44.352   340   886 E LocSvc_libulp:  QUIPC provider state = 0, QUIPC selected to run = 1, QUIPC onoff_cnt = 5, 
12-28 14:32:44.352   340   886 E LocSvc_libulp:  GNP provider state = 1,   GNP selected to run = 1,   GNP onoff_cnt = 1, 
12-28 14:32:44.352   340   886 E LocSvc_libulp: I/int ulp_brain_transition_all_providers(), after transition, 
12-28 14:32:44.352   340   886 E LocSvc_libulp:  GNSS provider state = 1,  GNSS selected to run = 1,  GNSS onoff_cnt = 0, GNSS high speed flag = 0 
12-28 14:32:44.352   340   886 E LocSvc_libulp:  QUIPC provider state = 0, QUIPC selected to run = 1, QUIPC onoff_cnt = 5, 
12-28 14:32:44.352   340   886 E LocSvc_libulp:  GNP provider state = 1,   GNP selected to run = 1,   GNP onoff_cnt = 1 
12-28 14:32:44.352   325 19771 D mm-camera-intf: mm_stream_read_msm_frame: VIDIOC_DQBUF buf_index 6, frame_idx 34, stream type 7, queued cnt 8
12-28 14:32:44.352   325 19781 D mm-camera-intf: mm_stream_qbuf: VIDIOC_QBUF buf_index 6,stream type 7,frame_idx 34,queued cnt 9
12-28 14:32:44.362  7353  7353 I WakeLock: Release cpu wakelock
12-28 14:32:44.382   349 19775 E AEC_PORT: aec_port_save_update:real_gain:2.000000 linecnt:1865 exp_idx:279 cur_luma:1073741824 led_est:1078726488
12-28 14:32:44.382   349 19693 E mm-camera: c2d_thread_handle_process_buf_event:190 input buf index 4
12-28 14:32:44.382   349 19693 E mm-camera: c2d_thread_handle_process_buf_event:207 input vaddr b39ce000
12-28 14:32:44.392   325 19771 D mm-camera-intf: mm_stream_read_msm_frame: VIDIOC_DQBUF buf_index 2, frame_idx 35, stream type 1, queued cnt 3
12-28 14:32:44.392   325 19782 D mm-camera-intf: mm_stream_qbuf: VIDIOC_QBUF buf_index 3,stream type 1,frame_idx 31,queued cnt 4
12-28 14:32:44.412   325 19771 D mm-camera-intf: mm_stream_read_msm_frame: VIDIOC_DQBUF buf_index 7, frame_idx 35, stream type 7, queued cnt 8
12-28 14:32:44.412   325 19781 D mm-camera-intf: mm_stream_qbuf: VIDIOC_QBUF buf_index 7,stream type 7,frame_idx 35,queued cnt 9
12-28 14:32:44.432   349 19693 E mm-camera: c2d_thread_handle_process_buf_event:190 input buf index 5
12-28 14:32:44.432   349 19693 E mm-camera: c2d_thread_handle_process_buf_event:207 input vaddr b39b1000
12-28 14:32:44.432   349 19775 E AEC_PORT: aec_port_save_update:real_gain:2.000000 linecnt:1865 exp_idx:279 cur_luma:1073741824 led_est:1078673576
12-28 14:32:44.442   325 19771 D mm-camera-intf: mm_stream_read_msm_frame: VIDIOC_DQBUF buf_index 3, frame_idx 36, stream type 1, queued cnt 3
12-28 14:32:44.442   325 19782 D mm-camera-intf: mm_stream_qbuf: VIDIOC_QBUF buf_index 7,stream type 1,frame_idx 32,queued cnt 4
12-28 14:32:44.452   325 19771 D mm-camera-intf: mm_stream_read_msm_frame: VIDIOC_DQBUF buf_index 8, frame_idx 36, stream type 7, queued cnt 8
12-28 14:32:44.452   325 19781 D mm-camera-intf: mm_stream_qbuf: VIDIOC_QBUF buf_index 8,stream type 7,frame_idx 36,queued cnt 9
12-28 14:32:44.482   349 19775 E AEC_PORT: aec_port_save_update:real_gain:2.000000 linecnt:1811 exp_idx:278 cur_luma:-2147483648 led_est:1078672882
12-28 14:32:44.492   349 19693 E mm-camera: c2d_thread_handle_process_buf_event:190 input buf index 6
12-28 14:32:44.492   349 19693 E mm-camera: c2d_thread_handle_process_buf_event:207 input vaddr b3994000
12-28 14:32:44.492   325 19771 D mm-camera-intf: mm_stream_read_msm_frame: VIDIOC_DQBUF buf_index 7, frame_idx 37, stream type 1, queued cnt 3
12-28 14:32:44.492   325 19782 D mm-camera-intf: mm_stream_qbuf: VIDIOC_QBUF buf_index 0,stream type 1,frame_idx 33,queued cnt 4
12-28 14:32:44.502   325 19771 D mm-camera-intf: mm_stream_read_msm_frame: VIDIOC_DQBUF buf_index 0, frame_idx 37, stream type 7, queued cnt 8
12-28 14:32:44.502   325 19781 D mm-camera-intf: mm_stream_qbuf: VIDIOC_QBUF buf_index 0,stream type 7,frame_idx 37,queued cnt 9
12-28 14:32:44.532   349 19693 E mm-camera: c2d_thread_handle_process_buf_event:190 input buf index 4
12-28 14:32:44.532   349 19775 E AEC_PORT: aec_port_save_update:real_gain:2.000000 linecnt:1811 exp_idx:278 cur_luma:1610612736 led_est:1078624736
12-28 14:32:44.532   349 19693 E mm-camera: c2d_thread_handle_process_buf_event:207 input vaddr b39ce000
12-28 14:32:44.542   325 19771 D mm-camera-intf: mm_stream_read_msm_frame: VIDIOC_DQBUF buf_index 0, frame_idx 38, stream type 1, queued cnt 3
12-28 14:32:44.542   325 19782 D mm-camera-intf: mm_stream_qbuf: VIDIOC_QBUF buf_index 1,stream type 1,frame_idx 34,queued cnt 4
12-28 14:32:44.552   325 19771 D mm-camera-intf: mm_stream_read_msm_frame: VIDIOC_DQBUF buf_index 1, frame_idx 38, stream type 7, queued cnt 8
12-28 14:32:44.552   325 19781 D mm-camera-intf: mm_stream_qbuf: VIDIOC_QBUF buf_index 1,stream type 7,frame_idx 38,queued cnt 9
12-28 14:32:44.582   349 19775 E AEC_PORT: aec_port_save_update:real_gain:2.000000 linecnt:1811 exp_idx:278 cur_luma:1610612736 led_est:1078627390
12-28 14:32:44.582   349 19693 E mm-camera: c2d_thread_handle_process_buf_event:190 input buf index 5
12-28 14:32:44.582   349 19693 E mm-camera: c2d_thread_handle_process_buf_event:207 input vaddr b39b1000
12-28 14:32:44.592   325 19771 D mm-camera-intf: mm_stream_read_msm_frame: VIDIOC_DQBUF buf_index 1, frame_idx 39, stream type 1, queued cnt 3
12-28 14:32:44.592   325 19782 D mm-camera-intf: mm_stream_qbuf: VIDIOC_QBUF buf_index 2,stream type 1,frame_idx 35,queued cnt 4
12-28 14:32:44.602   325 19771 D mm-camera-intf: mm_stream_read_msm_frame: VIDIOC_DQBUF buf_index 2, frame_idx 39, stream type 7, queued cnt 8
12-28 14:32:44.602   325 19781 D mm-camera-intf: mm_stream_qbuf: VIDIOC_QBUF buf_index 2,stream type 7,frame_idx 39,queued cnt 9
12-28 14:32:44.632   349 19691 E         : dmlroc_entry  entering dmlroc_entry
12-28 14:32:44.632   349 19693 E mm-camera: c2d_thread_handle_process_buf_event:190 input buf index 6
12-28 14:32:44.632   349 19693 E mm-camera: c2d_thread_handle_process_buf_event:207 input vaddr b3994000
12-28 14:32:44.632   325 19771 D mm-camera-intf: mm_stream_read_msm_frame: VIDIOC_DQBUF buf_index 2, frame_idx 40, stream type 1, queued cnt 3
12-28 14:32:44.632   325 19782 D mm-camera-intf: mm_stream_qbuf: VIDIOC_QBUF buf_index 3,stream type 1,frame_idx 36,queued cnt 4
12-28 14:32:44.652   325 19771 D mm-camera-intf: mm_stream_read_msm_frame: VIDIOC_DQBUF buf_index 3, frame_idx 40, stream type 7, queued cnt 8
12-28 14:32:44.652   325 19781 D mm-camera-intf: mm_stream_qbuf: VIDIOC_QBUF buf_index 3,stream type 7,frame_idx 40,queued cnt 9
12-28 14:32:44.662   340   882 E LocSvc_ApiV02: I/<--- void globalEventCb(locClientHandleType, uint32_t, locClientEventIndUnionType, void*) line 91 QMI_LOC_EVENT_POSITION_REPORT_IND_V02
12-28 14:32:44.692   349 19775 E AEC_PORT: aec_port_save_update:real_gain:2.000000 linecnt:1811 exp_idx:278 cur_luma:-1073741824 led_est:1078583798
12-28 14:32:44.692   349 19693 E mm-camera: c2d_thread_handle_process_buf_event:190 input buf index 4
12-28 14:32:44.692   349 19693 E mm-camera: c2d_thread_handle_process_buf_event:207 input vaddr b39ce000
12-28 14:32:44.692   325 19771 D mm-camera-intf: mm_stream_read_msm_frame: VIDIOC_DQBUF buf_index 3, frame_idx 41, stream type 1, queued cnt 3
12-28 14:32:44.692   325 19782 D mm-camera-intf: mm_stream_qbuf: VIDIOC_QBUF buf_index 7,stream type 1,frame_idx 37,queued cnt 4
12-28 14:32:44.702   325 19771 D mm-camera-intf: mm_stream_read_msm_frame: VIDIOC_DQBUF buf_index 4, frame_idx 41, stream type 7, queued cnt 8
12-28 14:32:44.702   325 19781 D mm-camera-intf: mm_stream_qbuf: VIDIOC_QBUF buf_index 4,stream type 7,frame_idx 41,queued cnt 9
12-28 14:32:44.732   349 19775 E AEC_PORT: aec_port_save_update:real_gain:2.000000 linecnt:1811 exp_idx:278 cur_luma:536870912 led_est:1078580793
12-28 14:32:44.732   349 19693 E mm-camera: c2d_thread_handle_process_buf_event:190 input buf index 5
12-28 14:32:44.732   349 19693 E mm-camera: c2d_thread_handle_process_buf_event:207 input vaddr b39b1000
12-28 14:32:44.732   325 19771 D mm-camera-intf: mm_stream_read_msm_frame: VIDIOC_DQBUF buf_index 7, frame_idx 42, stream type 1, queued cnt 3
12-28 14:32:44.732   325 19782 D mm-camera-intf: mm_stream_qbuf: VIDIOC_QBUF buf_index 0,stream type 1,frame_idx 38,queued cnt 4
12-28 14:32:44.742   325 19771 D mm-camera-intf: mm_stream_read_msm_frame: VIDIOC_DQBUF buf_index 5, frame_idx 42, stream type 7, queued cnt 8
12-28 14:32:44.742   325 19781 D mm-camera-intf: mm_stream_qbuf: VIDIOC_QBUF buf_index 5,stream type 7,frame_idx 42,queued cnt 9
12-28 14:32:44.772   349 19693 E mm-camera: c2d_thread_handle_process_buf_event:190 input buf index 6
12-28 14:32:44.772   349 19693 E mm-camera: c2d_thread_handle_process_buf_event:207 input vaddr b3994000
12-28 14:32:44.782   349 19775 E AEC_PORT: aec_port_save_update:real_gain:2.000000 linecnt:1811 exp_idx:278 cur_luma:-536870912 led_est:1078577317
12-28 14:32:44.782   325 19771 D mm-camera-intf: mm_stream_read_msm_frame: VIDIOC_DQBUF buf_index 0, frame_idx 43, stream type 1, queued cnt 3
12-28 14:32:44.782   325 19782 D mm-camera-intf: mm_stream_qbuf: VIDIOC_QBUF buf_index 1,stream type 1,frame_idx 39,queued cnt 4
12-28 14:32:44.792   325 19771 D mm-camera-intf: mm_stream_read_msm_frame: VIDIOC_DQBUF buf_index 6, frame_idx 43, stream type 7, queued cnt 8
12-28 14:32:44.792   325 19781 D mm-camera-intf: mm_stream_qbuf: VIDIOC_QBUF buf_index 6,stream type 7,frame_idx 43,queued cnt 9
12-28 14:32:44.822   349 19775 E AEC_PORT: aec_port_save_update:real_gain:2.000000 linecnt:1811 exp_idx:278 cur_luma:1073741824 led_est:1078572280
12-28 14:32:44.822   349 19693 E mm-camera: c2d_thread_handle_process_buf_event:190 input buf index 4
12-28 14:32:44.822   349 19693 E mm-camera: c2d_thread_handle_process_buf_event:207 input vaddr b39ce000
12-28 14:32:44.822   325 19771 D mm-camera-intf: mm_stream_read_msm_frame: VIDIOC_DQBUF buf_index 1, frame_idx 44, stream type 1, queued cnt 3
12-28 14:32:44.832   325 19782 D mm-camera-intf: mm_stream_qbuf: VIDIOC_QBUF buf_index 2,stream type 1,frame_idx 40,queued cnt 4
12-28 14:32:44.842   325 19771 D mm-camera-intf: mm_stream_read_msm_frame: VIDIOC_DQBUF buf_index 7, frame_idx 44, stream type 7, queued cnt 8
12-28 14:32:44.842   325 19781 D mm-camera-intf: mm_stream_qbuf: VIDIOC_QBUF buf_index 7,stream type 7,frame_idx 44,queued cnt 9
12-28 14:32:44.872   349 19775 E AEC_PORT: aec_port_save_update:real_gain:2.000000 linecnt:1811 exp_idx:278 cur_luma:1073741824 led_est:1078573677
12-28 14:32:44.872   349 19693 E mm-camera: c2d_thread_handle_process_buf_event:190 input buf index 5
12-28 14:32:44.872   349 19693 E mm-camera: c2d_thread_handle_process_buf_event:207 input vaddr b39b1000
12-28 14:32:44.872   325 19771 D mm-camera-intf: mm_stream_read_msm_frame: VIDIOC_DQBUF buf_index 2, frame_idx 45, stream type 1, queued cnt 3
12-28 14:32:44.882   325 19782 D mm-camera-intf: mm_stream_qbuf: VIDIOC_QBUF buf_index 3,stream type 1,frame_idx 41,queued cnt 4
12-28 14:32:44.882   325 19771 D mm-camera-intf: mm_stream_read_msm_frame: VIDIOC_DQBUF buf_index 8, frame_idx 45, stream type 7, queued cnt 8
12-28 14:32:44.882   325 19781 D mm-camera-intf: mm_stream_qbuf: VIDIOC_QBUF buf_index 8,stream type 7,frame_idx 45,queued cnt 9
12-28 14:32:44.922   349 19775 E AEC_PORT: aec_port_save_update:real_gain:2.000000 linecnt:1811 exp_idx:278 cur_luma:1073741824 led_est:1078574278
12-28 14:32:44.922   349 19693 E mm-camera: c2d_thread_handle_process_buf_event:190 input buf index 6
12-28 14:32:44.922   349 19693 E mm-camera: c2d_thread_handle_process_buf_event:207 input vaddr b3994000
12-28 14:32:44.922   325 19771 D mm-camera-intf: mm_stream_read_msm_frame: VIDIOC_DQBUF buf_index 3, frame_idx 46, stream type 1, queued cnt 3
12-28 14:32:44.922   325 19782 D mm-camera-intf: mm_stream_qbuf: VIDIOC_QBUF buf_index 7,stream type 1,frame_idx 42,queued cnt 4
12-28 14:32:44.932   325 19771 D mm-camera-intf: mm_stream_read_msm_frame: VIDIOC_DQBUF buf_index 0, frame_idx 46, stream type 7, queued cnt 8
12-28 14:32:44.932   325 19781 D mm-camera-intf: mm_stream_qbuf: VIDIOC_QBUF buf_index 0,stream type 7,frame_idx 46,queued cnt 9
12-28 14:32:44.972   349 19775 E AEC_PORT: aec_port_save_update:real_gain:2.000000 linecnt:1811 exp_idx:278 cur_luma:-1073741824 led_est:1078573958
12-28 14:32:44.972   349 19693 E mm-camera: c2d_thread_handle_process_buf_event:190 input buf index 4
12-28 14:32:44.972   349 19693 E mm-camera: c2d_thread_handle_process_buf_event:207 input vaddr b39ce000
12-28 14:32:44.972   325 19771 D mm-camera-intf: mm_stream_read_msm_frame: VIDIOC_DQBUF buf_index 7, frame_idx 47, stream type 1, queued cnt 3
12-28 14:32:44.972   325 19782 D mm-camera-intf: mm_stream_qbuf: VIDIOC_QBUF buf_index 0,stream type 1,frame_idx 43,queued cnt 4
12-28 14:32:44.982   325 19771 D mm-camera-intf: mm_stream_read_msm_frame: VIDIOC_DQBUF buf_index 1, frame_idx 47, stream type 7, queued cnt 8
12-28 14:32:44.982   325 19781 D mm-camera-intf: mm_stream_qbuf: VIDIOC_QBUF buf_index 1,stream type 7,frame_idx 47,queued cnt 9
12-28 14:32:45.012   349 19693 E mm-camera: c2d_thread_handle_process_buf_event:190 input buf index 5
12-28 14:32:45.012   349 19693 E mm-camera: c2d_thread_handle_process_buf_event:207 input vaddr b39b1000
12-28 14:32:45.012   349 19775 E AEC_PORT: aec_port_save_update:real_gain:2.000000 linecnt:1811 exp_idx:278 cur_luma:-536870912 led_est:1078573858
12-28 14:32:45.022   325 19771 D mm-camera-intf: mm_stream_read_msm_frame: VIDIOC_DQBUF buf_index 0, frame_idx 48, stream type 1, queued cnt 3
12-28 14:32:45.022   325 19782 D mm-camera-intf: mm_stream_qbuf: VIDIOC_QBUF buf_index 1,stream type 1,frame_idx 44,queued cnt 4
12-28 14:32:45.022   325 19771 D mm-camera-intf: mm_stream_read_msm_frame: VIDIOC_DQBUF buf_index 2, frame_idx 48, stream type 7, queued cnt 8
12-28 14:32:45.032   325 19781 D mm-camera-intf: mm_stream_qbuf: VIDIOC_QBUF buf_index 2,stream type 7,frame_idx 48,queued cnt 9
12-28 14:32:45.062   349 19693 E mm-camera: c2d_thread_handle_process_buf_event:190 input buf index 6
12-28 14:32:45.062   349 19693 E mm-camera: c2d_thread_handle_process_buf_event:207 input vaddr b3994000
12-28 14:32:45.062   325 19771 D mm-camera-intf: mm_stream_read_msm_frame: VIDIOC_DQBUF buf_index 1, frame_idx 49, stream type 1, queued cnt 3
12-28 14:32:45.062   325 19782 D mm-camera-intf: mm_stream_qbuf: VIDIOC_QBUF buf_index 2,stream type 1,frame_idx 45,queued cnt 4
12-28 14:32:45.072   349 19775 E AEC_PORT: aec_port_save_update:real_gain:2.000000 linecnt:1811 exp_idx:278 cur_luma:1610612736 led_est:1078570130
12-28 14:32:45.072   325 19771 D mm-camera-intf: mm_stream_read_msm_frame: VIDIOC_DQBUF buf_index 3, frame_idx 49, stream type 7, queued cnt 8
12-28 14:32:45.072   325 19781 D mm-camera-intf: mm_stream_qbuf: VIDIOC_QBUF buf_index 3,stream type 7,frame_idx 49,queued cnt 9
12-28 14:32:45.102   349 19691 E         : dmlroc_entry  entering dmlroc_entry
12-28 14:32:45.102   349 19693 E mm-camera: c2d_thread_handle_process_buf_event:190 input buf index 4
12-28 14:32:45.102   349 19693 E mm-camera: c2d_thread_handle_process_buf_event:207 input vaddr b39ce000
12-28 14:32:45.112   325 19771 D mm-camera-intf: mm_stream_read_msm_frame: VIDIOC_DQBUF buf_index 2, frame_idx 50, stream type 1, queued cnt 3
12-28 14:32:45.112   325 19782 D mm-camera-intf: mm_stream_qbuf: VIDIOC_QBUF buf_index 3,stream type 1,frame_idx 46,queued cnt 4
12-28 14:32:45.122   325 19771 D mm-camera-intf: mm_stream_read_msm_frame: VIDIOC_DQBUF buf_index 4, frame_idx 50, stream type 7, queued cnt 8
12-28 14:32:45.122   325 19781 D mm-camera-intf: mm_stream_qbuf: VIDIOC_QBUF buf_index 4,stream type 7,frame_idx 50,queued cnt 9
12-28 14:32:45.162   349 19775 E AEC_PORT: aec_port_save_update:real_gain:2.000000 linecnt:1811 exp_idx:278 cur_luma:-536870912 led_est:1078560758
12-28 14:32:45.162   349 19693 E mm-camera: c2d_thread_handle_process_buf_event:190 input buf index 5
12-28 14:32:45.162   349 19693 E mm-camera: c2d_thread_handle_process_buf_event:207 input vaddr b39b1000
12-28 14:32:45.162   325 19771 D mm-camera-intf: mm_stream_read_msm_frame: VIDIOC_DQBUF buf_index 3, frame_idx 51, stream type 1, queued cnt 3
12-28 14:32:45.162   325 19782 D mm-camera-intf: mm_stream_qbuf: VIDIOC_QBUF buf_index 7,stream type 1,frame_idx 47,queued cnt 4
12-28 14:32:45.172   325 19771 D mm-camera-intf: mm_stream_read_msm_frame: VIDIOC_DQBUF buf_index 5, frame_idx 51, stream type 7, queued cnt 8
12-28 14:32:45.172   325 19781 D mm-camera-intf: mm_stream_qbuf: VIDIOC_QBUF buf_index 5,stream type 7,frame_idx 51,queued cnt 9
12-28 14:32:45.202   349 19775 E AEC_PORT: aec_port_save_update:real_gain:2.000000 linecnt:1811 exp_idx:278 cur_luma:-1610612736 led_est:1078561012
12-28 14:32:45.202   349 19693 E mm-camera: c2d_thread_handle_process_buf_event:190 input buf index 6
12-28 14:32:45.202   349 19693 E mm-camera: c2d_thread_handle_process_buf_event:207 input vaddr b3994000
12-28 14:32:45.212   325 19771 D mm-camera-intf: mm_stream_read_msm_frame: VIDIOC_DQBUF buf_index 7, frame_idx 52, stream type 1, queued cnt 3
12-28 14:32:45.212   325 19782 D mm-camera-intf: mm_stream_qbuf: VIDIOC_QBUF buf_index 0,stream type 1,frame_idx 48,queued cnt 4
12-28 14:32:45.222   325 19771 D mm-camera-intf: mm_stream_read_msm_frame: VIDIOC_DQBUF buf_index 6, frame_idx 52, stream type 7, queued cnt 8
12-28 14:32:45.222   325 19781 D mm-camera-intf: mm_stream_qbuf: VIDIOC_QBUF buf_index 6,stream type 7,frame_idx 52,queued cnt 9
12-28 14:32:45.252   349 19775 E AEC_PORT: aec_port_save_update:real_gain:2.000000 linecnt:1811 exp_idx:278 cur_luma:536870912 led_est:1078556833
12-28 14:32:45.252   349 19693 E mm-camera: c2d_thread_handle_process_buf_event:190 input buf index 4
12-28 14:32:45.252   349 19693 E mm-camera: c2d_thread_handle_process_buf_event:207 input vaddr b39ce000
12-28 14:32:45.252   325 19771 D mm-camera-intf: mm_stream_read_msm_frame: VIDIOC_DQBUF buf_index 0, frame_idx 53, stream type 1, queued cnt 3
12-28 14:32:45.262   325 19782 D mm-camera-intf: mm_stream_qbuf: VIDIOC_QBUF buf_index 1,stream type 1,frame_idx 49,queued cnt 4
12-28 14:32:45.262   325 19771 D mm-camera-intf: mm_stream_read_msm_frame: VIDIOC_DQBUF buf_index 7, frame_idx 53, stream type 7, queued cnt 8
12-28 14:32:45.262   325 19781 D mm-camera-intf: mm_stream_qbuf: VIDIOC_QBUF buf_index 7,stream type 7,frame_idx 53,queued cnt 9
12-28 14:32:45.302   349 19775 E AEC_PORT: aec_port_save_update:real_gain:2.000000 linecnt:1811 exp_idx:278 cur_luma:536870912 led_est:1078547185
12-28 14:32:45.302   349 19693 E mm-camera: c2d_thread_handle_process_buf_event:190 input buf index 5
12-28 14:32:45.302   349 19693 E mm-camera: c2d_thread_handle_process_buf_event:207 input vaddr b39b1000
12-28 14:32:45.302   325 19771 D mm-camera-intf: mm_stream_read_msm_frame: VIDIOC_DQBUF buf_index 1, frame_idx 54, stream type 1, queued cnt 3
12-28 14:32:45.302   325 19782 D mm-camera-intf: mm_stream_qbuf: VIDIOC_QBUF buf_index 2,stream type 1,frame_idx 50,queued cnt 4
12-28 14:32:45.312   325 19771 D mm-camera-intf: mm_stream_read_msm_frame: VIDIOC_DQBUF buf_index 8, frame_idx 54, stream type 7, queued cnt 8
12-28 14:32:45.312   325 19781 D mm-camera-intf: mm_stream_qbuf: VIDIOC_QBUF buf_index 8,stream type 7,frame_idx 54,queued cnt 9
12-28 14:32:45.342   349 19775 E AEC_PORT: aec_port_save_update:real_gain:2.000000 linecnt:1811 exp_idx:278 cur_luma:536870912 led_est:1078528522
12-28 14:32:45.352   325   796 D audio_hw_primary: out_standby: enter: stream (0xb8a555b0) usecase(1: low-latency-playback)
12-28 14:32:45.352   349 19693 E mm-camera: c2d_thread_handle_process_buf_event:190 input buf index 6
12-28 14:32:45.352   349 19693 E mm-camera: c2d_thread_handle_process_buf_event:207 input vaddr b3994000
12-28 14:32:45.352   325 19771 D mm-camera-intf: mm_stream_read_msm_frame: VIDIOC_DQBUF buf_index 2, frame_idx 55, stream type 1, queued cnt 3
12-28 14:32:45.352   325 19782 D mm-camera-intf: mm_stream_qbuf: VIDIOC_QBUF buf_index 3,stream type 1,frame_idx 51,queued cnt 4
12-28 14:32:45.362   325 19771 D mm-camera-intf: mm_stream_read_msm_frame: VIDIOC_DQBUF buf_index 0, frame_idx 55, stream type 7, queued cnt 8
12-28 14:32:45.362   325 19781 D mm-camera-intf: mm_stream_qbuf: VIDIOC_QBUF buf_index 0,stream type 7,frame_idx 55,queued cnt 9
12-28 14:32:45.402   349 19693 E mm-camera: c2d_thread_handle_process_buf_event:190 input buf index 4
12-28 14:32:45.402   349 19775 E AEC_PORT: aec_port_save_update:real_gain:2.000000 linecnt:1811 exp_idx:278 cur_luma:-1610612736 led_est:1078483195
12-28 14:32:45.402   349 19693 E mm-camera: c2d_thread_handle_process_buf_event:207 input vaddr b39ce000
12-28 14:32:45.402   325 19771 D mm-camera-intf: mm_stream_read_msm_frame: VIDIOC_DQBUF buf_index 3, frame_idx 56, stream type 1, queued cnt 3
12-28 14:32:45.402   325 19782 D mm-camera-intf: mm_stream_qbuf: VIDIOC_QBUF buf_index 7,stream type 1,frame_idx 52,queued cnt 4
12-28 14:32:45.412   325 19771 D mm-camera-intf: mm_stream_read_msm_frame: VIDIOC_DQBUF buf_index 1, frame_idx 56, stream type 7, queued cnt 8
12-28 14:32:45.412   325 19781 D mm-camera-intf: mm_stream_qbuf: VIDIOC_QBUF buf_index 1,stream type 7,frame_idx 56,queued cnt 9
12-28 14:32:45.412   325   796 D audio_hw_primary: disable_audio_route: reset and update mixer path: low-latency-playback
12-28 14:32:45.412   325   796 D hardware_info: hw_info_append_hw_type : device_name = speaker
12-28 14:32:45.412   325   796 D audio_hw_primary: disable_snd_device: snd_device(2: speaker)
12-28 14:32:45.442   349 19693 E mm-camera: c2d_thread_handle_process_buf_event:190 input buf index 5
12-28 14:32:45.442   349 19693 E mm-camera: c2d_thread_handle_process_buf_event:207 input vaddr b39b1000
12-28 14:32:45.442   325 19771 D mm-camera-intf: mm_stream_read_msm_frame: VIDIOC_DQBUF buf_index 7, frame_idx 57, stream type 1, queued cnt 3
12-28 14:32:45.442   349 19775 E AEC_PORT: aec_port_save_update:real_gain:2.000000 linecnt:1865 exp_idx:279 cur_luma:536870912 led_est:1078449988
12-28 14:32:45.442   325 19782 D mm-camera-intf: mm_stream_qbuf: VIDIOC_QBUF buf_index 0,stream type 1,frame_idx 53,queued cnt 4
12-28 14:32:45.462   325 19771 D mm-camera-intf: mm_stream_read_msm_frame: VIDIOC_DQBUF buf_index 2, frame_idx 57, stream type 7, queued cnt 8
12-28 14:32:45.462   325 19781 D mm-camera-intf: mm_stream_qbuf: VIDIOC_QBUF buf_index 2,stream type 7,frame_idx 57,queued cnt 9
12-28 14:32:45.492   349 19693 E mm-camera: c2d_thread_handle_process_buf_event:190 input buf index 6
12-28 14:32:45.492   349 19693 E mm-camera: c2d_thread_handle_process_buf_event:207 input vaddr b3994000
12-28 14:32:45.492   349 19775 E AEC_PORT: aec_port_save_update:real_gain:2.000000 linecnt:1865 exp_idx:279 cur_luma:-1610612736 led_est:1078432572
12-28 14:32:45.492   325 19771 D mm-camera-intf: mm_stream_read_msm_frame: VIDIOC_DQBUF buf_index 0, frame_idx 58, stream type 1, queued cnt 3
12-28 14:32:45.492   325 19782 D mm-camera-intf: mm_stream_qbuf: VIDIOC_QBUF buf_index 1,stream type 1,frame_idx 54,queued cnt 4
12-28 14:32:45.502   325 19771 D mm-camera-intf: mm_stream_read_msm_frame: VIDIOC_DQBUF buf_index 3, frame_idx 58, stream type 7, queued cnt 8
12-28 14:32:45.502   325 19781 D mm-camera-intf: mm_stream_qbuf: VIDIOC_QBUF buf_index 3,stream type 7,frame_idx 58,queued cnt 9
12-28 14:32:45.542   349 19775 E AEC_PORT: aec_port_save_update:real_gain:2.000000 linecnt:1920 exp_idx:280 cur_luma:-2147483648 led_est:1078401314
12-28 14:32:45.542   349 19693 E mm-camera: c2d_thread_handle_process_buf_event:190 input buf index 4
12-28 14:32:45.542   349 19693 E mm-camera: c2d_thread_handle_process_buf_event:207 input vaddr b39ce000
12-28 14:32:45.542   325 19771 D mm-camera-intf: mm_stream_read_msm_frame: VIDIOC_DQBUF buf_index 1, frame_idx 59, stream type 1, queued cnt 3
12-28 14:32:45.542   325 19782 D mm-camera-intf: mm_stream_qbuf: VIDIOC_QBUF buf_index 2,stream type 1,frame_idx 55,queued cnt 4
12-28 14:32:45.562   325 19771 D mm-camera-intf: mm_stream_read_msm_frame: VIDIOC_DQBUF buf_index 4, frame_idx 59, stream type 7, queued cnt 8
12-28 14:32:45.562   325 19781 D mm-camera-intf: mm_stream_qbuf: VIDIOC_QBUF buf_index 4,stream type 7,frame_idx 59,queued cnt 9
12-28 14:32:45.582   349 19691 E         : dmlroc_entry  entering dmlroc_entry
12-28 14:32:45.582   349 19693 E mm-camera: c2d_thread_handle_process_buf_event:190 input buf index 5
12-28 14:32:45.582   349 19693 E mm-camera: c2d_thread_handle_process_buf_event:207 input vaddr b39b1000
12-28 14:32:45.592   325 19771 D mm-camera-intf: mm_stream_read_msm_frame: VIDIOC_DQBUF buf_index 2, frame_idx 60, stream type 1, queued cnt 3
12-28 14:32:45.592   325 19782 D mm-camera-intf: mm_stream_qbuf: VIDIOC_QBUF buf_index 3,stream type 1,frame_idx 56,queued cnt 4
12-28 14:32:45.602   325 19771 D mm-camera-intf: mm_stream_read_msm_frame: VIDIOC_DQBUF buf_index 5, frame_idx 60, stream type 7, queued cnt 8
12-28 14:32:45.602   325 19781 D mm-camera-intf: mm_stream_qbuf: VIDIOC_QBUF buf_index 5,stream type 7,frame_idx 60,queued cnt 9
12-28 14:32:45.642   349 19693 E mm-camera: c2d_thread_handle_process_buf_event:190 input buf index 6
12-28 14:32:45.642   349 19693 E mm-camera: c2d_thread_handle_process_buf_event:207 input vaddr b3994000
12-28 14:32:45.642   349 19775 E AEC_PORT: aec_port_save_update:real_gain:2.000000 linecnt:1920 exp_idx:280 cur_luma:-1610612736 led_est:1078385844
12-28 14:32:45.642   325 19771 D mm-camera-intf: mm_stream_read_msm_frame: VIDIOC_DQBUF buf_index 3, frame_idx 61, stream type 1, queued cnt 3
12-28 14:32:45.642   325 19782 D mm-camera-intf: mm_stream_qbuf: VIDIOC_QBUF buf_index 7,stream type 1,frame_idx 57,queued cnt 4
12-28 14:32:45.652   325 19771 D mm-camera-intf: mm_stream_read_msm_frame: VIDIOC_DQBUF buf_index 6, frame_idx 61, stream type 7, queued cnt 8
12-28 14:32:45.652   325 19781 D mm-camera-intf: mm_stream_qbuf: VIDIOC_QBUF buf_index 6,stream type 7,frame_idx 61,queued cnt 9
12-28 14:32:45.662   340   882 E LocSvc_ApiV02: I/<--- void globalEventCb(locClientHandleType, uint32_t, locClientEventIndUnionType, void*) line 91 QMI_LOC_EVENT_POSITION_REPORT_IND_V02
12-28 14:32:45.682   349 19693 E mm-camera: c2d_thread_handle_process_buf_event:190 input buf index 4
12-28 14:32:45.682   349 19693 E mm-camera: c2d_thread_handle_process_buf_event:207 input vaddr b39ce000
12-28 14:32:45.682   349 19775 E AEC_PORT: aec_port_save_update:real_gain:2.000000 linecnt:1977 exp_idx:281 cur_luma:1073741824 led_est:1078400726
12-28 14:32:45.692   325 19771 D mm-camera-intf: mm_stream_read_msm_frame: VIDIOC_DQBUF buf_index 7, frame_idx 62, stream type 1, queued cnt 3
12-28 14:32:45.692   325 19782 D mm-camera-intf: mm_stream_qbuf: VIDIOC_QBUF buf_index 0,stream type 1,frame_idx 58,queued cnt 4
12-28 14:32:45.712   325 19771 D mm-camera-intf: mm_stream_read_msm_frame: VIDIOC_DQBUF buf_index 7, frame_idx 62, stream type 7, queued cnt 8
12-28 14:32:45.712   325 19781 D mm-camera-intf: mm_stream_qbuf: VIDIOC_QBUF buf_index 7,stream type 7,frame_idx 62,queued cnt 9
12-28 14:32:45.732   349 19775 E AEC_PORT: aec_port_save_update:real_gain:2.000000 linecnt:1977 exp_idx:281 cur_luma:-1073741824 led_est:1078385924
12-28 14:32:45.742   349 19693 E mm-camera: c2d_thread_handle_process_buf_event:190 input buf index 5
12-28 14:32:45.742   349 19693 E mm-camera: c2d_thread_handle_process_buf_event:207 input vaddr b39b1000
12-28 14:32:45.742   325 19771 D mm-camera-intf: mm_stream_read_msm_frame: VIDIOC_DQBUF buf_index 0, frame_idx 63, stream type 1, queued cnt 3
12-28 14:32:45.742   325 19782 D mm-camera-intf: mm_stream_qbuf: VIDIOC_QBUF buf_index 1,stream type 1,frame_idx 59,queued cnt 4
12-28 14:32:45.752   325 19771 D mm-camera-intf: mm_stream_read_msm_frame: VIDIOC_DQBUF buf_index 8, frame_idx 63, stream type 7, queued cnt 8
12-28 14:32:45.752   325 19781 D mm-camera-intf: mm_stream_qbuf: VIDIOC_QBUF buf_index 8,stream type 7,frame_idx 63,queued cnt 9
12-28 14:32:45.782   349 19693 E mm-camera: c2d_thread_handle_process_buf_event:190 input buf index 6
12-28 14:32:45.782   349 19693 E mm-camera: c2d_thread_handle_process_buf_event:207 input vaddr b3994000
12-28 14:32:45.782   349 19775 E AEC_PORT: aec_port_save_update:real_gain:2.000000 linecnt:2036 exp_idx:282 cur_luma:-1073741824 led_est:1078389065
12-28 14:32:45.792   325 19771 D mm-camera-intf: mm_stream_read_msm_frame: VIDIOC_DQBUF buf_index 1, frame_idx 64, stream type 1, queued cnt 3
12-28 14:32:45.792   325 19782 D mm-camera-intf: mm_stream_qbuf: VIDIOC_QBUF buf_index 2,stream type 1,frame_idx 60,queued cnt 4
12-28 14:32:45.812   325 19771 D mm-camera-intf: mm_stream_read_msm_frame: VIDIOC_DQBUF buf_index 0, frame_idx 64, stream type 7, queued cnt 8
12-28 14:32:45.812   325 19781 D mm-camera-intf: mm_stream_qbuf: VIDIOC_QBUF buf_index 0,stream type 7,frame_idx 64,queued cnt 9
12-28 14:32:45.842   349 19693 E mm-camera: c2d_thread_handle_process_buf_event:190 input buf index 4
12-28 14:32:45.842   349 19693 E mm-camera: c2d_thread_handle_process_buf_event:207 input vaddr b39ce000
12-28 14:32:45.842   349 19775 E AEC_PORT: aec_port_save_update:real_gain:2.000000 linecnt:2036 exp_idx:282 cur_luma:1073741824 led_est:1078437892
12-28 14:32:45.842   325 19771 D mm-camera-intf: mm_stream_read_msm_frame: VIDIOC_DQBUF buf_index 2, frame_idx 65, stream type 1, queued cnt 3
12-28 14:32:45.842   325 19782 D mm-camera-intf: mm_stream_qbuf: VIDIOC_QBUF buf_index 3,stream type 1,frame_idx 61,queued cnt 4
12-28 14:32:45.862   325 19771 D mm-camera-intf: mm_stream_read_msm_frame: VIDIOC_DQBUF buf_index 1, frame_idx 65, stream type 7, queued cnt 8
12-28 14:32:45.862   325 19781 D mm-camera-intf: mm_stream_qbuf: VIDIOC_QBUF buf_index 1,stream type 7,frame_idx 65,queued cnt 9
12-28 14:32:45.892   349 19775 E AEC_PORT: aec_port_save_update:real_gain:2.000000 linecnt:2036 exp_idx:282 cur_luma:-1610612736 led_est:1078439664
12-28 14:32:45.892   349 19693 E mm-camera: c2d_thread_handle_process_buf_event:190 input buf index 5
12-28 14:32:45.892   349 19693 E mm-camera: c2d_thread_handle_process_buf_event:207 input vaddr b39b1000
12-28 14:32:45.892   325 19771 D mm-camera-intf: mm_stream_read_msm_frame: VIDIOC_DQBUF buf_index 3, frame_idx 66, stream type 1, queued cnt 3
12-28 14:32:45.892   325 19782 D mm-camera-intf: mm_stream_qbuf: VIDIOC_QBUF buf_index 7,stream type 1,frame_idx 62,queued cnt 4
12-28 14:32:45.922   325 19771 D mm-camera-intf: mm_stream_read_msm_frame: VIDIOC_DQBUF buf_index 2, frame_idx 66, stream type 7, queued cnt 8
12-28 14:32:45.922   325 19781 D mm-camera-intf: mm_stream_qbuf: VIDIOC_QBUF buf_index 2,stream type 7,frame_idx 66,queued cnt 9
12-28 14:32:45.942   349 19775 E AEC_PORT: aec_port_save_update:real_gain:2.000000 linecnt:2036 exp_idx:282 cur_luma:-1610612736 led_est:1078484751
12-28 14:32:45.952   349 19693 E mm-camera: c2d_thread_handle_process_buf_event:190 input buf index 6
12-28 14:32:45.952   349 19693 E mm-camera: c2d_thread_handle_process_buf_event:207 input vaddr b3994000
12-28 14:32:45.952   325 19771 D mm-camera-intf: mm_stream_read_msm_frame: VIDIOC_DQBUF buf_index 7, frame_idx 67, stream type 1, queued cnt 3
12-28 14:32:45.962   325 19782 D mm-camera-intf: mm_stream_qbuf: VIDIOC_QBUF buf_index 0,stream type 1,frame_idx 63,queued cnt 4
12-28 14:32:45.972   325 19771 D mm-camera-intf: mm_stream_read_msm_frame: VIDIOC_DQBUF buf_index 3, frame_idx 67, stream type 7, queued cnt 8
12-28 14:32:45.972   325 19781 D mm-camera-intf: mm_stream_qbuf: VIDIOC_QBUF buf_index 3,stream type 7,frame_idx 67,queued cnt 9
12-28 14:32:46.002   349 19693 E mm-camera: c2d_thread_handle_process_buf_event:190 input buf index 4
12-28 14:32:46.002   349 19693 E mm-camera: c2d_thread_handle_process_buf_event:207 input vaddr b39ce000
12-28 14:32:46.002   349 19775 E AEC_PORT: aec_port_save_update:real_gain:2.000000 linecnt:2036 exp_idx:282 cur_luma:536870912 led_est:1078491873
12-28 14:32:46.002   325 19771 D mm-camera-intf: mm_stream_read_msm_frame: VIDIOC_DQBUF buf_index 0, frame_idx 68, stream type 1, queued cnt 3
12-28 14:32:46.002   325 19782 D mm-camera-intf: mm_stream_qbuf: VIDIOC_QBUF buf_index 1,stream type 1,frame_idx 64,queued cnt 4
12-28 14:32:46.022   325 19771 D mm-camera-intf: mm_stream_read_msm_frame: VIDIOC_DQBUF buf_index 4, frame_idx 68, stream type 7, queued cnt 8
12-28 14:32:46.022   325 19781 D mm-camera-intf: mm_stream_qbuf: VIDIOC_QBUF buf_index 4,stream type 7,frame_idx 68,queued cnt 9
12-28 14:32:46.052   340   868 E LocSvc_api_v02: I/---> locClientSendReq line 2035 QMI_LOC_GET_BEST_AVAILABLE_POSITION_REQ_V02
12-28 14:32:46.052   340   882 E LocSvc_ApiV02: I/<--- void globalRespCb(locClientHandleType, uint32_t, locClientRespIndUnionType, uint32_t, void*) line 117 QMI_LOC_GET_BEST_AVAILABLE_POSITION_REQ_V02
12-28 14:32:46.052   340   868 E LocSvc_api_v02: I/---> locClientSendReq line 2035 QMI_LOC_GET_AVAILABLE_WWAN_POSITION_REQ_V02
12-28 14:32:46.052   340   882 E QMI_FW  : QCCI qmi_cci_xport_recv: txn not found. svc_id: 16
12-28 14:32:46.052   340   868 E LocSvc_api_v02: I/---> locClientSendReq line 2035 QMI_LOC_GET_BEST_AVAILABLE_POSITION_REQ_V02
12-28 14:32:46.052   340   882 E LocSvc_ApiV02: I/<--- void globalRespCb(locClientHandleType, uint32_t, locClientRespIndUnionType, uint32_t, void*) line 117 QMI_LOC_GET_BEST_AVAILABLE_POSITION_REQ_V02
12-28 14:32:46.052   349 19775 E AEC_PORT: aec_port_save_update:real_gain:2.000000 linecnt:2036 exp_idx:282 cur_luma:1073741824 led_est:1078507369
12-28 14:32:46.062   349 19693 E mm-camera: c2d_thread_handle_process_buf_event:190 input buf index 5
12-28 14:32:46.062   349 19693 E mm-camera: c2d_thread_handle_process_buf_event:207 input vaddr b39b1000
12-28 14:32:46.062   325 19771 D mm-camera-intf: mm_stream_read_msm_frame: VIDIOC_DQBUF buf_index 1, frame_idx 69, stream type 1, queued cnt 3
12-28 14:32:46.062   325 19782 D mm-camera-intf: mm_stream_qbuf: VIDIOC_QBUF buf_index 2,stream type 1,frame_idx 65,queued cnt 4
12-28 14:32:46.082   325 19771 D mm-camera-intf: mm_stream_read_msm_frame: VIDIOC_DQBUF buf_index 5, frame_idx 69, stream type 7, queued cnt 8
12-28 14:32:46.082   325 19781 D mm-camera-intf: mm_stream_qbuf: VIDIOC_QBUF buf_index 5,stream type 7,frame_idx 69,queued cnt 9
12-28 14:32:46.102   349 19691 E         : dmlroc_entry  entering dmlroc_entry
12-28 14:32:46.102   349 19693 E mm-camera: c2d_thread_handle_process_buf_event:190 input buf index 6
12-28 14:32:46.102   349 19693 E mm-camera: c2d_thread_handle_process_buf_event:207 input vaddr b3994000
12-28 14:32:46.112   325 19771 D mm-camera-intf: mm_stream_read_msm_frame: VIDIOC_DQBUF buf_index 2, frame_idx 70, stream type 1, queued cnt 3
12-28 14:32:46.112   325 19782 D mm-camera-intf: mm_stream_qbuf: VIDIOC_QBUF buf_index 3,stream type 1,frame_idx 66,queued cnt 4
12-28 14:32:46.132   325 19771 D mm-camera-intf: mm_stream_read_msm_frame: VIDIOC_DQBUF buf_index 6, frame_idx 70, stream type 7, queued cnt 8
12-28 14:32:46.132   325 19781 D mm-camera-intf: mm_stream_qbuf: VIDIOC_QBUF buf_index 6,stream type 7,frame_idx 70,queued cnt 9
12-28 14:32:46.162   349 19775 E AEC_PORT: aec_port_save_update:real_gain:2.000000 linecnt:2036 exp_idx:282 cur_luma:536870912 led_est:1078574234
12-28 14:32:46.162   349 19693 E mm-camera: c2d_thread_handle_process_buf_event:190 input buf index 4
12-28 14:32:46.162   349 19693 E mm-camera: c2d_thread_handle_process_buf_event:207 input vaddr b39ce000
12-28 14:32:46.162   325 19771 D mm-camera-intf: mm_stream_read_msm_frame: VIDIOC_DQBUF buf_index 3, frame_idx 71, stream type 1, queued cnt 3
12-28 14:32:46.162   325 19782 D mm-camera-intf: mm_stream_qbuf: VIDIOC_QBUF buf_index 7,stream type 1,frame_idx 67,queued cnt 4
12-28 14:32:46.182   325 19771 D mm-camera-intf: mm_stream_read_msm_frame: VIDIOC_DQBUF buf_index 7, frame_idx 71, stream type 7, queued cnt 8
12-28 14:32:46.182   325 19781 D mm-camera-intf: mm_stream_qbuf: VIDIOC_QBUF buf_index 7,stream type 7,frame_idx 71,queued cnt 9
12-28 14:32:46.212   349 19693 E mm-camera: c2d_thread_handle_process_buf_event:190 input buf index 5
12-28 14:32:46.212   349 19693 E mm-camera: c2d_thread_handle_process_buf_event:207 input vaddr b39b1000
12-28 14:32:46.212   349 19775 E AEC_PORT: aec_port_save_update:real_gain:2.000000 linecnt:1977 exp_idx:281 cur_luma:-1610612736 led_est:1078627525
12-28 14:32:46.212   325 19771 D mm-camera-intf: mm_stream_read_msm_frame: VIDIOC_DQBUF buf_index 7, frame_idx 72, stream type 1, queued cnt 3
12-28 14:32:46.222   325 19782 D mm-camera-intf: mm_stream_qbuf: VIDIOC_QBUF buf_index 0,stream type 1,frame_idx 68,queued cnt 4
12-28 14:32:46.232   325 19771 D mm-camera-intf: mm_stream_read_msm_frame: VIDIOC_DQBUF buf_index 8, frame_idx 72, stream type 7, queued cnt 8
12-28 14:32:46.232   325 19781 D mm-camera-intf: mm_stream_qbuf: VIDIOC_QBUF buf_index 8,stream type 7,frame_idx 72,queued cnt 9
12-28 14:32:46.272   349 19693 E mm-camera: c2d_thread_handle_process_buf_event:190 input buf index 6
12-28 14:32:46.272   349 19693 E mm-camera: c2d_thread_handle_process_buf_event:207 input vaddr b3994000
12-28 14:32:46.272   325 19771 D mm-camera-intf: mm_stream_read_msm_frame: VIDIOC_DQBUF buf_index 0, frame_idx 73, stream type 1, queued cnt 3
12-28 14:32:46.272   325 19782 D mm-camera-intf: mm_stream_qbuf: VIDIOC_QBUF buf_index 1,stream type 1,frame_idx 69,queued cnt 4
12-28 14:32:46.282   349 19775 E AEC_PORT: aec_port_save_update:real_gain:2.000000 linecnt:1977 exp_idx:281 cur_luma:-536870912 led_est:1078652995
12-28 14:32:46.292   325 19771 D mm-camera-intf: mm_stream_read_msm_frame: VIDIOC_DQBUF buf_index 0, frame_idx 73, stream type 7, queued cnt 8
12-28 14:32:46.292   325 19781 D mm-camera-intf: mm_stream_qbuf: VIDIOC_QBUF buf_index 0,stream type 7,frame_idx 73,queued cnt 9
12-28 14:32:46.322   349 19693 E mm-camera: c2d_thread_handle_process_buf_event:190 input buf index 4
12-28 14:32:46.322   349 19693 E mm-camera: c2d_thread_handle_process_buf_event:207 input vaddr b39ce000
12-28 14:32:46.322   349 19775 E AEC_PORT: aec_port_save_update:real_gain:2.000000 linecnt:1920 exp_idx:280 cur_luma:0 led_est:1078677089
12-28 14:32:46.322   325 19771 D mm-camera-intf: mm_stream_read_msm_frame: VIDIOC_DQBUF buf_index 1, frame_idx 74, stream type 1, queued cnt 3
12-28 14:32:46.322   325 19782 D mm-camera-intf: mm_stream_qbuf: VIDIOC_QBUF buf_index 2,stream type 1,frame_idx 70,queued cnt 4
12-28 14:32:46.342   325 19771 D mm-camera-intf: mm_stream_read_msm_frame: VIDIOC_DQBUF buf_index 1, frame_idx 74, stream type 7, queued cnt 8
12-28 14:32:46.342   325 19781 D mm-camera-intf: mm_stream_qbuf: VIDIOC_QBUF buf_index 1,stream type 7,frame_idx 74,queued cnt 9
12-28 14:32:46.372   349 19693 E mm-camera: c2d_thread_handle_process_buf_event:190 input buf index 5
12-28 14:32:46.372   349 19693 E mm-camera: c2d_thread_handle_process_buf_event:207 input vaddr b39b1000
12-28 14:32:46.372   325 19771 D mm-camera-intf: mm_stream_read_msm_frame: VIDIOC_DQBUF buf_index 2, frame_idx 75, stream type 1, queued cnt 3
12-28 14:32:46.372   325 19782 D mm-camera-intf: mm_stream_qbuf: VIDIOC_QBUF buf_index 3,stream type 1,frame_idx 71,queued cnt 4
12-28 14:32:46.382   349 19775 E AEC_PORT: aec_port_save_update:real_gain:2.000000 linecnt:1920 exp_idx:280 cur_luma:1073741824 led_est:1078647551
12-28 14:32:46.392   325 19771 D mm-camera-intf: mm_stream_read_msm_frame: VIDIOC_DQBUF buf_index 2, frame_idx 75, stream type 7, queued cnt 8
12-28 14:32:46.392   325 19781 D mm-camera-intf: mm_stream_qbuf: VIDIOC_QBUF buf_index 2,stream type 7,frame_idx 75,queued cnt 9
12-28 14:32:46.422   349 19775 E AEC_PORT: aec_port_save_update:real_gain:2.000000 linecnt:1865 exp_idx:279 cur_luma:1610612736 led_est:1078655450
12-28 14:32:46.422   349 19693 E mm-camera: c2d_thread_handle_process_buf_event:190 input buf index 6
12-28 14:32:46.422   349 19693 E mm-camera: c2d_thread_handle_process_buf_event:207 input vaddr b3994000
12-28 14:32:46.432   325 19771 D mm-camera-intf: mm_stream_read_msm_frame: VIDIOC_DQBUF buf_index 3, frame_idx 76, stream type 1, queued cnt 3
12-28 14:32:46.432   325 19782 D mm-camera-intf: mm_stream_qbuf: VIDIOC_QBUF buf_index 7,stream type 1,frame_idx 72,queued cnt 4
12-28 14:32:46.442   325 19771 D mm-camera-intf: mm_stream_read_msm_frame: VIDIOC_DQBUF buf_index 3, frame_idx 76, stream type 7, queued cnt 8
12-28 14:32:46.442   325 19781 D mm-camera-intf: mm_stream_qbuf: VIDIOC_QBUF buf_index 3,stream type 7,frame_idx 76,queued cnt 9
12-28 14:32:46.472   349 19693 E mm-camera: c2d_thread_handle_process_buf_event:190 input buf index 4
12-28 14:32:46.472   349 19693 E mm-camera: c2d_thread_handle_process_buf_event:207 input vaddr b39ce000
12-28 14:32:46.472   325 19771 D mm-camera-intf: mm_stream_read_msm_frame: VIDIOC_DQBUF buf_index 7, frame_idx 77, stream type 1, queued cnt 3
