dhcui@linux-3:/local/code/master/kaios/gecko$ adb logcat |grep -i "socketpair"
01-02 04:42:38.219   568   568 D DHCUI   : PrepareProtoSockets socketpair aInfoList[i].newFds[0] is 31,aInfoList[i].newFds[1] is 32
01-02 04:42:38.219   568   568 D DHCUI   : PrepareProtoSockets socketpair aInfoList[i].newFds[0] is 33,aInfoList[i].newFds[1] is 34
01-02 04:42:38.219   568   568 D DHCUI   : PrepareProtoSockets socketpair aInfoList[i].newFds[0] is 35,aInfoList[i].newFds[1] is 36
01-02 04:42:38.219   568   568 D DHCUI   : PrepareProtoSockets socketpair aInfoList[i].newFds[0] is 37,aInfoList[i].newFds[1] is 38
01-02 04:42:38.219   568   568 D DHCUI   : PrepareProtoSockets socketpair aInfoList[i].newFds[0] is 39,aInfoList[i].newFds[1] is 40
01-02 04:42:38.219   568   568 D DHCUI   : PrepareProtoSockets socketpair aInfoList[i].newFds[0] is 41,aInfoList[i].newFds[1] is 42
01-02 04:42:38.239  2922  2922 D DHCUI   : ReplaceSignalFds socketpair fds[0] is 43,fds[1] is 44
01-02 04:42:38.239  2922  2922 D DHCUI   : ReplaceSignalFds socketpair fds[0] is 43,fds[1] is 44






01-01 08:03:24.929  7246  7246 D DHCUI-xxxxxxxxxx: #00 pc 005dd553  /system/b2g/libxul.so (_ZN3IPC7Channel11ChannelImplC2EiNS0_4ModeEPNS0_8ListenerE+186)
01-01 08:03:24.929  7246  7246 D DHCUI-xxxxxxxxxx: #01 pc 005dd5b1  /system/b2g/libxul.so (_ZN3IPC7ChannelC2EiNS0_4ModeEPNS0_8ListenerE+36)
01-01 08:03:24.929  7246  7246 D DHCUI-xxxxxxxxxx: #02 pc 005eec71  /system/b2g/libxul.so (_ZN7mozilla3ipc14OpenDescriptorERKNS0_14FileDescriptorEN3IPC7Channel4ModeE+20)
01-01 08:03:24.929  7246  7246 D DHCUI-xxxxxxxxxx: #03 pc 005ecd0d  /system/b2g/libxul.so (_ZN12_GLOBAL__N_110ParentImpl13CloneToplevelERK8nsTArrayIN7mozilla3ipc17ProtocolFdMappingEEiPNS3_20ProtocolCloneContextE+44)
01-01 08:03:24.929  7246  7246 D DHCUI-xxxxxxxxxx: #04 pc 005e9221  /system/b2g/libxul.so (_ZN7mozilla3ipc17IToplevelProtocol20CloneOpenedToplevelsEPS1_RK8nsTArrayINS0_17ProtocolFdMappingEEiPNS0_20ProtocolCloneContextE+68)
01-01 08:03:24.929  7246  7246 D DHCUI-xxxxxxxxxx: #05 pc 010e574d  /system/b2g/libxul.so (_ZN7mozilla3dom13ContentParentC2EPS1_RK18nsAString_internaliO8nsTArrayINS_3ipc17ProtocolFdMappingEEb+388)
01-01 08:03:24.929  7246  7246 D DHCUI-xxxxxxxxxx: #06 pc 010e60e3  /system/b2g/libxul.so (_ZN7mozilla3dom13ContentParent19OnNewProcessCreatedEjONS_9UniquePtrI8nsTArrayINS_3ipc17ProtocolFdMappingEENS_13DefaultDeleteIS6_EEEEb+62)
01-01 08:03:24.929  7246  7246 D DHCUI-xxxxxxxxxx: #07 pc 010daf81  /system/b2g/libxul.so (_ZN20nsRunnableMethodImplIMN7mozilla3dom13ContentParentEFvjONS0_9UniquePtrI8nsTArrayINS0_3ipc17ProtocolFdMappingEENS0_13DefaultDeleteIS7_EEEEbELb0EJjSB_bEE3RunEv+38)
01-01 08:03:24.929  7246  7246 D DHCUI-xxxxxxxxxx: #08 pc 014cc4dd  /system/b2g/libxul.so (_ZN7mozilla10tasktracer14TracedRunnable3RunEv+26)
01-01 08:03:24.929  7246  7246 D DHCUI-xxxxxxxxxx: #09 pc 003ee3a1  /system/b2g/libxul.so (_ZN8nsThread16ProcessNextEventEbPb+560)
01-01 08:03:24.929  7246  7246 D DHCUI-xxxxxxxxxx: #10 pc 004004ab  /system/b2g/libxul.so (_Z19NS_ProcessNextEventP9nsIThreadb+22)
01-01 08:03:24.929  7246  7246 D DHCUI-xxxxxxxxxx: #11 pc 005e4b29  /system/b2g/libxul.so (_ZN7mozilla3ipc11MessagePump3RunEPN4base11MessagePump8DelegateE+148)
01-01 08:03:24.929  7246  7246 D DHCUI-xxxxxxxxxx: #12 pc 005d5913  /system/b2g/libxul.so (_ZN11MessageLoop3RunEv+14)
01-01 08:03:24.929  7246  7246 D DHCUI-xxxxxxxxxx: #13 pc 011a7869  /system/b2g/libxul.so (_ZN14nsBaseAppShell3RunEv+28)
01-01 08:03:24.929  7246  7246 D DHCUI-xxxxxxxxxx: #14 pc 0155a4fd  /system/b2g/libxul.so (_ZN12nsAppStartup3RunEv+48)
01-01 08:03:24.929  7246  7246 D DHCUI-xxxxxxxxxx: #15 pc 015752bf  /system/b2g/libxul.so (_ZN7XREMain11XRE_mainRunEv+1806)
01-01 08:03:24.929  7246  7246 D DHCUI-xxxxxxxxxx: #16 pc 01575585  /system/b2g/libxul.so (_ZN7XREMain8XRE_mainEiPPcPK12nsXREAppData+444)
01-01 08:03:24.929  7246  7246 D DHCUI-xxxxxxxxxx: #17 pc 0157577b  /system/b2g/libxul.so (XRE_main+78)
01-01 08:03:24.929  7246  7246 D DHCUI-xxxxxxxxxx: #18 pc 00006421  /system/b2g/b2g (_ZL7do_mainiPPc+276)
01-01 08:03:24.929  7246  7246 D DHCUI-xxxxxxxxxx: #19 pc 00006519  /system/b2g/b2g (_Z8b2g_mainiPPKc+160)
01-01 08:03:24.929  7246  7246 D DHCUI-xxxxxxxxxx: #20 pc 000062b7  /system/b2g/b2g (main+326)
01-01 08:03:24.929  7246  7246 D DHCUI-xxxxxxxxxx: #21 pc 00016655  /system/lib/libc.so (__libc_init+44)
01-01 08:03:24.929  7246  7246 D DHCUI-xxxxxxxxxx: #22 pc 00005db0  /system/b2g/b2g (_start+96)



01-01 08:35:03.149  7246  7372 I GeckoIPC: [time: 27303157283][7246->7253] [PNuwaParent] Sending  PNuwa::Msg_Fork
01-01 08:35:03.149  7246  7265 D DHCUI   : ProcessOutgoingMessages xxxxxxxxxx pipe_ is 126,bytes_written is 64
01-01 08:35:03.149  7253  7621 D DHCUI   : ProcessIncomingMessages xxxxxxxxxx bytes_read pipe_ is 27,bytes_read is 64,closed_ is 0 this is 0xb05fd000
01-01 08:35:03.149  7253  7621 D DHCUI   : ProcessIncomingMessages xxxxxxxxxx bytes_read pipe_ is 27,bytes_read is -1,closed_ is 0 this is 0xb05fd000
01-01 08:35:03.149  7253  7253 I GeckoIPC: [time: 27303157948][7253<-7246] [PNuwaChild] Received  PNuwa::Msg_Fork
01-01 08:35:03.179  8594  8594 D DHCUI   : Channel::ChannelImpl::ResetFileDescriptor xxxxxxxxxx fd is 555
01-01 18:32:17.559  8594  8594 D DHCUI-xxxxxxxxxx: #00 pc 005dd243  /system/b2g/libxul.so (_ZN3IPC7Channel11ChannelImpl19ResetFileDescriptorEi+38)
01-01 18:32:17.559  8594  8594 D DHCUI-xxxxxxxxxx: #01 pc 010d6f6b  /system/b2g/libxul.so (_ZN7mozilla3domL15ResetTransportsEPv+22)
01-01 18:32:17.559  8594  8594 D DHCUI-xxxxxxxxxx: #02 pc 00008111  /system/b2g/libmozglue.so (NuwaSpawn+696)
01-01 18:32:17.559  8594  8594 D DHCUI-xxxxxxxxxx: #03 pc 010dae39  /system/b2g/libxul.so (_ZN7mozilla3dom12_GLOBAL__N_113CallNuwaSpawn3RunEv+4)
01-01 18:32:17.559  8594  8594 D DHCUI-xxxxxxxxxx: #04 pc 014cc4fd  /system/b2g/libxul.so (_ZN7mozilla10tasktracer14TracedRunnable3RunEv+26)
01-01 18:32:17.559  8594  8594 D DHCUI-xxxxxxxxxx: #05 pc 003ee3a1  /system/b2g/libxul.so (_ZN8nsThread16ProcessNextEventEbPb+560)
01-01 18:32:17.559  8594  8594 D DHCUI-xxxxxxxxxx: #06 pc 004004ab  /system/b2g/libxul.so (_Z19NS_ProcessNextEventP9nsIThreadb+22)
01-01 18:32:17.559  8594  8594 D DHCUI-xxxxxxxxxx: #07 pc 005e4b41  /system/b2g/libxul.so (_ZN7mozilla3ipc11MessagePump3RunEPN4base11MessagePump8DelegateE+148)
01-01 18:32:17.559  8594  8594 D DHCUI-xxxxxxxxxx: #08 pc 005d5913  /system/b2g/libxul.so (_ZN11MessageLoop3RunEv+14)
01-01 18:32:17.559  8594  8594 D DHCUI-xxxxxxxxxx: #09 pc 011a7881  /system/b2g/libxul.so (_ZN14nsBaseAppShell3RunEv+28)
01-01 18:32:17.559  8594  8594 D DHCUI-xxxxxxxxxx: #10 pc 01575b35  /system/b2g/libxul.so (XRE_RunAppShell+32)
01-01 18:32:17.559  8594  8594 D DHCUI-xxxxxxxxxx: #11 pc 005d5913  /system/b2g/libxul.so (_ZN11MessageLoop3RunEv+14)
01-01 18:32:17.559  8594  8594 D DHCUI-xxxxxxxxxx: #12 pc 01576121  /system/b2g/libxul.so (XRE_InitChildProcess+752)
01-01 18:32:17.559  8594  8594 D DHCUI-xxxxxxxxxx: #13 pc 007498d3  /system/b2g/libxul.so (_Z20content_process_mainiPPc+102)
01-01 18:32:17.559  8594  8594 D DHCUI-xxxxxxxxxx: #14 pc 005ea851  /system/b2g/libxul.so (_ZN7mozilla3ipc20ProcLoaderLoadRunner6DoWorkEv+112)
01-01 18:32:17.559  8594  8594 D DHCUI-xxxxxxxxxx: #15 pc 005eeaad  /system/b2g/libxul.so (XRE_ProcLoaderServiceRun+392)
01-01 18:32:17.559  8594  8594 D DHCUI-xxxxxxxxxx: #16 pc 00006289  /system/b2g/b2g (main+280)
01-01 18:32:17.559  8594  8594 D DHCUI-xxxxxxxxxx: #17 pc 00016655  /system/lib/libc.so (__libc_init+44)
01-01 18:32:17.559  8594  8594 D DHCUI-xxxxxxxxxx: #18 pc 00005db0  /system/b2g/b2g (_start+96)
01-01 08:35:03.179  8594  8594 D DHCUI   : Channel::ChannelImpl::ResetFileDescriptor xxxxxxxxxx fd is 12
01-01 08:35:03.179  8594  8594 D DHCUI   : Channel::ChannelImpl::ResetFileDescriptor xxxxxxxxxx fd is 13
01-01 08:35:03.179  8594  8594 D DHCUI   : Channel::ChannelImpl::ResetFileDescriptor xxxxxxxxxx fd is 14
01-01 08:35:03.179  8594  8594 D DHCUI   : Channel::ChannelImpl::ResetFileDescriptor xxxxxxxxxx fd is 19
01-01 08:35:03.179  8594  8594 D DHCUI   : Channel::ChannelImpl::ResetFileDescriptor xxxxxxxxxx fd is 27


01-01 08:35:03.179  7253  7253 I GeckoIPC: [time: 27303193757][7253->7246] [PNuwaChild] Sending  PNuwa::Msg_AddNewProcess
01-01 08:35:03.179  7253  7621 D DHCUI   : ProcessOutgoingMessages xxxxxxxxxx pipe_ is 27,bytes_written is 176
01-01 08:35:03.179  7246  7265 D DHCUI   : ProcessIncomingMessages xxxxxxxxxx bytes_read pipe_ is 126,bytes_read is 176,closed_ is 0 this is 0xa8ce8000
01-01 08:35:03.179  7246  7265 D DHCUI   : ProcessIncomingMessages xxxxxxxxxx bytes_read pipe_ is 126,bytes_read is -1,closed_ is 0 this is 0xa8ce8000
01-01 08:35:03.179  7246  7372 I GeckoIPC: [time: 27303194668][7246<-7253] [PNuwaParent] Received  PNuwa::Msg_AddNewProcess
01-01 08:35:03.179  7246  7372 I GeckoIPC: [time: 27303194817][7246->7253] [PNuwaParent] Sending reply  PNuwa::Reply_AddNewProcess
01-01 08:35:03.179  7246  7372 D DHCUI   : MessageChannel::DispatchMessage Sending reply seqno=-6, xid=-6
01-01 08:35:03.179  7246  7265 D DHCUI   : Channel::ChannelImpl::ChannelImpl xxxxxxxxxx 111 fd is 144,pipe_ is 0,mode is 0
01-01 08:35:03.179  7246  7265 D DHCUI   : Channel::ChannelImpl::ChannelImpl xxxxxxxxxx 222 fd is 144,pipe_ is 144,mode is 0

01-01 08:35:03.219  8594  8594 I GeckoIPC: [time: 27303232842][8594->7246] [PContentChild] Sending  PContent::Msg_AsyncMessage
01-01 08:35:03.219  8594  8595 D DHCUI   : ProcessOutgoingMessages xxxxxxxxxx pipe_ is 555,bytes_written is 68
01-01 08:35:03.219  8594  8595 D DHCUI   : ProcessOutgoingMessages xxxxxxxxxx pipe_ is 555,bytes_written is 456
01-01 08:35:03.219  8594  8594 I GeckoIPC: [time: 27303234325][8594->7246] [PContentChild] Sending  PContent::Msg_SyncMessage
01-01 08:35:03.219  8594  8595 D DHCUI   : ProcessOutgoingMessages xxxxxxxxxx pipe_ is 555,bytes_written is 164


01-01 08:35:03.359  7246  7265 D DHCUI-xxxxxxxxxx: #00 pc 005dd553  /system/b2g/libxul.so (_ZN3IPC7Channel11ChannelImplC2EiNS0_4ModeEPNS0_8ListenerE+186)
01-01 08:35:03.359  7246  7265 D DHCUI-xxxxxxxxxx: #01 pc 005dd5b1  /system/b2g/libxul.so (_ZN3IPC7ChannelC2EiNS0_4ModeEPNS0_8ListenerE+36)
01-01 08:35:03.359  7246  7265 D DHCUI-xxxxxxxxxx: #02 pc 005eec71  /system/b2g/libxul.so (_ZN7mozilla3ipc14OpenDescriptorERKNS0_14FileDescriptorEN3IPC7Channel4ModeE+20)
01-01 08:35:03.359  7246  7265 D DHCUI-xxxxxxxxxx: #03 pc 005dc731  /system/b2g/libxul.so (_ZN16ChildProcessHost13CreateChannelERN7mozilla3ipc14FileDescriptorE+18)
01-01 08:35:03.359  7246  7265 D DHCUI-xxxxxxxxxx: #04 pc 005e2113  /system/b2g/libxul.so (_ZN7mozilla3ipc24GeckoExistingProcessHost17InitializeChannelEv+8)
01-01 08:35:03.359  7246  7265 D DHCUI-xxxxxxxxxx: #05 pc 005e2795  /system/b2g/libxul.so (_ZN7mozilla3ipc21GeckoChildProcessHost21RunPerformAsyncLaunchENSt3__16vectorINS2_12basic_stringIcNS2_11char_traitsIcEENS2_9allocatorIcEEEENS7_IS9_EEEEN4base19ProcessArchitectureE+16)
01-01 08:35:03.359  7246  7265 D DHCUI-xxxxxxxxxx: #06 pc 005e272d  /system/b2g/libxul.so (_ZN14RunnableMethodIN7mozilla3ipc21GeckoChildProcessHostEMS2_FbNSt3__16vectorINS3_12basic_stringIcNS3_11char_traitsIcEENS3_9allocatorIcEEEENS8_ISA_EEEEN4base19ProcessArchitectureEENS0_5TupleIJSC_SE_EEEE3RunEv+58)
01-01 08:35:03.359  7246  7265 D DHCUI-xxxxxxxxxx: #07 pc 014cc519  /system/b2g/libxul.so (_ZN7mozilla10tasktracer10TracedTask3RunEv+26)
01-01 08:35:03.359  7246  7265 D DHCUI-xxxxxxxxxx: #08 pc 005d5879  /system/b2g/libxul.so (_ZN11MessageLoop7RunTaskEP4Task+18)
01-01 08:35:03.359  7246  7265 D DHCUI-xxxxxxxxxx: #09 pc 005d86db  /system/b2g/libxul.so (_ZN11MessageLoop21DeferOrRunPendingTaskERKNS_11PendingTaskE+26)
01-01 08:35:03.359  7246  7265 D DHCUI-xxxxxxxxxx: #10 pc 005d8765  /system/b2g/libxul.so (_ZN11MessageLoop6DoWorkEv+120)
01-01 08:35:03.359  7246  7265 D DHCUI-xxxxxxxxxx: #11 pc 005d4cc9  /system/b2g/libxul.so (_ZN4base19MessagePumpLibevent3RunEPNS_11MessagePump8DelegateE+28)
01-01 08:35:03.359  7246  7265 D DHCUI-xxxxxxxxxx: #12 pc 005d5913  /system/b2g/libxul.so (_ZN11MessageLoop3RunEv+14)
01-01 08:35:03.359  7246  7265 D DHCUI-xxxxxxxxxx: #13 pc 005da2fb  /system/b2g/libxul.so (_ZN4base6Thread10ThreadMainEv+138)
01-01 08:35:03.359  7246  7265 D DHCUI-xxxxxxxxxx: #14 pc 005d8f8d  /system/b2g/libxul.so (_ZL10ThreadFuncPv+6)
01-01 08:35:03.359  7246  7265 D DHCUI-xxxxxxxxxx: #15 pc 000415cb  /system/lib/libc.so (_ZL15__pthread_startPv+30)
01-01 08:35:03.359  7246  7265 D DHCUI-xxxxxxxxxx: #16 pc 00019265  /system/lib/libc.so (__start_thread+6)
01-01 08:35:03.359  7246  7265 D DHCUI   : Channel::ChannelImpl::Connect() waiting_connect_ is 0,pipe_ is 144
01-01 08:35:03.359  7246  7265 D DHCUI   : ProcessOutgoingMessages xxxxxxxxxx pipe_ is 144,bytes_written is 68
01-01 08:35:03.359  7246  7265 D DHCUI   : ProcessOutgoingMessages xxxxxxxxxx pipe_ is 126,bytes_written is 64
01-01 08:35:03.359  7246  7265 D DHCUI   : ProcessIncomingMessages xxxxxxxxxx bytes_read pipe_ is 144,bytes_read is 688,closed_ is 0 this is 0xa8d23000
01-01 08:35:03.359  7246  7265 D DHCUI   : ProcessIncomingMessages xxxxxxxxxx bytes_read pipe_ is 144,bytes_read is -1,closed_ is 0 this is 0xa8d23000
01-01 08:35:03.359  7253  7621 D DHCUI   : ProcessIncomingMessages xxxxxxxxxx bytes_read pipe_ is 27,bytes_read is 64,closed_ is 0 this is 0xb05fd000
01-01 08:35:03.359  7253  7621 D DHCUI   : ProcessIncomingMessages xxxxxxxxxx bytes_read pipe_ is 27,bytes_read is -1,closed_ is 0 this is 0xb05fd000
01-01 08:35:03.359  7253  7253 I GeckoIPC: [time: 27303376608][7253<-7246] [PNuwaChild] Received reply  ???
01-01 08:35:03.359  7246  7246 D DHCUI   : Channel::ChannelImpl::ChannelImpl xxxxxxxxxx 111 fd is 151,pipe_ is 0,mode is 0
01-01 08:35:03.359  7246  7246 D DHCUI   : Channel::ChannelImpl::ChannelImpl xxxxxxxxxx 222 fd is 151,pipe_ is 151,mode is 0
01-01 08:35:03.379  8594  8595 D DHCUI   : ProcessIncomingMessages xxxxxxxxxx bytes_read pipe_ is 555,bytes_read is 68,closed_ is 0 this is 0xb2389000
01-01 08:35:03.379  8594  8595 D DHCUI   : ProcessIncomingMessages xxxxxxxxxx bytes_read pipe_ is 555,bytes_read is -1,closed_ is 0 this is 0xb2389000
01-01 08:35:03.589  7246  7246 D DHCUI-xxxxxxxxxx: #00 pc 005dd553  /system/b2g/libxul.so (_ZN3IPC7Channel11ChannelImplC2EiNS0_4ModeEPNS0_8ListenerE+186)
01-01 08:35:03.589  7246  7246 D DHCUI-xxxxxxxxxx: #01 pc 005dd5b1  /system/b2g/libxul.so (_ZN3IPC7ChannelC2EiNS0_4ModeEPNS0_8ListenerE+36)
01-01 08:35:03.589  7246  7246 D DHCUI-xxxxxxxxxx: #02 pc 005eec71  /system/b2g/libxul.so (_ZN7mozilla3ipc14OpenDescriptorERKNS0_14FileDescriptorEN3IPC7Channel4ModeE+20)
01-01 08:35:03.589  7246  7246 D DHCUI-xxxxxxxxxx: #03 pc 009029db  /system/b2g/libxul.so (_ZN7mozilla6layers34CrossProcessCompositorBridgeParent13CloneToplevelERK8nsTArrayINS_3ipc17ProtocolFdMappingEEiPNS3_20ProtocolCloneContextE+38)
01-01 08:35:03.589  7246  7246 D DHCUI-xxxxxxxxxx: #04 pc 005e9221  /system/b2g/libxul.so (_ZN7mozilla3ipc17IToplevelProtocol20CloneOpenedToplevelsEPS1_RK8nsTArrayINS0_17ProtocolFdMappingEEiPNS0_20ProtocolCloneContextE+68)
01-01 08:35:03.589  7246  7246 D DHCUI-xxxxxxxxxx: #05 pc 010e574d  /system/b2g/libxul.so (_ZN7mozilla3dom13ContentParentC2EPS1_RK18nsAString_internaliO8nsTArrayINS_3ipc17ProtocolFdMappingEEb+388)
01-01 08:35:03.589  7246  7246 D DHCUI-xxxxxxxxxx: #06 pc 010e60e3  /system/b2g/libxul.so (_ZN7mozilla3dom13ContentParent19OnNewProcessCreatedEjONS_9UniquePtrI8nsTArrayINS_3ipc17ProtocolFdMappingEENS_13DefaultDeleteIS6_EEEEb+62)
01-01 08:35:03.589  7246  7246 D DHCUI-xxxxxxxxxx: #07 pc 010daf81  /system/b2g/libxul.so (_ZN20nsRunnableMethodImplIMN7mozilla3dom13ContentParentEFvjONS0_9UniquePtrI8nsTArrayINS0_3ipc17ProtocolFdMappingEENS0_13DefaultDeleteIS7_EEEEbELb0EJjSB_bEE3RunEv+38)
01-01 08:35:03.589  7246  7246 D DHCUI-xxxxxxxxxx: #08 pc 014cc4dd  /system/b2g/libxul.so (_ZN7mozilla10tasktracer14TracedRunnable3RunEv+26)
01-01 08:35:03.589  7246  7246 D DHCUI-xxxxxxxxxx: #09 pc 003ee3a1  /system/b2g/libxul.so (_ZN8nsThread16ProcessNextEventEbPb+560)
01-01 08:35:03.589  7246  7246 D DHCUI-xxxxxxxxxx: #10 pc 004004ab  /system/b2g/libxul.so (_Z19NS_ProcessNextEventP9nsIThreadb+22)
01-01 08:35:03.589  7246  7246 D DHCUI-xxxxxxxxxx: #11 pc 005e4b75  /system/b2g/libxul.so (_ZN7mozilla3ipc11MessagePump3RunEPN4base11MessagePump8DelegateE+224)
01-01 08:35:03.589  7246  7246 D DHCUI-xxxxxxxxxx: #12 pc 005d5913  /system/b2g/libxul.so (_ZN11MessageLoop3RunEv+14)
01-01 08:35:03.589  7246  7246 D DHCUI-xxxxxxxxxx: #13 pc 011a7869  /system/b2g/libxul.so (_ZN14nsBaseAppShell3RunEv+28)
01-01 08:35:03.589  7246  7246 D DHCUI-xxxxxxxxxx: #14 pc 0155a4fd  /system/b2g/libxul.so (_ZN12nsAppStartup3RunEv+48)
01-01 08:35:03.589  7246  7246 D DHCUI-xxxxxxxxxx: #15 pc 015752bf  /system/b2g/libxul.so (_ZN7XREMain11XRE_mainRunEv+1806)
01-01 08:35:03.589  7246  7246 D DHCUI-xxxxxxxxxx: #16 pc 01575585  /system/b2g/libxul.so (_ZN7XREMain8XRE_mainEiPPcPK12nsXREAppData+444)
01-01 08:35:03.589  7246  7246 D DHCUI-xxxxxxxxxx: #17 pc 0157577b  /system/b2g/libxul.so (XRE_main+78)
01-01 08:35:03.589  7246  7246 D DHCUI-xxxxxxxxxx: #18 pc 00006421  /system/b2g/b2g (_ZL7do_mainiPPc+276)
01-01 08:35:03.589  7246  7246 D DHCUI-xxxxxxxxxx: #19 pc 00006519  /system/b2g/b2g (_Z8b2g_mainiPPKc+160)
01-01 08:35:03.589  7246  7246 D DHCUI-xxxxxxxxxx: #20 pc 000062b7  /system/b2g/b2g (main+326)
01-01 08:35:03.589  7246  7246 D DHCUI-xxxxxxxxxx: #21 pc 00016655  /system/lib/libc.so (__libc_init+44)
01-01 08:35:03.589  7246  7246 D DHCUI-xxxxxxxxxx: #22 pc 00005db0  /system/b2g/b2g (_start+96)
01-01 08:35:03.589  7246  7246 D DHCUI   : Channel::ChannelImpl::ChannelImpl xxxxxxxxxx 111 fd is 200,pipe_ is 0,mode is 0
01-01 08:35:03.589  7246  7246 D DHCUI   : Channel::ChannelImpl::ChannelImpl xxxxxxxxxx 222 fd is 200,pipe_ is 200,mode is 0
01-01 08:35:03.599  7246  7265 D DHCUI   : mChannelState ProcessLink::OnChannelOpened
01-01 08:35:03.599  7246  7265 D DHCUI   : Channel::ChannelImpl::Connect() waiting_connect_ is 0,pipe_ is 151
01-01 08:35:03.599  7246  7265 D DHCUI   : ProcessOutgoingMessages xxxxxxxxxx pipe_ is 151,bytes_written is 68
01-01 08:35:03.599  8594  8595 D DHCUI   : ProcessIncomingMessages xxxxxxxxxx bytes_read pipe_ is 12,bytes_read is 68,closed_ is 0 this is 0xb23b8000
01-01 08:35:03.599  8594  8595 D DHCUI   : ProcessIncomingMessages xxxxxxxxxx bytes_read pipe_ is 12,bytes_read is -1,closed_ is 0 this is 0xb23b8000
01-01 08:35:03.819  7246  7246 D DHCUI-xxxxxxxxxx: #00 pc 005dd553  /system/b2g/libxul.so (_ZN3IPC7Channel11ChannelImplC2EiNS0_4ModeEPNS0_8ListenerE+186)
01-01 08:35:03.819  7246  7246 D DHCUI-xxxxxxxxxx: #01 pc 005dd5b1  /system/b2g/libxul.so (_ZN3IPC7ChannelC2EiNS0_4ModeEPNS0_8ListenerE+36)
01-01 08:35:03.819  7246  7246 D DHCUI-xxxxxxxxxx: #02 pc 005eec71  /system/b2g/libxul.so (_ZN7mozilla3ipc14OpenDescriptorERKNS0_14FileDescriptorEN3IPC7Channel4ModeE+20)
01-01 08:35:03.819  7246  7246 D DHCUI-xxxxxxxxxx: #03 pc 00915cdf  /system/b2g/libxul.so (_ZN7mozilla6layers17ImageBridgeParent13CloneToplevelERK8nsTArrayINS_3ipc17ProtocolFdMappingEEiPNS3_20ProtocolCloneContextE+38)
01-01 08:35:03.819  7246  7246 D DHCUI-xxxxxxxxxx: #04 pc 005e9221  /system/b2g/libxul.so (_ZN7mozilla3ipc17IToplevelProtocol20CloneOpenedToplevelsEPS1_RK8nsTArrayINS0_17ProtocolFdMappingEEiPNS0_20ProtocolCloneContextE+68)
01-01 08:35:03.819  7246  7246 D DHCUI-xxxxxxxxxx: #05 pc 010e574d  /system/b2g/libxul.so (_ZN7mozilla3dom13ContentParentC2EPS1_RK18nsAString_internaliO8nsTArrayINS_3ipc17ProtocolFdMappingEEb+388)
01-01 08:35:03.819  7246  7246 D DHCUI-xxxxxxxxxx: #06 pc 010e60e3  /system/b2g/libxul.so (_ZN7mozilla3dom13ContentParent19OnNewProcessCreatedEjONS_9UniquePtrI8nsTArrayINS_3ipc17ProtocolFdMappingEENS_13DefaultDeleteIS6_EEEEb+62)
01-01 08:35:03.819  7246  7246 D DHCUI-xxxxxxxxxx: #07 pc 010daf81  /system/b2g/libxul.so (_ZN20nsRunnableMethodImplIMN7mozilla3dom13ContentParentEFvjONS0_9UniquePtrI8nsTArrayINS0_3ipc17ProtocolFdMappingEENS0_13DefaultDeleteIS7_EEEEbELb0EJjSB_bEE3RunEv+38)
01-01 08:35:03.819  7246  7246 D DHCUI-xxxxxxxxxx: #08 pc 014cc4dd  /system/b2g/libxul.so (_ZN7mozilla10tasktracer14TracedRunnable3RunEv+26)
01-01 08:35:03.819  7246  7246 D DHCUI-xxxxxxxxxx: #09 pc 003ee3a1  /system/b2g/libxul.so (_ZN8nsThread16ProcessNextEventEbPb+560)
01-01 08:35:03.819  7246  7246 D DHCUI-xxxxxxxxxx: #10 pc 004004ab  /system/b2g/libxul.so (_Z19NS_ProcessNextEventP9nsIThreadb+22)
01-01 08:35:03.819  7246  7246 D DHCUI-xxxxxxxxxx: #11 pc 005e4b75  /system/b2g/libxul.so (_ZN7mozilla3ipc11MessagePump3RunEPN4base11MessagePump8DelegateE+224)
01-01 08:35:03.819  7246  7246 D DHCUI-xxxxxxxxxx: #12 pc 005d5913  /system/b2g/libxul.so (_ZN11MessageLoop3RunEv+14)
01-01 08:35:03.819  7246  7246 D DHCUI-xxxxxxxxxx: #13 pc 011a7869  /system/b2g/libxul.so (_ZN14nsBaseAppShell3RunEv+28)
01-01 08:35:03.819  7246  7246 D DHCUI-xxxxxxxxxx: #14 pc 0155a4fd  /system/b2g/libxul.so (_ZN12nsAppStartup3RunEv+48)
01-01 08:35:03.819  7246  7246 D DHCUI-xxxxxxxxxx: #15 pc 015752bf  /system/b2g/libxul.so (_ZN7XREMain11XRE_mainRunEv+1806)
01-01 08:35:03.819  7246  7246 D DHCUI-xxxxxxxxxx: #16 pc 01575585  /system/b2g/libxul.so (_ZN7XREMain8XRE_mainEiPPcPK12nsXREAppData+444)
01-01 08:35:03.819  7246  7246 D DHCUI-xxxxxxxxxx: #17 pc 0157577b  /system/b2g/libxul.so (XRE_main+78)
01-01 08:35:03.819  7246  7246 D DHCUI-xxxxxxxxxx: #18 pc 00006421  /system/b2g/b2g (_ZL7do_mainiPPc+276)
01-01 08:35:03.819  7246  7246 D DHCUI-xxxxxxxxxx: #19 pc 00006519  /system/b2g/b2g (_Z8b2g_mainiPPKc+160)
01-01 08:35:03.819  7246  7246 D DHCUI-xxxxxxxxxx: #20 pc 000062b7  /system/b2g/b2g (main+326)
01-01 08:35:03.819  7246  7246 D DHCUI-xxxxxxxxxx: #21 pc 00016655  /system/lib/libc.so (__libc_init+44)
01-01 08:35:03.819  7246  7246 D DHCUI-xxxxxxxxxx: #22 pc 00005db0  /system/b2g/b2g (_start+96)
01-01 08:35:03.819  7246  7246 D DHCUI   : Channel::ChannelImpl::ChannelImpl xxxxxxxxxx 111 fd is 209,pipe_ is 0,mode is 0
01-01 08:35:03.819  7246  7246 D DHCUI   : Channel::ChannelImpl::ChannelImpl xxxxxxxxxx 222 fd is 209,pipe_ is 209,mode is 0
01-01 08:35:03.819  7246  7265 D DHCUI   : mChannelState ProcessLink::OnChannelOpened
01-01 08:35:03.819  7246  7265 D DHCUI   : Channel::ChannelImpl::Connect() waiting_connect_ is 0,pipe_ is 200
01-01 08:35:03.819  7246  7265 D DHCUI   : ProcessOutgoingMessages xxxxxxxxxx pipe_ is 200,bytes_written is 68
01-01 08:35:03.819  8594  8595 D DHCUI   : ProcessIncomingMessages xxxxxxxxxx bytes_read pipe_ is 13,bytes_read is 68,closed_ is 0 this is 0xafd01000
01-01 08:35:03.819  8594  8595 D DHCUI   : ProcessIncomingMessages xxxxxxxxxx bytes_read pipe_ is 13,bytes_read is -1,closed_ is 0 this is 0xafd01000
01-01 08:35:04.049  7246  7246 D DHCUI-xxxxxxxxxx: #00 pc 005dd553  /system/b2g/libxul.so (_ZN3IPC7Channel11ChannelImplC2EiNS0_4ModeEPNS0_8ListenerE+186)
01-01 08:35:04.049  7246  7246 D DHCUI-xxxxxxxxxx: #01 pc 005dd5b1  /system/b2g/libxul.so (_ZN3IPC7ChannelC2EiNS0_4ModeEPNS0_8ListenerE+36)
01-01 08:35:04.049  7246  7246 D DHCUI-xxxxxxxxxx: #02 pc 005eec71  /system/b2g/libxul.so (_ZN7mozilla3ipc14OpenDescriptorERKNS0_14FileDescriptorEN3IPC7Channel4ModeE+20)
01-01 08:35:04.049  7246  7246 D DHCUI-xxxxxxxxxx: #03 pc 00954053  /system/b2g/libxul.so (_ZN7mozilla3gfx15VRManagerParent13CloneToplevelERK8nsTArrayINS_3ipc17ProtocolFdMappingEEiPNS3_20ProtocolCloneContextE+38)
01-01 08:35:04.049  7246  7246 D DHCUI-xxxxxxxxxx: #04 pc 005e9221  /system/b2g/libxul.so (_ZN7mozilla3ipc17IToplevelProtocol20CloneOpenedToplevelsEPS1_RK8nsTArrayINS0_17ProtocolFdMappingEEiPNS0_20ProtocolCloneContextE+68)
01-01 08:35:04.049  7246  7246 D DHCUI-xxxxxxxxxx: #05 pc 010e574d  /system/b2g/libxul.so (_ZN7mozilla3dom13ContentParentC2EPS1_RK18nsAString_internaliO8nsTArrayINS_3ipc17ProtocolFdMappingEEb+388)
01-01 08:35:04.049  7246  7246 D DHCUI-xxxxxxxxxx: #06 pc 010e60e3  /system/b2g/libxul.so (_ZN7mozilla3dom13ContentParent19OnNewProcessCreatedEjONS_9UniquePtrI8nsTArrayINS_3ipc17ProtocolFdMappingEENS_13DefaultDeleteIS6_EEEEb+62)
01-01 08:35:04.049  7246  7246 D DHCUI-xxxxxxxxxx: #07 pc 010daf81  /system/b2g/libxul.so (_ZN20nsRunnableMethodImplIMN7mozilla3dom13ContentParentEFvjONS0_9UniquePtrI8nsTArrayINS0_3ipc17ProtocolFdMappingEENS0_13DefaultDeleteIS7_EEEEbELb0EJjSB_bEE3RunEv+38)
01-01 08:35:04.049  7246  7246 D DHCUI-xxxxxxxxxx: #08 pc 014cc4dd  /system/b2g/libxul.so (_ZN7mozilla10tasktracer14TracedRunnable3RunEv+26)
01-01 08:35:04.049  7246  7246 D DHCUI-xxxxxxxxxx: #09 pc 003ee3a1  /system/b2g/libxul.so (_ZN8nsThread16ProcessNextEventEbPb+560)
01-01 08:35:04.049  7246  7246 D DHCUI-xxxxxxxxxx: #10 pc 004004ab  /system/b2g/libxul.so (_Z19NS_ProcessNextEventP9nsIThreadb+22)
01-01 08:35:04.049  7246  7246 D DHCUI-xxxxxxxxxx: #11 pc 005e4b75  /system/b2g/libxul.so (_ZN7mozilla3ipc11MessagePump3RunEPN4base11MessagePump8DelegateE+224)
01-01 08:35:04.049  7246  7246 D DHCUI-xxxxxxxxxx: #12 pc 005d5913  /system/b2g/libxul.so (_ZN11MessageLoop3RunEv+14)
01-01 08:35:04.049  7246  7246 D DHCUI-xxxxxxxxxx: #13 pc 011a7869  /system/b2g/libxul.so (_ZN14nsBaseAppShell3RunEv+28)
01-01 08:35:04.049  7246  7246 D DHCUI-xxxxxxxxxx: #14 pc 0155a4fd  /system/b2g/libxul.so (_ZN12nsAppStartup3RunEv+48)
01-01 08:35:04.049  7246  7246 D DHCUI-xxxxxxxxxx: #15 pc 015752bf  /system/b2g/libxul.so (_ZN7XREMain11XRE_mainRunEv+1806)
01-01 08:35:04.049  7246  7246 D DHCUI-xxxxxxxxxx: #16 pc 01575585  /system/b2g/libxul.so (_ZN7XREMain8XRE_mainEiPPcPK12nsXREAppData+444)
01-01 08:35:04.049  7246  7246 D DHCUI-xxxxxxxxxx: #17 pc 0157577b  /system/b2g/libxul.so (XRE_main+78)
01-01 08:35:04.049  7246  7246 D DHCUI-xxxxxxxxxx: #18 pc 00006421  /system/b2g/b2g (_ZL7do_mainiPPc+276)
01-01 08:35:04.049  7246  7246 D DHCUI-xxxxxxxxxx: #19 pc 00006519  /system/b2g/b2g (_Z8b2g_mainiPPKc+160)
01-01 08:35:04.049  7246  7246 D DHCUI-xxxxxxxxxx: #20 pc 000062b7  /system/b2g/b2g (main+326)
01-01 08:35:04.049  7246  7246 D DHCUI-xxxxxxxxxx: #21 pc 00016655  /system/lib/libc.so (__libc_init+44)
01-01 08:35:04.049  7246  7246 D DHCUI-xxxxxxxxxx: #22 pc 00005db0  /system/b2g/b2g (_start+96)
01-01 08:35:04.049  7246  7246 D DHCUI   : Channel::ChannelImpl::ChannelImpl xxxxxxxxxx 111 fd is 248,pipe_ is 0,mode is 0
01-01 08:35:04.049  7246  7246 D DHCUI   : Channel::ChannelImpl::ChannelImpl xxxxxxxxxx 222 fd is 248,pipe_ is 248,mode is 0
01-01 08:35:04.049  7246  7265 D DHCUI   : mChannelState ProcessLink::OnChannelOpened
01-01 08:35:04.049  7246  7265 D DHCUI   : Channel::ChannelImpl::Connect() waiting_connect_ is 0,pipe_ is 209
01-01 08:35:04.049  7246  7265 D DHCUI   : ProcessOutgoingMessages xxxxxxxxxx pipe_ is 209,bytes_written is 68
01-01 08:35:04.049  8594  8595 D DHCUI   : ProcessIncomingMessages xxxxxxxxxx bytes_read pipe_ is 14,bytes_read is 68,closed_ is 0 this is 0xafd0f000
01-01 08:35:04.049  8594  8595 D DHCUI   : ProcessIncomingMessages xxxxxxxxxx bytes_read pipe_ is 14,bytes_read is -1,closed_ is 0 this is 0xafd0f000
01-01 08:35:04.279  7246  7246 D DHCUI-xxxxxxxxxx: #00 pc 005dd553  /system/b2g/libxul.so (_ZN3IPC7Channel11ChannelImplC2EiNS0_4ModeEPNS0_8ListenerE+186)
01-01 08:35:04.279  7246  7246 D DHCUI-xxxxxxxxxx: #01 pc 005dd5b1  /system/b2g/libxul.so (_ZN3IPC7ChannelC2EiNS0_4ModeEPNS0_8ListenerE+36)
01-01 08:35:04.279  7246  7246 D DHCUI-xxxxxxxxxx: #02 pc 005eec71  /system/b2g/libxul.so (_ZN7mozilla3ipc14OpenDescriptorERKNS0_14FileDescriptorEN3IPC7Channel4ModeE+20)
01-01 08:35:04.279  7246  7246 D DHCUI-xxxxxxxxxx: #03 pc 00912b27  /system/b2g/libxul.so (_ZN7mozilla6layers25SharedBufferManagerParent13CloneToplevelERK8nsTArrayINS_3ipc17ProtocolFdMappingEEiPNS3_20ProtocolCloneContextE+38)
01-01 08:35:04.279  7246  7246 D DHCUI-xxxxxxxxxx: #04 pc 005e9221  /system/b2g/libxul.so (_ZN7mozilla3ipc17IToplevelProtocol20CloneOpenedToplevelsEPS1_RK8nsTArrayINS0_17ProtocolFdMappingEEiPNS0_20ProtocolCloneContextE+68)
01-01 08:35:04.279  7246  7246 D DHCUI-xxxxxxxxxx: #05 pc 010e574d  /system/b2g/libxul.so (_ZN7mozilla3dom13ContentParentC2EPS1_RK18nsAString_internaliO8nsTArrayINS_3ipc17ProtocolFdMappingEEb+388)
01-01 08:35:04.279  7246  7246 D DHCUI-xxxxxxxxxx: #06 pc 010e60e3  /system/b2g/libxul.so (_ZN7mozilla3dom13ContentParent19OnNewProcessCreatedEjONS_9UniquePtrI8nsTArrayINS_3ipc17ProtocolFdMappingEENS_13DefaultDeleteIS6_EEEEb+62)
01-01 08:35:04.279  7246  7246 D DHCUI-xxxxxxxxxx: #07 pc 010daf81  /system/b2g/libxul.so (_ZN20nsRunnableMethodImplIMN7mozilla3dom13ContentParentEFvjONS0_9UniquePtrI8nsTArrayINS0_3ipc17ProtocolFdMappingEENS0_13DefaultDeleteIS7_EEEEbELb0EJjSB_bEE3RunEv+38)
01-01 08:35:04.279  7246  7246 D DHCUI-xxxxxxxxxx: #08 pc 014cc4dd  /system/b2g/libxul.so (_ZN7mozilla10tasktracer14TracedRunnable3RunEv+26)
01-01 08:35:04.279  7246  7246 D DHCUI-xxxxxxxxxx: #09 pc 003ee3a1  /system/b2g/libxul.so (_ZN8nsThread16ProcessNextEventEbPb+560)
01-01 08:35:04.279  7246  7246 D DHCUI-xxxxxxxxxx: #10 pc 004004ab  /system/b2g/libxul.so (_Z19NS_ProcessNextEventP9nsIThreadb+22)
01-01 08:35:04.279  7246  7246 D DHCUI-xxxxxxxxxx: #11 pc 005e4b75  /system/b2g/libxul.so (_ZN7mozilla3ipc11MessagePump3RunEPN4base11MessagePump8DelegateE+224)
01-01 08:35:04.279  7246  7246 D DHCUI-xxxxxxxxxx: #12 pc 005d5913  /system/b2g/libxul.so (_ZN11MessageLoop3RunEv+14)
01-01 08:35:04.279  7246  7246 D DHCUI-xxxxxxxxxx: #13 pc 011a7869  /system/b2g/libxul.so (_ZN14nsBaseAppShell3RunEv+28)
01-01 08:35:04.279  7246  7246 D DHCUI-xxxxxxxxxx: #14 pc 0155a4fd  /system/b2g/libxul.so (_ZN12nsAppStartup3RunEv+48)
01-01 08:35:04.279  7246  7246 D DHCUI-xxxxxxxxxx: #15 pc 015752bf  /system/b2g/libxul.so (_ZN7XREMain11XRE_mainRunEv+1806)
01-01 08:35:04.279  7246  7246 D DHCUI-xxxxxxxxxx: #16 pc 01575585  /system/b2g/libxul.so (_ZN7XREMain8XRE_mainEiPPcPK12nsXREAppData+444)
01-01 08:35:04.279  7246  7246 D DHCUI-xxxxxxxxxx: #17 pc 0157577b  /system/b2g/libxul.so (XRE_main+78)
01-01 08:35:04.279  7246  7246 D DHCUI-xxxxxxxxxx: #18 pc 00006421  /system/b2g/b2g (_ZL7do_mainiPPc+276)
01-01 08:35:04.279  7246  7246 D DHCUI-xxxxxxxxxx: #19 pc 00006519  /system/b2g/b2g (_Z8b2g_mainiPPKc+160)
01-01 08:35:04.279  7246  7246 D DHCUI-xxxxxxxxxx: #20 pc 000062b7  /system/b2g/b2g (main+326)
01-01 08:35:04.279  7246  7246 D DHCUI-xxxxxxxxxx: #21 pc 00016655  /system/lib/libc.so (__libc_init+44)
01-01 08:35:04.279  7246  7246 D DHCUI-xxxxxxxxxx: #22 pc 00005db0  /system/b2g/b2g (_start+96)
01-01 08:35:04.279  7246  7246 D DHCUI   : Channel::ChannelImpl::ChannelImpl xxxxxxxxxx 111 fd is 251,pipe_ is 0,mode is 0
01-01 08:35:04.279  7246  7246 D DHCUI   : Channel::ChannelImpl::ChannelImpl xxxxxxxxxx 222 fd is 251,pipe_ is 251,mode is 0
01-01 08:35:04.279  7246  7265 D DHCUI   : mChannelState ProcessLink::OnChannelOpened
01-01 08:35:04.279  7246  7265 D DHCUI   : Channel::ChannelImpl::Connect() waiting_connect_ is 0,pipe_ is 248
01-01 08:35:04.279  7246  7265 D DHCUI   : ProcessOutgoingMessages xxxxxxxxxx pipe_ is 248,bytes_written is 68
01-01 08:35:04.279  8594  8595 D DHCUI   : ProcessIncomingMessages xxxxxxxxxx bytes_read pipe_ is 19,bytes_read is 68,closed_ is 0 this is 0xafd12000
01-01 08:35:04.279  8594  8595 D DHCUI   : ProcessIncomingMessages xxxxxxxxxx bytes_read pipe_ is 19,bytes_read is -1,closed_ is 0 this is 0xafd12000
01-01 08:35:04.499  7246  7246 D DHCUI-xxxxxxxxxx: #00 pc 005dd553  /system/b2g/libxul.so (_ZN3IPC7Channel11ChannelImplC2EiNS0_4ModeEPNS0_8ListenerE+186)
01-01 08:35:04.499  7246  7246 D DHCUI-xxxxxxxxxx: #01 pc 005dd5b1  /system/b2g/libxul.so (_ZN3IPC7ChannelC2EiNS0_4ModeEPNS0_8ListenerE+36)
01-01 08:35:04.499  7246  7246 D DHCUI-xxxxxxxxxx: #02 pc 005eec71  /system/b2g/libxul.so (_ZN7mozilla3ipc14OpenDescriptorERKNS0_14FileDescriptorEN3IPC7Channel4ModeE+20)
01-01 08:35:04.499  7246  7246 D DHCUI-xxxxxxxxxx: #03 pc 005ecd0d  /system/b2g/libxul.so (_ZN12_GLOBAL__N_110ParentImpl13CloneToplevelERK8nsTArrayIN7mozilla3ipc17ProtocolFdMappingEEiPNS3_20ProtocolCloneContextE+44)
01-01 08:35:04.499  7246  7246 D DHCUI-xxxxxxxxxx: #04 pc 005e9221  /system/b2g/libxul.so (_ZN7mozilla3ipc17IToplevelProtocol20CloneOpenedToplevelsEPS1_RK8nsTArrayINS0_17ProtocolFdMappingEEiPNS0_20ProtocolCloneContextE+68)
01-01 08:35:04.499  7246  7246 D DHCUI-xxxxxxxxxx: #05 pc 010e574d  /system/b2g/libxul.so (_ZN7mozilla3dom13ContentParentC2EPS1_RK18nsAString_internaliO8nsTArrayINS_3ipc17ProtocolFdMappingEEb+388)
01-01 08:35:04.499  7246  7246 D DHCUI-xxxxxxxxxx: #06 pc 010e60e3  /system/b2g/libxul.so (_ZN7mozilla3dom13ContentParent19OnNewProcessCreatedEjONS_9UniquePtrI8nsTArrayINS_3ipc17ProtocolFdMappingEENS_13DefaultDeleteIS6_EEEEb+62)
01-01 08:35:04.499  7246  7246 D DHCUI-xxxxxxxxxx: #07 pc 010daf81  /system/b2g/libxul.so (_ZN20nsRunnableMethodImplIMN7mozilla3dom13ContentParentEFvjONS0_9UniquePtrI8nsTArrayINS0_3ipc17ProtocolFdMappingEENS0_13DefaultDeleteIS7_EEEEbELb0EJjSB_bEE3RunEv+38)
01-01 08:35:04.499  7246  7246 D DHCUI-xxxxxxxxxx: #08 pc 014cc4dd  /system/b2g/libxul.so (_ZN7mozilla10tasktracer14TracedRunnable3RunEv+26)
01-01 08:35:04.499  7246  7246 D DHCUI-xxxxxxxxxx: #09 pc 003ee3a1  /system/b2g/libxul.so (_ZN8nsThread16ProcessNextEventEbPb+560)
01-01 08:35:04.499  7246  7246 D DHCUI-xxxxxxxxxx: #10 pc 004004ab  /system/b2g/libxul.so (_Z19NS_ProcessNextEventP9nsIThreadb+22)
01-01 08:35:04.499  7246  7246 D DHCUI-xxxxxxxxxx: #11 pc 005e4b75  /system/b2g/libxul.so (_ZN7mozilla3ipc11MessagePump3RunEPN4base11MessagePump8DelegateE+224)
01-01 08:35:04.499  7246  7246 D DHCUI-xxxxxxxxxx: #12 pc 005d5913  /system/b2g/libxul.so (_ZN11MessageLoop3RunEv+14)
01-01 08:35:04.499  7246  7246 D DHCUI-xxxxxxxxxx: #13 pc 011a7869  /system/b2g/libxul.so (_ZN14nsBaseAppShell3RunEv+28)
01-01 08:35:04.499  7246  7246 D DHCUI-xxxxxxxxxx: #14 pc 0155a4fd  /system/b2g/libxul.so (_ZN12nsAppStartup3RunEv+48)
01-01 08:35:04.499  7246  7246 D DHCUI-xxxxxxxxxx: #15 pc 015752bf  /system/b2g/libxul.so (_ZN7XREMain11XRE_mainRunEv+1806)
01-01 08:35:04.499  7246  7246 D DHCUI-xxxxxxxxxx: #16 pc 01575585  /system/b2g/libxul.so (_ZN7XREMain8XRE_mainEiPPcPK12nsXREAppData+444)
01-01 08:35:04.499  7246  7246 D DHCUI-xxxxxxxxxx: #17 pc 0157577b  /system/b2g/libxul.so (XRE_main+78)
01-01 08:35:04.499  7246  7246 D DHCUI-xxxxxxxxxx: #18 pc 00006421  /system/b2g/b2g (_ZL7do_mainiPPc+276)
01-01 08:35:04.499  7246  7246 D DHCUI-xxxxxxxxxx: #19 pc 00006519  /system/b2g/b2g (_Z8b2g_mainiPPKc+160)
01-01 08:35:04.499  7246  7246 D DHCUI-xxxxxxxxxx: #20 pc 000062b7  /system/b2g/b2g (main+326)
01-01 08:35:04.499  7246  7246 D DHCUI-xxxxxxxxxx: #21 pc 00016655  /system/lib/libc.so (__libc_init+44)
01-01 08:35:04.499  7246  7246 D DHCUI-xxxxxxxxxx: #22 pc 00005db0  /system/b2g/b2g (_start+96)
01-01 08:35:04.499  7246  7265 D DHCUI   : mChannelState ProcessLink::OnChannelOpened
01-01 08:35:04.499  7246  7265 D DHCUI   : Channel::ChannelImpl::Connect() waiting_connect_ is 0,pipe_ is 251
01-01 08:35:04.499  7246  7265 D DHCUI   : ProcessOutgoingMessages xxxxxxxxxx pipe_ is 251,bytes_written is 68
01-01 08:35:04.499  8594  8595 D DHCUI   : ProcessIncomingMessages xxxxxxxxxx bytes_read pipe_ is 27,bytes_read is 68,closed_ is 0 this is 0xb05fd000
01-01 08:35:04.499  8594  8595 D DHCUI   : ProcessIncomingMessages xxxxxxxxxx bytes_read pipe_ is 27,bytes_read is -1,closed_ is 0 this is 0xb05fd000
01-01 08:35:04.499  7246  7265 D DHCUI   : mChannelState ProcessLink::OnTakeConnectedChannel
01-01 08:35:04.499  7246  7246 I GeckoIPC: [time: 27304510582][7246->8594] [PContentParent] Sending  PContent::Msg_AppInfo
01-01 08:35:04.499  7246  7265 D DHCUI   : ProcessOutgoingMessages xxxxxxxxxx pipe_ is 144,bytes_written is 212
01-01 08:35:04.499  8594  8595 D DHCUI   : ProcessIncomingMessages xxxxxxxxxx bytes_read pipe_ is 555,bytes_read is 212,closed_ is 0 this is 0xb2389000
01-01 08:35:04.499  7246  7246 I GeckoIPC: [time: 27304510950][7246->8594] [PContentParent] Sending  PContent::Msg_NotifyProcessPriorityChanged
01-01 08:35:04.499  8594  8595 D DHCUI   : ProcessIncomingMessages xxxxxxxxxx bytes_read pipe_ is 555,bytes_read is -1,closed_ is 0 this is 0xb2389000
01-01 08:35:04.499  7246  7246 I GeckoIPC: [time: 27304511102][7246->8594] [PContentParent] Sending  PContent::Msg_AppInit
01-01 08:35:04.499  7246  7246 I GeckoIPC: [time: 27304511186][7246->8594] [PContentParent] Sending  PContent::Msg_LoadAndRegisterSheet
01-01 08:35:04.499  7246  7246 I GeckoIPC: [time: 27304511249][7246->8594] [PContentParent] Sending  PContent::Msg_LoadAndRegisterSheet
01-01 08:35:04.499  7246  7265 D DHCUI   : ProcessOutgoingMessages xxxxxxxxxx pipe_ is 144,bytes_written is 72
01-01 08:35:04.499  7246  7246 I GeckoIPC: [time: 27304511309][7246->8594] [PContentParent] Sending  PContent::Msg_LoadAndRegisterSheet
01-01 08:35:04.499  7246  7265 D DHCUI   : ProcessOutgoingMessages xxxxxxxxxx pipe_ is 144,bytes_written is 64
01-01 08:35:04.499  7246  7246 I GeckoIPC: [time: 27304511419][7246->8594] [PContentParent] Sending  PContent::Msg_SetProcessSandbox
01-01 08:35:04.499  7246  7265 D DHCUI   : ProcessOutgoingMessages xxxxxxxxxx pipe_ is 144,bytes_written is 308
01-01 08:35:04.499  7246  7265 D DHCUI   : ProcessOutgoingMessages xxxxxxxxxx pipe_ is 144,bytes_written is 332
01-01 08:35:04.499  7246  7265 D DHCUI   : ProcessOutgoingMessages xxxxxxxxxx pipe_ is 144,bytes_written is 332
01-01 08:35:04.499  7246  7265 D DHCUI   : ProcessOutgoingMessages xxxxxxxxxx pipe_ is 144,bytes_written is 68
01-01 08:35:04.499  7246  7246 I GeckoIPC: [time: 27304511685][7246->8594] [PContentParent] Sending  PContent::Msg_SetOffline
01-01 08:35:04.499  8594  8595 D DHCUI   : ProcessIncomingMessages xxxxxxxxxx bytes_read pipe_ is 555,bytes_read is 1176,closed_ is 0 this is 0xb2389000
01-01 08:35:04.499  7246  7246 I GeckoIPC: [time: 27304511761][7246->8594] [PContentParent] Sending  PContent::Msg_SetConnectivity
01-01 08:35:04.499  7246  7246 I GeckoIPC: [time: 27304511952][7246->7246] [PTextureChild] Sending  PTexture::Msg_Destroy
01-01 08:35:04.499  8594  8595 D DHCUI   : ProcessIncomingMessages xxxxxxxxxx bytes_read pipe_ is 555,bytes_read is -1,closed_ is 0 this is 0xb2389000
01-01 08:35:04.499  7246  7404 I GeckoIPC: [time: 27304512085][7246<-7246] [PTextureParent] Received  PTexture::Msg_Destroy
01-01 08:35:04.499  7246  7404 I GeckoIPC: [time: 27304512292][7246->7246] [PTextureParent] Sending  PTexture::Msg___delete__
01-01 08:35:04.499  7246  7406 I GeckoIPC: [time: 27304512580][7246->-1] [PSharedBufferManagerParent] Sending  PSharedBufferManager::Msg_DropGrallocBuffer
01-01 08:35:04.499  7246  7405 I GeckoIPC: [time: 27304512711][7246<-7246] [PSharedBufferManagerChild] Received  PSharedBufferManager::Msg_DropGrallocBuffer
01-01 08:35:04.499  7246  7265 D DHCUI   : ProcessOutgoingMessages xxxxxxxxxx pipe_ is 144,bytes_written is 68
01-01 08:35:04.499  7246  7265 D DHCUI   : ProcessOutgoingMessages xxxxxxxxxx pipe_ is 144,bytes_written is 68
01-01 08:35:04.499  8594  8595 D DHCUI   : ProcessIncomingMessages xxxxxxxxxx bytes_read pipe_ is 555,bytes_read is 136,closed_ is 0 this is 0xb2389000
01-01 08:35:04.499  8594  8595 D DHCUI   : ProcessIncomingMessages xxxxxxxxxx bytes_read pipe_ is 555,bytes_read is -1,closed_ is 0 this is 0xb2389000
01-01 08:35:04.509  7246  7246 I GeckoIPC: [time: 27304521273][7246<-8594] [PContentParent] Received  PContent::Msg_AsyncMessage
01-01 08:35:04.509  7246  7372 I GeckoIPC: [time: 27304521277][7246->8594] [PNuwaParent] Sending  PNuwa::Msg___delete__
01-01 08:35:04.509  7246  7265 D DHCUI   : ProcessOutgoingMessages xxxxxxxxxx pipe_ is 251,bytes_written is 68
01-01 08:35:04.509  8594  8595 D DHCUI   : ProcessIncomingMessages xxxxxxxxxx bytes_read pipe_ is 27,bytes_read is 68,closed_ is 0 this is 0xb05fd000
01-01 08:35:04.509  8594  8595 D DHCUI   : ProcessIncomingMessages xxxxxxxxxx bytes_read pipe_ is 27,bytes_read is -1,closed_ is 0 this is 0xb05fd000
01-01 08:35:04.509  7246  7246 I GeckoIPC: [time: 27304523093][7246<-8594] [PContentParent] Received  PContent::Msg_SyncMessage
01-01 08:35:04.529  7246  7246 I GeckoIPC: [time: 27304540095][7246<-7246] [PTextureChild] Received  PTexture::Msg___delete__
01-01 08:35:04.549  7246  7246 I GeckoIPC: [time: 27304560532][7246->8594] [PContentParent] Sending reply  PContent::Reply_SyncMessage
01-01 08:35:04.549  7246  7246 D DHCUI   : MessageChannel::DispatchMessage Sending reply seqno=-13, xid=-13
01-01 08:35:04.549  7246  7265 D DHCUI   : ProcessOutgoingMessages xxxxxxxxxx pipe_ is 144,bytes_written is 161920
01-01 08:35:04.549  8594  8595 D DHCUI   : ProcessIncomingMessages xxxxxxxxxx bytes_read pipe_ is 555,bytes_read is 4096,closed_ is 0 this is 0xb2389000
01-01 08:35:04.549  8594  8595 D DHCUI   : ProcessIncomingMessages xxxxxxxxxx bytes_read pipe_ is 555,bytes_read is 4096,closed_ is 0 this is 0xb2389000
01-01 08:35:04.549  8594  8595 D DHCUI   : ProcessIncomingMessages xxxxxxxxxx bytes_read pipe_ is 555,bytes_read is 4096,closed_ is 0 this is 0xb2389000
01-01 08:35:04.549  8594  8595 D DHCUI   : ProcessIncomingMessages xxxxxxxxxx bytes_read pipe_ is 555,bytes_read is 4096,closed_ is 0 this is 0xb2389000
01-01 08:35:04.549  8594  8595 D DHCUI   : ProcessIncomingMessages xxxxxxxxxx bytes_read pipe_ is 555,bytes_read is 4096,closed_ is 0 this is 0xb2389000
01-01 08:35:04.549  8594  8595 D DHCUI   : ProcessIncomingMessages xxxxxxxxxx bytes_read pipe_ is 555,bytes_read is 4096,closed_ is 0 this is 0xb2389000
01-01 08:35:04.549  8594  8595 D DHCUI   : ProcessIncomingMessages xxxxxxxxxx bytes_read pipe_ is 555,bytes_read is 4096,closed_ is 0 this is 0xb2389000
01-01 08:35:04.549  8594  8595 D DHCUI   : ProcessIncomingMessages xxxxxxxxxx bytes_read pipe_ is 555,bytes_read is 4096,closed_ is 0 this is 0xb2389000
01-01 08:35:04.549  8594  8595 D DHCUI   : ProcessIncomingMessages xxxxxxxxxx bytes_read pipe_ is 555,bytes_read is 4096,closed_ is 0 this is 0xb2389000
01-01 08:35:04.549  8594  8595 D DHCUI   : ProcessIncomingMessages xxxxxxxxxx bytes_read pipe_ is 555,bytes_read is 4096,closed_ is 0 this is 0xb2389000
01-01 08:35:04.549  8594  8595 D DHCUI   : ProcessIncomingMessages xxxxxxxxxx bytes_read pipe_ is 555,bytes_read is 4096,closed_ is 0 this is 0xb2389000
01-01 08:35:04.549  8594  8595 D DHCUI   : ProcessIncomingMessages xxxxxxxxxx bytes_read pipe_ is 555,bytes_read is 4096,closed_ is 0 this is 0xb2389000
01-01 08:35:04.549  8594  8595 D DHCUI   : ProcessIncomingMessages xxxxxxxxxx bytes_read pipe_ is 555,bytes_read is 4096,closed_ is 0 this is 0xb2389000
01-01 08:35:04.549  8594  8595 D DHCUI   : ProcessIncomingMessages xxxxxxxxxx bytes_read pipe_ is 555,bytes_read is 4096,closed_ is 0 this is 0xb2389000
01-01 08:35:04.549  8594  8595 D DHCUI   : ProcessIncomingMessages xxxxxxxxxx bytes_read pipe_ is 555,bytes_read is 4096,closed_ is 0 this is 0xb2389000
01-01 08:35:04.549  8594  8595 D DHCUI   : ProcessIncomingMessages xxxxxxxxxx bytes_read pipe_ is 555,bytes_read is 4096,closed_ is 0 this is 0xb2389000
01-01 08:35:04.549  8594  8595 D DHCUI   : ProcessIncomingMessages xxxxxxxxxx bytes_read pipe_ is 555,bytes_read is 4096,closed_ is 0 this is 0xb2389000
01-01 08:35:04.549  8594  8595 D DHCUI   : ProcessIncomingMessages xxxxxxxxxx bytes_read pipe_ is 555,bytes_read is 4096,closed_ is 0 this is 0xb2389000
01-01 08:35:04.549  8594  8595 D DHCUI   : ProcessIncomingMessages xxxxxxxxxx bytes_read pipe_ is 555,bytes_read is 4096,closed_ is 0 this is 0xb2389000
01-01 08:35:04.549  8594  8595 D DHCUI   : ProcessIncomingMessages xxxxxxxxxx bytes_read pipe_ is 555,bytes_read is 4096,closed_ is 0 this is 0xb2389000
01-01 08:35:04.549  8594  8595 D DHCUI   : ProcessIncomingMessages xxxxxxxxxx bytes_read pipe_ is 555,bytes_read is 4096,closed_ is 0 this is 0xb2389000
01-01 08:35:04.549  8594  8595 D DHCUI   : ProcessIncomingMessages xxxxxxxxxx bytes_read pipe_ is 555,bytes_read is 4096,closed_ is 0 this is 0xb2389000
01-01 08:35:04.549  8594  8595 D DHCUI   : ProcessIncomingMessages xxxxxxxxxx bytes_read pipe_ is 555,bytes_read is 4096,closed_ is 0 this is 0xb2389000
01-01 08:35:04.549  8594  8595 D DHCUI   : ProcessIncomingMessages xxxxxxxxxx bytes_read pipe_ is 555,bytes_read is 4096,closed_ is 0 this is 0xb2389000
01-01 08:35:04.549  8594  8595 D DHCUI   : ProcessIncomingMessages xxxxxxxxxx bytes_read pipe_ is 555,bytes_read is 4096,closed_ is 0 this is 0xb2389000
01-01 08:35:04.549  8594  8595 D DHCUI   : ProcessIncomingMessages xxxxxxxxxx bytes_read pipe_ is 555,bytes_read is 4096,closed_ is 0 this is 0xb2389000
01-01 08:35:04.549  8594  8595 D DHCUI   : ProcessIncomingMessages xxxxxxxxxx bytes_read pipe_ is 555,bytes_read is 4096,closed_ is 0 this is 0xb2389000
01-01 08:35:04.549  8594  8595 D DHCUI   : ProcessIncomingMessages xxxxxxxxxx bytes_read pipe_ is 555,bytes_read is 4096,closed_ is 0 this is 0xb2389000
01-01 08:35:04.549  8594  8595 D DHCUI   : ProcessIncomingMessages xxxxxxxxxx bytes_read pipe_ is 555,bytes_read is 4096,closed_ is 0 this is 0xb2389000
01-01 08:35:04.549  8594  8595 D DHCUI   : ProcessIncomingMessages xxxxxxxxxx bytes_read pipe_ is 555,bytes_read is 4096,closed_ is 0 this is 0xb2389000
01-01 08:35:04.549  8594  8595 D DHCUI   : ProcessIncomingMessages xxxxxxxxxx bytes_read pipe_ is 555,bytes_read is 4096,closed_ is 0 this is 0xb2389000
01-01 08:35:04.549  8594  8595 D DHCUI   : ProcessIncomingMessages xxxxxxxxxx bytes_read pipe_ is 555,bytes_read is 4096,closed_ is 0 this is 0xb2389000
01-01 08:35:04.549  8594  8595 D DHCUI   : ProcessIncomingMessages xxxxxxxxxx bytes_read pipe_ is 555,bytes_read is 4096,closed_ is 0 this is 0xb2389000
01-01 08:35:04.549  8594  8595 D DHCUI   : ProcessIncomingMessages xxxxxxxxxx bytes_read pipe_ is 555,bytes_read is 4096,closed_ is 0 this is 0xb2389000
01-01 08:35:04.549  8594  8595 D DHCUI   : ProcessIncomingMessages xxxxxxxxxx bytes_read pipe_ is 555,bytes_read is 4096,closed_ is 0 this is 0xb2389000
01-01 08:35:04.549  8594  8595 D DHCUI   : ProcessIncomingMessages xxxxxxxxxx bytes_read pipe_ is 555,bytes_read is 4096,closed_ is 0 this is 0xb2389000
01-01 08:35:04.549  8594  8595 D DHCUI   : ProcessIncomingMessages xxxxxxxxxx bytes_read pipe_ is 555,bytes_read is 4096,closed_ is 0 this is 0xb2389000
01-01 08:35:04.549  8594  8595 D DHCUI   : ProcessIncomingMessages xxxxxxxxxx bytes_read pipe_ is 555,bytes_read is 4096,closed_ is 0 this is 0xb2389000
01-01 08:35:04.549  8594  8595 D DHCUI   : ProcessIncomingMessages xxxxxxxxxx bytes_read pipe_ is 555,bytes_read is 4096,closed_ is 0 this is 0xb2389000
01-01 08:35:04.549  8594  8595 D DHCUI   : ProcessIncomingMessages xxxxxxxxxx bytes_read pipe_ is 555,bytes_read is 2176,closed_ is 0 this is 0xb2389000
01-01 08:35:04.549  8594  8595 D DHCUI   : ProcessIncomingMessages xxxxxxxxxx bytes_read pipe_ is 555,bytes_read is -1,closed_ is 0 this is 0xb2389000
01-01 08:35:04.549  7246  7265 D DHCUI   : ProcessOutgoingMessages xxxxxxxxxx pipe_ is 144,bytes_written is 161920


APP 里操作了一个按键动作 

01-01 08:43:50.139  7246  7246 I GeckoIPC: [time: 27830152466][7246->7246] [PBackgroundIDBDatabaseChild] Sending  PBackgroundIDBDatabase::Msg_PBackgroundIDBTransactionConstructor
01-01 08:43:50.139  7246  7372 I GeckoIPC: [time: 27830153376][7246<-7246] [PBackgroundIDBDatabaseParent] Received  PBackgroundIDBDatabase::Msg_PBackgroundIDBTransactionConstructor
01-01 08:43:50.139  7246  7246 I GeckoIPC: [time: 27830154323][7246->7246] [PBackgroundIDBTransactionChild] Sending  PBackgroundIDBTransaction::Msg_PBackgroundIDBRequestConstructor
01-01 08:43:50.139  7246  7372 I GeckoIPC: [time: 27830154565][7246<-7246] [PBackgroundIDBTransactionParent] Received  PBackgroundIDBTransaction::Msg_PBackgroundIDBRequestConstructor
01-01 08:43:50.139  7246  7372 I GeckoIPC: [time: 27830155342][7246->7246] [PBackgroundIDBRequestParent] Sending  PBackgroundIDBRequest::Msg___delete__
01-01 08:43:50.139  7246  7246 I GeckoIPC: [time: 27830156223][7246->7246] [PBackgroundIDBDatabaseChild] Sending  PBackgroundIDBDatabase::Msg_PBackgroundIDBTransactionConstructor
01-01 08:43:50.139  7246  7372 I GeckoIPC: [time: 27830156558][7246<-7246] [PBackgroundIDBDatabaseParent] Received  PBackgroundIDBDatabase::Msg_PBackgroundIDBTransactionConstructor
01-01 08:43:50.139  7246  7246 I GeckoIPC: [time: 27830157272][7246->7246] [PBackgroundIDBTransactionChild] Sending  PBackgroundIDBTransaction::Msg_PBackgroundIDBRequestConstructor
01-01 08:43:50.139  7246  7372 I GeckoIPC: [time: 27830157604][7246<-7246] [PBackgroundIDBTransactionParent] Received  PBackgroundIDBTransaction::Msg_PBackgroundIDBRequestConstructor
01-01 08:43:50.139  7246  7246 I GeckoIPC: [time: 27830158483][7246->7246] [PBackgroundIDBDatabaseChild] Sending  PBackgroundIDBDatabase::Msg_PBackgroundIDBTransactionConstructor
01-01 08:43:50.149  7246  7372 I GeckoIPC: [time: 27830159138][7246<-7246] [PBackgroundIDBDatabaseParent] Received  PBackgroundIDBDatabase::Msg_PBackgroundIDBTransactionConstructor
01-01 08:43:50.149  7246  7246 I GeckoIPC: [time: 27830162138][7246->7246] [PBackgroundIDBTransactionChild] Sending  PBackgroundIDBTransaction::Msg_PBackgroundIDBRequestConstructor
01-01 08:43:50.149  7246  7372 I GeckoIPC: [time: 27830162815][7246<-7246] [PBackgroundIDBTransactionParent] Received  PBackgroundIDBTransaction::Msg_PBackgroundIDBRequestConstructor
01-01 08:43:50.149  7246  7246 I GeckoIPC: [time: 27830163929][7246->7246] [PBackgroundIDBDatabaseChild] Sending  PBackgroundIDBDatabase::Msg_PBackgroundIDBTransactionConstructor
01-01 08:43:50.149  7246  7372 I GeckoIPC: [time: 27830164321][7246<-7246] [PBackgroundIDBDatabaseParent] Received  PBackgroundIDBDatabase::Msg_PBackgroundIDBTransactionConstructor
01-01 08:43:50.149  7246  7246 I GeckoIPC: [time: 27830164452][7246->7246] [PBackgroundIDBTransactionChild] Sending  PBackgroundIDBTransaction::Msg_PBackgroundIDBRequestConstructor
01-01 08:43:50.149  7246  7372 I GeckoIPC: [time: 27830164909][7246<-7246] [PBackgroundIDBTransactionParent] Received  PBackgroundIDBTransaction::Msg_PBackgroundIDBRequestConstructor
01-01 08:43:50.149  7246  7246 I GeckoIPC: [time: 27830165381][7246->7246] [PBackgroundIDBDatabaseChild] Sending  PBackgroundIDBDatabase::Msg_PBackgroundIDBTransactionConstructor
01-01 08:43:50.149  7246  7372 I GeckoIPC: [time: 27830165707][7246<-7246] [PBackgroundIDBDatabaseParent] Received  PBackgroundIDBDatabase::Msg_PBackgroundIDBTransactionConstructor
