02-14 04:02:32.299 14692 14692 I GeckoConsole: Content JS LOG: [HomescreenWindow][Homescreen][homescreen][2419.833] publishing internal event: closing 
02-14 04:02:32.299 14692 14692 I GeckoConsole:     at aw_debug (app://system.gaiamobile.org/js/app_window.js:1212:7)
02-14 04:02:32.299 14692 14692 D GeckoConsole: Content JS TRACE: 
02-14 04:02:32.299 14692 14692 D GeckoConsole:     at aw_debug (app://system.gaiamobile.org/js/app_window.js:1218:9)
02-14 04:02:32.299 14692 14692 D GeckoConsole:     at aw_broadcast (app://system.gaiamobile.org/js/app_window.js:1429:7)
02-14 04:02:32.299 14692 14692 D GeckoConsole:     at AppWindow.prototype.publish (app://system.gaiamobile.org/js/app_window.js:1396:5)
02-14 04:02:32.299 14692 14692 D GeckoConsole:     at atc_changeTransitionState (app://system.gaiamobile.org/js/app_transition_controller.js:110:7)
02-14 04:02:32.299 14692 14692 D GeckoConsole:     at AppTransitionController.prototype.requireClose (app://system.gaiamobile.org/js/app_transition_controller.js:318:7)
02-14 04:02:32.299 14692 14692 D GeckoConsole:     at aw_close (app://system.gaiamobile.org/js/app_window.js:1973:7)
02-14 04:02:32.299 14692 14692 D GeckoConsole:     at awm_switchApp/< (app://system.gaiamobile.org/js/app_window_manager.js:343:11)
02-14 04:02:32.299 14692 14692 I GeckoConsole: Content JS LOG: [HomescreenWindow][Homescreen][homescreen][2419.837] handling _closing 
02-14 04:02:32.299 14692 14692 I GeckoConsole:     at aw_debug (app://system.gaiamobile.org/js/app_window.js:1212:7)
02-14 04:02:32.299 14692 14692 D GeckoConsole: Content JS TRACE: 
02-14 04:02:32.299 14692 14692 D GeckoConsole:     at aw_debug (app://system.gaiamobile.org/js/app_window.js:1218:9)
02-14 04:02:32.299 14692 14692 D GeckoConsole:     at vs_handleEvent (app://system.gaiamobile.org/js/value_selector/value_selector.js:133:5)
02-14 04:02:32.299 14692 14692 D GeckoConsole:     at aw_broadcast (app://system.gaiamobile.org/js/app_window.js:1430:7)
02-14 04:02:32.299 14692 14692 D GeckoConsole:     at AppWindow.prototype.publish (app://system.gaiamobile.org/js/app_window.js:1396:5)
02-14 04:02:32.299 14692 14692 D GeckoConsole:     at atc_changeTransitionState (app://system.gaiamobile.org/js/app_transition_controller.js:110:7)
02-14 04:02:32.299 14692 14692 D GeckoConsole:     at AppTransitionController.prototype.requireClose (app://system.gaiamobile.org/js/app_transition_controller.js:318:7)
02-14 04:02:32.299 14692 14692 D GeckoConsole:     at aw_close (app://system.gaiamobile.org/js/app_window.js:1973:7)
02-14 04:02:32.299 14692 14692 D GeckoConsole:     at awm_switchApp/< (app://system.gaiamobile.org/js/app_window_manager.js:343:11)
02-14 04:02:32.309 14692 14692 I GeckoConsole: Content JS LOG: [HomescreenWindow][Homescreen][homescreen][2419.842] publishing external event: homescreenclosing 
02-14 04:02:32.309 14692 14692 I GeckoConsole:     at aw_debug (app://system.gaiamobile.org/js/app_window.js:1212:7)
02-14 04:02:32.309 14692 14692 D GeckoConsole: Content JS TRACE: 
02-14 04:02:32.309 14692 14692 D GeckoConsole:     at aw_debug (app://system.gaiamobile.org/js/app_window.js:1218:9)
02-14 04:02:32.309 14692 14692 D GeckoConsole:     at AppWindow.prototype.publish (app://system.gaiamobile.org/js/app_window.js:1403:5)
02-14 04:02:32.309 14692 14692 D GeckoConsole:     at atc_changeTransitionState (app://system.gaiamobile.org/js/app_transition_controller.js:110:7)
02-14 04:02:32.309 14692 14692 D GeckoConsole:     at AppTransitionController.prototype.requireClose (app://system.gaiamobile.org/js/app_transition_controller.js:318:7)
02-14 04:02:32.309 14692 14692 D GeckoConsole:     at aw_close (app://system.gaiamobile.org/js/app_window.js:1973:7)
02-14 04:02:32.309 14692 14692 D GeckoConsole:     at awm_switchApp/< (app://system.gaiamobile.org/js/app_window_manager.js:343:11)
02-14 04:02:32.309 14692 14692 I GeckoConsole: Content JS LOG: [HomescreenWindow][Homescreen][homescreen][2419.847] publishing internal event: willclose 
02-14 04:02:32.309 14692 14692 I GeckoConsole:     at aw_debug (app://system.gaiamobile.org/js/app_window.js:1212:7)
02-14 04:02:32.309 14692 14692 D GeckoConsole: Content JS TRACE: 
02-14 04:02:32.309 14692 14692 D GeckoConsole:     at aw_debug (app://system.gaiamobile.org/js/app_window.js:1218:9)
02-14 04:02:32.309 14692 14692 D GeckoConsole:     at aw_broadcast (app://system.gaiamobile.org/js/app_window.js:1429:7)
02-14 04:02:32.309 14692 14692 D GeckoConsole:     at AppWindow.prototype.publish (app://system.gaiamobile.org/js/app_window.js:1396:5)
02-14 04:02:32.309 14692 14692 D GeckoConsole:     at atc_changeTransitionState (app://system.gaiamobile.org/js/app_transition_controller.js:127:9)
02-14 04:02:32.309 14692 14692 D GeckoConsole:     at AppTransitionController.prototype.requireClose (app://system.gaiamobile.org/js/app_transition_controller.js:318:7)
02-14 04:02:32.309 14692 14692 D GeckoConsole:     at aw_close (app://system.gaiamobile.org/js/app_window.js:1973:7)
02-14 04:02:32.309 14692 14692 D GeckoConsole:     at awm_switchApp/< (app://system.gaiamobile.org/js/app_window_manager.js:343:11)
02-14 04:02:32.309 14692 14692 I GeckoConsole: Content JS LOG: [HomescreenWindow][Homescreen][homescreen][2419.851] publishing external event: homescreenwillclose 
02-14 04:02:32.309 14692 14692 I GeckoConsole:     at aw_debug (app://system.gaiamobile.org/js/app_window.js:1212:7)
02-14 04:02:32.319 14692 14692 D GeckoConsole: Content JS TRACE: 
02-14 04:02:32.319 14692 14692 D GeckoConsole:     at aw_debug (app://system.gaiamobile.org/js/app_window.js:1218:9)
02-14 04:02:32.319 14692 14692 D GeckoConsole:     at AppWindow.prototype.publish (app://system.gaiamobile.org/js/app_window.js:1403:5)
02-14 04:02:32.319 14692 14692 D GeckoConsole:     at atc_changeTransitionState (app://system.gaiamobile.org/js/app_transition_controller.js:127:9)
02-14 04:02:32.319 14692 14692 D GeckoConsole:     at AppTransitionController.prototype.requireClose (app://system.gaiamobile.org/js/app_transition_controller.js:318:7)
02-14 04:02:32.319 14692 14692 D GeckoConsole:     at aw_close (app://system.gaiamobile.org/js/app_window.js:1973:7)
02-14 04:02:32.319 14692 14692 D GeckoConsole:     at awm_switchApp/< (app://system.gaiamobile.org/js/app_window_manager.js:343:11)
02-14 04:02:32.319 14692 14692 I Gecko   : -*-DHCUI--- AppsService.js: GetAppByManifestURL( app://sms.gaiamobile.org/manifest.webapp )
02-14 04:02:32.319 14692 14692 I Gecko   : -*- DHCUI-AppsUtils.jsm: getAppByManifestURL app://sms.gaiamobile.org/manifest.webapp
02-14 04:02:32.319 14692 14692 I Gecko   : -*-DHCUI--- AppsService.js: getAppByLocalId( 1026 )
02-14 04:02:32.319 14692 14692 I Gecko   : -*- DHCUI-AppsUtils.jsm: getAppByLocalId 1026
02-14 04:02:32.319 14692 14692 I Gecko   : -*-DHCUI--- AppsService.js: GetAppByManifestURL( app://sms.gaiamobile.org/manifest.webapp )
02-14 04:02:32.319 14692 14692 I Gecko   : -*- DHCUI-AppsUtils.jsm: getAppByManifestURL app://sms.gaiamobile.org/manifest.webapp
02-14 04:02:32.329 14692 14692 I GeckoConsole: Content JS LOG: [AppWindow][Messages][AppWindow_5][2419.867] Registered normal audio channel 
02-14 04:02:32.329 14692 14692 I GeckoConsole:     at aw_debug (app://system.gaiamobile.org/js/app_window.js:1212:7)
02-14 04:02:32.329 14692 14692 D GeckoConsole: Content JS TRACE: 
02-14 04:02:32.329 14692 14692 D GeckoConsole:     at aw_debug (app://system.gaiamobile.org/js/app_window.js:1218:9)
02-14 04:02:32.329 14692 14692 D GeckoConsole:     at aw_registerAudioChannels/< (app://system.gaiamobile.org/js/app_window.js:911:9)
02-14 04:02:32.329 14692 14692 D GeckoConsole:     at aw_registerAudioChannels (app://system.gaiamobile.org/js/app_window.js:906:24)
02-14 04:02:32.329 14692 14692 D GeckoConsole:     at aw_installSubComponents/onloadstart< (app://system.gaiamobile.org/js/app_window.js:847:9)
02-14 04:02:32.329 14692 14692 I GeckoConsole: Content JS LOG: [AppWindow][Messages][AppWindow_5][2419.871] Registered notification audio channel 
02-14 04:02:32.329 14692 14692 I GeckoConsole:     at aw_debug (app://system.gaiamobile.org/js/app_window.js:1212:7)
02-14 04:02:32.339 14692 14692 D GeckoConsole: Content JS TRACE: 
02-14 04:02:32.339 14692 14692 D GeckoConsole:     at aw_debug (app://system.gaiamobile.org/js/app_window.js:1218:9)
02-14 04:02:32.339 14692 14692 D GeckoConsole:     at aw_registerAudioChannels/< (app://system.gaiamobile.org/js/app_window.js:911:9)
02-14 04:02:32.339 14692 14692 D GeckoConsole:     at aw_registerAudioChannels (app://system.gaiamobile.org/js/app_window.js:906:24)
02-14 04:02:32.339 14692 14692 D GeckoConsole:     at aw_installSubComponents/onloadstart< (app://system.gaiamobile.org/js/app_window.js:847:9)
02-14 04:02:32.339 14692 14692 I GeckoConsole: Content JS LOG: [AppWindow][Messages][AppWindow_5][2419.875]  Handling mozbrowserloadstart event... 
02-14 04:02:32.339 14692 14692 I GeckoConsole:     at aw_debug (app://system.gaiamobile.org/js/app_window.js:1212:7)
02-14 04:02:32.339 14692 14692 D GeckoConsole: Content JS TRACE: 
02-14 04:02:32.339 14692 14692 D GeckoConsole:     at aw_debug (app://system.gaiamobile.org/js/app_window.js:1218:9)
02-14 04:02:32.339 14692 14692 D GeckoConsole:     at aw_handleEvent (app://system.gaiamobile.org/js/app_window.js:1193:5)
02-14 04:02:32.339 14692 14692 I GeckoConsole: Content JS LOG: [AppWindow][Messages][AppWindow_5][2419.880] publishing internal event: loading 
02-14 04:02:32.339 14692 14692 I GeckoConsole:     at aw_debug (app://system.gaiamobile.org/js/app_window.js:1212:7)
02-14 04:02:32.349 14692 14692 D GeckoConsole: Content JS TRACE: 
02-14 04:02:32.349 14692 14692 D GeckoConsole:     at aw_debug (app://system.gaiamobile.org/js/app_window.js:1218:9)
02-14 04:02:32.349 14692 14692 D GeckoConsole:     at aw_broadcast (app://system.gaiamobile.org/js/app_window.js:1429:7)
02-14 04:02:32.349 14692 14692 D GeckoConsole:     at AppWindow.prototype.publish (app://system.gaiamobile.org/js/app_window.js:1396:5)
02-14 04:02:32.349 14692 14692 D GeckoConsole:     at aw__handle_mozbrowserloadstart (app://system.gaiamobile.org/js/app_window.js:1024:7)
02-14 04:02:32.349 14692 14692 D GeckoConsole:     at aw_handleEvent (app://system.gaiamobile.org/js/app_window.js:1195:7)
02-14 04:02:32.349 14692 14692 I GeckoConsole: Content JS LOG: [AppWindow][Messages][AppWindow_5][2419.884] publishing external event: apploading 
02-14 04:02:32.349 14692 14692 I GeckoConsole:     at aw_debug (app://system.gaiamobile.org/js/app_window.js:1212:7)
02-14 04:02:32.349 14692 14692 D GeckoConsole: Content JS TRACE: 
02-14 04:02:32.349 14692 14692 D GeckoConsole:     at aw_debug (app://system.gaiamobile.org/js/app_window.js:1218:9)
02-14 04:02:32.349 14692 14692 D GeckoConsole:     at AppWindow.prototype.publish (app://system.gaiamobile.org/js/app_window.js:1403:5)
02-14 04:02:32.349 14692 14692 D GeckoConsole:     at aw__handle_mozbrowserloadstart (app://system.gaiamobile.org/js/app_window.js:1024:7)
02-14 04:02:32.349 14692 14692 D GeckoConsole:     at aw_handleEvent (app://system.gaiamobile.org/js/app_window.js:1195:7)
02-14 04:02:32.359 14692 14692 I GeckoConsole: Content JS LOG: [AppWindow][Messages][AppWindow_5][2419.893]  Handling mozbrowserlocationchange event... 
02-14 04:02:32.359 14692 14692 I GeckoConsole:     at aw_debug (app://system.gaiamobile.org/js/app_window.js:1212:7)
02-14 04:02:32.359 14692 14692 D GeckoConsole: Content JS TRACE: 
02-14 04:02:32.359 14692 14692 D GeckoConsole:     at aw_debug (app://system.gaiamobile.org/js/app_window.js:1218:9)
02-14 04:02:32.359 14692 14692 D GeckoConsole:     at aw_handleEvent (app://system.gaiamobile.org/js/app_window.js:1193:5)
02-14 04:02:32.359 14692 14692 I GeckoConsole: Content JS LOG: [AppWindow][Messages][AppWindow_5][2419.898] publishing internal event: locationchange 
02-14 04:02:32.359 14692 14692 I GeckoConsole:     at aw_debug (app://system.gaiamobile.org/js/app_window.js:1212:7)
02-14 04:02:32.359 14692 14692 D GeckoConsole: Content JS TRACE: 
02-14 04:02:32.359 14692 14692 D GeckoConsole:     at aw_debug (app://system.gaiamobile.org/js/app_window.js:1218:9)
02-14 04:02:32.359 14692 14692 D GeckoConsole:     at aw_broadcast (app://system.gaiamobile.org/js/app_window.js:1429:7)
02-14 04:02:32.359 14692 14692 D GeckoConsole:     at AppWindow.prototype.publish (app://system.gaiamobile.org/js/app_window.js:1396:5)
02-14 04:02:32.359 14692 14692 D GeckoConsole:     at aw__handle_mozbrowserlocationchange (app://system.gaiamobile.org/js/app_window.js:1079:7)
02-14 04:02:32.359 14692 14692 D GeckoConsole:     at aw_handleEvent (app://system.gaiamobile.org/js/app_window.js:1195:7)
02-14 04:02:32.369 14692 14692 I GeckoConsole: Content JS LOG: [AppWindow][Messages][AppWindow_5][2419.902] publishing external event: applocationchange 
02-14 04:02:32.369 14692 14692 I GeckoConsole:     at aw_debug (app://system.gaiamobile.org/js/app_window.js:1212:7)
02-14 04:02:32.369 14692 14692 D GeckoConsole: Content JS TRACE: 
02-14 04:02:32.369 14692 14692 D GeckoConsole:     at aw_debug (app://system.gaiamobile.org/js/app_window.js:1218:9)
02-14 04:02:32.369 14692 14692 D GeckoConsole:     at AppWindow.prototype.publish (app://system.gaiamobile.org/js/app_window.js:1403:5)
02-14 04:02:32.369 14692 14692 D GeckoConsole:     at aw__handle_mozbrowserlocationchange (app://system.gaiamobile.org/js/app_window.js:1079:7)
02-14 04:02:32.369 14692 14692 D GeckoConsole:     at aw_handleEvent (app://system.gaiamobile.org/js/app_window.js:1195:7)
02-14 04:02:32.369 14692 14692 I GeckoConsole: Content JS LOG: [AppWindow][Messages][AppWindow_5][2419.907] toggleSpatialNavigation(): enabled = undefined 
02-14 04:02:32.369 14692 14692 I GeckoConsole:     at aw_debug (app://system.gaiamobile.org/js/app_window.js:1212:7)
02-14 04:02:32.369 14692 14692 D GeckoConsole: Content JS TRACE: 
02-14 04:02:32.369 14692 14692 D GeckoConsole:     at aw_debug (app://system.gaiamobile.org/js/app_window.js:1218:9)
02-14 04:02:32.369 14692 14692 D GeckoConsole:     at AppWindow.prototype.toggleSpatialNavigation (app://system.gaiamobile.org/js/app_window.js:2351:5)
02-14 04:02:32.369 14692 14692 D GeckoConsole:     at aw__handle_mozbrowserlocationchange (app://system.gaiamobile.org/js/app_window.js:1080:7)
02-14 04:02:32.369 14692 14692 D GeckoConsole:     at aw_handleEvent (app://system.gaiamobile.org/js/app_window.js:1195:7)
02-14 04:02:32.369 14692 14692 I Gecko   : -*-DHCUI--- AppsService.js: getAppLocalIdByManifestURL( app://sms.gaiamobile.org/manifest.webapp )
02-14 04:02:32.369 14692 14692 I Gecko   : -*- DHCUI-AppsUtils.jsm: getAppLocalIdByManifestURL app://sms.gaiamobile.org/manifest.webapp
02-14 04:02:32.379 14692 14692 I GeckoConsole: Content JS LOG: [AppWindow][Messages][AppWindow_5][2419.913] toggleSpatialNavigation(): set --> false 
02-14 04:02:32.379 14692 14692 I GeckoConsole:     at aw_debug (app://system.gaiamobile.org/js/app_window.js:1212:7)
02-14 04:02:32.379 14692 14692 D GeckoConsole: Content JS TRACE: 
02-14 04:02:32.379 14692 14692 D GeckoConsole:     at aw_debug (app://system.gaiamobile.org/js/app_window.js:1218:9)
02-14 04:02:32.379 14692 14692 D GeckoConsole:     at AppWindow.prototype.toggleSpatialNavigation (app://system.gaiamobile.org/js/app_window.js:2412:7)
02-14 04:02:32.379 14692 14692 D GeckoConsole:     at aw__handle_mozbrowserlocationchange (app://system.gaiamobile.org/js/app_window.js:1080:7)
02-14 04:02:32.379 14692 14692 D GeckoConsole:     at aw_handleEvent (app://system.gaiamobile.org/js/app_window.js:1195:7)
02-14 04:02:32.379 14692 14692 I GeckoConsole: Content JS LOG: [AppWindow][Messages][AppWindow_5][2419.917] setSpatialNavigation(): enabled = false 
02-14 04:02:32.379 14692 14692 I GeckoConsole:     at aw_debug (app://system.gaiamobile.org/js/app_window.js:1212:7)
02-14 04:02:32.379 14692 14692 D GeckoConsole: Content JS TRACE: 
02-14 04:02:32.379 14692 14692 D GeckoConsole:     at aw_debug (app://system.gaiamobile.org/js/app_window.js:1218:9)
02-14 04:02:32.379 14692 14692 D GeckoConsole:     at window.BrowserMixin.setSpatialNavigation (app://system.gaiamobile.org/js/browser_mixin.js:87:7)
02-14 04:02:32.379 14692 14692 D GeckoConsole:     at AppWindow.prototype.toggleSpatialNavigation (app://system.gaiamobile.org/js/app_window.js:2415:5)
02-14 04:02:32.379 14692 14692 D GeckoConsole:     at aw__handle_mozbrowserlocationchange (app://system.gaiamobile.org/js/app_window.js:1080:7)
02-14 04:02:32.379 14692 14692 D GeckoConsole:     at aw_handleEvent (app://system.gaiamobile.org/js/app_window.js:1195:7)
02-14 04:02:32.389 14692 14692 I GeckoConsole: Content JS LOG: [AppWindow][Messages][AppWindow_5][2419.927]  Handling mozbrowsermetachange event... 
02-14 04:02:32.389 14692 14692 I GeckoConsole:     at aw_debug (app://system.gaiamobile.org/js/app_window.js:1212:7)
02-14 04:02:32.389 14692 14692 D GeckoConsole: Content JS TRACE: 
02-14 04:02:32.389 14692 14692 D GeckoConsole:     at aw_debug (app://system.gaiamobile.org/js/app_window.js:1218:9)
02-14 04:02:32.389 14692 14692 D GeckoConsole:     at aw_handleEvent (app://system.gaiamobile.org/js/app_window.js:1193:5)
02-14 04:02:32.389 14692 14692 I GeckoConsole: Content JS LOG: [AppWindow][Messages][AppWindow_5][2419.930] publishing internal event: themecolorchange 
02-14 04:02:32.389 14692 14692 I GeckoConsole:     at aw_debug (app://system.gaiamobile.org/js/app_window.js:1212:7)
02-14 04:02:32.399 14692 14692 D GeckoConsole: Content JS TRACE: 
02-14 04:02:32.399 14692 14692 D GeckoConsole:     at aw_debug (app://system.gaiamobile.org/js/app_window.js:1218:9)
02-14 04:02:32.399 14692 14692 D GeckoConsole:     at aw_broadcast (app://system.gaiamobile.org/js/app_window.js:1429:7)
02-14 04:02:32.399 14692 14692 D GeckoConsole:     at AppWindow.prototype.publish (app://system.gaiamobile.org/js/app_window.js:1396:5)
02-14 04:02:32.399 14692 14692 D GeckoConsole:     at aw__handle_mozbrowsermetachange (app://system.gaiamobile.org/js/app_window.js:1132:11)
02-14 04:02:32.399 14692 14692 D GeckoConsole:     at aw_handleEvent (app://system.gaiamobile.org/js/app_window.js:1195:7)
02-14 04:02:32.399 14692 14692 I GeckoConsole: Content JS LOG: [AppWindow][Messages][AppWindow_5][2419.935] publishing external event: appthemecolorchange 
02-14 04:02:32.399 14692 14692 I GeckoConsole:     at aw_debug (app://system.gaiamobile.org/js/app_window.js:1212:7)
02-14 04:02:32.399 14692 14692 D GeckoConsole: Content JS TRACE: 
02-14 04:02:32.399 14692 14692 D GeckoConsole:     at aw_debug (app://system.gaiamobile.org/js/app_window.js:1218:9)
02-14 04:02:32.399 14692 14692 D GeckoConsole:     at AppWindow.prototype.publish (app://system.gaiamobile.org/js/app_window.js:1403:5)
02-14 04:02:32.399 14692 14692 D GeckoConsole:     at aw__handle_mozbrowsermetachange (app://system.gaiamobile.org/js/app_window.js:1132:11)
02-14 04:02:32.399 14692 14692 D GeckoConsole:     at aw_handleEvent (app://system.gaiamobile.org/js/app_window.js:1195:7)
02-14 04:02:32.409 14692 14692 I GeckoConsole: Content JS LOG: [AppWindow][Messages][AppWindow_5][2419.946]  Handling mozbrowsersecuritychange event... 
02-14 04:02:32.409 14692 14692 I GeckoConsole:     at aw_debug (app://system.gaiamobile.org/js/app_window.js:1212:7)
02-14 04:02:32.409 14692 14692 D GeckoConsole: Content JS TRACE: 
02-14 04:02:32.409 14692 14692 D GeckoConsole:     at aw_debug (app://system.gaiamobile.org/js/app_window.js:1218:9)
02-14 04:02:32.409 14692 14692 D GeckoConsole:     at aw_handleEvent (app://system.gaiamobile.org/js/app_window.js:1193:5)
02-14 04:02:32.409 14692 14692 I GeckoConsole: Content JS LOG: [AppWindow][Messages][AppWindow_5][2419.950] publishing internal event: securitychange 
02-14 04:02:32.409 14692 14692 I GeckoConsole:     at aw_debug (app://system.gaiamobile.org/js/app_window.js:1212:7)
02-14 04:02:32.419 14692 14692 D GeckoConsole: Content JS TRACE: 
02-14 04:02:32.419 14692 14692 D GeckoConsole:     at aw_debug (app://system.gaiamobile.org/js/app_window.js:1218:9)
02-14 04:02:32.419 14692 14692 D GeckoConsole:     at aw_broadcast (app://system.gaiamobile.org/js/app_window.js:1429:7)
02-14 04:02:32.419 14692 14692 D GeckoConsole:     at AppWindow.prototype.publish (app://system.gaiamobile.org/js/app_window.js:1396:5)
02-14 04:02:32.419 14692 14692 D GeckoConsole:     at aw__handle_mozbrowsersecuritychange (app://system.gaiamobile.org/js/app_window.js:2300:7)
02-14 04:02:32.419 14692 14692 D GeckoConsole:     at aw_handleEvent (app://system.gaiamobile.org/js/app_window.js:1195:7)
02-14 04:02:32.419 14692 14692 I GeckoConsole: Content JS LOG: [AppWindow][Messages][AppWindow_5][2419.955] publishing external event: appsecuritychange"insecure" 
02-14 04:02:32.419 14692 14692 I GeckoConsole:     at aw_debug (app://system.gaiamobile.org/js/app_window.js:1212:7)
02-14 04:02:32.419 14692 14692 D GeckoConsole: Content JS TRACE: 
02-14 04:02:32.419 14692 14692 D GeckoConsole:     at aw_debug (app://system.gaiamobile.org/js/app_window.js:1218:9)
02-14 04:02:32.419 14692 14692 D GeckoConsole:     at AppWindow.prototype.publish (app://system.gaiamobile.org/js/app_window.js:1403:5)
02-14 04:02:32.419 14692 14692 D GeckoConsole:     at aw__handle_mozbrowsersecuritychange (app://system.gaiamobile.org/js/app_window.js:2300:7)
02-14 04:02:32.419 14692 14692 D GeckoConsole:     at aw_handleEvent (app://system.gaiamobile.org/js/app_window.js:1195:7)
02-14 04:02:32.429 14692 14692 I GeckoConsole: Content JS LOG: [AppWindow][Messages][AppWindow_5][2419.969]  Handling mozbrowsertitlechange event... 
02-14 04:02:32.429 14692 14692 I GeckoConsole:     at aw_debug (app://system.gaiamobile.org/js/app_window.js:1212:7)
02-14 04:02:32.429 14692 14692 D GeckoConsole: Content JS TRACE: 
02-14 04:02:32.429 14692 14692 D GeckoConsole:     at aw_debug (app://system.gaiamobile.org/js/app_window.js:1218:9)
02-14 04:02:32.429 14692 14692 D GeckoConsole:     at aw_handleEvent (app://system.gaiamobile.org/js/app_window.js:1193:5)
02-14 04:02:32.439 14692 14692 I GeckoConsole: Content JS LOG: [AppWindow][Messages][AppWindow_5][2419.973] publishing internal event: titlechange 
02-14 04:02:32.439 14692 14692 I GeckoConsole:     at aw_debug (app://system.gaiamobile.org/js/app_window.js:1212:7)
02-14 04:02:32.439 14692 14692 D GeckoConsole: Content JS TRACE: 
02-14 04:02:32.439 14692 14692 D GeckoConsole:     at aw_debug (app://system.gaiamobile.org/js/app_window.js:1218:9)
02-14 04:02:32.439 14692 14692 D GeckoConsole:     at aw_broadcast (app://system.gaiamobile.org/js/app_window.js:1429:7)
02-14 04:02:32.439 14692 14692 D GeckoConsole:     at AppWindow.prototype.publish (app://system.gaiamobile.org/js/app_window.js:1396:5)
02-14 04:02:32.439 14692 14692 D GeckoConsole:     at aw__handle_handle_mozbrowsertitlechange (app://system.gaiamobile.org/js/app_window.js:1030:7)
02-14 04:02:32.439 14692 14692 D GeckoConsole:     at aw_handleEvent (app://system.gaiamobile.org/js/app_window.js:1195:7)
02-14 04:02:32.439 14692 14692 I GeckoConsole: Content JS LOG: [AppWindow][Messages][AppWindow_5][2419.978] publishing external event: apptitlechange 
02-14 04:02:32.439 14692 14692 I GeckoConsole:     at aw_debug (app://system.gaiamobile.org/js/app_window.js:1212:7)
02-14 04:02:32.439 14692 14692 D GeckoConsole: Content JS TRACE: 
02-14 04:02:32.439 14692 14692 D GeckoConsole:     at aw_debug (app://system.gaiamobile.org/js/app_window.js:1218:9)
02-14 04:02:32.439 14692 14692 D GeckoConsole:     at AppWindow.prototype.publish (app://system.gaiamobile.org/js/app_window.js:1403:5)
02-14 04:02:32.439 14692 14692 D GeckoConsole:     at aw__handle_handle_mozbrowsertitlechange (app://system.gaiamobile.org/js/app_window.js:1030:7)
02-14 04:02:32.439 14692 14692 D GeckoConsole:     at aw_handleEvent (app://system.gaiamobile.org/js/app_window.js:1195:7)
02-14 04:02:32.569 15821 15821 I Gecko   : -*-DHCUI--- AppsService.js: getAppByLocalId( 1024 )
02-14 04:02:32.569 15821 15821 I Gecko   : -*- DHCUI--AppsServiceChild.jsm: getAppByLocalId 1024 - ready: false
02-14 04:02:32.569 15821 15821 I Gecko   : -*-DHCUI--- AppsService.js: getAppByLocalId( 1024 )
02-14 04:02:32.569 15821 15821 I Gecko   : -*- DHCUI--AppsServiceChild.jsm: getAppByLocalId 1024 - ready: false
02-14 04:02:32.579 15821 15821 I Gecko   : -*-DHCUI--- AppsService.js: getAppByLocalId( 1024 )
02-14 04:02:32.579 15821 15821 I Gecko   : -*- DHCUI--AppsServiceChild.jsm: getAppByLocalId 1024 - ready: false
02-14 04:02:32.579 15821 15821 I Gecko   : -*-DHCUI--- AppsService.js: getAppByLocalId( 1024 )
02-14 04:02:32.579 15821 15821 I Gecko   : -*- DHCUI--AppsServiceChild.jsm: getAppByLocalId 1024 - ready: false
02-14 04:02:32.579 15821 15821 I Gecko   : -*-DHCUI--- AppsService.js: getAppByLocalId( 1024 )
02-14 04:02:32.579 15821 15821 I Gecko   : -*- DHCUI--AppsServiceChild.jsm: getAppByLocalId 1024 - ready: false
02-14 04:02:32.579 15821 15821 I Gecko   : -*-DHCUI--- AppsService.js: getAppByLocalId( 1024 )
02-14 04:02:32.579 15821 15821 I Gecko   : -*- DHCUI--AppsServiceChild.jsm: getAppByLocalId 1024 - ready: false
02-14 04:02:32.579 15821 15821 I Gecko   : -*-DHCUI--- AppsService.js: getAppByLocalId( 1024 )
02-14 04:02:32.579 15821 15821 I Gecko   : -*- DHCUI--AppsServiceChild.jsm: getAppByLocalId 1024 - ready: false
02-14 04:02:32.579 15821 15821 I Gecko   : -*-DHCUI--- AppsService.js: getAppByLocalId( 1024 )
02-14 04:02:32.579 15821 15821 I Gecko   : -*- DHCUI--AppsServiceChild.jsm: getAppByLocalId 1024 - ready: false
02-14 04:02:32.589 15821 15821 I Gecko   : -*-DHCUI--- AppsService.js: getAppByLocalId( 1024 )
02-14 04:02:32.589 15821 15821 I Gecko   : -*- DHCUI--AppsServiceChild.jsm: getAppByLocalId 1024 - ready: false
02-14 04:02:32.589 15821 15821 I Gecko   : -*-DHCUI--- AppsService.js: getAppByLocalId( 1024 )
02-14 04:02:32.589 15821 15821 I Gecko   : -*- DHCUI--AppsServiceChild.jsm: getAppByLocalId 1024 - ready: false
02-14 04:02:32.589 15821 15821 I Gecko   : -*-DHCUI--- AppsService.js: getAppByLocalId( 1024 )
02-14 04:02:32.589 15821 15821 I Gecko   : -*- DHCUI--AppsServiceChild.jsm: getAppByLocalId 1024 - ready: false
02-14 04:02:32.589 15821 15821 I Gecko   : -*-DHCUI--- AppsService.js: getAppByLocalId( 1024 )
02-14 04:02:32.589 15821 15821 I Gecko   : -*- DHCUI--AppsServiceChild.jsm: getAppByLocalId 1024 - ready: false
02-14 04:02:32.589 15821 15821 I Gecko   : -*-DHCUI--- AppsService.js: getAppByLocalId( 1024 )
02-14 04:02:32.589 15821 15821 I Gecko   : -*- DHCUI--AppsServiceChild.jsm: getAppByLocalId 1024 - ready: false
02-14 04:02:32.589 15821 15821 I Gecko   : -*-DHCUI--- AppsService.js: getAppByLocalId( 1024 )
02-14 04:02:32.589 15821 15821 I Gecko   : -*- DHCUI--AppsServiceChild.jsm: getAppByLocalId 1024 - ready: false
02-14 04:02:32.599 15821 15821 I Gecko   : -*-DHCUI--- AppsService.js: getAppByLocalId( 1024 )
02-14 04:02:32.599 15821 15821 I Gecko   : -*- DHCUI--AppsServiceChild.jsm: getAppByLocalId 1024 - ready: false
02-14 04:02:32.599 15821 15821 I Gecko   : -*-DHCUI--- AppsService.js: getAppByLocalId( 1024 )
02-14 04:02:32.599 15821 15821 I Gecko   : -*- DHCUI--AppsServiceChild.jsm: getAppByLocalId 1024 - ready: false
02-14 04:02:32.599 15821 15821 I Gecko   : -*-DHCUI--- AppsService.js: getAppByLocalId( 1024 )
02-14 04:02:32.599 15821 15821 I Gecko   : -*- DHCUI--AppsServiceChild.jsm: getAppByLocalId 1024 - ready: false
02-14 04:02:32.599 15821 15821 I Gecko   : -*-DHCUI--- AppsService.js: getAppByLocalId( 1024 )
02-14 04:02:32.599 15821 15821 I Gecko   : -*- DHCUI--AppsServiceChild.jsm: getAppByLocalId 1024 - ready: false
02-14 04:02:32.599 15821 15821 I Gecko   : -*-DHCUI--- AppsService.js: getAppByLocalId( 1024 )
02-14 04:02:32.599 15821 15821 I Gecko   : -*- DHCUI--AppsServiceChild.jsm: getAppByLocalId 1024 - ready: false
02-14 04:02:32.599 15821 15821 I Gecko   : -*-DHCUI--- AppsService.js: getAppByLocalId( 1024 )
02-14 04:02:32.599 15821 15821 I Gecko   : -*- DHCUI--AppsServiceChild.jsm: getAppByLocalId 1024 - ready: false
02-14 04:02:32.599 15821 15821 I Gecko   : -*-DHCUI--- AppsService.js: getAppByLocalId( 1024 )
02-14 04:02:32.599 15821 15821 I Gecko   : -*- DHCUI--AppsServiceChild.jsm: getAppByLocalId 1024 - ready: false
02-14 04:02:32.599 15821 15821 I Gecko   : -*-DHCUI--- AppsService.js: getAppByLocalId( 1024 )
02-14 04:02:32.599 15821 15821 I Gecko   : -*- DHCUI--AppsServiceChild.jsm: getAppByLocalId 1024 - ready: false
02-14 04:02:32.599 15821 15821 I Gecko   : -*-DHCUI--- AppsService.js: getAppByLocalId( 1024 )
02-14 04:02:32.599 15821 15821 I Gecko   : -*- DHCUI--AppsServiceChild.jsm: getAppByLocalId 1024 - ready: false
02-14 04:02:32.609 15821 15821 I Gecko   : -*-DHCUI--- AppsService.js: getAppByLocalId( 1024 )
02-14 04:02:32.609 15821 15821 I Gecko   : -*- DHCUI--AppsServiceChild.jsm: getAppByLocalId 1024 - ready: false
02-14 04:02:32.609 15821 15821 I Gecko   : -*-DHCUI--- AppsService.js: getManifestURLByLocalId( 1024 )
02-14 04:02:32.609 15821 15821 I Gecko   : -*- DHCUI--AppsServiceChild.jsm: getManifestURLByLocalId 1024
02-14 04:02:32.609 15821 15821 I Gecko   : -*- DHCUI-AppsUtils.jsm: getManifestURLByLocalId 1024
02-14 04:02:32.619 14692 14692 I Gecko   : -- DHCUI--SystemMessageInternal 3816152628 : Got Register from app://sms.gaiamobile.org/index.html @ app://sms.gaiamobile.org/manifest.webapp
02-14 04:02:32.619 14692 14692 I Gecko   : -- DHCUI--SystemMessageInternal 3816152629 : listeners for app://sms.gaiamobile.org/manifest.webapp innerWinID 12884901891
02-14 04:02:32.719 14692 14692 I GeckoConsole: Content JS LOG: [AppWindow][Messages][AppWindow_5][2420.256]  Handling softkeyregistered event... 
02-14 04:02:32.719 14692 14692 I GeckoConsole:     at aw_debug (app://system.gaiamobile.org/js/app_window.js:1212:7)
02-14 04:02:32.719 14692 14692 D GeckoConsole: Content JS TRACE: 
02-14 04:02:32.719 14692 14692 D GeckoConsole:     at aw_debug (app://system.gaiamobile.org/js/app_window.js:1218:9)
02-14 04:02:32.719 14692 14692 D GeckoConsole:     at aw_handleEvent (app://system.gaiamobile.org/js/app_window.js:1193:5)
02-14 04:02:32.779 15821 15821 I Gecko   : -*-DHCUI--- AppsService.js: getAppByLocalId( 1024 )
02-14 04:02:32.779 15821 15821 I Gecko   : -*- DHCUI--AppsServiceChild.jsm: getAppByLocalId 1024 - ready: false
02-14 04:02:32.779 15821 15821 I Gecko   : -*-DHCUI--- AppsService.js: getManifestURLByLocalId( 1024 )
02-14 04:02:32.779 15821 15821 I Gecko   : -*- DHCUI--AppsServiceChild.jsm: getManifestURLByLocalId 1024
02-14 04:02:32.779 15821 15821 I Gecko   : -*- DHCUI-AppsUtils.jsm: getManifestURLByLocalId 1024
02-14 04:02:32.799 14692 14692 I GeckoConsole: Content JS LOG: [HomescreenWindow][Homescreen][homescreen][2420.333] publishing internal event: closingtimeout 
02-14 04:02:32.799 14692 14692 I GeckoConsole:     at aw_debug (app://system.gaiamobile.org/js/app_window.js:1212:7)
02-14 04:02:32.799 14692 14692 D GeckoConsole: Content JS TRACE: 
02-14 04:02:32.799 14692 14692 D GeckoConsole:     at aw_debug (app://system.gaiamobile.org/js/app_window.js:1218:9)
02-14 04:02:32.799 14692 14692 D GeckoConsole:     at aw_broadcast (app://system.gaiamobile.org/js/app_window.js:1429:7)
02-14 04:02:32.799 14692 14692 D GeckoConsole:     at atc_do_closing/this._closingTimeout< (app://system.gaiamobile.org/js/app_transition_controller.js:150:9)
02-14 04:02:32.799 14692 14692 I GeckoConsole: Content JS LOG: [HomescreenWindow][Homescreen][homescreen][2420.337] closing,closed,::,timeout 
02-14 04:02:32.799 14692 14692 I GeckoConsole:     at aw_debug (app://system.gaiamobile.org/js/app_window.js:1212:7)
02-14 04:02:32.799 14692 14692 D GeckoConsole: Content JS TRACE: 
02-14 04:02:32.799 14692 14692 D GeckoConsole:     at aw_debug (app://system.gaiamobile.org/js/app_window.js:1218:9)
02-14 04:02:32.799 14692 14692 D GeckoConsole:     at atc_changeTransitionState (app://system.gaiamobile.org/js/app_transition_controller.js:105:7)
02-14 04:02:32.799 14692 14692 D GeckoConsole:     at atc_handleEvent (app://system.gaiamobile.org/js/app_transition_controller.js:372:11)
02-14 04:02:32.799 14692 14692 D GeckoConsole:     at aw_broadcast (app://system.gaiamobile.org/js/app_window.js:1430:7)
02-14 04:02:32.799 14692 14692 D GeckoConsole:     at atc_do_closing/this._closingTimeout< (app://system.gaiamobile.org/js/app_transition_controller.js:150:9)
02-14 04:02:32.809 15821 15821 I Gecko   : -*-DHCUI--- AppsService.js: getManifestURLByLocalId( 1024 )
02-14 04:02:32.809 15821 15821 I Gecko   : -*- DHCUI--AppsServiceChild.jsm: getManifestURLByLocalId 1024
02-14 04:02:32.809 15821 15821 I Gecko   : -*- DHCUI-AppsUtils.jsm: getManifestURLByLocalId 1024
02-14 04:02:32.809 14692 14692 I GeckoConsole: Content JS LOG: [HomescreenWindow][Homescreen][homescreen][2420.346] publishing internal event: closed 
02-14 04:02:32.809 14692 14692 I GeckoConsole:     at aw_debug (app://system.gaiamobile.org/js/app_window.js:1212:7)
02-14 04:02:32.809 14692 14692 D GeckoConsole: Content JS TRACE: 
02-14 04:02:32.809 14692 14692 D GeckoConsole:     at aw_debug (app://system.gaiamobile.org/js/app_window.js:1218:9)
02-14 04:02:32.809 14692 14692 D GeckoConsole:     at aw_broadcast (app://system.gaiamobile.org/js/app_window.js:1429:7)
02-14 04:02:32.809 14692 14692 D GeckoConsole:     at AppWindow.prototype.publish (app://system.gaiamobile.org/js/app_window.js:1396:5)
02-14 04:02:32.809 14692 14692 D GeckoConsole:     at atc_changeTransitionState (app://system.gaiamobile.org/js/app_transition_controller.js:110:7)
02-14 04:02:32.809 14692 14692 D GeckoConsole:     at atc_handleEvent (app://system.gaiamobile.org/js/app_transition_controller.js:372:11)
02-14 04:02:32.809 14692 14692 D GeckoConsole:     at aw_broadcast (app://system.gaiamobile.org/js/app_window.js:1430:7)
02-14 04:02:32.809 14692 14692 D GeckoConsole:     at atc_do_closing/this._closingTimeout< (app://system.gaiamobile.org/js/app_transition_controller.js:150:9)
02-14 04:02:32.819 14692 14692 I GeckoConsole: Content JS LOG: [HomescreenWindow][Homescreen][homescreen][2420.353]  Handling _closed event... 
02-14 04:02:32.819 14692 14692 I GeckoConsole:     at aw_debug (app://system.gaiamobile.org/js/app_window.js:1212:7)
02-14 04:02:32.819 14692 14692 D GeckoConsole: Content JS TRACE: 
02-14 04:02:32.819 14692 14692 D GeckoConsole:     at aw_debug (app://system.gaiamobile.org/js/app_window.js:1218:9)
02-14 04:02:32.819 14692 14692 D GeckoConsole:     at aw_handleEvent (app://system.gaiamobile.org/js/app_window.js:1193:5)
02-14 04:02:32.819 14692 14692 D GeckoConsole:     at aw_broadcast (app://system.gaiamobile.org/js/app_window.js:1430:7)
02-14 04:02:32.819 14692 14692 D GeckoConsole:     at AppWindow.prototype.publish (app://system.gaiamobile.org/js/app_window.js:1396:5)
02-14 04:02:32.819 14692 14692 D GeckoConsole:     at atc_changeTransitionState (app://system.gaiamobile.org/js/app_transition_controller.js:110:7)
02-14 04:02:32.819 14692 14692 D GeckoConsole:     at atc_handleEvent (app://system.gaiamobile.org/js/app_transition_controller.js:372:11)
02-14 04:02:32.819 14692 14692 D GeckoConsole:     at aw_broadcast (app://system.gaiamobile.org/js/app_window.js:1430:7)
02-14 04:02:32.819 14692 14692 D GeckoConsole:     at atc_do_closing/this._closingTimeout< (app://system.gaiamobile.org/js/app_transition_controller.js:150:9)
02-14 04:02:32.819 14692 14692 I GeckoConsole: Content JS LOG: [HomescreenWindow][Homescreen][homescreen][2420.361] set visibility -> ,false 
02-14 04:02:32.819 14692 14692 I GeckoConsole:     at aw_debug (app://system.gaiamobile.org/js/app_window.js:1212:7)
02-14 04:02:32.829 14692 14692 D GeckoConsole: Content JS TRACE: 
02-14 04:02:32.829 14692 14692 D GeckoConsole:     at aw_debug (app://system.gaiamobile.org/js/app_window.js:1218:9)
02-14 04:02:32.829 14692 14692 D GeckoConsole:     at aw_setVisible (app://system.gaiamobile.org/js/app_window.js:218:7)
02-14 04:02:32.829 14692 14692 D GeckoConsole:     at atc_handle_closed (app://system.gaiamobile.org/js/app_transition_controller.js:221:9)
02-14 04:02:32.829 14692 14692 D GeckoConsole:     at atc_handleEvent (app://system.gaiamobile.org/js/app_transition_controller.js:365:11)
02-14 04:02:32.829 14692 14692 D GeckoConsole:     at aw_broadcast (app://system.gaiamobile.org/js/app_window.js:1430:7)
02-14 04:02:32.829 14692 14692 D GeckoConsole:     at AppWindow.prototype.publish (app://system.gaiamobile.org/js/app_window.js:1396:5)
02-14 04:02:32.829 14692 14692 D GeckoConsole:     at atc_changeTransitionState (app://system.gaiamobile.org/js/app_transition_controller.js:110:7)
02-14 04:02:32.829 14692 14692 D GeckoConsole:     at atc_handleEvent (app://system.gaiamobile.org/js/app_transition_controller.js:372:11)
02-14 04:02:32.829 14692 14692 D GeckoConsole:     at aw_broadcast (app://system.gaiamobile.org/js/app_window.js:1430:7)
02-14 04:02:32.829 14692 14692 D GeckoConsole:     at atc_do_closing/this._closingTimeout< (app://system.gaiamobile.org/js/app_transition_controller.js:150:9)
02-14 04:02:32.829 14692 14692 I GeckoConsole: Content JS LOG: [HomescreenWindow][Homescreen][homescreen][2420.366] setVisibleForScreenReader:,false 
02-14 04:02:32.829 14692 14692 I GeckoConsole:     at aw_debug (app://system.gaiamobile.org/js/app_window.js:1212:7)
02-14 04:02:32.829 15821 15837 E linker  : readlink('/proc/self/fd/41') failed: Invalid argument [fd=41]
02-14 04:02:32.839 15821 15837 E linker  : warning: unable to get realpath for the library "/system/lib/hw/gralloc.msm8909.so". Will use given name.
02-14 04:02:32.839 14692 14692 D GeckoConsole: Content JS TRACE: 
02-14 04:02:32.839 14692 14692 D GeckoConsole:     at aw_debug (app://system.gaiamobile.org/js/app_window.js:1218:9)
02-14 04:02:32.839 14692 14692 D GeckoConsole:     at aw_setVisibleForScreenReader (app://system.gaiamobile.org/js/app_window.js:247:7)
02-14 04:02:32.839 14692 14692 D GeckoConsole:     at aw_setVisible (app://system.gaiamobile.org/js/app_window.js:219:7)
02-14 04:02:32.839 14692 14692 D GeckoConsole:     at atc_handle_closed (app://system.gaiamobile.org/js/app_transition_controller.js:221:9)
02-14 04:02:32.839 14692 14692 D GeckoConsole:     at atc_handleEvent (app://system.gaiamobile.org/js/app_transition_controller.js:365:11)
02-14 04:02:32.839 14692 14692 D GeckoConsole:     at aw_broadcast (app://system.gaiamobile.org/js/app_window.js:1430:7)
02-14 04:02:32.839 14692 14692 D GeckoConsole:     at AppWindow.prototype.publish (app://system.gaiamobile.org/js/app_window.js:1396:5)
02-14 04:02:32.839 14692 14692 D GeckoConsole:     at atc_changeTransitionState (app://system.gaiamobile.org/js/app_transition_controller.js:110:7)
02-14 04:02:32.839 14692 14692 D GeckoConsole:     at atc_handleEvent (app://system.gaiamobile.org/js/app_transition_controller.js:372:11)
02-14 04:02:32.839 14692 14692 D GeckoConsole:     at aw_broadcast (app://system.gaiamobile.org/js/app_window.js:1430:7)
02-14 04:02:32.839 14692 14692 D GeckoConsole:     at atc_do_closing/this._closingTimeout< (app://system.gaiamobile.org/js/app_transition_controller.js:150:9)
02-14 04:02:32.839 15821 15837 E linker  : readlink('/proc/self/fd/41') failed: Invalid argument [fd=41]
02-14 04:02:32.839 15821 15837 E linker  : warning: unable to get realpath for the library "libmemalloc.so". Will use given name.
02-14 04:02:32.839 14692 14692 I GeckoConsole: Content JS LOG: [HomescreenWindow][Homescreen][homescreen][2420.376] toggleSpatialNavigation(): enabled = undefined 
02-14 04:02:32.839 14692 14692 I GeckoConsole:     at aw_debug (app://system.gaiamobile.org/js/app_window.js:1212:7)
02-14 04:02:32.839 15821 15837 E linker  : readlink('/proc/self/fd/41') failed: Invalid argument [fd=41]
02-14 04:02:32.839 15821 15837 E linker  : warning: unable to get realpath for the library "libqdMetaData.so". Will use given name.
02-14 04:02:32.839 15821 15837 E linker  : readlink('/proc/self/fd/41') failed: Invalid argument [fd=41]
02-14 04:02:32.839 14692 14692 D GeckoConsole: Content JS TRACE: 
02-14 04:02:32.839 14692 14692 D GeckoConsole:     at aw_debug (app://system.gaiamobile.org/js/app_window.js:1218:9)
02-14 04:02:32.839 14692 14692 D GeckoConsole:     at AppWindow.prototype.toggleSpatialNavigation (app://system.gaiamobile.org/js/app_window.js:2351:5)
02-14 04:02:32.839 14692 14692 D GeckoConsole:     at aw_setVisibleForScreenReader (app://system.gaiamobile.org/js/app_window.js:250:7)
02-14 04:02:32.839 14692 14692 D GeckoConsole:     at aw_setVisible (app://system.gaiamobile.org/js/app_window.js:219:7)
02-14 04:02:32.839 14692 14692 D GeckoConsole:     at atc_handle_closed (app://system.gaiamobile.org/js/app_transition_controller.js:221:9)
02-14 04:02:32.839 14692 14692 D GeckoConsole:     at atc_handleEvent (app://system.gaiamobile.org/js/app_transition_controller.js:365:11)
02-14 04:02:32.839 14692 14692 D GeckoConsole:     at aw_broadcast (app://system.gaiamobile.org/js/app_window.js:1430:7)
02-14 04:02:32.839 14692 14692 D GeckoConsole:     at AppWindow.prototype.publish (app://system.gaiamobile.org/js/app_window.js:1396:5)
02-14 04:02:32.839 14692 14692 D GeckoConsole:     at atc_changeTransitionState (app://system.gaiamobile.org/js/app_transition_controller.js:110:7)
02-14 04:02:32.839 14692 14692 D GeckoConsole:     at atc_handleEvent (app://system.gaiamobile.org/js/app_transition_controller.js:372:11)
02-14 04:02:32.839 14692 14692 D GeckoConsole:     at aw_broadcast (app://system.gaiamobile.org/js/app_window.js:1430:7)
02-14 04:02:32.839 14692 14692 D GeckoConsole:     at atc_do_closing/this._closingTimeout< (app://
02-14 04:02:32.839 15821 15837 E linker  : warning: unable to get realpath for the library "libqdutils.so". Will use given name.
02-14 04:02:32.839 14692 14692 I Gecko   : -*-DHCUI--- AppsService.js: getAppLocalIdByManifestURL( app://launcher.gaiamobile.org/manifest.webapp )
02-14 04:02:32.839 14692 14692 I Gecko   : -*- DHCUI-AppsUtils.jsm: getAppLocalIdByManifestURL app://launcher.gaiamobile.org/manifest.webapp
02-14 04:02:32.849 15821 15837 E linker  : readlink('/proc/self/fd/41') failed: Invalid argument [fd=41]
02-14 04:02:32.849 15821 15837 E linker  : warning: unable to get realpath for the library "libGLESv1_CM.so". Will use given name.
02-14 04:02:32.849 14692 14692 I GeckoConsole: Content JS LOG: [HomescreenWindow][Homescreen][homescreen][2420.383] toggleSpatialNavigation(): early return, incorrect window 
02-14 04:02:32.849 14692 14692 I GeckoConsole:     at aw_debug (app://system.gaiamobile.org/js/app_window.js:1212:7)
02-14 04:02:32.849 15821 15837 E linker  : readlink('/proc/self/fd/41') failed: Invalid argument [fd=41]
02-14 04:02:32.849 15821 15837 E linker  : warning: unable to get realpath for the library "libqservice.so". Will use given name.
02-14 04:02:32.849 14692 14692 D GeckoConsole: Content JS TRACE: 
02-14 04:02:32.849 14692 14692 D GeckoConsole:     at aw_debug (app://system.gaiamobile.org/js/app_window.js:1218:9)
02-14 04:02:32.849 14692 14692 D GeckoConsole:     at AppWindow.prototype.toggleSpatialNavigation (app://system.gaiamobile.org/js/app_window.js:2384:7)
02-14 04:02:32.849 14692 14692 D GeckoConsole:     at aw_setVisibleForScreenReader (app://system.gaiamobile.org/js/app_window.js:250:7)
02-14 04:02:32.849 14692 14692 D GeckoConsole:     at aw_setVisible (app://system.gaiamobile.org/js/app_window.js:219:7)
02-14 04:02:32.849 14692 14692 D GeckoConsole:     at atc_handle_closed (app://system.gaiamobile.org/js/app_transition_controller.js:221:9)
02-14 04:02:32.849 14692 14692 D GeckoConsole:     at atc_handleEvent (app://system.gaiamobile.org/js/app_transition_controller.js:365:11)
02-14 04:02:32.849 14692 14692 D GeckoConsole:     at aw_broadcast (app://system.gaiamobile.org/js/app_window.js:1430:7)
02-14 04:02:32.849 14692 14692 D GeckoConsole:     at AppWindow.prototype.publish (app://system.gaiamobile.org/js/app_window.js:1396:5)
02-14 04:02:32.849 14692 14692 D GeckoConsole:     at atc_changeTransitionState (app://system.gaiamobile.org/js/app_transition_controller.js:110:7)
02-14 04:02:32.849 14692 14692 D GeckoConsole:     at atc_handleEvent (app://system.gaiamobile.org/js/app_transition_controller.js:372:11)
02-14 04:02:32.849 14692 14692 D GeckoConsole:     at aw_broadcast (app://system.gaiamobile.org/js/app_window.js:1430:7)
02-14 04:02:32.849 14692 14692 D GeckoConsole:     at atc_do_closing/this._closingTimeout< (app://
02-14 04:02:32.849 14692 14692 I GeckoConsole: Content JS LOG: [HomescreenWindow][Homescreen][homescreen][2420.388] setActive on browser element:false 
02-14 04:02:32.849 14692 14692 I GeckoConsole:     at aw_debug (app://system.gaiamobile.org/js/app_window.js:1212:7)
02-14 04:02:32.849 14692 14692 D GeckoConsole: Content JS TRACE: 
02-14 04:02:32.849 14692 14692 D GeckoConsole:     at aw_debug (app://system.gaiamobile.org/js/app_window.js:1218:9)
02-14 04:02:32.849 14692 14692 D GeckoConsole:     at bm__setActive (app://system.gaiamobile.org/js/browser_mixin.js:290:9)
02-14 04:02:32.849 14692 14692 D GeckoConsole:     at aw_setVisible (app://system.gaiamobile.org/js/app_window.js:220:7)
02-14 04:02:32.849 14692 14692 D GeckoConsole:     at atc_handle_closed (app://system.gaiamobile.org/js/app_transition_controller.js:221:9)
02-14 04:02:32.849 14692 14692 D GeckoConsole:     at atc_handleEvent (app://system.gaiamobile.org/js/app_transition_controller.js:365:11)
02-14 04:02:32.849 14692 14692 D GeckoConsole:     at aw_broadcast (app://system.gaiamobile.org/js/app_window.js:1430:7)
02-14 04:02:32.849 14692 14692 D GeckoConsole:     at AppWindow.prototype.publish (app://system.gaiamobile.org/js/app_window.js:1396:5)
02-14 04:02:32.849 14692 14692 D GeckoConsole:     at atc_changeTransitionState (app://system.gaiamobile.org/js/app_transition_controller.js:110:7)
02-14 04:02:32.849 14692 14692 D GeckoConsole:     at atc_handleEvent (app://system.gaiamobile.org/js/app_transition_controller.js:372:11)
02-14 04:02:32.849 14692 14692 D GeckoConsole:     at aw_broadcast (app://system.gaiamobile.org/js/app_window.js:1430:7)
02-14 04:02:32.849 14692 14692 D GeckoConsole:     at atc_do_closing/this._closingTimeout< (app://system.gaiamobile.org/js/app_transition_controller.js:150:9)
02-14 04:02:32.859 14692 14692 I GeckoConsole: Content JS LOG: [HomescreenWindow][Homescreen][homescreen][2420.394] before hiding frame 
02-14 04:02:32.859 14692 14692 I GeckoConsole:     at aw_debug (app://system.gaiamobile.org/js/app_window.js:1212:7)
02-14 04:02:32.859 14692 14692 D GeckoConsole: Content JS TRACE: 
02-14 04:02:32.859 14692 14692 D GeckoConsole:     at aw_debug (app://system.gaiamobile.org/js/app_window.js:1218:9)
02-14 04:02:32.859 14692 14692 D GeckoConsole:     at aw__hideFrame (app://system.gaiamobile.org/js/app_window.js:286:5)
02-14 04:02:32.859 14692 14692 D GeckoConsole:     at aw_setVisible (app://system.gaiamobile.org/js/app_window.js:226:9)
02-14 04:02:32.859 14692 14692 D GeckoConsole:     at atc_handle_closed (app://system.gaiamobile.org/js/app_transition_controller.js:221:9)
02-14 04:02:32.859 14692 14692 D GeckoConsole:     at atc_handleEvent (app://system.gaiamobile.org/js/app_transition_controller.js:365:11)
02-14 04:02:32.859 14692 14692 D GeckoConsole:     at aw_broadcast (app://system.gaiamobile.org/js/app_window.js:1430:7)
02-14 04:02:32.859 14692 14692 D GeckoConsole:     at AppWindow.prototype.publish (app://system.gaiamobile.org/js/app_window.js:1396:5)
02-14 04:02:32.859 14692 14692 D GeckoConsole:     at atc_changeTransitionState (app://system.gaiamobile.org/js/app_transition_controller.js:110:7)
02-14 04:02:32.859 14692 14692 D GeckoConsole:     at atc_handleEvent (app://system.gaiamobile.org/js/app_transition_controller.js:372:11)
02-14 04:02:32.859 14692 14692 D GeckoConsole:     at aw_broadcast (app://system.gaiamobile.org/js/app_window.js:1430:7)
02-14 04:02:32.859 14692 14692 D GeckoConsole:     at atc_do_closing/this._closingTimeout< (app://system.gaiamobile.org/js/app_transition_controller.js:150:9)
02-14 04:02:32.869 14692 14692 I GeckoConsole: Content JS LOG: [HomescreenWindow][Homescreen][homescreen][2420.402] setVisible on browser element:false 
02-14 04:02:32.869 14692 14692 I GeckoConsole:     at aw_debug (app://system.gaiamobile.org/js/app_window.js:1212:7)
02-14 04:02:32.869 14692 14692 D GeckoConsole: Content JS TRACE: 
02-14 04:02:32.869 14692 14692 D GeckoConsole:     at aw_debug (app://system.gaiamobile.org/js/app_window.js:1218:9)
02-14 04:02:32.869 14692 14692 D GeckoConsole:     at bm__setVisible (app://system.gaiamobile.org/js/browser_mixin.js:282:9)
02-14 04:02:32.869 14692 14692 D GeckoConsole:     at aw__hideFrame (app://system.gaiamobile.org/js/app_window.js:293:5)
02-14 04:02:32.869 14692 14692 D GeckoConsole:     at aw_setVisible (app://system.gaiamobile.org/js/app_window.js:226:9)
02-14 04:02:32.869 14692 14692 D GeckoConsole:     at atc_handle_closed (app://system.gaiamobile.org/js/app_transition_controller.js:221:9)
02-14 04:02:32.869 14692 14692 D GeckoConsole:     at atc_handleEvent (app://system.gaiamobile.org/js/app_transition_controller.js:365:11)
02-14 04:02:32.869 14692 14692 D GeckoConsole:     at aw_broadcast (app://system.gaiamobile.org/js/app_window.js:1430:7)
02-14 04:02:32.869 14692 14692 D GeckoConsole:     at AppWindow.prototype.publish (app://system.gaiamobile.org/js/app_window.js:1396:5)
02-14 04:02:32.869 14692 14692 D GeckoConsole:     at atc_changeTransitionState (app://system.gaiamobile.org/js/app_transition_controller.js:110:7)
02-14 04:02:32.869 14692 14692 D GeckoConsole:     at atc_handleEvent (app://system.gaiamobile.org/js/app_transition_controller.js:372:11)
02-14 04:02:32.869 14692 14692 D GeckoConsole:     at aw_broadcast (app://system.gaiamobile.org/js/app_window.js:1430:7)
02-14 04:02:32.869 14692 14692 D GeckoConsole:     at atc_do_closing/this._closingTimeout< (app://system.gaiamobile.org/js/app_transition_co
02-14 04:02:32.869 14692 14692 I GeckoConsole: Content JS LOG: [HomescreenWindow][Homescreen][homescreen][2420.411] Homescreen:homescreen is setting nfc active to: false 
02-14 04:02:32.869 14692 14692 I GeckoConsole:     at aw_debug (app://system.gaiamobile.org/js/app_window.js:1212:7)
