02-14 04:02:33.119 14692 14692 D GeckoConsole:     at atc_handleEvent (app://system.gaiamobile.org/js/app_transition_controller.js:377:13)
02-14 04:02:33.119 14692 14692 D GeckoConsole:     at aw_broadcast (app://system.gaiamobile.org/js/
02-14 04:02:33.129 14804 14804 E sdcard  : missing packages.list; retrying
02-14 04:02:33.129 14692 14692 I GeckoConsole: Content JS LOG: [AppWindow][Messages][AppWindow_5][2420.663] before showing frame 
02-14 04:02:33.129 14692 14692 I GeckoConsole:     at aw_debug (app://system.gaiamobile.org/js/app_window.js:1212:7)
02-14 04:02:33.129 14692 14692 D GeckoConsole: Content JS TRACE: 
02-14 04:02:33.129 14692 14692 D GeckoConsole:     at aw_debug (app://system.gaiamobile.org/js/app_window.js:1218:9)
02-14 04:02:33.129 14692 14692 D GeckoConsole:     at aw__showFrame (app://system.gaiamobile.org/js/app_window.js:258:5)
02-14 04:02:33.129 14692 14692 D GeckoConsole:     at aw_setVisible (app://system.gaiamobile.org/js/app_window.js:224:9)
02-14 04:02:33.129 14692 14692 D GeckoConsole:     at bm_focus (app://system.gaiamobile.org/js/browser_mixin.js:246:9)
02-14 04:02:33.129 14692 14692 D GeckoConsole:     at AppTransitionController.prototype.focusApp (app://system.gaiamobile.org/js/app_transition_controller.js:286:7)
02-14 04:02:33.129 14692 14692 D GeckoConsole:     at atc_handle_opened (app://system.gaiamobile.org/js/app_transition_controller.js:276:7)
02-14 04:02:33.129 14692 14692 D GeckoConsole:     at atc_handleEvent (app://system.gaiamobile.org/js/app_transition_controller.js:362:11)
02-14 04:02:33.129 14692 14692 D GeckoConsole:     at aw_broadcast (app://system.gaiamobile.org/js/app_window.js:1430:7)
02-14 04:02:33.129 14692 14692 D GeckoConsole:     at AppWindow.prototype.publish (app://system.gaiamobile.org/js/app_window.js:1396:5)
02-14 04:02:33.129 14692 14692 D GeckoConsole:     at atc_changeTransitionState (app://system.gaiamobile.org/js/app_transition_controller.js:110:7)
02-14 04:02:33.129 14692 14692 D GeckoConsole:     at atc_handleEvent (app://system.gaiamobile.org/js/app_transition_controller.js:377:13)
02-14 04:02:33.129 14692 14692 D GeckoConsole:     at aw_broadcast (app://system.gaiamobile.org/js/app
02-14 04:02:33.129 14692 14692 I FocusManager: << focus() called >>
02-14 04:02:33.129 14692 14692 I FocusManager:    trying to set focus on, tag: IFRAME, id: browser4, class: browser
02-14 04:02:33.139 14692 14692 I FocusManager:    current focused element, tag: IFRAME, id: browser0, class: browser hidden
02-14 04:02:33.139 14692 14692 I FocusManager: <- blur on, tag: IFRAME, id: browser0, class: browser hidden
02-14 04:02:33.139 15321 15321 I FocusManager: <- blur on, tag: DIV, id: , class: app is-focus-app
02-14 04:02:33.149 14692 14692 I FocusManager: -> focus is now on, tag: IFRAME, id: browser4, class: browser
02-14 04:02:33.159 14692 14692 I GeckoConsole: Content JS LOG: [AppWindow][Messages][AppWindow_5][2420.692] _setVisibleForScreenReader(): visible = true 
02-14 04:02:33.159 14692 14692 I GeckoConsole:     at aw_debug (app://system.gaiamobile.org/js/app_window.js:1212:7)
02-14 04:02:33.159 14692 14692 D GeckoConsole: Content JS TRACE: 
02-14 04:02:33.159 14692 14692 D GeckoConsole:     at aw_debug (app://system.gaiamobile.org/js/app_window.js:1218:9)
02-14 04:02:33.159 14692 14692 D GeckoConsole:     at bm__setVisibleForScreenReader (app://system.gaiamobile.org/js/browser_mixin.js:314:9)
02-14 04:02:33.159 14692 14692 D GeckoConsole:     at bm_focus (app://system.gaiamobile.org/js/browser_mixin.js:249:9)
02-14 04:02:33.159 14692 14692 D GeckoConsole:     at AppTransitionController.prototype.focusApp (app://system.gaiamobile.org/js/app_transition_controller.js:286:7)
02-14 04:02:33.159 14692 14692 D GeckoConsole:     at atc_handle_opened (app://system.gaiamobile.org/js/app_transition_controller.js:276:7)
02-14 04:02:33.159 14692 14692 D GeckoConsole:     at atc_handleEvent (app://system.gaiamobile.org/js/app_transition_controller.js:362:11)
02-14 04:02:33.159 14692 14692 D GeckoConsole:     at aw_broadcast (app://system.gaiamobile.org/js/app_window.js:1430:7)
02-14 04:02:33.159 14692 14692 D GeckoConsole:     at AppWindow.prototype.publish (app://system.gaiamobile.org/js/app_window.js:1396:5)
02-14 04:02:33.159 14692 14692 D GeckoConsole:     at atc_changeTransitionState (app://system.gaiamobile.org/js/app_transition_controller.js:110:7)
02-14 04:02:33.159 14692 14692 D GeckoConsole:     at atc_handleEvent (app://system.gaiamobile.org/js/app_transition_controller.js:377:13)
02-14 04:02:33.159 14692 14692 D GeckoConsole:     at aw_broadcast (app://system.gaiamobile.org/js/app_window.js:1430:7)
02-14 04:02:33.159 14692 14692 D GeckoConsole:     at AppWindow.prototype.publish (
02-14 04:02:33.159 14692 14692 I GeckoConsole: Content JS LOG: [AppWindow][Messages][AppWindow_5][2420.698] aria-hidden on browser element:false 
02-14 04:02:33.159 14692 14692 I GeckoConsole:     at aw_debug (app://system.gaiamobile.org/js/app_window.js:1212:7)
02-14 04:02:33.159 14692 14692 D GeckoConsole: Content JS TRACE: 
02-14 04:02:33.159 14692 14692 D GeckoConsole:     at aw_debug (app://system.gaiamobile.org/js/app_window.js:1218:9)
02-14 04:02:33.159 14692 14692 D GeckoConsole:     at bm__setVisibleForScreenReader (app://system.gaiamobile.org/js/browser_mixin.js:316:11)
02-14 04:02:33.159 14692 14692 D GeckoConsole:     at bm_focus (app://system.gaiamobile.org/js/browser_mixin.js:249:9)
02-14 04:02:33.159 14692 14692 D GeckoConsole:     at AppTransitionController.prototype.focusApp (app://system.gaiamobile.org/js/app_transition_controller.js:286:7)
02-14 04:02:33.159 14692 14692 D GeckoConsole:     at atc_handle_opened (app://system.gaiamobile.org/js/app_transition_controller.js:276:7)
02-14 04:02:33.159 14692 14692 D GeckoConsole:     at atc_handleEvent (app://system.gaiamobile.org/js/app_transition_controller.js:362:11)
02-14 04:02:33.159 14692 14692 D GeckoConsole:     at aw_broadcast (app://system.gaiamobile.org/js/app_window.js:1430:7)
02-14 04:02:33.159 14692 14692 D GeckoConsole:     at AppWindow.prototype.publish (app://system.gaiamobile.org/js/app_window.js:1396:5)
02-14 04:02:33.159 14692 14692 D GeckoConsole:     at atc_changeTransitionState (app://system.gaiamobile.org/js/app_transition_controller.js:110:7)
02-14 04:02:33.159 14692 14692 D GeckoConsole:     at atc_handleEvent (app://system.gaiamobile.org/js/app_transition_controller.js:377:13)
02-14 04:02:33.159 14692 14692 D GeckoConsole:     at aw_broadcast (app://system.gaiamobile.org/js/app_window.js:1430:7)
02-14 04:02:33.159 14692 14692 D GeckoConsole:     at AppWindow.prototype.publish 
02-14 04:02:33.169 14692 14692 I GeckoConsole: Content JS LOG: [AppWindow][Messages][AppWindow_5][2420.704] toggleSpatialNavigation(): enabled = undefined 
02-14 04:02:33.169 14692 14692 I GeckoConsole:     at aw_debug (app://system.gaiamobile.org/js/app_window.js:1212:7)
02-14 04:02:33.169 14692 14692 D GeckoConsole: Content JS TRACE: 
02-14 04:02:33.169 14692 14692 D GeckoConsole:     at aw_debug (app://system.gaiamobile.org/js/app_window.js:1218:9)
02-14 04:02:33.169 14692 14692 D GeckoConsole:     at AppWindow.prototype.toggleSpatialNavigation (app://system.gaiamobile.org/js/app_window.js:2351:5)
02-14 04:02:33.169 14692 14692 D GeckoConsole:     at bm__setVisibleForScreenReader (app://system.gaiamobile.org/js/browser_mixin.js:318:11)
02-14 04:02:33.169 14692 14692 D GeckoConsole:     at bm_focus (app://system.gaiamobile.org/js/browser_mixin.js:249:9)
02-14 04:02:33.169 14692 14692 D GeckoConsole:     at AppTransitionController.prototype.focusApp (app://system.gaiamobile.org/js/app_transition_controller.js:286:7)
02-14 04:02:33.169 14692 14692 D GeckoConsole:     at atc_handle_opened (app://system.gaiamobile.org/js/app_transition_controller.js:276:7)
02-14 04:02:33.169 14692 14692 D GeckoConsole:     at atc_handleEvent (app://system.gaiamobile.org/js/app_transition_controller.js:362:11)
02-14 04:02:33.169 14692 14692 D GeckoConsole:     at aw_broadcast (app://system.gaiamobile.org/js/app_window.js:1430:7)
02-14 04:02:33.169 14692 14692 D GeckoConsole:     at AppWindow.prototype.publish (app://system.gaiamobile.org/js/app_window.js:1396:5)
02-14 04:02:33.169 14692 14692 D GeckoConsole:     at atc_changeTransitionState (app://system.gaiamobile.org/js/app_transition_controller.js:110:7)
02-14 04:02:33.169 14692 14692 D GeckoConsole:     at atc_handleEvent (app://system.gaiamobile.org/js/app_transition_controller.js:377:13)
02-14 04:02:33.169 14692 14692 D GeckoConsole:     
02-14 04:02:33.169 14692 14692 I Gecko   : -*-DHCUI--- AppsService.js: getAppLocalIdByManifestURL( app://sms.gaiamobile.org/manifest.webapp )
02-14 04:02:33.169 14692 14692 I Gecko   : -*- DHCUI-AppsUtils.jsm: getAppLocalIdByManifestURL app://sms.gaiamobile.org/manifest.webapp
02-14 04:02:33.179 14692 14692 I GeckoConsole: Content JS LOG: [AppWindow][Messages][AppWindow_5][2420.714] toggleSpatialNavigation(): set --> false 
02-14 04:02:33.179 14692 14692 I GeckoConsole:     at aw_debug (app://system.gaiamobile.org/js/app_window.js:1212:7)
02-14 04:02:33.179 14692 14692 D GeckoConsole: Content JS TRACE: 
02-14 04:02:33.179 14692 14692 D GeckoConsole:     at aw_debug (app://system.gaiamobile.org/js/app_window.js:1218:9)
02-14 04:02:33.179 14692 14692 D GeckoConsole:     at AppWindow.prototype.toggleSpatialNavigation (app://system.gaiamobile.org/js/app_window.js:2412:7)
02-14 04:02:33.179 14692 14692 D GeckoConsole:     at bm__setVisibleForScreenReader (app://system.gaiamobile.org/js/browser_mixin.js:318:11)
02-14 04:02:33.179 14692 14692 D GeckoConsole:     at bm_focus (app://system.gaiamobile.org/js/browser_mixin.js:249:9)
02-14 04:02:33.179 14692 14692 D GeckoConsole:     at AppTransitionController.prototype.focusApp (app://system.gaiamobile.org/js/app_transition_controller.js:286:7)
02-14 04:02:33.179 14692 14692 D GeckoConsole:     at atc_handle_opened (app://system.gaiamobile.org/js/app_transition_controller.js:276:7)
02-14 04:02:33.179 14692 14692 D GeckoConsole:     at atc_handleEvent (app://system.gaiamobile.org/js/app_transition_controller.js:362:11)
02-14 04:02:33.179 14692 14692 D GeckoConsole:     at aw_broadcast (app://system.gaiamobile.org/js/app_window.js:1430:7)
02-14 04:02:33.179 14692 14692 D GeckoConsole:     at AppWindow.prototype.publish (app://system.gaiamobile.org/js/app_window.js:1396:5)
02-14 04:02:33.179 14692 14692 D GeckoConsole:     at atc_changeTransitionState (app://system.gaiamobile.org/js/app_transition_controller.js:110:7)
02-14 04:02:33.179 14692 14692 D GeckoConsole:     at atc_handleEvent (app://system.gaiamobile.org/js/app_transition_controller.js:377:13)
02-14 04:02:33.179 14692 14692 D GeckoConsole:     
02-14 04:02:33.179 14692 14692 I GeckoConsole: Content JS LOG: [AppWindow][Messages][AppWindow_5][2420.719] setSpatialNavigation(): enabled = false 
02-14 04:02:33.179 14692 14692 I GeckoConsole:     at aw_debug (app://system.gaiamobile.org/js/app_window.js:1212:7)
02-14 04:02:33.189 14692 14692 D GeckoConsole: Content JS TRACE: 
02-14 04:02:33.189 14692 14692 D GeckoConsole:     at aw_debug (app://system.gaiamobile.org/js/app_window.js:1218:9)
02-14 04:02:33.189 14692 14692 D GeckoConsole:     at window.BrowserMixin.setSpatialNavigation (app://system.gaiamobile.org/js/browser_mixin.js:87:7)
02-14 04:02:33.189 14692 14692 D GeckoConsole:     at AppWindow.prototype.toggleSpatialNavigation (app://system.gaiamobile.org/js/app_window.js:2415:5)
02-14 04:02:33.189 14692 14692 D GeckoConsole:     at bm__setVisibleForScreenReader (app://system.gaiamobile.org/js/browser_mixin.js:318:11)
02-14 04:02:33.189 14692 14692 D GeckoConsole:     at bm_focus (app://system.gaiamobile.org/js/browser_mixin.js:249:9)
02-14 04:02:33.189 14692 14692 D GeckoConsole:     at AppTransitionController.prototype.focusApp (app://system.gaiamobile.org/js/app_transition_controller.js:286:7)
02-14 04:02:33.189 14692 14692 D GeckoConsole:     at atc_handle_opened (app://system.gaiamobile.org/js/app_transition_controller.js:276:7)
02-14 04:02:33.189 14692 14692 D GeckoConsole:     at atc_handleEvent (app://system.gaiamobile.org/js/app_transition_controller.js:362:11)
02-14 04:02:33.189 14692 14692 D GeckoConsole:     at aw_broadcast (app://system.gaiamobile.org/js/app_window.js:1430:7)
02-14 04:02:33.189 14692 14692 D GeckoConsole:     at AppWindow.prototype.publish (app://system.gaiamobile.org/js/app_window.js:1396:5)
02-14 04:02:33.189 14692 14692 D GeckoConsole:     at atc_changeTransitionState (app://system.gaiamobile.org/js/app_transition_controller.js:
02-14 04:02:33.189 14692 14692 I GeckoConsole: Content JS LOG: [AppWindow][Messages][AppWindow_5][2420.727] install appchrome 
02-14 04:02:33.189 14692 14692 I GeckoConsole:     at aw_debug (app://system.gaiamobile.org/js/app_window.js:1212:7)
02-14 04:02:33.189 14692 14692 D GeckoConsole: Content JS TRACE: 
02-14 04:02:33.189 14692 14692 D GeckoConsole:     at aw_debug (app://system.gaiamobile.org/js/app_window.js:1218:9)
02-14 04:02:33.189 14692 14692 D GeckoConsole:     at onOpened (app://system.gaiamobile.org/js/app_window.js:861:11)
02-14 04:02:33.189 14692 14692 D GeckoConsole:     at aw_broadcast (app://system.gaiamobile.org/js/app_window.js:1430:7)
02-14 04:02:33.189 14692 14692 D GeckoConsole:     at AppWindow.prototype.publish (app://system.gaiamobile.org/js/app_window.js:1396:5)
02-14 04:02:33.189 14692 14692 D GeckoConsole:     at atc_changeTransitionState (app://system.gaiamobile.org/js/app_transition_controller.js:110:7)
02-14 04:02:33.189 14692 14692 D GeckoConsole:     at atc_handleEvent (app://system.gaiamobile.org/js/app_transition_controller.js:377:13)
02-14 04:02:33.189 14692 14692 D GeckoConsole:     at aw_broadcast (app://system.gaiamobile.org/js/app_window.js:1430:7)
02-14 04:02:33.189 14692 14692 D GeckoConsole:     at AppWindow.prototype.publish (app://system.gaiamobile.org/js/app_window.js:1396:5)
02-14 04:02:33.189 14692 14692 D GeckoConsole:     at aw__handle_mozbrowserloadend (app://system.gaiamobile.org/js/app_window.js:1055:7)
02-14 04:02:33.189 14692 14692 D GeckoConsole:     at aw_handleEvent (app://system.gaiamobile.org/js/app_window.js:1195:7)
02-14 04:02:33.209 14692 14692 I GeckoConsole: Content JS LOG: [AppWindow][Messages][AppWindow_5][2420.742] publishing external event: appopened 
02-14 04:02:33.209 14692 14692 I GeckoConsole:     at aw_debug (app://system.gaiamobile.org/js/app_window.js:1212:7)
02-14 04:02:33.209 14692 14692 D GeckoConsole: Content JS TRACE: 
02-14 04:02:33.209 14692 14692 D GeckoConsole:     at aw_debug (app://system.gaiamobile.org/js/app_window.js:1218:9)
02-14 04:02:33.209 14692 14692 D GeckoConsole:     at AppWindow.prototype.publish (app://system.gaiamobile.org/js/app_window.js:1403:5)
02-14 04:02:33.209 14692 14692 D GeckoConsole:     at atc_changeTransitionState (app://system.gaiamobile.org/js/app_transition_controller.js:110:7)
02-14 04:02:33.209 14692 14692 D GeckoConsole:     at atc_handleEvent (app://system.gaiamobile.org/js/app_transition_controller.js:377:13)
02-14 04:02:33.209 14692 14692 D GeckoConsole:     at aw_broadcast (app://system.gaiamobile.org/js/app_window.js:1430:7)
02-14 04:02:33.209 14692 14692 D GeckoConsole:     at AppWindow.prototype.publish (app://system.gaiamobile.org/js/app_window.js:1396:5)
02-14 04:02:33.209 14692 14692 D GeckoConsole:     at aw__handle_mozbrowserloadend (app://system.gaiamobile.org/js/app_window.js:1055:7)
02-14 04:02:33.209 14692 14692 D GeckoConsole:     at aw_handleEvent (app://system.gaiamobile.org/js/app_window.js:1195:7)
02-14 04:02:33.209 14692 14692 I GeckoConsole: Content JS LOG: [AppWindowManager][2420.748]handling appopened 
02-14 04:02:33.209 14692 14692 I GeckoConsole:     at awm_debug (app://system.gaiamobile.org/js/app_window_manager.js:789:9)
02-14 04:02:33.209 14692 14692 I GeckoConsole: Content JS LOG: [AppWindowManager][2420.750]false,false,[object Object] 
02-14 04:02:33.209 14692 14692 I GeckoConsole:     at awm_debug (app://system.gaiamobile.org/js/app_window_manager.js:789:9)
02-14 04:02:33.219 14692 14692 I GeckoConsole: Content JS LOG: [AppWindow][Messages][AppWindow_5][2420.753] request RESIZE...active? ,true 
02-14 04:02:33.219 14692 14692 I GeckoConsole:     at aw_debug (app://system.gaiamobile.org/js/app_window.js:1212:7)
02-14 04:02:33.219 14692 14692 D GeckoConsole: Content JS TRACE: 
02-14 04:02:33.219 14692 14692 D GeckoConsole:     at aw_debug (app://system.gaiamobile.org/js/app_window.js:1218:9)
02-14 04:02:33.219 14692 14692 D GeckoConsole:     at aw_resize (app://system.gaiamobile.org/js/app_window.js:1628:5)
02-14 04:02:33.219 14692 14692 D GeckoConsole:     at awm__changeActiveApp (app://system.gaiamobile.org/js/app_window_manager.js:850:7)
02-14 04:02:33.219 14692 14692 D GeckoConsole:     at awm_handleEvent (app://system.gaiamobile.org/js/app_window_manager.js:591:11)
02-14 04:02:33.219 14692 14692 D GeckoConsole:     at AppWindow.prototype.publish (app://system.gaiamobile.org/js/app_window.js:1410:7)
02-14 04:02:33.219 14692 14692 D GeckoConsole:     at atc_changeTransitionState (app://system.gaiamobile.org/js/app_transition_controller.js:110:7)
02-14 04:02:33.219 14692 14692 D GeckoConsole:     at atc_handleEvent (app://system.gaiamobile.org/js/app_transition_controller.js:377:13)
02-14 04:02:33.219 14692 14692 D GeckoConsole:     at aw_broadcast (app://system.gaiamobile.org/js/app_window.js:1430:7)
02-14 04:02:33.219 14692 14692 D GeckoConsole:     at AppWindow.prototype.publish (app://system.gaiamobile.org/js/app_window.js:1396:5)
02-14 04:02:33.219 14692 14692 D GeckoConsole:     at aw__handle_mozbrowserloadend (app://system.gaiamobile.org/js/app_window.js:1055:7)
02-14 04:02:33.219 14692 14692 D GeckoConsole:     at aw_handleEvent (app://system.gaiamobile.org/js/app_window.js:1195:7)
02-14 04:02:33.219 14692 14692 I GeckoConsole: Content JS LOG: [AppWindow][Messages][AppWindow_5][2420.758]  will resize...  
02-14 04:02:33.219 14692 14692 I GeckoConsole:     at aw_debug (app://system.gaiamobile.org/js/app_window.js:1212:7)
02-14 04:02:33.219 14692 14692 D GeckoConsole: Content JS TRACE: 
02-14 04:02:33.219 14692 14692 D GeckoConsole:     at aw_debug (app://system.gaiamobile.org/js/app_window.js:1218:9)
02-14 04:02:33.219 14692 14692 D GeckoConsole:     at aw_resize (app://system.gaiamobile.org/js/app_window.js:1638:7)
02-14 04:02:33.219 14692 14692 D GeckoConsole:     at awm__changeActiveApp (app://system.gaiamobile.org/js/app_window_manager.js:850:7)
02-14 04:02:33.219 14692 14692 D GeckoConsole:     at awm_handleEvent (app://system.gaiamobile.org/js/app_window_manager.js:591:11)
02-14 04:02:33.219 14692 14692 D GeckoConsole:     at AppWindow.prototype.publish (app://system.gaiamobile.org/js/app_window.js:1410:7)
02-14 04:02:33.219 14692 14692 D GeckoConsole:     at atc_changeTransitionState (app://system.gaiamobile.org/js/app_transition_controller.js:110:7)
02-14 04:02:33.219 14692 14692 D GeckoConsole:     at atc_handleEvent (app://system.gaiamobile.org/js/app_transition_controller.js:377:13)
02-14 04:02:33.219 14692 14692 D GeckoConsole:     at aw_broadcast (app://system.gaiamobile.org/js/app_window.js:1430:7)
02-14 04:02:33.219 14692 14692 D GeckoConsole:     at AppWindow.prototype.publish (app://system.gaiamobile.org/js/app_window.js:1396:5)
02-14 04:02:33.219 14692 14692 D GeckoConsole:     at aw__handle_mozbrowserloadend (app://system.gaiamobile.org/js/app_window.js:1055:7)
02-14 04:02:33.219 14692 14692 D GeckoConsole:     at aw_handleEvent (app://system.gaiamobile.org/js/app_window.js:1195:7)
02-14 04:02:33.229 14692 14692 I GeckoConsole: Content JS LOG: [AppWindow][Messages][AppWindow_5][2420.764] force RESIZE... 
02-14 04:02:33.229 14692 14692 I GeckoConsole:     at aw_debug (app://system.gaiamobile.org/js/app_window.js:1212:7)
02-14 04:02:33.229 14692 14692 D GeckoConsole: Content JS TRACE: 
02-14 04:02:33.229 14692 14692 D GeckoConsole:     at aw_debug (app://system.gaiamobile.org/js/app_window.js:1218:9)
02-14 04:02:33.229 14692 14692 D GeckoConsole:     at aw__resize (app://system.gaiamobile.org/js/app_window.js:1559:5)
02-14 04:02:33.229 14692 14692 D GeckoConsole:     at aw_resize (app://system.gaiamobile.org/js/app_window.js:1639:7)
02-14 04:02:33.229 14692 14692 D GeckoConsole:     at awm__changeActiveApp (app://system.gaiamobile.org/js/app_window_manager.js:850:7)
02-14 04:02:33.229 14692 14692 D GeckoConsole:     at awm_handleEvent (app://system.gaiamobile.org/js/app_window_manager.js:591:11)
02-14 04:02:33.229 14692 14692 D GeckoConsole:     at AppWindow.prototype.publish (app://system.gaiamobile.org/js/app_window.js:1410:7)
02-14 04:02:33.229 14692 14692 D GeckoConsole:     at atc_changeTransitionState (app://system.gaiamobile.org/js/app_transition_controller.js:110:7)
02-14 04:02:33.229 14692 14692 D GeckoConsole:     at atc_handleEvent (app://system.gaiamobile.org/js/app_transition_controller.js:377:13)
02-14 04:02:33.229 14692 14692 D GeckoConsole:     at aw_broadcast (app://system.gaiamobile.org/js/app_window.js:1430:7)
02-14 04:02:33.229 14692 14692 D GeckoConsole:     at AppWindow.prototype.publish (app://system.gaiamobile.org/js/app_window.js:1396:5)
02-14 04:02:33.229 14692 14692 D GeckoConsole:     at aw__handle_mozbrowserloadend (app://system.gaiamobile.org/js/app_window.js:1055:7)
02-14 04:02:33.229 14692 14692 D GeckoConsole:     at aw_handleEvent (app://system.gaiamobile.org/js/app_window.js:1195:7)
02-14 04:02:33.229 14692 14692 I GeckoConsole: Content JS LOG: [AppWindow][Messages][AppWindow_5][2420.770] publishing internal event: withoutkeyboard 
02-14 04:02:33.229 14692 14692 I GeckoConsole:     at aw_debug (app://system.gaiamobile.org/js/app_window.js:1212:7)
02-14 04:02:33.239 14692 14692 D GeckoConsole: Content JS TRACE: 
02-14 04:02:33.239 14692 14692 D GeckoConsole:     at aw_debug (app://system.gaiamobile.org/js/app_window.js:1218:9)
02-14 04:02:33.239 14692 14692 D GeckoConsole:     at aw_broadcast (app://system.gaiamobile.org/js/app_window.js:1429:7)
02-14 04:02:33.239 14692 14692 D GeckoConsole:     at aw__resize (app://system.gaiamobile.org/js/app_window.js:1575:7)
02-14 04:02:33.239 14692 14692 D GeckoConsole:     at aw_resize (app://system.gaiamobile.org/js/app_window.js:1639:7)
02-14 04:02:33.239 14692 14692 D GeckoConsole:     at awm__changeActiveApp (app://system.gaiamobile.org/js/app_window_manager.js:850:7)
02-14 04:02:33.239 14692 14692 D GeckoConsole:     at awm_handleEvent (app://system.gaiamobile.org/js/app_window_manager.js:591:11)
02-14 04:02:33.239 14692 14692 D GeckoConsole:     at AppWindow.prototype.publish (app://system.gaiamobile.org/js/app_window.js:1410:7)
02-14 04:02:33.239 14692 14692 D GeckoConsole:     at atc_changeTransitionState (app://system.gaiamobile.org/js/app_transition_controller.js:110:7)
02-14 04:02:33.239 14692 14692 D GeckoConsole:     at atc_handleEvent (app://system.gaiamobile.org/js/app_transition_controller.js:377:13)
02-14 04:02:33.239 14692 14692 D GeckoConsole:     at aw_broadcast (app://system.gaiamobile.org/js/app_window.js:1430:7)
02-14 04:02:33.239 14692 14692 D GeckoConsole:     at AppWindow.prototype.publish (app://system.gaiamobile.org/js/app_window.js:1396:5)
02-14 04:02:33.239 14692 14692 D GeckoConsole:     at aw__handle_mozbrowserloadend (app://system.gaiamobile.org/js/app_window.js:1055:7)
02-14 04:02:33.239 14692 14692 D GeckoConsole:     at a
02-14 04:02:33.239 14692 14692 I GeckoConsole: Content JS LOG: [AppWindow][Messages][AppWindow_5][2420.776] publishing internal event: resize 
02-14 04:02:33.239 14692 14692 I GeckoConsole:     at aw_debug (app://system.gaiamobile.org/js/app_window.js:1212:7)
02-14 04:02:33.239 14692 14692 D GeckoConsole: Content JS TRACE: 
02-14 04:02:33.239 14692 14692 D GeckoConsole:     at aw_debug (app://system.gaiamobile.org/js/app_window.js:1218:9)
02-14 04:02:33.239 14692 14692 D GeckoConsole:     at aw_broadcast (app://system.gaiamobile.org/js/app_window.js:1429:7)
02-14 04:02:33.239 14692 14692 D GeckoConsole:     at AppWindow.prototype.publish (app://system.gaiamobile.org/js/app_window.js:1396:5)
02-14 04:02:33.239 14692 14692 D GeckoConsole:     at aw__resize (app://system.gaiamobile.org/js/app_window.js:1606:5)
02-14 04:02:33.239 14692 14692 D GeckoConsole:     at aw_resize (app://system.gaiamobile.org/js/app_window.js:1639:7)
02-14 04:02:33.239 14692 14692 D GeckoConsole:     at awm__changeActiveApp (app://system.gaiamobile.org/js/app_window_manager.js:850:7)
02-14 04:02:33.239 14692 14692 D GeckoConsole:     at awm_handleEvent (app://system.gaiamobile.org/js/app_window_manager.js:591:11)
02-14 04:02:33.239 14692 14692 D GeckoConsole:     at AppWindow.prototype.publish (app://system.gaiamobile.org/js/app_window.js:1410:7)
02-14 04:02:33.239 14692 14692 D GeckoConsole:     at atc_changeTransitionState (app://system.gaiamobile.org/js/app_transition_controller.js:110:7)
02-14 04:02:33.239 14692 14692 D GeckoConsole:     at atc_handleEvent (app://system.gaiamobile.org/js/app_transition_controller.js:377:13)
02-14 04:02:33.239 14692 14692 D GeckoConsole:     at aw_broadcast (app://system.gaiamobile.org/js/app_window.js:1430:7)
02-14 04:02:33.239 14692 14692 D GeckoConsole:     at AppWindow.prototype.publish (app://system.gaiamobile.org/js/app_window.js:1396:5)
02-14 04:02:33.239 14692 14692 D GeckoConsole:     at aw
02-14 04:02:33.249 14692 14692 I GeckoConsole: Content JS LOG: [AppWindow][Messages][AppWindow_5][2420.783] publishing external event: appresize 
02-14 04:02:33.249 14692 14692 I GeckoConsole:     at aw_debug (app://system.gaiamobile.org/js/app_window.js:1212:7)
02-14 04:02:33.249 14692 14692 D GeckoConsole: Content JS TRACE: 
02-14 04:02:33.249 14692 14692 D GeckoConsole:     at aw_debug (app://system.gaiamobile.org/js/app_window.js:1218:9)
02-14 04:02:33.249 14692 14692 D GeckoConsole:     at AppWindow.prototype.publish (app://system.gaiamobile.org/js/app_window.js:1403:5)
02-14 04:02:33.249 14692 14692 D GeckoConsole:     at aw__resize (app://system.gaiamobile.org/js/app_window.js:1606:5)
02-14 04:02:33.249 14692 14692 D GeckoConsole:     at aw_resize (app://system.gaiamobile.org/js/app_window.js:1639:7)
02-14 04:02:33.249 14692 14692 D GeckoConsole:     at awm__changeActiveApp (app://system.gaiamobile.org/js/app_window_manager.js:850:7)
02-14 04:02:33.249 14692 14692 D GeckoConsole:     at awm_handleEvent (app://system.gaiamobile.org/js/app_window_manager.js:591:11)
02-14 04:02:33.249 14692 14692 D GeckoConsole:     at AppWindow.prototype.publish (app://system.gaiamobile.org/js/app_window.js:1410:7)
02-14 04:02:33.249 14692 14692 D GeckoConsole:     at atc_changeTransitionState (app://system.gaiamobile.org/js/app_transition_controller.js:110:7)
02-14 04:02:33.249 14692 14692 D GeckoConsole:     at atc_handleEvent (app://system.gaiamobile.org/js/app_transition_controller.js:377:13)
02-14 04:02:33.249 14692 14692 D GeckoConsole:     at aw_broadcast (app://system.gaiamobile.org/js/app_window.js:1430:7)
02-14 04:02:33.249 14692 14692 D GeckoConsole:     at AppWindow.prototype.publish (app://system.gaiamobile.org/js/app_window.js:1396:5)
02-14 04:02:33.249 14692 14692 D GeckoConsole:     at aw__handle_mozbrowserloadend (app://system.gaiamobile.org/js/app_window.js:1
02-14 04:02:33.249 14692 14692 I GeckoConsole: Content JS LOG: [AppWindow][Messages][AppWindow_5][2420.788] W:,240,H:,320 
02-14 04:02:33.249 14692 14692 I GeckoConsole:     at aw_debug (app://system.gaiamobile.org/js/app_window.js:1212:7)
02-14 04:02:33.249 14692 14692 D GeckoConsole: Content JS TRACE: 
02-14 04:02:33.249 14692 14692 D GeckoConsole:     at aw_debug (app://system.gaiamobile.org/js/app_window.js:1218:9)
02-14 04:02:33.249 14692 14692 D GeckoConsole:     at aw__resize (app://system.gaiamobile.org/js/app_window.js:1607:5)
02-14 04:02:33.249 14692 14692 D GeckoConsole:     at aw_resize (app://system.gaiamobile.org/js/app_window.js:1639:7)
02-14 04:02:33.249 14692 14692 D GeckoConsole:     at awm__changeActiveApp (app://system.gaiamobile.org/js/app_window_manager.js:850:7)
02-14 04:02:33.249 14692 14692 D GeckoConsole:     at awm_handleEvent (app://system.gaiamobile.org/js/app_window_manager.js:591:11)
02-14 04:02:33.249 14692 14692 D GeckoConsole:     at AppWindow.prototype.publish (app://system.gaiamobile.org/js/app_window.js:1410:7)
02-14 04:02:33.249 14692 14692 D GeckoConsole:     at atc_changeTransitionState (app://system.gaiamobile.org/js/app_transition_controller.js:110:7)
02-14 04:02:33.249 14692 14692 D GeckoConsole:     at atc_handleEvent (app://system.gaiamobile.org/js/app_transition_controller.js:377:13)
02-14 04:02:33.249 14692 14692 D GeckoConsole:     at aw_broadcast (app://system.gaiamobile.org/js/app_window.js:1430:7)
02-14 04:02:33.249 14692 14692 D GeckoConsole:     at AppWindow.prototype.publish (app://system.gaiamobile.org/js/app_window.js:1396:5)
02-14 04:02:33.249 14692 14692 D GeckoConsole:     at aw__handle_mozbrowserloadend (app://system.gaiamobile.org/js/app_window.js:1055:7)
02-14 04:02:33.249 14692 14692 D GeckoConsole:     at aw_handleEvent (app://system.gaiamobile.org/js/app_window.js:1195:7)
02-14 04:02:33.259 14692 14692 I GeckoConsole: Content JS LOG: [AppWindowManager][2420.794]=== Active app now is: ,Messages,=== 
02-14 04:02:33.259 14692 14692 I GeckoConsole:     at awm_debug (app://system.gaiamobile.org/js/app_window_manager.js:789:9)
02-14 04:02:33.259 14692 14692 I GeckoConsole: Content JS LOG: [AppWindowManager][2420.796]publish: appwindowmanager-activated 
02-14 04:02:33.259 14692 14692 I GeckoConsole:     at awm_debug (app://system.gaiamobile.org/js/app_window_manager.js:789:9)
02-14 04:02:33.269 14692 14692 I GeckoConsole: Content JS LOG: [AppWindow][Messages][AppWindow_5][2420.804] publishing internal event: open 
02-14 04:02:33.269 14692 14692 I GeckoConsole:     at aw_debug (app://system.gaiamobile.org/js/app_window.js:1212:7)
02-14 04:02:33.269 14692 14692 D GeckoConsole: Content JS TRACE: 
02-14 04:02:33.269 14692 14692 D GeckoConsole:     at aw_debug (app://system.gaiamobile.org/js/app_window.js:1218:9)
02-14 04:02:33.269 14692 14692 D GeckoConsole:     at aw_broadcast (app://system.gaiamobile.org/js/app_window.js:1429:7)
02-14 04:02:33.269 14692 14692 D GeckoConsole:     at AppWindow.prototype.publish (app://system.gaiamobile.org/js/app_window.js:1396:5)
02-14 04:02:33.269 14692 14692 D GeckoConsole:     at atc_changeTransitionState (app://system.gaiamobile.org/js/app_transition_controller.js:133:9)
02-14 04:02:33.269 14692 14692 D GeckoConsole:     at atc_handleEvent (app://system.gaiamobile.org/js/app_transition_controller.js:377:13)
02-14 04:02:33.269 14692 14692 D GeckoConsole:     at aw_broadcast (app://system.gaiamobile.org/js/app_window.js:1430:7)
02-14 04:02:33.269 14692 14692 D GeckoConsole:     at AppWindow.prototype.publish (app://system.gaiamobile.org/js/app_window.js:1396:5)
02-14 04:02:33.269 14692 14692 D GeckoConsole:     at aw__handle_mozbrowserloadend (app://system.gaiamobile.org/js/app_window.js:1055:7)
02-14 04:02:33.269 14692 14692 D GeckoConsole:     at aw_handleEvent (app://system.gaiamobile.org/js/app_window.js:1195:7)
02-14 04:02:33.269 14692 14692 I GeckoConsole: Content JS LOG: [AppWindow][Messages][AppWindow_5][2420.809] publishing external event: appopen 
02-14 04:02:33.269 14692 14692 I GeckoConsole:     at aw_debug (app://system.gaiamobile.org/js/app_window.js:1212:7)
02-14 04:02:33.279 14692 14692 D GeckoConsole: Content JS TRACE: 
02-14 04:02:33.279 14692 14692 D GeckoConsole:     at aw_debug (app://system.gaiamobile.org/js/app_window.js:1218:9)
02-14 04:02:33.279 14692 14692 D GeckoConsole:     at AppWindow.prototype.publish (app://system.gaiamobile.org/js/app_window.js:1403:5)
02-14 04:02:33.279 14692 14692 D GeckoConsole:     at atc_changeTransitionState (app://system.gaiamobile.org/js/app_transition_controller.js:133:9)
02-14 04:02:33.279 14692 14692 D GeckoConsole:     at atc_handleEvent (app://system.gaiamobile.org/js/app_transition_controller.js:377:13)
02-14 04:02:33.279 14692 14692 D GeckoConsole:     at aw_broadcast (app://system.gaiamobile.org/js/app_window.js:1430:7)
02-14 04:02:33.279 14692 14692 D GeckoConsole:     at AppWindow.prototype.publish (app://system.gaiamobile.org/js/app_window.js:1396:5)
02-14 04:02:33.279 14692 14692 D GeckoConsole:     at aw__handle_mozbrowserloadend (app://system.gaiamobile.org/js/app_window.js:1055:7)
02-14 04:02:33.279 14692 14692 D GeckoConsole:     at aw_handleEvent (app://system.gaiamobile.org/js/app_window.js:1195:7)
02-14 04:02:33.279 14692 14692 I GeckoConsole: Content JS LOG: [AppWindow][Messages][AppWindow_5][2420.815] publishing external event: apploaded 
02-14 04:02:33.279 14692 14692 I GeckoConsole:     at aw_debug (app://system.gaiamobile.org/js/app_window.js:1212:7)
02-14 04:02:33.279 14692 14692 D GeckoConsole: Content JS TRACE: 
02-14 04:02:33.279 14692 14692 D GeckoConsole:     at aw_debug (app://system.gaiamobile.org/js/app_window.js:1218:9)
02-14 04:02:33.279 14692 14692 D GeckoConsole:     at AppWindow.prototype.publish (app://system.gaiamobile.org/js/app_window.js:1403:5)
02-14 04:02:33.279 14692 14692 D GeckoConsole:     at aw__handle_mozbrowserloadend (app://system.gaiamobile.org/js/app_window.js:1055:7)
02-14 04:02:33.279 14692 14692 D GeckoConsole:     at aw_handleEvent (app://system.gaiamobile.org/js/app_window.js:1195:7)
02-14 04:02:33.279 14692 14692 I GeckoConsole: Content JS LOG: [AppWindow][Messages][AppWindow_5][2420.820] bgcolor= ,transparent 
02-14 04:02:33.279 14692 14692 I GeckoConsole:     at aw_debug (app://system.gaiamobile.org/js/app_window.js:1212:7)
02-14 04:02:33.289 14692 14692 D GeckoConsole: Content JS TRACE: 
02-14 04:02:33.289 14692 14692 D GeckoConsole:     at aw_debug (app://system.gaiamobile.org/js/app_window.js:1218:9)
02-14 04:02:33.289 14692 14692 D GeckoConsole:     at aw__handle_mozbrowserloadend (app://system.gaiamobile.org/js/app_window.js:1057:7)
02-14 04:02:33.289 14692 14692 D GeckoConsole:     at aw_handleEvent (app://system.gaiamobile.org/js/app_window.js:1195:7)
02-14 04:02:33.299 14692 14692 I GeckoConsole: Content JS LOG: [HomescreenWindow][Homescreen][homescreen][2420.833]  Handling mozbrowservisibilitychange event... 
02-14 04:02:33.299 14692 14692 I GeckoConsole:     at aw_debug (app://system.gaiamobile.org/js/app_window.js:1212:7)
02-14 04:02:33.299 14692 14692 D GeckoConsole: Content JS TRACE: 
02-14 04:02:33.299 14692 14692 D GeckoConsole:     at aw_debug (app://system.gaiamobile.org/js/app_window.js:1218:9)
02-14 04:02:33.299 14692 14692 D GeckoConsole:     at aw_handleEvent (app://system.gaiamobile.org/js/app_window.js:1193:5)
02-14 04:02:33.299 14692 14692 I GeckoConsole: Content JS LOG: [HomescreenWindow][Homescreen][homescreen][2420.838] publishing internal event: background 
02-14 04:02:33.299 14692 14692 I GeckoConsole:     at aw_debug (app://system.gaiamobile.org/js/app_window.js:1212:7)
02-14 04:02:33.299 14692 14692 D GeckoConsole: Content JS TRACE: 
02-14 04:02:33.299 14692 14692 D GeckoConsole:     at aw_debug (app://system.gaiamobile.org/js/app_window.js:1218:9)
02-14 04:02:33.299 14692 14692 D GeckoConsole:     at aw_broadcast (app://system.gaiamobile.org/js/app_window.js:1429:7)
02-14 04:02:33.299 14692 14692 D GeckoConsole:     at AppWindow.prototype.publish (app://system.gaiamobile.org/js/app_window.js:1396:5)
02-14 04:02:33.299 14692 14692 D GeckoConsole:     at aw__handle_mozbrowservisibilitychange (app://system.gaiamobile.org/js/app_window.js:972:7)
02-14 04:02:33.299 14692 14692 D GeckoConsole:     at aw_handleEvent (app://system.gaiamobile.org/js/app_window.js:1195:7)
02-14 04:02:33.309 14692 14692 I GeckoConsole: Content JS LOG: [HomescreenWindow][Homescreen][homescreen][2420.843] publishing external event: homescreenbackground 
02-14 04:02:33.309 14692 14692 I GeckoConsole:     at aw_debug (app://system.gaiamobile.org/js/app_window.js:1212:7)
02-14 04:02:33.309 14692 14692 D GeckoConsole: Content JS TRACE: 
02-14 04:02:33.309 14692 14692 D GeckoConsole:     at aw_debug (app://system.gaiamobile.org/js/app_window.js:1218:9)
02-14 04:02:33.309 14692 14692 D GeckoConsole:     at AppWindow.prototype.publish (app://system.gaiamobile.org/js/app_window.js:1403:5)
02-14 04:02:33.309 14692 14692 D GeckoConsole:     at aw__handle_mozbrowservisibilitychange (app://system.gaiamobile.org/js/app_window.js:972:7)
02-14 04:02:33.309 14692 14692 D GeckoConsole:     at aw_handleEvent (app://system.gaiamobile.org/js/app_window.js:1195:7)
02-14 04:02:33.309 14692 14692 I GeckoConsole: Content JS LOG: [HomescreenWindow][Homescreen][homescreen][2420.848] handling mozbrowservisibilitychange 
02-14 04:02:33.309 14692 14692 I GeckoConsole:     at aw_debug (app://system.gaiamobile.org/js/app_window.js:1212:7)
02-14 04:02:33.309 14692 14692 D GeckoConsole: Content JS TRACE: 
02-14 04:02:33.309 14692 14692 D GeckoConsole:     at aw_debug (app://system.gaiamobile.org/js/app_window.js:1218:9)
02-14 04:02:33.309 14692 14692 D GeckoConsole:     at vs_handleEvent (app://system.gaiamobile.org/js/value_selector/value_selector.js:133:5)
02-14 04:02:33.409 15821 15821 I FocusManager: * WindowRaised *
02-14 04:02:33.409 15821 15821 I FocusManager: -> focus is now on, NULL, tag: , id: , class: 
02-14 04:02:33.449 15821 15821 I Messages: Content JS LOG: NavigationMap reset: id=thread-list 
02-14 04:02:33.449 15821 15821 I Messages:     at debug (app://sms.gaiamobile.org/js/navigation_map.js:30:7)
02-14 04:02:33.469 15821 15821 I FocusManager: << focus() called >>
02-14 04:02:33.469 15821 15821 I FocusManager:    trying to set focus on, tag: FORM, id: softkeyPanel, class: skbar none-paddings visible focused
02-14 04:02:33.469 14692 14692 I GeckoConsole: Content JS LOG: [AppWindow][Messages][AppWindow_5][2421.007]  Handling softkeyregistered event... 
02-14 04:02:33.469 14692 14692 I GeckoConsole:     at aw_debug (app://system.gaiamobile.org/js/app_window.js:1212:7)
02-14 04:02:33.469 14692 14692 D GeckoConsole: Content JS TRACE: 
02-14 04:02:33.469 14692 14692 D GeckoConsole:     at aw_debug (app://system.gaiamobile.org/js/app_window.js:1218:9)
02-14 04:02:33.469 14692 14692 D GeckoConsole:     at aw_handleEvent (app://system.gaiamobile.org/js/app_window.js:1193:5)
02-14 04:02:33.479 15821 15821 I FocusManager: Warning: element is not focusable.
02-14 04:02:33.489 14692 14692 I Gecko   : -*-DHCUI--- AppsService.js: getAppByLocalId( 1024 )
02-14 04:02:33.489 14692 14692 I Gecko   : -*- DHCUI-AppsUtils.jsm: getAppByLocalId 1024
02-14 04:02:33.489 14692 14692 I Gecko   : -*-DHCUI--- AppsService.js: getAppByLocalId( 1024 )
02-14 04:02:33.489 14692 14692 I Gecko   : -*- DHCUI-AppsUtils.jsm: getAppByLocalId 1024
02-14 04:02:33.489 15821 15821 I Messages: Content JS LOG: onPanelChanged: null --> thread-list, args:undefined 
02-14 04:02:33.489 15821 15821 I Messages:     at debug (app://sms.gaiamobile.org/js/navigation_map.js:30:7)
02-14 04:02:33.529 15821 15821 I FocusManager: << focus() called >>
02-14 04:02:33.529 15821 15821 I FocusManager:    trying to set focus on, tag: DIV, id: no-result-message, class: 
02-14 04:02:33.539 15821 15821 I FocusManager:    current focused element, NULL, tag: , id: , class: 
02-14 04:02:33.539 15821 15821 I FocusManager: <- blur on, NULL, tag: , id: , class: 
02-14 04:02:33.539 15821 15821 I FocusManager: -> focus is now on, tag: DIV, id: no-result-message, class: 
02-14 04:02:33.549 15821 15821 I FocusManager: << focus() called >>
02-14 04:02:33.549 15821 15821 I FocusManager:    trying to set focus on, tag: FORM, id: softkeyPanel, class: skbar none-paddings visible focused
02-14 04:02:33.549 14692 14692 I GeckoConsole: Content JS LOG: [AppWindow][Messages][AppWindow_5][2421.089]  Handling softkeyregistered event... 
02-14 04:02:33.549 14692 14692 I GeckoConsole:     at aw_debug (app://system.gaiamobile.org/js/app_window.js:1212:7)
02-14 04:02:33.549 15821 15821 I FocusManager: Warning: element is not focusable.
02-14 04:02:33.549 14692 14692 D GeckoConsole: Content JS TRACE: 
02-14 04:02:33.549 14692 14692 D GeckoConsole:     at aw_debug (app://system.gaiamobile.org/js/app_window.js:1218:9)
02-14 04:02:33.549 14692 14692 D GeckoConsole:     at aw_handleEvent (app://system.gaiamobile.org/js/app_window.js:1193:5)
02-14 04:02:33.629 15821 15821 I Messages: Content JS LOG: NavigationMap reset: id=thread-list 
02-14 04:02:33.629 15821 15821 I Messages:     at debug (app://sms.gaiamobile.org/js/navigation_map.js:30:7)
02-14 04:02:33.629 14692 14692 I GeckoDump: AdbController: shell.js-DHCUI-shell_sendChromeEvent--------[object Object]
02-14 04:02:33.629 14692 14692 I GeckoDump: AdbController: shell.js-DHCUI-shell_sendCustomEvent--------[object Object]
02-14 04:02:33.639 14692 14692 I Gecko   : XXX FIXME : Dispatch a mozChromeEvent: default-volume-channel-changed
02-14 04:02:33.639 14692 14692 I GeckoConsole: Content JS LOG: [SuplHandler][2421.179] handling mozChromeEvent 
02-14 04:02:33.639 14692 14692 I GeckoConsole:     at BaseModule.prototype.debug (app://system.gaiamobile.org/js/base_module.js:491:9)
02-14 04:02:33.979 15821 15821 I Gecko   : -*-DHCUI--- AppsService.js: getAppByLocalId( 1024 )
02-14 04:02:33.979 15821 15821 I Gecko   : -*- DHCUI--AppsServiceChild.jsm: getAppByLocalId 1024 - ready: false
02-14 04:02:33.989 14692 14692 I Gecko   : -- DHCUI--SystemMessageInternal 3816153999 : received SystemMessageManager:GetPendingMessages connection for app://sms.gaiamobile.org/index.html @ app://sms.gaiamobile.org/manifest.webapp
02-14 04:02:33.989 14692 14692 I Gecko   : -- DHCUI--SystemMessageInternal 3816154002 : received SystemMessageManager:GetPendingMessages alarm for app://sms.gaiamobile.org/index.html @ app://sms.gaiamobile.org/manifest.webapp
02-14 04:02:33.999 14692 14692 I Gecko   : -- DHCUI--SystemMessageInternal 3816154011 : received SystemMessageManager:GetPendingMessages activity for app://sms.gaiamobile.org/index.html @ app://sms.gaiamobile.org/manifest.webapp
02-14 04:02:33.999 14692 14692 I Gecko   : -- DHCUI--SystemMessageInternal 3816154013 : received SystemMessageManager:GetPendingMessages sms-received for app://sms.gaiamobile.org/index.html @ app://sms.gaiamobile.org/manifest.webapp
02-14 04:02:34.009 14692 14692 I Gecko   : -- DHCUI--SystemMessageInternal 3816154017 : received SystemMessageManager:GetPendingMessages sms-delivery-success for app://sms.gaiamobile.org/index.html @ app://sms.gaiamobile.org/manifest.webapp
02-14 04:02:34.009 14692 14692 I Gecko   : -- DHCUI--SystemMessageInternal 3816154019 : received SystemMessageManager:GetPendingMessages notification for app://sms.gaiamobile.org/index.html @ app://sms.gaiamobile.org/manifest.webapp
02-14 04:02:34.049 14692 14692 D SIGNAL_STRENGTH: Using rssiIconLevel = 0 with LteSignalStrength = 99
02-14 04:02:34.049 14692 14692 D SIGNAL_STRENGTH: nsMobileSignalStrength mLevel=0,mGsmSignalStrength=99,mGsmBitErrorRate=-1,mCdmaDbm=-1,mCdmaEcio=-1,mEvdoDbm=-1,mEvdoEcio=-1,mEvdoSnr=-1,mLteSignalStrength=99,mLteRsrp=2147483647,mLteRsrq=2147483647,mLteRssnr=2147483647,mLteCqi=2147483647,mTimingAdvance=99,mTdScdmaRscp=2147483647
02-14 04:02:34.049 14692 14692 D NSMOBILECONNECTION: [SUB0] GetSupportedNetworkTypes Persist : gsm,wcdma,lte
02-14 04:02:34.049 14692 14692 D NS_ICC_SERVICE: GetCardState 
02-14 04:02:34.049 14692 14692 D NS_ICC_SERVICE: GetIccInfo 
02-14 04:02:34.059 14692 14692 D SIGNAL_STRENGTH: Using rssiIconLevel = 0 with LteSignalStrength = 99
02-14 04:02:34.059 14692 14692 D SIGNAL_STRENGTH: nsMobileSignalStrength mLevel=0,mGsmSignalStrength=99,mGsmBitErrorRate=-1,mCdmaDbm=-1,mCdmaEcio=-1,mEvdoDbm=-1,mEvdoEcio=-1,mEvdoSnr=-1,mLteSignalStrength=99,mLteRsrp=2147483647,mLteRsrq=2147483647,mLteRssnr=2147483647,mLteCqi=2147483647,mTimingAdvance=99,mTdScdmaRscp=2147483647
02-14 04:02:34.059 14692 14692 D NSMOBILECONNECTION: [SUB1] GetSupportedNetworkTypes Persist : gsm
02-14 04:02:34.059 14692 14692 D NS_ICC_SERVICE: GetCardState 
02-14 04:02:34.059 14692 14692 D NS_ICC_SERVICE: GetIccInfo 
02-14 04:02:34.109 15821 15821 I Gecko   : -*- DHCUI--AppsServiceChild.jsm: getAll()
02-14 04:02:34.109 15821 15821 I Gecko   : 
02-14 04:02:34.329 15821 15821 I Gecko   : -*-DHCUI--- AppsService.js: getAppByLocalId( 1024 )
02-14 04:02:34.329 15821 15821 I Gecko   : -*- DHCUI--AppsServiceChild.jsm: getAppByLocalId 1024 - ready: false
02-14 04:02:34.349 14692 14692 I Gecko   : [SUB1] QCONTENT_HELPER Received observer notification: mozsettings-changed
02-14 04:02:34.349 14692 14692 I Gecko   : [SUB0] QCONTENT_HELPER Received observer notification: mozsettings-changed
02-14 04:02:34.349 14692 14692 I GeckoDump: AdbController: setting.js-DHCUI-onchange---------value => {
02-14 04:02:34.349 14692 14692 I GeckoDump:     setPref(prefName, value);
02-14 04:02:34.349 14692 14692 I GeckoDump:     if (setting.notifyChange) {
02-14 04:02:34.349 14692 14692 I GeckoDump:       SystemAppProxy._sendCustomEvent('mozPrefChromeEvent', {
02-14 04:02:34.349 14692 14692 I GeckoDump:         prefName: prefName,
02-14 04:02:34.349 14692 14692 I GeckoDump:         value: value
02-14 04:02:34.349 14692 14692 I GeckoDump:       });
02-14 04:02:34.349 14692 14692 I GeckoDump:     }
02-14 04:02:34.349 14692 14692 I GeckoDump:   }
02-14 04:02:34.379 15821 15821 I Gecko   : -*-DHCUI--- AppsService.js: getAppByLocalId( 1024 )
02-14 04:02:34.379 15821 15821 I Gecko   : -*- DHCUI--AppsServiceChild.jsm: getAppByLocalId 1024 - ready: false
02-14 04:02:34.389 15821 15821 I Gecko   : -*-DHCUI--- AppsService.js: getAppByLocalId( 1024 )
02-14 04:02:34.389 15821 15821 I Gecko   : -*- DHCUI--AppsServiceChild.jsm: getAppByLocalId 1024 - ready: false
02-14 04:02:34.539 15821 15821 I Gecko   : -*-DHCUI--- AppsService.js: getAppByLocalId( 1024 )
02-14 04:02:34.539 15821 15821 I Gecko   : -*- DHCUI--AppsServiceChild.jsm: getAppByLocalId 1024 - ready: false
02-14 04:02:34.819 15321 15321 I Gecko   : -*-DHCUI--- AppsService.js: getManifestURLByLocalId( 1017 )
02-14 04:02:34.819 15321 15321 I Gecko   : -*- DHCUI--AppsServiceChild.jsm: getManifestURLByLocalId 1017
02-14 04:02:34.819 15321 15321 I Gecko   : -*- DHCUI-AppsUtils.jsm: getManifestURLByLocalId 1017
02-14 04:02:34.819 15321 15321 I Gecko   : [BrowserElement] Resume painting on app://launcher.gaiamobile.org/manifest.webapp
02-14 04:02:36.129 14804 14804 E sdcard  : missing packages.list; retrying
02-14 04:02:37.049 15890 15890 I Gecko   : -*-DHCUI--- AppsService.js: AppsService Constructor
02-14 04:02:37.049 15890 15890 I Gecko   : -*-DHCUI--- AppsService.js: inParent: false


