02-14 04:02:32.029 14692 14692 D GeckoConsole:     at awf_launch (app://system.gaiamobile.org/js/app_window_factory.js:251:9)
02-14 04:02:32.029 14692 14692 D GeckoConsole:     at awf_handleEvent (app://system.gaiamobile.org/js/app_window_factory.js:149:11)
02-14 04:02:32.029 14692 14692 D GeckoConsole:     at AppWindowFactory.prototype.preHandleEvent (app://system.gaiamobile.org/js/app_window_factory.js:97:9)
02-14 04:02:32.039 14692 14692 I GeckoConsole: Content JS LOG: [AppWindow][Messages][AppWindow_5][2419.572] publishing external event: appcreated 
02-14 04:02:32.039 14692 14692 I GeckoConsole:     at aw_debug (app://system.gaiamobile.org/js/app_window.js:1212:7)
02-14 04:02:32.039 14692 14692 D GeckoConsole: Content JS TRACE: 
02-14 04:02:32.039 14692 14692 D GeckoConsole:     at aw_debug (app://system.gaiamobile.org/js/app_window.js:1218:9)
02-14 04:02:32.039 14692 14692 D GeckoConsole:     at AppWindow.prototype.publish (app://system.gaiamobile.org/js/app_window.js:1403:5)
02-14 04:02:32.039 14692 14692 D GeckoConsole:     at AppWindow (app://system.gaiamobile.org/js/app_window.js:61:5)
02-14 04:02:32.039 14692 14692 D GeckoConsole:     at AppWindowFactory.prototype.trackLaunchingWindow (app://system.gaiamobile.org/js/app_window_factory.js:299:17)
02-14 04:02:32.039 14692 14692 D GeckoConsole:     at awf_launch (app://system.gaiamobile.org/js/app_window_factory.js:251:9)
02-14 04:02:32.039 14692 14692 D GeckoConsole:     at awf_handleEvent (app://system.gaiamobile.org/js/app_window_factory.js:149:11)
02-14 04:02:32.039 14692 14692 D GeckoConsole:     at AppWindowFactory.prototype.preHandleEvent (app://system.gaiamobile.org/js/app_window_factory.js:97:9)
02-14 04:02:32.039 14692 14692 I GeckoConsole: Content JS LOG: [AppWindowManager][2419.577]handling appcreated 
02-14 04:02:32.039 14692 14692 I GeckoConsole:     at awm_debug (app://system.gaiamobile.org/js/app_window_manager.js:789:9)
02-14 04:02:32.049 14692 14692 I GeckoConsole: Content JS LOG: [AppWindowManager][2419.582]handling launchapp 
02-14 04:02:32.049 14692 14692 I GeckoConsole:     at awm_debug (app://system.gaiamobile.org/js/app_window_manager.js:789:9)
02-14 04:02:32.049 14692 14692 I GeckoConsole: Content JS LOG: [AppWindowManager][2419.584]launchingapp://sms.gaiamobile.org 
02-14 04:02:32.049 14692 14692 I GeckoConsole:     at awm_debug (app://system.gaiamobile.org/js/app_window_manager.js:789:9)
02-14 04:02:32.049 14692 14692 I GeckoConsole: Content JS LOG: =====DUMPING APP WINDOWS BEGINS===== 
02-14 04:02:32.049 14692 14692 I GeckoConsole:     at AppWindowManager.prototype._dumpAllWindows (app://system.gaiamobile.org/js/app_window_manager.js:710:7)
02-14 04:02:32.049 14692 14692 I GeckoConsole: Content JS LOG: [homescreen]Homescreen (app://launcher.gaiamobile.org/index.html) 
02-14 04:02:32.049 14692 14692 I GeckoConsole:     at AppWindowManager.prototype._dumpWindow (app://system.gaiamobile.org/js/app_window_manager.js:726:7)
02-14 04:02:32.049 14692 14692 I GeckoConsole: Content JS LOG: [AppWindow_5]Messages (app://sms.gaiamobile.org/index.html) 
02-14 04:02:32.049 14692 14692 I GeckoConsole:     at AppWindowManager.prototype._dumpWindow (app://system.gaiamobile.org/js/app_window_manager.js:726:7)
02-14 04:02:32.059 14692 14692 I GeckoConsole: Content JS LOG: =====END OF DUMPING APP WINDOWS===== 
02-14 04:02:32.059 14692 14692 I GeckoConsole:     at AppWindowManager.prototype._dumpAllWindows (app://system.gaiamobile.org/js/app_window_manager.js:722:7)
02-14 04:02:32.059 14692 14692 I GeckoConsole: Content JS LOG: [AppWindowManager][2419.594] current is app://launcher.gaiamobile.org/index.html; next is app://sms.gaiamobile.org/index.html 
02-14 04:02:32.059 14692 14692 I GeckoConsole:     at awm_debug (app://system.gaiamobile.org/js/app_window_manager.js:789:9)
02-14 04:02:32.059 14692 14692 I GeckoConsole: Content JS LOG: [AppWindowManager][2419.597]true,false,[object Object] 
02-14 04:02:32.059 14692 14692 I GeckoConsole:     at awm_debug (app://system.gaiamobile.org/js/app_window_manager.js:789:9)
02-14 04:02:32.059 14692 14692 I GeckoConsole: Content JS LOG: [AppWindow][Messages][AppWindow_5][2419.599] request RESIZE...active? ,false 
02-14 04:02:32.059 14692 14692 I GeckoConsole:     at aw_debug (app://system.gaiamobile.org/js/app_window.js:1212:7)
02-14 04:02:32.069 15821 15821 I Gecko   : -*-DHCUI--- AppsService.js: getAppByLocalId( 1024 )
02-14 04:02:32.069 14692 14692 D GeckoConsole: Content JS TRACE: 
02-14 04:02:32.069 14692 14692 D GeckoConsole:     at aw_debug (app://system.gaiamobile.org/js/app_window.js:1218:9)
02-14 04:02:32.069 14692 14692 D GeckoConsole:     at aw_resize (app://system.gaiamobile.org/js/app_window.js:1628:5)
02-14 04:02:32.069 14692 14692 D GeckoConsole:     at awm__changeActiveApp (app://system.gaiamobile.org/js/app_window_manager.js:850:7)
02-14 04:02:32.069 14692 14692 D GeckoConsole:     at awm_display (app://system.gaiamobile.org/js/app_window_manager.js:259:7)
02-14 04:02:32.069 14692 14692 D GeckoConsole:     at awm_launch (app://system.gaiamobile.org/js/app_window_manager.js:771:9)
02-14 04:02:32.069 14692 14692 D GeckoConsole:     at awm_handleEvent (app://system.gaiamobile.org/js/app_window_manager.js:667:11)
02-14 04:02:32.069 14692 14692 D GeckoConsole:     at awf_publish (app://system.gaiamobile.org/js/app_window_factory.js:358:7)
02-14 04:02:32.069 14692 14692 D GeckoConsole:     at awf_launch (app://system.gaiamobile.org/js/app_window_factory.js:253:7)
02-14 04:02:32.069 14692 14692 D GeckoConsole:     at awf_handleEvent (app://system.gaiamobile.org/js/app_window_factory.js:149:11)
02-14 04:02:32.069 14692 14692 D GeckoConsole:     at AppWindowFactory.prototype.preHandleEvent (app://system.gaiamobile.org/js/app_window_factory.js:97:9)
02-14 04:02:32.069 15821 15821 I Gecko   : -*- DHCUI--AppsServiceChild.jsm: getAppByLocalId 1024 - ready: false
02-14 04:02:32.069 14692 14692 I GeckoConsole: Content JS LOG: [AppWindowManager][2419.605]publish: activeappchanged 
02-14 04:02:32.069 14692 14692 I GeckoConsole:     at awm_debug (app://system.gaiamobile.org/js/app_window_manager.js:789:9)
02-14 04:02:32.069 14692 14692 I GeckoConsole: Content JS LOG: [AppWindowManager][2419.608]=== Active app now is: ,Messages,=== 
02-14 04:02:32.069 14692 14692 I GeckoConsole:     at awm_debug (app://system.gaiamobile.org/js/app_window_manager.js:789:9)
02-14 04:02:32.069 14692 14692 I GeckoConsole: Content JS LOG: [AppWindowManager][2419.609]before ready check[object Object][object Object] 
02-14 04:02:32.069 14692 14692 I GeckoConsole:     at awm_debug (app://system.gaiamobile.org/js/app_window_manager.js:789:9)
02-14 04:02:32.079 14692 14692 I GeckoConsole: Content JS LOG: [AppWindow][Messages][AppWindow_5][2419.612] requesting to open 
02-14 04:02:32.079 14692 14692 I GeckoConsole:     at aw_debug (app://system.gaiamobile.org/js/app_window.js:1212:7)
02-14 04:02:32.079 14692 14692 D GeckoConsole: Content JS TRACE: 
02-14 04:02:32.079 14692 14692 D GeckoConsole:     at aw_debug (app://system.gaiamobile.org/js/app_window.js:1218:9)
02-14 04:02:32.079 14692 14692 D GeckoConsole:     at aw_ready (app://system.gaiamobile.org/js/app_window.js:1923:5)
02-14 04:02:32.079 14692 14692 D GeckoConsole:     at awm_switchApp (app://system.gaiamobile.org/js/app_window_manager.js:300:7)
02-14 04:02:32.079 14692 14692 D GeckoConsole:     at awm_display (app://system.gaiamobile.org/js/app_window_manager.js:283:9)
02-14 04:02:32.079 14692 14692 D GeckoConsole:     at awm_launch (app://system.gaiamobile.org/js/app_window_manager.js:771:9)
02-14 04:02:32.079 14692 14692 D GeckoConsole:     at awm_handleEvent (app://system.gaiamobile.org/js/app_window_manager.js:667:11)
02-14 04:02:32.079 14692 14692 D GeckoConsole:     at awf_publish (app://system.gaiamobile.org/js/app_window_factory.js:358:7)
02-14 04:02:32.079 14692 14692 D GeckoConsole:     at awf_launch (app://system.gaiamobile.org/js/app_window_factory.js:253:7)
02-14 04:02:32.079 14692 14692 D GeckoConsole:     at awf_handleEvent (app://system.gaiamobile.org/js/app_window_factory.js:149:11)
02-14 04:02:32.079 14692 14692 D GeckoConsole:     at AppWindowFactory.prototype.preHandleEvent (app://system.gaiamobile.org/js/app_window_factory.js:97:9)
02-14 04:02:32.079 14692 14692 I GeckoConsole: Content JS LOG: [AppWindow][Messages][AppWindow_5][2419.617] loaded yet 
02-14 04:02:32.079 14692 14692 I GeckoConsole:     at aw_debug (app://system.gaiamobile.org/js/app_window.js:1212:7)
02-14 04:02:32.079 14692 14692 D GeckoConsole: Content JS TRACE: 
02-14 04:02:32.079 14692 14692 D GeckoConsole:     at aw_debug (app://system.gaiamobile.org/js/app_window.js:1218:9)
02-14 04:02:32.079 14692 14692 D GeckoConsole:     at aw_ready (app://system.gaiamobile.org/js/app_window.js:1927:7)
02-14 04:02:32.079 14692 14692 D GeckoConsole:     at awm_switchApp (app://system.gaiamobile.org/js/app_window_manager.js:300:7)
02-14 04:02:32.079 14692 14692 D GeckoConsole:     at awm_display (app://system.gaiamobile.org/js/app_window_manager.js:283:9)
02-14 04:02:32.079 14692 14692 D GeckoConsole:     at awm_launch (app://system.gaiamobile.org/js/app_window_manager.js:771:9)
02-14 04:02:32.079 14692 14692 D GeckoConsole:     at awm_handleEvent (app://system.gaiamobile.org/js/app_window_manager.js:667:11)
02-14 04:02:32.079 14692 14692 D GeckoConsole:     at awf_publish (app://system.gaiamobile.org/js/app_window_factory.js:358:7)
02-14 04:02:32.079 14692 14692 D GeckoConsole:     at awf_launch (app://system.gaiamobile.org/js/app_window_factory.js:253:7)
02-14 04:02:32.079 14692 14692 D GeckoConsole:     at awf_handleEvent (app://system.gaiamobile.org/js/app_window_factory.js:149:11)
02-14 04:02:32.079 14692 14692 D GeckoConsole:     at AppWindowFactory.prototype.preHandleEvent (app://system.gaiamobile.org/js/app_window_factory.js:97:9)
02-14 04:02:32.089 14692 14692 I GeckoDump: AdbController: shell.js-DHCUI-shell_handleEvent--------keyup
02-14 04:02:32.089 14692 14692 I GeckoDump: AdbController: shell.js-DHCUI-checkReloadKey--------keyup
02-14 04:02:32.089 14692 14692 I GeckoDump: AdbController: shell.js-DHCUI-checkReloadKey 11--------keyup
02-14 04:02:32.089 14692 14692 I GeckoDump: AdbController: shell.js-DHCUI broadcastHardwareKeys-------13Enter
02-14 04:02:32.089 14692 14692 I GeckoDump: AdbController: shell.js-DHCUI broadcastHardwareKeys return -------13Enter
02-14 04:02:32.099 14692 14692 I Gecko   : [BrowserElement] event type: keyup, key: Enter, target: [object HTMLIFrameElement], src: app://launcher.gaiamobile.org/index.html, id: browser0, class: browser
02-14 04:02:32.099 15321 15321 I Gecko   : [BrowserElement] event type: keyup, key: Enter, target: [object HTMLDivElement], class: app
02-14 04:02:32.109 14692 14692 I GeckoDump: AdbController: shell.js-DHCUI-shell_handleEvent--------keyup
02-14 04:02:32.109 14692 14692 I GeckoDump: AdbController: shell.js-DHCUI-checkReloadKey--------keyup
02-14 04:02:32.109 14692 14692 I GeckoDump: AdbController: shell.js-DHCUI-checkReloadKey 11--------keyup
02-14 04:02:32.109 14692 14692 I GeckoDump: AdbController: shell.js-DHCUI broadcastHardwareKeys-------0MicrophoneToggle
02-14 04:02:32.109 14692 14692 I GeckoDump: AdbController: shell.js-DHCUI broadcastHardwareKeys return -------0MicrophoneToggle
02-14 04:02:32.109 14692 14692 I Gecko   : [BrowserElement] event type: keyup, key: MicrophoneToggle, target: [object HTMLIFrameElement], src: app://launcher.gaiamobile.org/index.html, id: browser0, class: browser
02-14 04:02:32.119 15321 15321 I Gecko   : [BrowserElement] event type: keyup, key: MicrophoneToggle, target: [object HTMLDivElement], class: app
02-14 04:02:32.139 14692 14692 I GeckoConsole: Content JS LOG: [AppWindowManager][2419.676]ready to open/closefalse 
02-14 04:02:32.139 14692 14692 I GeckoConsole:     at awm_debug (app://system.gaiamobile.org/js/app_window_manager.js:789:9)
02-14 04:02:32.139 14692 14692 I GeckoConsole: Content JS LOG: [AppWindowManager][2419.677]false,false,[object Object] 
02-14 04:02:32.139 14692 14692 I GeckoConsole:     at awm_debug (app://system.gaiamobile.org/js/app_window_manager.js:789:9)
02-14 04:02:32.139 15821 15821 W Messages: [JavaScript Warning: "Unknown descriptor 'font-variant-numeric' in @font-face rule.  Skipped to next declaration." {file: "app://sms.gaiamobile.org/shared/elements/gaia-icons/gaia-icons.css" line: 10 column: 21 source: "	font-variant-numeric: nominal;"}]
02-14 04:02:32.139 14692 14692 I GeckoConsole: Content JS LOG: [AppWindow][Messages][AppWindow_5][2419.680] request RESIZE...active? ,false 
02-14 04:02:32.139 14692 14692 I GeckoConsole:     at aw_debug (app://system.gaiamobile.org/js/app_window.js:1212:7)
02-14 04:02:32.149 14692 14692 D GeckoConsole: Content JS TRACE: 
02-14 04:02:32.149 14692 14692 D GeckoConsole:     at aw_debug (app://system.gaiamobile.org/js/app_window.js:1218:9)
02-14 04:02:32.149 14692 14692 D GeckoConsole:     at aw_resize (app://system.gaiamobile.org/js/app_window.js:1628:5)
02-14 04:02:32.149 14692 14692 D GeckoConsole:     at awm__changeActiveApp (app://system.gaiamobile.org/js/app_window_manager.js:850:7)
02-14 04:02:32.149 14692 14692 D GeckoConsole:     at awm_switchApp/< (app://system.gaiamobile.org/js/app_window_manager.js:319:9)
02-14 04:02:32.149 14692 14692 I GeckoConsole: Content JS LOG: [AppWindowManager][2419.686]=== Active app now is: ,Messages,=== 
02-14 04:02:32.149 14692 14692 I GeckoConsole:     at awm_debug (app://system.gaiamobile.org/js/app_window_manager.js:789:9)
02-14 04:02:32.149 14692 14692 I GeckoConsole: Content JS LOG: [AppWindowManager][2419.688]publish: appwindowmanager-activated 
02-14 04:02:32.149 14692 14692 I GeckoConsole:     at awm_debug (app://system.gaiamobile.org/js/app_window_manager.js:789:9)
02-14 04:02:32.159 14692 14692 I GeckoConsole: Content JS LOG: [HomescreenWindow][Homescreen][homescreen][2419.692] portrait-primary 
02-14 04:02:32.159 14692 14692 I GeckoConsole:     at aw_debug (app://system.gaiamobile.org/js/app_window.js:1212:7)
02-14 04:02:32.159 15821 15821 W Messages: [JavaScript Warning: "Unknown pseudo-class or pseudo-element '-ms-input-placeholder'.  Ruleset ignored due to bad selector." {file: "app://sms.gaiamobile.org/style/sms.css" line: 979 column: 35 source: "html[dir="rtl"] input[type="text"]:-ms-input-placeholder {"}]
02-14 04:02:32.159 15821 15821 W Messages: [JavaScript Warning: "Unknown pseudo-class or pseudo-element '-webkit-input-placeholder'.  Ruleset ignored due to bad selector." {file: "app://sms.gaiamobile.org/style/sms.css" line: 982 column: 36 source: "html[dir="rtl"] input[type="text"]::-webkit-input-placeholder {"}]
02-14 04:02:32.159 14692 14692 D GeckoConsole: Content JS TRACE: 
02-14 04:02:32.159 14692 14692 D GeckoConsole:     at aw_debug (app://system.gaiamobile.org/js/app_window.js:1218:9)
02-14 04:02:32.159 14692 14692 D GeckoConsole:     at aw__determineClosingRotationDegree (app://system.gaiamobile.org/js/app_window.js:1501:7)
02-14 04:02:32.159 14692 14692 D GeckoConsole:     at awm_switchApp/< (app://system.gaiamobile.org/js/app_window_manager.js:325:24)
02-14 04:02:32.159 14692 14692 I GeckoConsole: Content JS LOG: [AppWindow][Messages][AppWindow_5][2419.697] open with enlarge 
02-14 04:02:32.159 14692 14692 I GeckoConsole:     at aw_debug (app://system.gaiamobile.org/js/app_window.js:1212:7)
02-14 04:02:32.159 14692 14692 D GeckoConsole: Content JS TRACE: 
02-14 04:02:32.159 14692 14692 D GeckoConsole:     at aw_debug (app://system.gaiamobile.org/js/app_window.js:1218:9)
02-14 04:02:32.159 14692 14692 D GeckoConsole:     at AppTransitionController.prototype.requireOpen (app://system.gaiamobile.org/js/app_transition_controller.js:304:5)
02-14 04:02:32.159 14692 14692 D GeckoConsole:     at aw_open (app://system.gaiamobile.org/js/app_window.js:1962:7)
02-14 04:02:32.159 14692 14692 D GeckoConsole:     at awm_switchApp/< (app://system.gaiamobile.org/js/app_window_manager.js:340:9)
02-14 04:02:32.169 14692 14692 I GeckoConsole: Content JS LOG: [AppWindow][Messages][AppWindow_5][2419.702] closed,opening,::,open 
02-14 04:02:32.169 14692 14692 I GeckoConsole:     at aw_debug (app://system.gaiamobile.org/js/app_window.js:1212:7)
02-14 04:02:32.169 14692 14692 D GeckoConsole: Content JS TRACE: 
02-14 04:02:32.169 14692 14692 D GeckoConsole:     at aw_debug (app://system.gaiamobile.org/js/app_window.js:1218:9)
02-14 04:02:32.169 14692 14692 D GeckoConsole:     at atc_changeTransitionState (app://system.gaiamobile.org/js/app_transition_controller.js:105:7)
02-14 04:02:32.169 14692 14692 D GeckoConsole:     at AppTransitionController.prototype.requireOpen (app://system.gaiamobile.org/js/app_transition_controller.js:308:7)
02-14 04:02:32.169 14692 14692 D GeckoConsole:     at aw_open (app://system.gaiamobile.org/js/app_window.js:1962:7)
02-14 04:02:32.169 14692 14692 D GeckoConsole:     at awm_switchApp/< (app://system.gaiamobile.org/js/app_window_manager.js:340:9)
02-14 04:02:32.169 14692 14692 I GeckoConsole: Content JS LOG: [AppWindow][Messages][AppWindow_5][2419.708] timer to ensure opened does occur. 
02-14 04:02:32.169 14692 14692 I GeckoConsole:     at aw_debug (app://system.gaiamobile.org/js/app_window.js:1212:7)
02-14 04:02:32.169 14692 14692 D GeckoConsole: Content JS TRACE: 
02-14 04:02:32.169 14692 14692 D GeckoConsole:     at aw_debug (app://system.gaiamobile.org/js/app_window.js:1218:9)
02-14 04:02:32.169 14692 14692 D GeckoConsole:     at atc_do_opening (app://system.gaiamobile.org/js/app_transition_controller.js:176:7)
02-14 04:02:32.169 14692 14692 D GeckoConsole:     at atc_changeTransitionState (app://system.gaiamobile.org/js/app_transition_controller.js:109:7)
02-14 04:02:32.169 14692 14692 D GeckoConsole:     at AppTransitionController.prototype.requireOpen (app://system.gaiamobile.org/js/app_transition_controller.js:308:7)
02-14 04:02:32.169 14692 14692 D GeckoConsole:     at aw_open (app://system.gaiamobile.org/js/app_window.js:1962:7)
02-14 04:02:32.169 14692 14692 D GeckoConsole:     at awm_switchApp/< (app://system.gaiamobile.org/js/app_window_manager.js:340:9)
02-14 04:02:32.179 14692 14692 I GeckoConsole: Content JS LOG: [AppWindow][Messages][AppWindow_5][2419.713] appWindow statusbar-overlapped transition-opening enlarge 
02-14 04:02:32.179 14692 14692 I GeckoConsole:     at aw_debug (app://system.gaiamobile.org/js/app_window.js:1212:7)
02-14 04:02:32.179 14692 14692 D GeckoConsole: Content JS TRACE: 
02-14 04:02:32.179 14692 14692 D GeckoConsole:     at aw_debug (app://system.gaiamobile.org/js/app_window.js:1218:9)
02-14 04:02:32.179 14692 14692 D GeckoConsole:     at atc_do_opening (app://system.gaiamobile.org/js/app_transition_controller.js:185:7)
02-14 04:02:32.179 14692 14692 D GeckoConsole:     at atc_changeTransitionState (app://system.gaiamobile.org/js/app_transition_controller.js:109:7)
02-14 04:02:32.179 14692 14692 D GeckoConsole:     at AppTransitionController.prototype.requireOpen (app://system.gaiamobile.org/js/app_transition_controller.js:308:7)
02-14 04:02:32.179 14692 14692 D GeckoConsole:     at aw_open (app://system.gaiamobile.org/js/app_window.js:1962:7)
02-14 04:02:32.179 14692 14692 D GeckoConsole:     at awm_switchApp/< (app://system.gaiamobile.org/js/app_window_manager.js:340:9)
02-14 04:02:32.179 14692 14692 I GeckoConsole: Content JS LOG: [AppWindow][Messages][AppWindow_5][2419.718] publishing internal event: opening 
02-14 04:02:32.179 14692 14692 I GeckoConsole:     at aw_debug (app://system.gaiamobile.org/js/app_window.js:1212:7)
02-14 04:02:32.179 14692 14692 D GeckoConsole: Content JS TRACE: 
02-14 04:02:32.179 14692 14692 D GeckoConsole:     at aw_debug (app://system.gaiamobile.org/js/app_window.js:1218:9)
02-14 04:02:32.179 14692 14692 D GeckoConsole:     at aw_broadcast (app://system.gaiamobile.org/js/app_window.js:1429:7)
02-14 04:02:32.179 14692 14692 D GeckoConsole:     at AppWindow.prototype.publish (app://system.gaiamobile.org/js/app_window.js:1396:5)
02-14 04:02:32.179 14692 14692 D GeckoConsole:     at atc_changeTransitionState (app://system.gaiamobile.org/js/app_transition_controller.js:110:7)
02-14 04:02:32.179 14692 14692 D GeckoConsole:     at AppTransitionController.prototype.requireOpen (app://system.gaiamobile.org/js/app_transition_controller.js:308:7)
02-14 04:02:32.179 14692 14692 D GeckoConsole:     at aw_open (app://system.gaiamobile.org/js/app_window.js:1962:7)
02-14 04:02:32.179 14692 14692 D GeckoConsole:     at awm_switchApp/< (app://system.gaiamobile.org/js/app_window_manager.js:340:9)
02-14 04:02:32.189 14692 14692 I GeckoConsole: Content JS LOG: [AppWindow][Messages][AppWindow_5][2419.724]  fade in <<<<<  
02-14 04:02:32.189 14692 14692 I GeckoConsole:     at aw_debug (app://system.gaiamobile.org/js/app_window.js:1212:7)
02-14 04:02:32.189 14692 14692 D GeckoConsole: Content JS TRACE: 
02-14 04:02:32.189 14692 14692 D GeckoConsole:     at aw_debug (app://system.gaiamobile.org/js/app_window.js:1218:9)
02-14 04:02:32.189 14692 14692 D GeckoConsole:     at aw__fadein (app://system.gaiamobile.org/js/app_window.js:1718:7)
02-14 04:02:32.189 14692 14692 D GeckoConsole:     at atc_handle_opening (app://system.gaiamobile.org/js/app_transition_controller.js:247:7)
02-14 04:02:32.189 14692 14692 D GeckoConsole:     at atc_handleEvent (app://system.gaiamobile.org/js/app_transition_controller.js:359:11)
02-14 04:02:32.189 14692 14692 D GeckoConsole:     at aw_broadcast (app://system.gaiamobile.org/js/app_window.js:1430:7)
02-14 04:02:32.189 14692 14692 D GeckoConsole:     at AppWindow.prototype.publish (app://system.gaiamobile.org/js/app_window.js:1396:5)
02-14 04:02:32.189 14692 14692 D GeckoConsole:     at atc_changeTransitionState (app://system.gaiamobile.org/js/app_transition_controller.js:110:7)
02-14 04:02:32.189 14692 14692 D GeckoConsole:     at AppTransitionController.prototype.requireOpen (app://system.gaiamobile.org/js/app_transition_controller.js:308:7)
02-14 04:02:32.189 14692 14692 D GeckoConsole:     at aw_open (app://system.gaiamobile.org/js/app_window.js:1962:7)
02-14 04:02:32.189 14692 14692 D GeckoConsole:     at awm_switchApp/< (app://system.gaiamobile.org/js/app_window_manager.js:340:9)
02-14 04:02:32.189 14692 14692 I GeckoConsole: Content JS LOG: [AppWindow][Messages][AppWindow_5][2419.729] publishing internal event: requestforeground 
02-14 04:02:32.189 14692 14692 I GeckoConsole:     at aw_debug (app://system.gaiamobile.org/js/app_window.js:1212:7)
02-14 04:02:32.199 14692 14692 D GeckoConsole: Content JS TRACE: 
02-14 04:02:32.199 14692 14692 D GeckoConsole:     at aw_debug (app://system.gaiamobile.org/js/app_window.js:1218:9)
02-14 04:02:32.199 14692 14692 D GeckoConsole:     at aw_broadcast (app://system.gaiamobile.org/js/app_window.js:1429:7)
02-14 04:02:32.199 14692 14692 D GeckoConsole:     at AppWindow.prototype.publish (app://system.gaiamobile.org/js/app_window.js:1396:5)
02-14 04:02:32.199 14692 14692 D GeckoConsole:     at aw_requestForeground (app://system.gaiamobile.org/js/app_window.js:2219:7)
02-14 04:02:32.199 14692 14692 D GeckoConsole:     at atc_handle_opening (app://system.gaiamobile.org/js/app_transition_controller.js:248:7)
02-14 04:02:32.199 14692 14692 D GeckoConsole:     at atc_handleEvent (app://system.gaiamobile.org/js/app_transition_controller.js:359:11)
02-14 04:02:32.199 14692 14692 D GeckoConsole:     at aw_broadcast (app://system.gaiamobile.org/js/app_window.js:1430:7)
02-14 04:02:32.199 14692 14692 D GeckoConsole:     at AppWindow.prototype.publish (app://system.gaiamobile.org/js/app_window.js:1396:5)
02-14 04:02:32.199 14692 14692 D GeckoConsole:     at atc_changeTransitionState (app://system.gaiamobile.org/js/app_transition_controller.js:110:7)
02-14 04:02:32.199 14692 14692 D GeckoConsole:     at AppTransitionController.prototype.requireOpen (app://system.gaiamobile.org/js/app_transition_controller.js:308:7)
02-14 04:02:32.199 14692 14692 D GeckoConsole:     at aw_open (app://system.gaiamobile.org/js/app_window.js:1962:7)
02-14 04:02:32.199 14692 14692 D GeckoConsole:     at awm_switchApp/< (app://system.gaiamobile.o
02-14 04:02:32.199 14692 14692 I GeckoConsole: Content JS LOG: [AppWindow][Messages][AppWindow_5][2419.736] publishing external event: apprequestforeground 
02-14 04:02:32.199 14692 14692 I GeckoConsole:     at aw_debug (app://system.gaiamobile.org/js/app_window.js:1212:7)
02-14 04:02:32.199 14692 14692 D GeckoConsole: Content JS TRACE: 
02-14 04:02:32.199 14692 14692 D GeckoConsole:     at aw_debug (app://system.gaiamobile.org/js/app_window.js:1218:9)
02-14 04:02:32.199 14692 14692 D GeckoConsole:     at AppWindow.prototype.publish (app://system.gaiamobile.org/js/app_window.js:1403:5)
02-14 04:02:32.199 14692 14692 D GeckoConsole:     at aw_requestForeground (app://system.gaiamobile.org/js/app_window.js:2219:7)
02-14 04:02:32.199 14692 14692 D GeckoConsole:     at atc_handle_opening (app://system.gaiamobile.org/js/app_transition_controller.js:248:7)
02-14 04:02:32.199 14692 14692 D GeckoConsole:     at atc_handleEvent (app://system.gaiamobile.org/js/app_transition_controller.js:359:11)
02-14 04:02:32.199 14692 14692 D GeckoConsole:     at aw_broadcast (app://system.gaiamobile.org/js/app_window.js:1430:7)
02-14 04:02:32.199 14692 14692 D GeckoConsole:     at AppWindow.prototype.publish (app://system.gaiamobile.org/js/app_window.js:1396:5)
02-14 04:02:32.199 14692 14692 D GeckoConsole:     at atc_changeTransitionState (app://system.gaiamobile.org/js/app_transition_controller.js:110:7)
02-14 04:02:32.199 14692 14692 D GeckoConsole:     at AppTransitionController.prototype.requireOpen (app://system.gaiamobile.org/js/app_transition_controller.js:308:7)
02-14 04:02:32.199 14692 14692 D GeckoConsole:     at aw_open (app://system.gaiamobile.org/js/app_window.js:1962:7)
02-14 04:02:32.199 14692 14692 D GeckoConsole:     at awm_switchApp/< (app://system.gaiamobile.org/js/app_window_manager.js:340:9)
02-14 04:02:32.199 14692 14692 I GeckoConsole: Content JS LOG: [AppWindow][Messages][AppWindow_5][2419.741] set visibility -> ,true 
02-14 04:02:32.199 14692 14692 I GeckoConsole:     at aw_debug (app://system.gaiamobile.org/js/app_window.js:1212:7)
02-14 04:02:32.209 14692 14692 D GeckoConsole: Content JS TRACE: 
02-14 04:02:32.209 14692 14692 D GeckoConsole:     at aw_debug (app://system.gaiamobile.org/js/app_window.js:1218:9)
02-14 04:02:32.209 14692 14692 D GeckoConsole:     at aw_setVisible (app://system.gaiamobile.org/js/app_window.js:218:7)
02-14 04:02:32.209 14692 14692 D GeckoConsole:     at vm_handleEvent (app://system.gaiamobile.org/js/visibility_manager.js:71:11)
02-14 04:02:32.209 14692 14692 D GeckoConsole:     at AppWindow.prototype.publish (app://system.gaiamobile.org/js/app_window.js:1410:7)
02-14 04:02:32.209 14692 14692 D GeckoConsole:     at aw_requestForeground (app://system.gaiamobile.org/js/app_window.js:2219:7)
02-14 04:02:32.209 14692 14692 D GeckoConsole:     at atc_handle_opening (app://system.gaiamobile.org/js/app_transition_controller.js:248:7)
02-14 04:02:32.209 14692 14692 D GeckoConsole:     at atc_handleEvent (app://system.gaiamobile.org/js/app_transition_controller.js:359:11)
02-14 04:02:32.209 14692 14692 D GeckoConsole:     at aw_broadcast (app://system.gaiamobile.org/js/app_window.js:1430:7)
02-14 04:02:32.209 14692 14692 D GeckoConsole:     at AppWindow.prototype.publish (app://system.gaiamobile.org/js/app_window.js:1396:5)
02-14 04:02:32.209 14692 14692 D GeckoConsole:     at atc_changeTransitionState (app://system.gaiamobile.org/js/app_transition_controller.js:110:7)
02-14 04:02:32.209 14692 14692 D GeckoConsole:     at AppTransitionController.prototype.requireOpen (app://system.gaiamobile.org/js/app_transition_controller.js:308:7)
02-14 04:02:32.209 14692 14692 D GeckoConsole:     at aw_open (app://system.gaiamo
02-14 04:02:32.209 14692 14692 I GeckoConsole: Content JS LOG: [AppWindow][Messages][AppWindow_5][2419.745] setVisibleForScreenReader:,true 
02-14 04:02:32.209 14692 14692 I GeckoConsole:     at aw_debug (app://system.gaiamobile.org/js/app_window.js:1212:7)
02-14 04:02:32.209 14692 14692 D GeckoConsole: Content JS TRACE: 
02-14 04:02:32.209 14692 14692 D GeckoConsole:     at aw_debug (app://system.gaiamobile.org/js/app_window.js:1218:9)
02-14 04:02:32.209 14692 14692 D GeckoConsole:     at aw_setVisibleForScreenReader (app://system.gaiamobile.org/js/app_window.js:247:7)
02-14 04:02:32.209 14692 14692 D GeckoConsole:     at aw_setVisible (app://system.gaiamobile.org/js/app_window.js:219:7)
02-14 04:02:32.209 14692 14692 D GeckoConsole:     at vm_handleEvent (app://system.gaiamobile.org/js/visibility_manager.js:71:11)
02-14 04:02:32.209 14692 14692 D GeckoConsole:     at AppWindow.prototype.publish (app://system.gaiamobile.org/js/app_window.js:1410:7)
02-14 04:02:32.209 14692 14692 D GeckoConsole:     at aw_requestForeground (app://system.gaiamobile.org/js/app_window.js:2219:7)
02-14 04:02:32.209 14692 14692 D GeckoConsole:     at atc_handle_opening (app://system.gaiamobile.org/js/app_transition_controller.js:248:7)
02-14 04:02:32.209 14692 14692 D GeckoConsole:     at atc_handleEvent (app://system.gaiamobile.org/js/app_transition_controller.js:359:11)
02-14 04:02:32.209 14692 14692 D GeckoConsole:     at aw_broadcast (app://system.gaiamobile.org/js/app_window.js:1430:7)
02-14 04:02:32.209 14692 14692 D GeckoConsole:     at AppWindow.prototype.publish (app://system.gaiamobile.org/js/app_window.js:1396:5)
02-14 04:02:32.209 14692 14692 D GeckoConsole:     at atc_changeTransitionState (app://system.gaiamobile.org/js/app_transition_controller.js:110:7)
02-14 04:02:32.209 14692 14692 D GeckoConsole:     at AppTransitionController.prototype.requireOpen (app://system.
02-14 04:02:32.209 14692 14692 I GeckoConsole: Content JS LOG: [AppWindow][Messages][AppWindow_5][2419.751] toggleSpatialNavigation(): enabled = undefined 
02-14 04:02:32.209 14692 14692 I GeckoConsole:     at aw_debug (app://system.gaiamobile.org/js/app_window.js:1212:7)
02-14 04:02:32.219 14692 14692 D GeckoConsole: Content JS TRACE: 
02-14 04:02:32.219 14692 14692 D GeckoConsole:     at aw_debug (app://system.gaiamobile.org/js/app_window.js:1218:9)
02-14 04:02:32.219 14692 14692 D GeckoConsole:     at AppWindow.prototype.toggleSpatialNavigation (app://system.gaiamobile.org/js/app_window.js:2351:5)
02-14 04:02:32.219 14692 14692 D GeckoConsole:     at aw_setVisibleForScreenReader (app://system.gaiamobile.org/js/app_window.js:250:7)
02-14 04:02:32.219 14692 14692 D GeckoConsole:     at aw_setVisible (app://system.gaiamobile.org/js/app_window.js:219:7)
02-14 04:02:32.219 14692 14692 D GeckoConsole:     at vm_handleEvent (app://system.gaiamobile.org/js/visibility_manager.js:71:11)
02-14 04:02:32.219 14692 14692 D GeckoConsole:     at AppWindow.prototype.publish (app://system.gaiamobile.org/js/app_window.js:1410:7)
02-14 04:02:32.219 14692 14692 D GeckoConsole:     at aw_requestForeground (app://system.gaiamobile.org/js/app_window.js:2219:7)
02-14 04:02:32.219 14692 14692 D GeckoConsole:     at atc_handle_opening (app://system.gaiamobile.org/js/app_transition_controller.js:248:7)
02-14 04:02:32.219 14692 14692 D GeckoConsole:     at atc_handleEvent (app://system.gaiamobile.org/js/app_transition_controller.js:359:11)
02-14 04:02:32.219 14692 14692 D GeckoConsole:     at aw_broadcast (app://system.gaiamobile.org/js/app_window.js:1430:7)
02-14 04:02:32.219 14692 14692 D GeckoConsole:     at AppWindow.prototype.publish (app://system.gaiamobile.org/js/app_window.js:1396:5)
02-14 04:02:32.219 14692 14692 D GeckoConsole:     at atc_changeTransitionState (app://system.gaiamobile.org/j
02-14 04:02:32.219 14692 14692 I Gecko   : -*-DHCUI--- AppsService.js: getAppLocalIdByManifestURL( app://sms.gaiamobile.org/manifest.webapp )
02-14 04:02:32.219 14692 14692 I Gecko   : -*- DHCUI-AppsUtils.jsm: getAppLocalIdByManifestURL app://sms.gaiamobile.org/manifest.webapp
02-14 04:02:32.219 14692 14692 I GeckoConsole: Content JS LOG: [AppWindow][Messages][AppWindow_5][2419.759] toggleSpatialNavigation(): set --> false 
02-14 04:02:32.219 14692 14692 I GeckoConsole:     at aw_debug (app://system.gaiamobile.org/js/app_window.js:1212:7)
02-14 04:02:32.219 14692 14692 D GeckoConsole: Content JS TRACE: 
02-14 04:02:32.219 14692 14692 D GeckoConsole:     at aw_debug (app://system.gaiamobile.org/js/app_window.js:1218:9)
02-14 04:02:32.219 14692 14692 D GeckoConsole:     at AppWindow.prototype.toggleSpatialNavigation (app://system.gaiamobile.org/js/app_window.js:2412:7)
02-14 04:02:32.219 14692 14692 D GeckoConsole:     at aw_setVisibleForScreenReader (app://system.gaiamobile.org/js/app_window.js:250:7)
02-14 04:02:32.219 14692 14692 D GeckoConsole:     at aw_setVisible (app://system.gaiamobile.org/js/app_window.js:219:7)
02-14 04:02:32.219 14692 14692 D GeckoConsole:     at vm_handleEvent (app://system.gaiamobile.org/js/visibility_manager.js:71:11)
02-14 04:02:32.219 14692 14692 D GeckoConsole:     at AppWindow.prototype.publish (app://system.gaiamobile.org/js/app_window.js:1410:7)
02-14 04:02:32.219 14692 14692 D GeckoConsole:     at aw_requestForeground (app://system.gaiamobile.org/js/app_window.js:2219:7)
02-14 04:02:32.219 14692 14692 D GeckoConsole:     at atc_handle_opening (app://system.gaiamobile.org/js/app_transition_controller.js:248:7)
02-14 04:02:32.219 14692 14692 D GeckoConsole:     at atc_handleEvent (app://system.gaiamobile.org/js/app_transition_controller.js:359:11)
02-14 04:02:32.219 14692 14692 D GeckoConsole:     at aw_broadcast (app://system.gaiamobile.org/js/app_window.js:1430:7)
02-14 04:02:32.219 14692 14692 D GeckoConsole:     at AppWindow.prototype.publish (app://system.gaiamobile.org/js/app_window.js:1396:5)
02-14 04:02:32.219 14692 14692 D GeckoConsole:     at atc_changeTransitionState (app://system.gaiamobile.org/j
02-14 04:02:32.229 14692 14692 I GeckoConsole: Content JS LOG: [AppWindow][Messages][AppWindow_5][2419.763] setSpatialNavigation(): enabled = false 
02-14 04:02:32.229 14692 14692 I GeckoConsole:     at aw_debug (app://system.gaiamobile.org/js/app_window.js:1212:7)
02-14 04:02:32.229 14692 14692 D GeckoConsole: Content JS TRACE: 
02-14 04:02:32.229 14692 14692 D GeckoConsole:     at aw_debug (app://system.gaiamobile.org/js/app_window.js:1218:9)
02-14 04:02:32.229 14692 14692 D GeckoConsole:     at window.BrowserMixin.setSpatialNavigation (app://system.gaiamobile.org/js/browser_mixin.js:87:7)
02-14 04:02:32.229 14692 14692 D GeckoConsole:     at AppWindow.prototype.toggleSpatialNavigation (app://system.gaiamobile.org/js/app_window.js:2415:5)
02-14 04:02:32.229 14692 14692 D GeckoConsole:     at aw_setVisibleForScreenReader (app://system.gaiamobile.org/js/app_window.js:250:7)
02-14 04:02:32.229 14692 14692 D GeckoConsole:     at aw_setVisible (app://system.gaiamobile.org/js/app_window.js:219:7)
02-14 04:02:32.229 14692 14692 D GeckoConsole:     at vm_handleEvent (app://system.gaiamobile.org/js/visibility_manager.js:71:11)
02-14 04:02:32.229 14692 14692 D GeckoConsole:     at AppWindow.prototype.publish (app://system.gaiamobile.org/js/app_window.js:1410:7)
02-14 04:02:32.229 14692 14692 D GeckoConsole:     at aw_requestForeground (app://system.gaiamobile.org/js/app_window.js:2219:7)
02-14 04:02:32.229 14692 14692 D GeckoConsole:     at atc_handle_opening (app://system.gaiamobile.org/js/app_transition_controller.js:248:7)
02-14 04:02:32.229 14692 14692 D GeckoConsole:     at atc_handleEvent (app://system.gaiamobile.org/js/app_transition_controller.js:359:11)
02-14 04:02:32.229 14692 14692 D GeckoConsole:     at aw_broadcast (app://system.gaiamobile.org/js/app_window.js:1430:7)
02-14 04:02:32.229 14692 14692 D GeckoConsole:     at AppWindow.prototype.publish (app://system.
02-14 04:02:32.229 14692 14692 I GeckoConsole: Content JS LOG: [AppWindow][Messages][AppWindow_5][2419.769] setActive on browser element:true 
02-14 04:02:32.229 14692 14692 I GeckoConsole:     at aw_debug (app://system.gaiamobile.org/js/app_window.js:1212:7)
02-14 04:02:32.239 14692 14692 D GeckoConsole: Content JS TRACE: 
02-14 04:02:32.239 14692 14692 D GeckoConsole:     at aw_debug (app://system.gaiamobile.org/js/app_window.js:1218:9)
02-14 04:02:32.239 14692 14692 D GeckoConsole:     at bm__setActive (app://system.gaiamobile.org/js/browser_mixin.js:290:9)
02-14 04:02:32.239 14692 14692 D GeckoConsole:     at aw_setVisible (app://system.gaiamobile.org/js/app_window.js:220:7)
02-14 04:02:32.239 14692 14692 D GeckoConsole:     at vm_handleEvent (app://system.gaiamobile.org/js/visibility_manager.js:71:11)
02-14 04:02:32.239 14692 14692 D GeckoConsole:     at AppWindow.prototype.publish (app://system.gaiamobile.org/js/app_window.js:1410:7)
02-14 04:02:32.239 14692 14692 D GeckoConsole:     at aw_requestForeground (app://system.gaiamobile.org/js/app_window.js:2219:7)
02-14 04:02:32.239 14692 14692 D GeckoConsole:     at atc_handle_opening (app://system.gaiamobile.org/js/app_transition_controller.js:248:7)
02-14 04:02:32.239 14692 14692 D GeckoConsole:     at atc_handleEvent (app://system.gaiamobile.org/js/app_transition_controller.js:359:11)
02-14 04:02:32.239 14692 14692 D GeckoConsole:     at aw_broadcast (app://system.gaiamobile.org/js/app_window.js:1430:7)
02-14 04:02:32.239 14692 14692 D GeckoConsole:     at AppWindow.prototype.publish (app://system.gaiamobile.org/js/app_window.js:1396:5)
02-14 04:02:32.239 14692 14692 D GeckoConsole:     at atc_changeTransitionState (app://system.gaiamobile.org/js/app_transition_controller.js:110:7)
02-14 04:02:32.239 14692 14692 D GeckoConsole:     at AppTransitionController.prototype.requireOpen (app://system.gaiamobile.o
02-14 04:02:32.239 14692 14692 I GeckoConsole: Content JS LOG: [AppWindow][Messages][AppWindow_5][2419.776] before showing frame 
02-14 04:02:32.239 14692 14692 I GeckoConsole:     at aw_debug (app://system.gaiamobile.org/js/app_window.js:1212:7)
02-14 04:02:32.239 14692 14692 D GeckoConsole: Content JS TRACE: 
02-14 04:02:32.239 14692 14692 D GeckoConsole:     at aw_debug (app://system.gaiamobile.org/js/app_window.js:1218:9)
02-14 04:02:32.239 14692 14692 D GeckoConsole:     at aw__showFrame (app://system.gaiamobile.org/js/app_window.js:258:5)
02-14 04:02:32.239 14692 14692 D GeckoConsole:     at aw_setVisible (app://system.gaiamobile.org/js/app_window.js:224:9)
02-14 04:02:32.239 14692 14692 D GeckoConsole:     at vm_handleEvent (app://system.gaiamobile.org/js/visibility_manager.js:71:11)
02-14 04:02:32.239 14692 14692 D GeckoConsole:     at AppWindow.prototype.publish (app://system.gaiamobile.org/js/app_window.js:1410:7)
02-14 04:02:32.239 14692 14692 D GeckoConsole:     at aw_requestForeground (app://system.gaiamobile.org/js/app_window.js:2219:7)
02-14 04:02:32.239 14692 14692 D GeckoConsole:     at atc_handle_opening (app://system.gaiamobile.org/js/app_transition_controller.js:248:7)
02-14 04:02:32.239 14692 14692 D GeckoConsole:     at atc_handleEvent (app://system.gaiamobile.org/js/app_transition_controller.js:359:11)
02-14 04:02:32.239 14692 14692 D GeckoConsole:     at aw_broadcast (app://system.gaiamobile.org/js/app_window.js:1430:7)
02-14 04:02:32.239 14692 14692 D GeckoConsole:     at AppWindow.prototype.publish (app://system.gaiamobile.org/js/app_window.js:1396:5)
02-14 04:02:32.239 14692 14692 D GeckoConsole:     at atc_changeTransitionState (app://system.gaiamobile.org/js/app_transition_controller.js:110:7)
02-14 04:02:32.239 14692 14692 D GeckoConsole:     at AppTransitionController.prototype.requireOpen (app://system.gaiamobile.org/
02-14 04:02:32.239 14692 14692 I GeckoConsole: Content JS LOG: [AppWindow][Messages][AppWindow_5][2419.781] handling _opening 
02-14 04:02:32.239 14692 14692 I GeckoConsole:     at aw_debug (app://system.gaiamobile.org/js/app_window.js:1212:7)
02-14 04:02:32.249 14692 14692 D GeckoConsole: Content JS TRACE: 
02-14 04:02:32.249 14692 14692 D GeckoConsole:     at aw_debug (app://system.gaiamobile.org/js/app_window.js:1218:9)
02-14 04:02:32.249 14692 14692 D GeckoConsole:     at vs_handleEvent (app://system.gaiamobile.org/js/value_selector/value_selector.js:133:5)
02-14 04:02:32.249 14692 14692 D GeckoConsole:     at aw_broadcast (app://system.gaiamobile.org/js/app_window.js:1430:7)
02-14 04:02:32.249 14692 14692 D GeckoConsole:     at AppWindow.prototype.publish (app://system.gaiamobile.org/js/app_window.js:1396:5)
02-14 04:02:32.249 14692 14692 D GeckoConsole:     at atc_changeTransitionState (app://system.gaiamobile.org/js/app_transition_controller.js:110:7)
02-14 04:02:32.249 14692 14692 D GeckoConsole:     at AppTransitionController.prototype.requireOpen (app://system.gaiamobile.org/js/app_transition_controller.js:308:7)
02-14 04:02:32.249 14692 14692 D GeckoConsole:     at aw_open (app://system.gaiamobile.org/js/app_window.js:1962:7)
02-14 04:02:32.249 14692 14692 D GeckoConsole:     at awm_switchApp/< (app://system.gaiamobile.org/js/app_window_manager.js:340:9)
02-14 04:02:32.249 14692 14692 I GeckoConsole: Content JS LOG: [AppWindow][Messages][AppWindow_5][2419.786] publishing external event: appopening 
02-14 04:02:32.249 14692 14692 I GeckoConsole:     at aw_debug (app://system.gaiamobile.org/js/app_window.js:1212:7)
02-14 04:02:32.249 14692 14692 D GeckoConsole: Content JS TRACE: 
02-14 04:02:32.249 14692 14692 D GeckoConsole:     at aw_debug (app://system.gaiamobile.org/js/app_window.js:1218:9)
02-14 04:02:32.249 14692 14692 D GeckoConsole:     at AppWindow.prototype.publish (app://system.gaiamobile.org/js/app_window.js:1403:5)
02-14 04:02:32.249 14692 14692 D GeckoConsole:     at atc_changeTransitionState (app://system.gaiamobile.org/js/app_transition_controller.js:110:7)
02-14 04:02:32.249 14692 14692 D GeckoConsole:     at AppTransitionController.prototype.requireOpen (app://system.gaiamobile.org/js/app_transition_controller.js:308:7)
02-14 04:02:32.249 14692 14692 D GeckoConsole:     at aw_open (app://system.gaiamobile.org/js/app_window.js:1962:7)
02-14 04:02:32.249 14692 14692 D GeckoConsole:     at awm_switchApp/< (app://system.gaiamobile.org/js/app_window_manager.js:340:9)
02-14 04:02:32.259 14692 14692 I GeckoConsole: Content JS LOG: [AppWindowManager][2419.792]handling appopening 
02-14 04:02:32.259 14692 14692 I GeckoConsole:     at awm_debug (app://system.gaiamobile.org/js/app_window_manager.js:789:9)
02-14 04:02:32.259 14692 14692 I GeckoConsole: Content JS LOG: [AppWindowManager][2419.794]false,false,[object Object] 
02-14 04:02:32.259 14692 14692 I GeckoConsole:     at awm_debug (app://system.gaiamobile.org/js/app_window_manager.js:789:9)
02-14 04:02:32.259 14692 14692 I GeckoConsole: Content JS LOG: [AppWindow][Messages][AppWindow_5][2419.797] request RESIZE...active? ,true 
02-14 04:02:32.259 14692 14692 I GeckoConsole:     at aw_debug (app://system.gaiamobile.org/js/app_window.js:1212:7)
02-14 04:02:32.259 14692 14692 D GeckoConsole: Content JS TRACE: 
02-14 04:02:32.259 14692 14692 D GeckoConsole:     at aw_debug (app://system.gaiamobile.org/js/app_window.js:1218:9)
02-14 04:02:32.259 14692 14692 D GeckoConsole:     at aw_resize (app://system.gaiamobile.org/js/app_window.js:1628:5)
02-14 04:02:32.259 14692 14692 D GeckoConsole:     at awm__changeActiveApp (app://system.gaiamobile.org/js/app_window_manager.js:850:7)
02-14 04:02:32.259 14692 14692 D GeckoConsole:     at awm_handleEvent (app://system.gaiamobile.org/js/app_window_manager.js:591:11)
02-14 04:02:32.259 14692 14692 D GeckoConsole:     at AppWindow.prototype.publish (app://system.gaiamobile.org/js/app_window.js:1410:7)
02-14 04:02:32.259 14692 14692 D GeckoConsole:     at atc_changeTransitionState (app://system.gaiamobile.org/js/app_transition_controller.js:110:7)
02-14 04:02:32.259 14692 14692 D GeckoConsole:     at AppTransitionController.prototype.requireOpen (app://system.gaiamobile.org/js/app_transition_controller.js:308:7)
02-14 04:02:32.259 14692 14692 D GeckoConsole:     at aw_open (app://system.gaiamobile.org/js/app_window.js:1962:7)
02-14 04:02:32.259 14692 14692 D GeckoConsole:     at awm_switchApp/< (app://system.gaiamobile.org/js/app_window_manager.js:340:9)
02-14 04:02:32.259 14692 14692 I GeckoConsole: Content JS LOG: [AppWindowManager][2419.801]=== Active app now is: ,Messages,=== 
02-14 04:02:32.259 14692 14692 I GeckoConsole:     at awm_debug (app://system.gaiamobile.org/js/app_window_manager.js:789:9)
02-14 04:02:32.269 14692 14692 I GeckoConsole: Content JS LOG: [AppWindowManager][2419.804]publish: appwindowmanager-activated 
02-14 04:02:32.269 14692 14692 I GeckoConsole:     at awm_debug (app://system.gaiamobile.org/js/app_window_manager.js:789:9)
02-14 04:02:32.269 14692 14692 I GeckoConsole: Content JS LOG: [AppWindow][Messages][AppWindow_5][2419.810] publishing internal event: willopen 
02-14 04:02:32.269 14692 14692 I GeckoConsole:     at aw_debug (app://system.gaiamobile.org/js/app_window.js:1212:7)
02-14 04:02:32.279 14692 14692 D GeckoConsole: Content JS TRACE: 
02-14 04:02:32.279 14692 14692 D GeckoConsole:     at aw_debug (app://system.gaiamobile.org/js/app_window.js:1218:9)
02-14 04:02:32.279 14692 14692 D GeckoConsole:     at aw_broadcast (app://system.gaiamobile.org/js/app_window.js:1429:7)
02-14 04:02:32.279 14692 14692 D GeckoConsole:     at AppWindow.prototype.publish (app://system.gaiamobile.org/js/app_window.js:1396:5)
02-14 04:02:32.279 14692 14692 D GeckoConsole:     at atc_changeTransitionState (app://system.gaiamobile.org/js/app_transition_controller.js:121:9)
02-14 04:02:32.279 14692 14692 D GeckoConsole:     at AppTransitionController.prototype.requireOpen (app://system.gaiamobile.org/js/app_transition_controller.js:308:7)
02-14 04:02:32.279 14692 14692 D GeckoConsole:     at aw_open (app://system.gaiamobile.org/js/app_window.js:1962:7)
02-14 04:02:32.279 14692 14692 D GeckoConsole:     at awm_switchApp/< (app://system.gaiamobile.org/js/app_window_manager.js:340:9)
02-14 04:02:32.279 14692 14692 I GeckoConsole: Content JS LOG: [AppWindow][Messages][AppWindow_5][2419.814] publishing external event: appwillopen 
02-14 04:02:32.279 14692 14692 I GeckoConsole:     at aw_debug (app://system.gaiamobile.org/js/app_window.js:1212:7)
02-14 04:02:32.279 14692 14692 D GeckoConsole: Content JS TRACE: 
02-14 04:02:32.279 14692 14692 D GeckoConsole:     at aw_debug (app://system.gaiamobile.org/js/app_window.js:1218:9)
02-14 04:02:32.279 14692 14692 D GeckoConsole:     at AppWindow.prototype.publish (app://system.gaiamobile.org/js/app_window.js:1403:5)
02-14 04:02:32.279 14692 14692 D GeckoConsole:     at atc_changeTransitionState (app://system.gaiamobile.org/js/app_transition_controller.js:121:9)
02-14 04:02:32.279 14692 14692 D GeckoConsole:     at AppTransitionController.prototype.requireOpen (app://system.gaiamobile.org/js/app_transition_controller.js:308:7)
02-14 04:02:32.279 14692 14692 D GeckoConsole:     at aw_open (app://system.gaiamobile.org/js/app_window.js:1962:7)
02-14 04:02:32.279 14692 14692 D GeckoConsole:     at awm_switchApp/< (app://system.gaiamobile.org/js/app_window_manager.js:340:9)
02-14 04:02:32.279 14692 14692 I GeckoConsole: Content JS LOG: [HomescreenWindow][Homescreen][homescreen][2419.819] close with no-animation 
02-14 04:02:32.279 14692 14692 I GeckoConsole:     at aw_debug (app://system.gaiamobile.org/js/app_window.js:1212:7)
02-14 04:02:32.279 14692 14692 D GeckoConsole: Content JS TRACE: 
02-14 04:02:32.279 14692 14692 D GeckoConsole:     at aw_debug (app://system.gaiamobile.org/js/app_window.js:1218:9)
02-14 04:02:32.279 14692 14692 D GeckoConsole:     at AppTransitionController.prototype.requireClose (app://system.gaiamobile.org/js/app_transition_controller.js:314:5)
02-14 04:02:32.279 14692 14692 D GeckoConsole:     at aw_close (app://system.gaiamobile.org/js/app_window.js:1973:7)
02-14 04:02:32.279 14692 14692 D GeckoConsole:     at awm_switchApp/< (app://system.gaiamobile.org/js/app_window_manager.js:343:11)
02-14 04:02:32.289 14692 14692 I GeckoConsole: Content JS LOG: [HomescreenWindow][Homescreen][homescreen][2419.823] opened,closing,::,close 
02-14 04:02:32.289 14692 14692 I GeckoConsole:     at aw_debug (app://system.gaiamobile.org/js/app_window.js:1212:7)
02-14 04:02:32.289 14692 14692 D GeckoConsole: Content JS TRACE: 
02-14 04:02:32.289 14692 14692 D GeckoConsole:     at aw_debug (app://system.gaiamobile.org/js/app_window.js:1218:9)
02-14 04:02:32.289 14692 14692 D GeckoConsole:     at atc_changeTransitionState (app://system.gaiamobile.org/js/app_transition_controller.js:105:7)
02-14 04:02:32.289 14692 14692 D GeckoConsole:     at AppTransitionController.prototype.requireClose (app://system.gaiamobile.org/js/app_transition_controller.js:318:7)
02-14 04:02:32.289 14692 14692 D GeckoConsole:     at aw_close (app://system.gaiamobile.org/js/app_window.js:1973:7)
02-14 04:02:32.289 14692 14692 D GeckoConsole:     at awm_switchApp/< (app://system.gaiamobile.org/js/app_window_manager.js:343:11)
02-14 04:02:32.289 14692 14692 I GeckoConsole: Content JS LOG: [HomescreenWindow][Homescreen][homescreen][2419.827] timer to ensure closed does occur. 
02-14 04:02:32.289 14692 14692 I GeckoConsole:     at aw_debug (app://system.gaiamobile.org/js/app_window.js:1212:7)
02-14 04:02:32.289 14692 14692 D GeckoConsole: Content JS TRACE: 
02-14 04:02:32.289 14692 14692 D GeckoConsole:     at aw_debug (app://system.gaiamobile.org/js/app_window.js:1218:9)
02-14 04:02:32.289 14692 14692 D GeckoConsole:     at atc_do_closing (app://system.gaiamobile.org/js/app_transition_controller.js:145:7)
02-14 04:02:32.289 14692 14692 D GeckoConsole:     at atc_changeTransitionState (app://system.gaiamobile.org/js/app_transition_controller.js:109:7)
02-14 04:02:32.289 14692 14692 D GeckoConsole:     at AppTransitionController.prototype.requireClose (app://system.gaiamobile.org/js/app_transition_controller.js:318:7)
02-14 04:02:32.289 14692 14692 D GeckoConsole:     at aw_close (app://system.gaiamobile.org/js/app_window.js:1973:7)
02-14 04:02:32.289 14692 14692 D GeckoConsole:     at awm_switchApp/< (app://system.gaiamobile.org/js/app_window_manager.js:343:11)
