02-14 04:02:31.859 14692 14692 D GeckoConsole:     at aw_debug (app://system.gaiamobile.org/js/app_window.js:1218:9)
02-14 04:02:31.859 14692 14692 D GeckoConsole:     at AppWindow.prototype.publish (app://system.gaiamobile.org/js/app_window.js:1403:5)
02-14 04:02:31.859 14692 14692 D GeckoConsole:     at aw__render (app://system.gaiamobile.org/js/app_window.js:585:5)
02-14 04:02:31.859 14692 14692 D GeckoConsole:     at aw_render (app://system.gaiamobile.org/js/app_window.js:658:5)
02-14 04:02:31.859 14692 14692 D GeckoConsole:     at AppWindow (app://system.gaiamobile.org/js/app_window.js:56:5)
02-14 04:02:31.859 14692 14692 D GeckoConsole:     at AppWindowFactory.prototype.trackLaunchingWindow (app://system.gaiamobile.org/js/app_window_factory.js:299:17)
02-14 04:02:31.859 14692 14692 D GeckoConsole:     at awf_launch (app://system.gaiamobile.org/js/app_window_factory.js:251:9)
02-14 04:02:31.859 14692 14692 D GeckoConsole:     at awf_handleEvent (app://system.gaiamobile.org/js/app_window_factory.js:149:11)
02-14 04:02:31.859 14692 14692 D GeckoConsole:     at AppWindowFactory.prototype.preHandleEvent (app://system.gaiamobile.org/js/app_window_factory.js:97:9)
02-14 04:02:31.859 14692 14692 I Gecko   : -*-DHCUI--- AppsService.js: GetAppByManifestURL( app://sms.gaiamobile.org/manifest.webapp )
02-14 04:02:31.859 14692 14692 I Gecko   : -*- DHCUI-AppsUtils.jsm: getAppByManifestURL app://sms.gaiamobile.org/manifest.webapp
02-14 04:02:31.859 14692 14692 I Gecko   : -*-DHCUI--- AppsService.js: GetAppByManifestURL( app://sms.gaiamobile.org/manifest.webapp )
02-14 04:02:31.859 14692 14692 I Gecko   : -*- DHCUI-AppsUtils.jsm: getAppByManifestURL app://sms.gaiamobile.org/manifest.webapp
02-14 04:02:31.869 14692 14692 I Gecko   : -*-DHCUI--- AppsService.js: getAppByLocalId( 1026 )
02-14 04:02:31.869 14692 14692 I Gecko   : -*- DHCUI-AppsUtils.jsm: getAppByLocalId 1026
02-14 04:02:31.869 14692 14692 I Gecko   : -*-DHCUI--- AppsService.js: GetAppByManifestURL( app://sms.gaiamobile.org/manifest.webapp )
02-14 04:02:31.869 14692 14692 I Gecko   : -*- DHCUI-AppsUtils.jsm: getAppByManifestURL app://sms.gaiamobile.org/manifest.webapp
02-14 04:02:31.869 14692 14692 I Gecko   : -*-DHCUI--- AppsService.js: GetAppByManifestURL( app://sms.gaiamobile.org/manifest.webapp )
02-14 04:02:31.869 14692 14692 I Gecko   : -*- DHCUI-AppsUtils.jsm: getAppByManifestURL app://sms.gaiamobile.org/manifest.webapp
02-14 04:02:31.869 14692 14692 I Gecko   : -*-DHCUI--- AppsService.js: GetAppByManifestURL( app://sms.gaiamobile.org/manifest.webapp )
02-14 04:02:31.869 14692 14692 I Gecko   : -*- DHCUI-AppsUtils.jsm: getAppByManifestURL app://sms.gaiamobile.org/manifest.webapp
02-14 04:02:31.869 14692 14692 I Gecko   : -*-DHCUI--- AppsService.js: getAppByLocalId( 1024 )
02-14 04:02:31.869 14692 14692 I Gecko   : -*- DHCUI-AppsUtils.jsm: getAppByLocalId 1024
02-14 04:02:31.869 14692 14692 I Gecko   : -*-DHCUI--- AppsService.js: getAppByLocalId( 1026 )
02-14 04:02:31.869 14692 14692 I Gecko   : -*- DHCUI-AppsUtils.jsm: getAppByLocalId 1026
02-14 04:02:31.879 14692 14692 I Gecko   : -*-DHCUI--- AppsService.js: GetAppByManifestURL( app://sms.gaiamobile.org/manifest.webapp )
02-14 04:02:31.879 14692 14692 I Gecko   : -*- DHCUI-AppsUtils.jsm: getAppByManifestURL app://sms.gaiamobile.org/manifest.webapp
02-14 04:02:31.879 15821 15821 I Gecko   : -*-DHCUI--- AppsService.js: getAppByLocalId( 1024 )
02-14 04:02:31.879 15821 15821 I Gecko   : -*- DHCUI--AppsServiceChild.jsm: getAppByLocalId 1024 - ready: false
02-14 04:02:31.879 15821 15821 I Gecko   : -*-DHCUI--- AppsService.js: getAppByLocalId( 1026 )
02-14 04:02:31.879 15821 15821 I Gecko   : -*- DHCUI--AppsServiceChild.jsm: getAppByLocalId 1026 - ready: false
02-14 04:02:31.879 14692 14692 I Gecko   : -*-DHCUI--- AppsService.js: GetAppByManifestURL( app://sms.gaiamobile.org/manifest.webapp )
02-14 04:02:31.879 14692 14692 I Gecko   : -*- DHCUI-AppsUtils.jsm: getAppByManifestURL app://sms.gaiamobile.org/manifest.webapp
02-14 04:02:31.879 14692 14692 I Gecko   : -*- DHCUI-AppsUtils.jsm: getAppLocalIdByManifestURL app://sms.gaiamobile.org/manifest.webapp
02-14 04:02:31.889 14692 14692 I GeckoConsole: Content JS LOG: [AppWindow][Messages][AppWindow_5][2419.424] publishing internal event: rendered 
02-14 04:02:31.889 14692 14692 I GeckoConsole:     at aw_debug (app://system.gaiamobile.org/js/app_window.js:1212:7)
02-14 04:02:31.889 15821 15821 I Gecko   : -*-DHCUI--- AppsService.js: getRedirect for 1024 app://sms.gaiamobile.org/index.html
02-14 04:02:31.889 15821 15821 I Gecko   : -*- DHCUI--AppsServiceChild.jsm: getAppByLocalId 1024 - ready: false
02-14 04:02:31.889 14692 14692 D GeckoConsole: Content JS TRACE: 
02-14 04:02:31.889 14692 14692 D GeckoConsole:     at aw_debug (app://system.gaiamobile.org/js/app_window.js:1218:9)
02-14 04:02:31.889 14692 14692 D GeckoConsole:     at aw_broadcast (app://system.gaiamobile.org/js/app_window.js:1429:7)
02-14 04:02:31.889 14692 14692 D GeckoConsole:     at AppWindow.prototype.publish (app://system.gaiamobile.org/js/app_window.js:1396:5)
02-14 04:02:31.889 14692 14692 D GeckoConsole:     at aw__render (app://system.gaiamobile.org/js/app_window.js:651:5)
02-14 04:02:31.889 14692 14692 D GeckoConsole:     at aw_render (app://system.gaiamobile.org/js/app_window.js:658:5)
02-14 04:02:31.889 14692 14692 D GeckoConsole:     at AppWindow (app://system.gaiamobile.org/js/app_window.js:56:5)
02-14 04:02:31.889 14692 14692 D GeckoConsole:     at AppWindowFactory.prototype.trackLaunchingWindow (app://system.gaiamobile.org/js/app_window_factory.js:299:17)
02-14 04:02:31.889 14692 14692 D GeckoConsole:     at awf_launch (app://system.gaiamobile.org/js/app_window_factory.js:251:9)
02-14 04:02:31.889 14692 14692 D GeckoConsole:     at awf_handleEvent (app://system.gaiamobile.org/js/app_window_factory.js:149:11)
02-14 04:02:31.889 14692 14692 D GeckoConsole:     at AppWindowFactory.prototype.preHandleEvent (app://system.gaiamobile.org/js/app_window_factory.js:97:9)
02-14 04:02:31.889 14692 14692 I GeckoConsole: Content JS LOG: [AppWindow][Messages][AppWindow_5][2419.429] publishing external event: apprendered 
02-14 04:02:31.889 14692 14692 I GeckoConsole:     at aw_debug (app://system.gaiamobile.org/js/app_window.js:1212:7)
02-14 04:02:31.889 15821 15821 I Gecko   : -*-DHCUI--- AppsService.js: getAppInfo()
02-14 04:02:31.889 15821 15821 I Gecko   : -*- DHCUI-AppsUtils.jsm: getCoreAppsBasePath()
02-14 04:02:31.899 14692 14692 D GeckoConsole: Content JS TRACE: 
02-14 04:02:31.899 14692 14692 D GeckoConsole:     at aw_debug (app://system.gaiamobile.org/js/app_window.js:1218:9)
02-14 04:02:31.899 14692 14692 D GeckoConsole:     at AppWindow.prototype.publish (app://system.gaiamobile.org/js/app_window.js:1403:5)
02-14 04:02:31.899 14692 14692 D GeckoConsole:     at aw__render (app://system.gaiamobile.org/js/app_window.js:651:5)
02-14 04:02:31.899 14692 14692 D GeckoConsole:     at aw_render (app://system.gaiamobile.org/js/app_window.js:658:5)
02-14 04:02:31.899 14692 14692 D GeckoConsole:     at AppWindow (app://system.gaiamobile.org/js/app_window.js:56:5)
02-14 04:02:31.899 14692 14692 D GeckoConsole:     at AppWindowFactory.prototype.trackLaunchingWindow (app://system.gaiamobile.org/js/app_window_factory.js:299:17)
02-14 04:02:31.899 14692 14692 D GeckoConsole:     at awf_launch (app://system.gaiamobile.org/js/app_window_factory.js:251:9)
02-14 04:02:31.899 14692 14692 D GeckoConsole:     at awf_handleEvent (app://system.gaiamobile.org/js/app_window_factory.js:149:11)
02-14 04:02:31.899 14692 14692 D GeckoConsole:     at AppWindowFactory.prototype.preHandleEvent (app://system.gaiamobile.org/js/app_window_factory.js:97:9)
02-14 04:02:31.899 15821 15821 W Messages: [JavaScript Warning: "Use of nsIFile in content process is deprecated." {file: "jar:file:///system/b2g/omni.ja!/components/DirectoryProvider.js" line: 89}]
02-14 04:02:31.899 15821 15821 I Gecko   : -*- DHCUI-AppsUtils.jsm: /system/b2g/webapps isCoreApp: true
02-14 04:02:31.899 14692 14692 I GeckoConsole: Content JS LOG: [AppWindow][Messages][AppWindow_5][2419.435] adding mozbrowserclose event handler ... 
02-14 04:02:31.899 14692 14692 I GeckoConsole:     at aw_debug (app://system.gaiamobile.org/js/app_window.js:1212:7)
02-14 04:02:31.899 14692 14692 D GeckoConsole: Content JS TRACE: 
02-14 04:02:31.899 14692 14692 D GeckoConsole:     at aw_debug (app://system.gaiamobile.org/js/app_window.js:1218:9)
02-14 04:02:31.899 14692 14692 D GeckoConsole:     at iterator (app://system.gaiamobile.org/js/app_window.js:1154:7)
02-14 04:02:31.899 14692 14692 D GeckoConsole:     at aw__registerEvents (app://system.gaiamobile.org/js/app_window.js:1153:5)
02-14 04:02:31.899 14692 14692 D GeckoConsole:     at aw_render (app://system.gaiamobile.org/js/app_window.js:659:5)
02-14 04:02:31.899 14692 14692 D GeckoConsole:     at AppWindow (app://system.gaiamobile.org/js/app_window.js:56:5)
02-14 04:02:31.899 14692 14692 D GeckoConsole:     at AppWindowFactory.prototype.trackLaunchingWindow (app://system.gaiamobile.org/js/app_window_factory.js:299:17)
02-14 04:02:31.899 14692 14692 D GeckoConsole:     at awf_launch (app://system.gaiamobile.org/js/app_window_factory.js:251:9)
02-14 04:02:31.899 14692 14692 D GeckoConsole:     at awf_handleEvent (app://system.gaiamobile.org/js/app_window_factory.js:149:11)
02-14 04:02:31.899 14692 14692 D GeckoConsole:     at AppWindowFactory.prototype.preHandleEvent (app://system.gaiamobile.org/js/app_window_factory.js:97:9)
02-14 04:02:31.899 14692 14692 I GeckoConsole: Content JS LOG: [AppWindow][Messages][AppWindow_5][2419.440] adding mozbrowsererror event handler ... 
02-14 04:02:31.899 14692 14692 I GeckoConsole:     at aw_debug (app://system.gaiamobile.org/js/app_window.js:1212:7)
02-14 04:02:31.909 15821 15821 I Gecko   : -*-DHCUI--- AppsService.js: getAppByLocalId( 1024 )
02-14 04:02:31.909 14692 14692 D GeckoConsole: Content JS TRACE: 
02-14 04:02:31.909 14692 14692 D GeckoConsole:     at aw_debug (app://system.gaiamobile.org/js/app_window.js:1218:9)
02-14 04:02:31.909 14692 14692 D GeckoConsole:     at iterator (app://system.gaiamobile.org/js/app_window.js:1154:7)
02-14 04:02:31.909 14692 14692 D GeckoConsole:     at aw__registerEvents (app://system.gaiamobile.org/js/app_window.js:1153:5)
02-14 04:02:31.909 14692 14692 D GeckoConsole:     at aw_render (app://system.gaiamobile.org/js/app_window.js:659:5)
02-14 04:02:31.909 14692 14692 D GeckoConsole:     at AppWindow (app://system.gaiamobile.org/js/app_window.js:56:5)
02-14 04:02:31.909 14692 14692 D GeckoConsole:     at AppWindowFactory.prototype.trackLaunchingWindow (app://system.gaiamobile.org/js/app_window_factory.js:299:17)
02-14 04:02:31.909 14692 14692 D GeckoConsole:     at awf_launch (app://system.gaiamobile.org/js/app_window_factory.js:251:9)
02-14 04:02:31.909 14692 14692 D GeckoConsole:     at awf_handleEvent (app://system.gaiamobile.org/js/app_window_factory.js:149:11)
02-14 04:02:31.909 14692 14692 D GeckoConsole:     at AppWindowFactory.prototype.preHandleEvent (app://system.gaiamobile.org/js/app_window_factory.js:97:9)
02-14 04:02:31.909 15821 15821 I Gecko   : -*- DHCUI--AppsServiceChild.jsm: getAppByLocalId 1024 - ready: false
02-14 04:02:31.909 14692 14692 I GeckoConsole: Content JS LOG: [AppWindow][Messages][AppWindow_5][2419.444] adding mozbrowservisibilitychange event handler ... 
02-14 04:02:31.909 14692 14692 I GeckoConsole:     at aw_debug (app://system.gaiamobile.org/js/app_window.js:1212:7)
02-14 04:02:31.909 15821 15821 I Gecko   : -*-DHCUI--- AppsService.js: getAppByLocalId( 1024 )
02-14 04:02:31.909 15821 15821 I Gecko   : -*- DHCUI--AppsServiceChild.jsm: getAppByLocalId 1024 - ready: false
02-14 04:02:31.909 14692 14692 D GeckoConsole: Content JS TRACE: 
02-14 04:02:31.909 14692 14692 D GeckoConsole:     at aw_debug (app://system.gaiamobile.org/js/app_window.js:1218:9)
02-14 04:02:31.909 14692 14692 D GeckoConsole:     at iterator (app://system.gaiamobile.org/js/app_window.js:1154:7)
02-14 04:02:31.909 14692 14692 D GeckoConsole:     at aw__registerEvents (app://system.gaiamobile.org/js/app_window.js:1153:5)
02-14 04:02:31.909 14692 14692 D GeckoConsole:     at aw_render (app://system.gaiamobile.org/js/app_window.js:659:5)
02-14 04:02:31.909 14692 14692 D GeckoConsole:     at AppWindow (app://system.gaiamobile.org/js/app_window.js:56:5)
02-14 04:02:31.909 14692 14692 D GeckoConsole:     at AppWindowFactory.prototype.trackLaunchingWindow (app://system.gaiamobile.org/js/app_window_factory.js:299:17)
02-14 04:02:31.909 14692 14692 D GeckoConsole:     at awf_launch (app://system.gaiamobile.org/js/app_window_factory.js:251:9)
02-14 04:02:31.909 14692 14692 D GeckoConsole:     at awf_handleEvent (app://system.gaiamobile.org/js/app_window_factory.js:149:11)
02-14 04:02:31.909 14692 14692 D GeckoConsole:     at AppWindowFactory.prototype.preHandleEvent (app://system.gaiamobile.org/js/app_window_factory.js:97:9)
02-14 04:02:31.909 14692 14692 I GeckoConsole: Content JS LOG: [AppWindow][Messages][AppWindow_5][2419.449] adding mozbrowserloadend event handler ... 
02-14 04:02:31.909 14692 14692 I GeckoConsole:     at aw_debug (app://system.gaiamobile.org/js/app_window.js:1212:7)
02-14 04:02:31.909 14692 14692 D GeckoConsole: Content JS TRACE: 
02-14 04:02:31.909 14692 14692 D GeckoConsole:     at aw_debug (app://system.gaiamobile.org/js/app_window.js:1218:9)
02-14 04:02:31.909 14692 14692 D GeckoConsole:     at iterator (app://system.gaiamobile.org/js/app_window.js:1154:7)
02-14 04:02:31.909 14692 14692 D GeckoConsole:     at aw__registerEvents (app://system.gaiamobile.org/js/app_window.js:1153:5)
02-14 04:02:31.909 14692 14692 D GeckoConsole:     at aw_render (app://system.gaiamobile.org/js/app_window.js:659:5)
02-14 04:02:31.909 14692 14692 D GeckoConsole:     at AppWindow (app://system.gaiamobile.org/js/app_window.js:56:5)
02-14 04:02:31.909 14692 14692 D GeckoConsole:     at AppWindowFactory.prototype.trackLaunchingWindow (app://system.gaiamobile.org/js/app_window_factory.js:299:17)
02-14 04:02:31.909 14692 14692 D GeckoConsole:     at awf_launch (app://system.gaiamobile.org/js/app_window_factory.js:251:9)
02-14 04:02:31.909 14692 14692 D GeckoConsole:     at awf_handleEvent (app://system.gaiamobile.org/js/app_window_factory.js:149:11)
02-14 04:02:31.909 14692 14692 D GeckoConsole:     at AppWindowFactory.prototype.preHandleEvent (app://system.gaiamobile.org/js/app_window_factory.js:97:9)
02-14 04:02:31.919 14692 14692 I GeckoConsole: Content JS LOG: [AppWindow][Messages][AppWindow_5][2419.455] adding mozbrowseractivitydone event handler ... 
02-14 04:02:31.919 14692 14692 I GeckoConsole:     at aw_debug (app://system.gaiamobile.org/js/app_window.js:1212:7)
02-14 04:02:31.919 15821 15821 I Gecko   : -*-DHCUI--- AppsService.js: getAppByLocalId( 1024 )
02-14 04:02:31.919 14692 14692 D GeckoConsole: Content JS TRACE: 
02-14 04:02:31.919 14692 14692 D GeckoConsole:     at aw_debug (app://system.gaiamobile.org/js/app_window.js:1218:9)
02-14 04:02:31.919 14692 14692 D GeckoConsole:     at iterator (app://system.gaiamobile.org/js/app_window.js:1154:7)
02-14 04:02:31.919 14692 14692 D GeckoConsole:     at aw__registerEvents (app://system.gaiamobile.org/js/app_window.js:1153:5)
02-14 04:02:31.919 14692 14692 D GeckoConsole:     at aw_render (app://system.gaiamobile.org/js/app_window.js:659:5)
02-14 04:02:31.919 14692 14692 D GeckoConsole:     at AppWindow (app://system.gaiamobile.org/js/app_window.js:56:5)
02-14 04:02:31.919 14692 14692 D GeckoConsole:     at AppWindowFactory.prototype.trackLaunchingWindow (app://system.gaiamobile.org/js/app_window_factory.js:299:17)
02-14 04:02:31.919 14692 14692 D GeckoConsole:     at awf_launch (app://system.gaiamobile.org/js/app_window_factory.js:251:9)
02-14 04:02:31.919 14692 14692 D GeckoConsole:     at awf_handleEvent (app://system.gaiamobile.org/js/app_window_factory.js:149:11)
02-14 04:02:31.919 14692 14692 D GeckoConsole:     at AppWindowFactory.prototype.preHandleEvent (app://system.gaiamobile.org/js/app_window_factory.js:97:9)
02-14 04:02:31.919 15821 15821 I Gecko   : -*- DHCUI--AppsServiceChild.jsm: getAppByLocalId 1024 - ready: false
02-14 04:02:31.919 14692 14692 I GeckoConsole: Content JS LOG: [AppWindow][Messages][AppWindow_5][2419.459] adding mozbrowserloadstart event handler ... 
02-14 04:02:31.919 14692 14692 I GeckoConsole:     at aw_debug (app://system.gaiamobile.org/js/app_window.js:1212:7)
02-14 04:02:31.919 15821 15821 I Gecko   : -*-DHCUI--- AppsService.js: GetManifestCSPByLocalId( 1024 )
02-14 04:02:31.919 15821 15821 I Gecko   : -*- DHCUI--AppsServiceChild.jsm: getManifestCSPByLocalId:1024
02-14 04:02:31.919 15821 15821 I Gecko   : -*- DHCUI-AppsUtils.jsm: getManifestCSPByLocalId 1024
02-14 04:02:31.919 14692 14692 D GeckoConsole: Content JS TRACE: 
02-14 04:02:31.919 14692 14692 D GeckoConsole:     at aw_debug (app://system.gaiamobile.org/js/app_window.js:1218:9)
02-14 04:02:31.919 14692 14692 D GeckoConsole:     at iterator (app://system.gaiamobile.org/js/app_window.js:1154:7)
02-14 04:02:31.919 14692 14692 D GeckoConsole:     at aw__registerEvents (app://system.gaiamobile.org/js/app_window.js:1153:5)
02-14 04:02:31.919 14692 14692 D GeckoConsole:     at aw_render (app://system.gaiamobile.org/js/app_window.js:659:5)
02-14 04:02:31.919 14692 14692 D GeckoConsole:     at AppWindow (app://system.gaiamobile.org/js/app_window.js:56:5)
02-14 04:02:31.919 14692 14692 D GeckoConsole:     at AppWindowFactory.prototype.trackLaunchingWindow (app://system.gaiamobile.org/js/app_window_factory.js:299:17)
02-14 04:02:31.919 14692 14692 D GeckoConsole:     at awf_launch (app://system.gaiamobile.org/js/app_window_factory.js:251:9)
02-14 04:02:31.919 14692 14692 D GeckoConsole:     at awf_handleEvent (app://system.gaiamobile.org/js/app_window_factory.js:149:11)
02-14 04:02:31.919 14692 14692 D GeckoConsole:     at AppWindowFactory.prototype.preHandleEvent (app://system.gaiamobile.org/js/app_window_factory.js:97:9)
02-14 04:02:31.929 15821 15821 I Gecko   : -*-DHCUI--- AppsService.js: GetDefaultCSPByLocalId( 1024 )
02-14 04:02:31.929 14692 14692 I GeckoConsole: Content JS LOG: [AppWindow][Messages][AppWindow_5][2419.464] adding mozbrowsertitlechange event handler ... 
02-14 04:02:31.929 14692 14692 I GeckoConsole:     at aw_debug (app://system.gaiamobile.org/js/app_window.js:1212:7)
02-14 04:02:31.929 15821 15821 I Gecko   : -*- DHCUI--AppsServiceChild.jsm: getDefaultCSPByLocalId:1024
02-14 04:02:31.929 15821 15821 I Gecko   : -*- DHCUI-AppsUtils.jsm: getDefaultCSPByLocalId 1024
02-14 04:02:31.929 14692 14692 D GeckoConsole: Content JS TRACE: 
02-14 04:02:31.929 14692 14692 D GeckoConsole:     at aw_debug (app://system.gaiamobile.org/js/app_window.js:1218:9)
02-14 04:02:31.929 14692 14692 D GeckoConsole:     at iterator (app://system.gaiamobile.org/js/app_window.js:1154:7)
02-14 04:02:31.929 14692 14692 D GeckoConsole:     at aw__registerEvents (app://system.gaiamobile.org/js/app_window.js:1153:5)
02-14 04:02:31.929 14692 14692 D GeckoConsole:     at aw_render (app://system.gaiamobile.org/js/app_window.js:659:5)
02-14 04:02:31.929 14692 14692 D GeckoConsole:     at AppWindow (app://system.gaiamobile.org/js/app_window.js:56:5)
02-14 04:02:31.929 14692 14692 D GeckoConsole:     at AppWindowFactory.prototype.trackLaunchingWindow (app://system.gaiamobile.org/js/app_window_factory.js:299:17)
02-14 04:02:31.929 14692 14692 D GeckoConsole:     at awf_launch (app://system.gaiamobile.org/js/app_window_factory.js:251:9)
02-14 04:02:31.929 14692 14692 D GeckoConsole:     at awf_handleEvent (app://system.gaiamobile.org/js/app_window_factory.js:149:11)
02-14 04:02:31.929 14692 14692 D GeckoConsole:     at AppWindowFactory.prototype.preHandleEvent (app://system.gaiamobile.org/js/app_window_factory.js:97:9)
02-14 04:02:31.929 14692 14692 I GeckoConsole: Content JS LOG: [AppWindow][Messages][AppWindow_5][2419.469] adding mozbrowserlocationchange event handler ... 
02-14 04:02:31.929 14692 14692 I GeckoConsole:     at aw_debug (app://system.gaiamobile.org/js/app_window.js:1212:7)
02-14 04:02:31.929 14692 14692 D GeckoConsole: Content JS TRACE: 
02-14 04:02:31.929 14692 14692 D GeckoConsole:     at aw_debug (app://system.gaiamobile.org/js/app_window.js:1218:9)
02-14 04:02:31.929 14692 14692 D GeckoConsole:     at iterator (app://system.gaiamobile.org/js/app_window.js:1154:7)
02-14 04:02:31.929 14692 14692 D GeckoConsole:     at aw__registerEvents (app://system.gaiamobile.org/js/app_window.js:1153:5)
02-14 04:02:31.929 14692 14692 D GeckoConsole:     at aw_render (app://system.gaiamobile.org/js/app_window.js:659:5)
02-14 04:02:31.929 14692 14692 D GeckoConsole:     at AppWindow (app://system.gaiamobile.org/js/app_window.js:56:5)
02-14 04:02:31.929 14692 14692 D GeckoConsole:     at AppWindowFactory.prototype.trackLaunchingWindow (app://system.gaiamobile.org/js/app_window_factory.js:299:17)
02-14 04:02:31.929 14692 14692 D GeckoConsole:     at awf_launch (app://system.gaiamobile.org/js/app_window_factory.js:251:9)
02-14 04:02:31.929 14692 14692 D GeckoConsole:     at awf_handleEvent (app://system.gaiamobile.org/js/app_window_factory.js:149:11)
02-14 04:02:31.929 14692 14692 D GeckoConsole:     at AppWindowFactory.prototype.preHandleEvent (app://system.gaiamobile.org/js/app_window_factory.js:97:9)
02-14 04:02:31.939 14692 14692 I GeckoConsole: Content JS LOG: [AppWindow][Messages][AppWindow_5][2419.473] adding mozbrowsermetachange event handler ... 
02-14 04:02:31.939 14692 14692 I GeckoConsole:     at aw_debug (app://system.gaiamobile.org/js/app_window.js:1212:7)
02-14 04:02:31.939 14692 14692 D GeckoConsole: Content JS TRACE: 
02-14 04:02:31.939 14692 14692 D GeckoConsole:     at aw_debug (app://system.gaiamobile.org/js/app_window.js:1218:9)
02-14 04:02:31.939 14692 14692 D GeckoConsole:     at iterator (app://system.gaiamobile.org/js/app_window.js:1154:7)
02-14 04:02:31.939 14692 14692 D GeckoConsole:     at aw__registerEvents (app://system.gaiamobile.org/js/app_window.js:1153:5)
02-14 04:02:31.939 14692 14692 D GeckoConsole:     at aw_render (app://system.gaiamobile.org/js/app_window.js:659:5)
02-14 04:02:31.939 14692 14692 D GeckoConsole:     at AppWindow (app://system.gaiamobile.org/js/app_window.js:56:5)
02-14 04:02:31.939 14692 14692 D GeckoConsole:     at AppWindowFactory.prototype.trackLaunchingWindow (app://system.gaiamobile.org/js/app_window_factory.js:299:17)
02-14 04:02:31.939 14692 14692 D GeckoConsole:     at awf_launch (app://system.gaiamobile.org/js/app_window_factory.js:251:9)
02-14 04:02:31.939 14692 14692 D GeckoConsole:     at awf_handleEvent (app://system.gaiamobile.org/js/app_window_factory.js:149:11)
02-14 04:02:31.939 14692 14692 D GeckoConsole:     at AppWindowFactory.prototype.preHandleEvent (app://system.gaiamobile.org/js/app_window_factory.js:97:9)
02-14 04:02:31.939 14692 14692 I GeckoConsole: Content JS LOG: [AppWindow][Messages][AppWindow_5][2419.478] adding mozbrowsericonchange event handler ... 
02-14 04:02:31.939 14692 14692 I GeckoConsole:     at aw_debug (app://system.gaiamobile.org/js/app_window.js:1212:7)
02-14 04:02:31.939 15821 15821 I Gecko   : -*-DHCUI--- AppsService.js: getAppByLocalId( 1024 )
02-14 04:02:31.939 14692 14692 D GeckoConsole: Content JS TRACE: 
02-14 04:02:31.939 14692 14692 D GeckoConsole:     at aw_debug (app://system.gaiamobile.org/js/app_window.js:1218:9)
02-14 04:02:31.939 14692 14692 D GeckoConsole:     at iterator (app://system.gaiamobile.org/js/app_window.js:1154:7)
02-14 04:02:31.939 14692 14692 D GeckoConsole:     at aw__registerEvents (app://system.gaiamobile.org/js/app_window.js:1153:5)
02-14 04:02:31.939 14692 14692 D GeckoConsole:     at aw_render (app://system.gaiamobile.org/js/app_window.js:659:5)
02-14 04:02:31.939 14692 14692 D GeckoConsole:     at AppWindow (app://system.gaiamobile.org/js/app_window.js:56:5)
02-14 04:02:31.939 14692 14692 D GeckoConsole:     at AppWindowFactory.prototype.trackLaunchingWindow (app://system.gaiamobile.org/js/app_window_factory.js:299:17)
02-14 04:02:31.939 14692 14692 D GeckoConsole:     at awf_launch (app://system.gaiamobile.org/js/app_window_factory.js:251:9)
02-14 04:02:31.939 14692 14692 D GeckoConsole:     at awf_handleEvent (app://system.gaiamobile.org/js/app_window_factory.js:149:11)
02-14 04:02:31.939 14692 14692 D GeckoConsole:     at AppWindowFactory.prototype.preHandleEvent (app://system.gaiamobile.org/js/app_window_factory.js:97:9)
02-14 04:02:31.939 15821 15821 I Gecko   : -*- DHCUI--AppsServiceChild.jsm: getAppByLocalId 1024 - ready: false
02-14 04:02:31.949 14692 14692 I GeckoConsole: Content JS LOG: [AppWindow][Messages][AppWindow_5][2419.483] adding mozbrowserasyncscroll event handler ... 
02-14 04:02:31.949 14692 14692 I GeckoConsole:     at aw_debug (app://system.gaiamobile.org/js/app_window.js:1212:7)
02-14 04:02:31.949 14692 14692 D GeckoConsole: Content JS TRACE: 
02-14 04:02:31.949 14692 14692 D GeckoConsole:     at aw_debug (app://system.gaiamobile.org/js/app_window.js:1218:9)
02-14 04:02:31.949 14692 14692 D GeckoConsole:     at iterator (app://system.gaiamobile.org/js/app_window.js:1154:7)
02-14 04:02:31.949 14692 14692 D GeckoConsole:     at aw__registerEvents (app://system.gaiamobile.org/js/app_window.js:1153:5)
02-14 04:02:31.949 14692 14692 D GeckoConsole:     at aw_render (app://system.gaiamobile.org/js/app_window.js:659:5)
02-14 04:02:31.949 14692 14692 D GeckoConsole:     at AppWindow (app://system.gaiamobile.org/js/app_window.js:56:5)
02-14 04:02:31.949 14692 14692 D GeckoConsole:     at AppWindowFactory.prototype.trackLaunchingWindow (app://system.gaiamobile.org/js/app_window_factory.js:299:17)
02-14 04:02:31.949 14692 14692 D GeckoConsole:     at awf_launch (app://system.gaiamobile.org/js/app_window_factory.js:251:9)
02-14 04:02:31.949 14692 14692 D GeckoConsole:     at awf_handleEvent (app://system.gaiamobile.org/js/app_window_factory.js:149:11)
02-14 04:02:31.949 14692 14692 D GeckoConsole:     at AppWindowFactory.prototype.preHandleEvent (app://system.gaiamobile.org/js/app_window_factory.js:97:9)
02-14 04:02:31.949 14692 14692 I GeckoConsole: Content JS LOG: [AppWindow][Messages][AppWindow_5][2419.487] adding mozbrowsersecuritychange event handler ... 
02-14 04:02:31.949 14692 14692 I GeckoConsole:     at aw_debug (app://system.gaiamobile.org/js/app_window.js:1212:7)
02-14 04:02:31.949 14692 14692 D GeckoConsole: Content JS TRACE: 
02-14 04:02:31.949 14692 14692 D GeckoConsole:     at aw_debug (app://system.gaiamobile.org/js/app_window.js:1218:9)
02-14 04:02:31.949 14692 14692 D GeckoConsole:     at iterator (app://system.gaiamobile.org/js/app_window.js:1154:7)
02-14 04:02:31.949 14692 14692 D GeckoConsole:     at aw__registerEvents (app://system.gaiamobile.org/js/app_window.js:1153:5)
02-14 04:02:31.949 14692 14692 D GeckoConsole:     at aw_render (app://system.gaiamobile.org/js/app_window.js:659:5)
02-14 04:02:31.949 14692 14692 D GeckoConsole:     at AppWindow (app://system.gaiamobile.org/js/app_window.js:56:5)
02-14 04:02:31.949 14692 14692 D GeckoConsole:     at AppWindowFactory.prototype.trackLaunchingWindow (app://system.gaiamobile.org/js/app_window_factory.js:299:17)
02-14 04:02:31.949 14692 14692 D GeckoConsole:     at awf_launch (app://system.gaiamobile.org/js/app_window_factory.js:251:9)
02-14 04:02:31.949 14692 14692 D GeckoConsole:     at awf_handleEvent (app://system.gaiamobile.org/js/app_window_factory.js:149:11)
02-14 04:02:31.949 14692 14692 D GeckoConsole:     at AppWindowFactory.prototype.preHandleEvent (app://system.gaiamobile.org/js/app_window_factory.js:97:9)
02-14 04:02:31.959 14692 14692 I GeckoConsole: Content JS LOG: [AppWindow][Messages][AppWindow_5][2419.492] adding softkeyregistered event handler ... 
02-14 04:02:31.959 14692 14692 I GeckoConsole:     at aw_debug (app://system.gaiamobile.org/js/app_window.js:1212:7)
02-14 04:02:31.959 14692 14692 D GeckoConsole: Content JS TRACE: 
02-14 04:02:31.959 14692 14692 D GeckoConsole:     at aw_debug (app://system.gaiamobile.org/js/app_window.js:1218:9)
02-14 04:02:31.959 14692 14692 D GeckoConsole:     at iterator (app://system.gaiamobile.org/js/app_window.js:1154:7)
02-14 04:02:31.959 14692 14692 D GeckoConsole:     at aw__registerEvents (app://system.gaiamobile.org/js/app_window.js:1153:5)
02-14 04:02:31.959 14692 14692 D GeckoConsole:     at aw_render (app://system.gaiamobile.org/js/app_window.js:659:5)
02-14 04:02:31.959 14692 14692 D GeckoConsole:     at AppWindow (app://system.gaiamobile.org/js/app_window.js:56:5)
02-14 04:02:31.959 14692 14692 D GeckoConsole:     at AppWindowFactory.prototype.trackLaunchingWindow (app://system.gaiamobile.org/js/app_window_factory.js:299:17)
02-14 04:02:31.959 14692 14692 D GeckoConsole:     at awf_launch (app://system.gaiamobile.org/js/app_window_factory.js:251:9)
02-14 04:02:31.959 14692 14692 D GeckoConsole:     at awf_handleEvent (app://system.gaiamobile.org/js/app_window_factory.js:149:11)
02-14 04:02:31.959 14692 14692 D GeckoConsole:     at AppWindowFactory.prototype.preHandleEvent (app://system.gaiamobile.org/js/app_window_factory.js:97:9)
02-14 04:02:31.959 14692 14692 I GeckoConsole: Content JS LOG: [AppWindow][Messages][AppWindow_5][2419.496] adding _localized event handler ... 
02-14 04:02:31.959 14692 14692 I GeckoConsole:     at aw_debug (app://system.gaiamobile.org/js/app_window.js:1212:7)
02-14 04:02:31.959 14692 14692 D GeckoConsole: Content JS TRACE: 
02-14 04:02:31.959 14692 14692 D GeckoConsole:     at aw_debug (app://system.gaiamobile.org/js/app_window.js:1218:9)
02-14 04:02:31.959 14692 14692 D GeckoConsole:     at iterator (app://system.gaiamobile.org/js/app_window.js:1154:7)
02-14 04:02:31.959 14692 14692 D GeckoConsole:     at aw__registerEvents (app://system.gaiamobile.org/js/app_window.js:1153:5)
02-14 04:02:31.959 14692 14692 D GeckoConsole:     at aw_render (app://system.gaiamobile.org/js/app_window.js:659:5)
02-14 04:02:31.959 14692 14692 D GeckoConsole:     at AppWindow (app://system.gaiamobile.org/js/app_window.js:56:5)
02-14 04:02:31.959 14692 14692 D GeckoConsole:     at AppWindowFactory.prototype.trackLaunchingWindow (app://system.gaiamobile.org/js/app_window_factory.js:299:17)
02-14 04:02:31.959 14692 14692 D GeckoConsole:     at awf_launch (app://system.gaiamobile.org/js/app_window_factory.js:251:9)
02-14 04:02:31.959 14692 14692 D GeckoConsole:     at awf_handleEvent (app://system.gaiamobile.org/js/app_window_factory.js:149:11)
02-14 04:02:31.959 14692 14692 D GeckoConsole:     at AppWindowFactory.prototype.preHandleEvent (app://system.gaiamobile.org/js/app_window_factory.js:97:9)
02-14 04:02:31.959 14692 14692 I GeckoConsole: Content JS LOG: [AppWindow][Messages][AppWindow_5][2419.501] adding _swipein event handler ... 
02-14 04:02:31.959 14692 14692 I GeckoConsole:     at aw_debug (app://system.gaiamobile.org/js/app_window.js:1212:7)
02-14 04:02:31.969 14692 14692 D GeckoConsole: Content JS TRACE: 
02-14 04:02:31.969 14692 14692 D GeckoConsole:     at aw_debug (app://system.gaiamobile.org/js/app_window.js:1218:9)
02-14 04:02:31.969 14692 14692 D GeckoConsole:     at iterator (app://system.gaiamobile.org/js/app_window.js:1154:7)
02-14 04:02:31.969 14692 14692 D GeckoConsole:     at aw__registerEvents (app://system.gaiamobile.org/js/app_window.js:1153:5)
02-14 04:02:31.969 14692 14692 D GeckoConsole:     at aw_render (app://system.gaiamobile.org/js/app_window.js:659:5)
02-14 04:02:31.969 14692 14692 D GeckoConsole:     at AppWindow (app://system.gaiamobile.org/js/app_window.js:56:5)
02-14 04:02:31.969 14692 14692 D GeckoConsole:     at AppWindowFactory.prototype.trackLaunchingWindow (app://system.gaiamobile.org/js/app_window_factory.js:299:17)
02-14 04:02:31.969 14692 14692 D GeckoConsole:     at awf_launch (app://system.gaiamobile.org/js/app_window_factory.js:251:9)
02-14 04:02:31.969 14692 14692 D GeckoConsole:     at awf_handleEvent (app://system.gaiamobile.org/js/app_window_factory.js:149:11)
02-14 04:02:31.969 14692 14692 D GeckoConsole:     at AppWindowFactory.prototype.preHandleEvent (app://system.gaiamobile.org/js/app_window_factory.js:97:9)
02-14 04:02:31.969 14692 14692 I GeckoConsole: Content JS LOG: [AppWindow][Messages][AppWindow_5][2419.505] adding _swipeout event handler ... 
02-14 04:02:31.969 14692 14692 I GeckoConsole:     at aw_debug (app://system.gaiamobile.org/js/app_window.js:1212:7)
02-14 04:02:31.969 14692 14692 D GeckoConsole: Content JS TRACE: 
02-14 04:02:31.969 14692 14692 D GeckoConsole:     at aw_debug (app://system.gaiamobile.org/js/app_window.js:1218:9)
02-14 04:02:31.969 14692 14692 D GeckoConsole:     at iterator (app://system.gaiamobile.org/js/app_window.js:1154:7)
02-14 04:02:31.969 14692 14692 D GeckoConsole:     at aw__registerEvents (app://system.gaiamobile.org/js/app_window.js:1153:5)
02-14 04:02:31.969 14692 14692 D GeckoConsole:     at aw_render (app://system.gaiamobile.org/js/app_window.js:659:5)
02-14 04:02:31.969 14692 14692 D GeckoConsole:     at AppWindow (app://system.gaiamobile.org/js/app_window.js:56:5)
02-14 04:02:31.969 14692 14692 D GeckoConsole:     at AppWindowFactory.prototype.trackLaunchingWindow (app://system.gaiamobile.org/js/app_window_factory.js:299:17)
02-14 04:02:31.969 14692 14692 D GeckoConsole:     at awf_launch (app://system.gaiamobile.org/js/app_window_factory.js:251:9)
02-14 04:02:31.969 14692 14692 D GeckoConsole:     at awf_handleEvent (app://system.gaiamobile.org/js/app_window_factory.js:149:11)
02-14 04:02:31.969 14692 14692 D GeckoConsole:     at AppWindowFactory.prototype.preHandleEvent (app://system.gaiamobile.org/js/app_window_factory.js:97:9)
02-14 04:02:31.969 14692 14692 I GeckoConsole: Content JS LOG: [AppWindow][Messages][AppWindow_5][2419.510] adding _kill_suspended event handler ... 
02-14 04:02:31.969 14692 14692 I GeckoConsole:     at aw_debug (app://system.gaiamobile.org/js/app_window.js:1212:7)
02-14 04:02:31.979 14692 14692 D GeckoConsole: Content JS TRACE: 
02-14 04:02:31.979 14692 14692 D GeckoConsole:     at aw_debug (app://system.gaiamobile.org/js/app_window.js:1218:9)
02-14 04:02:31.979 14692 14692 D GeckoConsole:     at iterator (app://system.gaiamobile.org/js/app_window.js:1154:7)
02-14 04:02:31.979 14692 14692 D GeckoConsole:     at aw__registerEvents (app://system.gaiamobile.org/js/app_window.js:1153:5)
02-14 04:02:31.979 14692 14692 D GeckoConsole:     at aw_render (app://system.gaiamobile.org/js/app_window.js:659:5)
02-14 04:02:31.979 14692 14692 D GeckoConsole:     at AppWindow (app://system.gaiamobile.org/js/app_window.js:56:5)
02-14 04:02:31.979 14692 14692 D GeckoConsole:     at AppWindowFactory.prototype.trackLaunchingWindow (app://system.gaiamobile.org/js/app_window_factory.js:299:17)
02-14 04:02:31.979 14692 14692 D GeckoConsole:     at awf_launch (app://system.gaiamobile.org/js/app_window_factory.js:251:9)
02-14 04:02:31.979 14692 14692 D GeckoConsole:     at awf_handleEvent (app://system.gaiamobile.org/js/app_window_factory.js:149:11)
02-14 04:02:31.979 14692 14692 D GeckoConsole:     at AppWindowFactory.prototype.preHandleEvent (app://system.gaiamobile.org/js/app_window_factory.js:97:9)
02-14 04:02:31.979 14692 14692 I GeckoConsole: Content JS LOG: [AppWindow][Messages][AppWindow_5][2419.515] adding _orientationchange event handler ... 
02-14 04:02:31.979 14692 14692 I GeckoConsole:     at aw_debug (app://system.gaiamobile.org/js/app_window.js:1212:7)
02-14 04:02:31.979 14692 14692 D GeckoConsole: Content JS TRACE: 
02-14 04:02:31.979 14692 14692 D GeckoConsole:     at aw_debug (app://system.gaiamobile.org/js/app_window.js:1218:9)
02-14 04:02:31.979 14692 14692 D GeckoConsole:     at iterator (app://system.gaiamobile.org/js/app_window.js:1154:7)
02-14 04:02:31.979 14692 14692 D GeckoConsole:     at aw__registerEvents (app://system.gaiamobile.org/js/app_window.js:1153:5)
02-14 04:02:31.979 14692 14692 D GeckoConsole:     at aw_render (app://system.gaiamobile.org/js/app_window.js:659:5)
02-14 04:02:31.979 14692 14692 D GeckoConsole:     at AppWindow (app://system.gaiamobile.org/js/app_window.js:56:5)
02-14 04:02:31.979 14692 14692 D GeckoConsole:     at AppWindowFactory.prototype.trackLaunchingWindow (app://system.gaiamobile.org/js/app_window_factory.js:299:17)
02-14 04:02:31.979 14692 14692 D GeckoConsole:     at awf_launch (app://system.gaiamobile.org/js/app_window_factory.js:251:9)
02-14 04:02:31.979 14692 14692 D GeckoConsole:     at awf_handleEvent (app://system.gaiamobile.org/js/app_window_factory.js:149:11)
02-14 04:02:31.979 14692 14692 D GeckoConsole:     at AppWindowFactory.prototype.preHandleEvent (app://system.gaiamobile.org/js/app_window_factory.js:97:9)
02-14 04:02:31.979 15821 15821 I Gecko   : -*-DHCUI--- AppsService.js: getAppByLocalId( 1024 )
02-14 04:02:31.979 15821 15821 I Gecko   : -*- DHCUI--AppsServiceChild.jsm: getAppByLocalId 1024 - ready: false
02-14 04:02:31.979 14692 14692 I GeckoConsole: Content JS LOG: [AppWindow][Messages][AppWindow_5][2419.521] adding _focus event handler ... 
02-14 04:02:31.979 14692 14692 I GeckoConsole:     at aw_debug (app://system.gaiamobile.org/js/app_window.js:1212:7)
02-14 04:02:31.989 14692 14692 D GeckoConsole: Content JS TRACE: 
02-14 04:02:31.989 14692 14692 D GeckoConsole:     at aw_debug (app://system.gaiamobile.org/js/app_window.js:1218:9)
02-14 04:02:31.989 14692 14692 D GeckoConsole:     at iterator (app://system.gaiamobile.org/js/app_window.js:1154:7)
02-14 04:02:31.989 14692 14692 D GeckoConsole:     at aw__registerEvents (app://system.gaiamobile.org/js/app_window.js:1153:5)
02-14 04:02:31.989 14692 14692 D GeckoConsole:     at aw_render (app://system.gaiamobile.org/js/app_window.js:659:5)
02-14 04:02:31.989 14692 14692 D GeckoConsole:     at AppWindow (app://system.gaiamobile.org/js/app_window.js:56:5)
02-14 04:02:31.989 14692 14692 D GeckoConsole:     at AppWindowFactory.prototype.trackLaunchingWindow (app://system.gaiamobile.org/js/app_window_factory.js:299:17)
02-14 04:02:31.989 14692 14692 D GeckoConsole:     at awf_launch (app://system.gaiamobile.org/js/app_window_factory.js:251:9)
02-14 04:02:31.989 14692 14692 D GeckoConsole:     at awf_handleEvent (app://system.gaiamobile.org/js/app_window_factory.js:149:11)
02-14 04:02:31.989 14692 14692 D GeckoConsole:     at AppWindowFactory.prototype.preHandleEvent (app://system.gaiamobile.org/js/app_window_factory.js:97:9)
02-14 04:02:31.989 14692 14692 I GeckoConsole: Content JS LOG: [AppWindow][Messages][AppWindow_5][2419.526] adding _blur event handler ... 
02-14 04:02:31.989 14692 14692 I GeckoConsole:     at aw_debug (app://system.gaiamobile.org/js/app_window.js:1212:7)
02-14 04:02:31.989 15821 15821 I Gecko   : -*-DHCUI--- AppsService.js: getAppInfo()
02-14 04:02:31.989 15821 15821 I Gecko   : -*- DHCUI-AppsUtils.jsm: getCoreAppsBasePath()
02-14 04:02:31.989 14692 14692 D GeckoConsole: Content JS TRACE: 
02-14 04:02:31.989 14692 14692 D GeckoConsole:     at aw_debug (app://system.gaiamobile.org/js/app_window.js:1218:9)
02-14 04:02:31.989 14692 14692 D GeckoConsole:     at iterator (app://system.gaiamobile.org/js/app_window.js:1154:7)
02-14 04:02:31.989 14692 14692 D GeckoConsole:     at aw__registerEvents (app://system.gaiamobile.org/js/app_window.js:1153:5)
02-14 04:02:31.989 14692 14692 D GeckoConsole:     at aw_render (app://system.gaiamobile.org/js/app_window.js:659:5)
02-14 04:02:31.989 14692 14692 D GeckoConsole:     at AppWindow (app://system.gaiamobile.org/js/app_window.js:56:5)
02-14 04:02:31.989 14692 14692 D GeckoConsole:     at AppWindowFactory.prototype.trackLaunchingWindow (app://system.gaiamobile.org/js/app_window_factory.js:299:17)
02-14 04:02:31.989 14692 14692 D GeckoConsole:     at awf_launch (app://system.gaiamobile.org/js/app_window_factory.js:251:9)
02-14 04:02:31.989 14692 14692 D GeckoConsole:     at awf_handleEvent (app://system.gaiamobile.org/js/app_window_factory.js:149:11)
02-14 04:02:31.989 14692 14692 D GeckoConsole:     at AppWindowFactory.prototype.preHandleEvent (app://system.gaiamobile.org/js/app_window_factory.js:97:9)
02-14 04:02:31.989 15821 15821 I Gecko   : -*- DHCUI-AppsUtils.jsm: /system/b2g/webapps isCoreApp: true
02-14 04:02:31.999 14692 14692 I GeckoConsole: Content JS LOG: [AppWindow][Messages][AppWindow_5][2419.531] adding _hidewindow event handler ... 
02-14 04:02:31.999 14692 14692 I GeckoConsole:     at aw_debug (app://system.gaiamobile.org/js/app_window.js:1212:7)
02-14 04:02:31.999 14692 14692 D GeckoConsole: Content JS TRACE: 
02-14 04:02:31.999 14692 14692 D GeckoConsole:     at aw_debug (app://system.gaiamobile.org/js/app_window.js:1218:9)
02-14 04:02:31.999 14692 14692 D GeckoConsole:     at iterator (app://system.gaiamobile.org/js/app_window.js:1154:7)
02-14 04:02:31.999 14692 14692 D GeckoConsole:     at aw__registerEvents (app://system.gaiamobile.org/js/app_window.js:1153:5)
02-14 04:02:31.999 14692 14692 D GeckoConsole:     at aw_render (app://system.gaiamobile.org/js/app_window.js:659:5)
02-14 04:02:31.999 14692 14692 D GeckoConsole:     at AppWindow (app://system.gaiamobile.org/js/app_window.js:56:5)
02-14 04:02:31.999 14692 14692 D GeckoConsole:     at AppWindowFactory.prototype.trackLaunchingWindow (app://system.gaiamobile.org/js/app_window_factory.js:299:17)
02-14 04:02:31.999 14692 14692 D GeckoConsole:     at awf_launch (app://system.gaiamobile.org/js/app_window_factory.js:251:9)
02-14 04:02:31.999 14692 14692 D GeckoConsole:     at awf_handleEvent (app://system.gaiamobile.org/js/app_window_factory.js:149:11)
02-14 04:02:31.999 14692 14692 D GeckoConsole:     at AppWindowFactory.prototype.preHandleEvent (app://system.gaiamobile.org/js/app_window_factory.js:97:9)
02-14 04:02:31.999 14692 14692 I GeckoConsole: Content JS LOG: [AppWindow][Messages][AppWindow_5][2419.537] adding _sheetdisplayed event handler ... 
02-14 04:02:31.999 14692 14692 I GeckoConsole:     at aw_debug (app://system.gaiamobile.org/js/app_window.js:1212:7)
02-14 04:02:31.999 14692 14692 D GeckoConsole: Content JS TRACE: 
02-14 04:02:31.999 14692 14692 D GeckoConsole:     at aw_debug (app://system.gaiamobile.org/js/app_window.js:1218:9)
02-14 04:02:31.999 14692 14692 D GeckoConsole:     at iterator (app://system.gaiamobile.org/js/app_window.js:1154:7)
02-14 04:02:31.999 14692 14692 D GeckoConsole:     at aw__registerEvents (app://system.gaiamobile.org/js/app_window.js:1153:5)
02-14 04:02:31.999 14692 14692 D GeckoConsole:     at aw_render (app://system.gaiamobile.org/js/app_window.js:659:5)
02-14 04:02:31.999 14692 14692 D GeckoConsole:     at AppWindow (app://system.gaiamobile.org/js/app_window.js:56:5)
02-14 04:02:31.999 14692 14692 D GeckoConsole:     at AppWindowFactory.prototype.trackLaunchingWindow (app://system.gaiamobile.org/js/app_window_factory.js:299:17)
02-14 04:02:31.999 14692 14692 D GeckoConsole:     at awf_launch (app://system.gaiamobile.org/js/app_window_factory.js:251:9)
02-14 04:02:31.999 14692 14692 D GeckoConsole:     at awf_handleEvent (app://system.gaiamobile.org/js/app_window_factory.js:149:11)
02-14 04:02:31.999 14692 14692 D GeckoConsole:     at AppWindowFactory.prototype.preHandleEvent (app://system.gaiamobile.org/js/app_window_factory.js:97:9)
02-14 04:02:32.009 14692 14692 I GeckoConsole: Content JS LOG: [AppWindow][Messages][AppWindow_5][2419.541] adding _sheetsgestureend event handler ... 
02-14 04:02:32.009 14692 14692 I GeckoConsole:     at aw_debug (app://system.gaiamobile.org/js/app_window.js:1212:7)
02-14 04:02:32.009 14692 14692 D GeckoConsole: Content JS TRACE: 
02-14 04:02:32.009 14692 14692 D GeckoConsole:     at aw_debug (app://system.gaiamobile.org/js/app_window.js:1218:9)
02-14 04:02:32.009 14692 14692 D GeckoConsole:     at iterator (app://system.gaiamobile.org/js/app_window.js:1154:7)
02-14 04:02:32.009 14692 14692 D GeckoConsole:     at aw__registerEvents (app://system.gaiamobile.org/js/app_window.js:1153:5)
02-14 04:02:32.009 14692 14692 D GeckoConsole:     at aw_render (app://system.gaiamobile.org/js/app_window.js:659:5)
02-14 04:02:32.009 14692 14692 D GeckoConsole:     at AppWindow (app://system.gaiamobile.org/js/app_window.js:56:5)
02-14 04:02:32.009 14692 14692 D GeckoConsole:     at AppWindowFactory.prototype.trackLaunchingWindow (app://system.gaiamobile.org/js/app_window_factory.js:299:17)
02-14 04:02:32.009 14692 14692 D GeckoConsole:     at awf_launch (app://system.gaiamobile.org/js/app_window_factory.js:251:9)
02-14 04:02:32.009 14692 14692 D GeckoConsole:     at awf_handleEvent (app://system.gaiamobile.org/js/app_window_factory.js:149:11)
02-14 04:02:32.009 14692 14692 D GeckoConsole:     at AppWindowFactory.prototype.preHandleEvent (app://system.gaiamobile.org/js/app_window_factory.js:97:9)
02-14 04:02:32.009 14692 14692 I GeckoConsole: Content JS LOG: [AppWindow][Messages][AppWindow_5][2419.546] adding _closed event handler ... 
02-14 04:02:32.009 14692 14692 I GeckoConsole:     at aw_debug (app://system.gaiamobile.org/js/app_window.js:1212:7)
02-14 04:02:32.009 14692 14692 D GeckoConsole: Content JS TRACE: 
02-14 04:02:32.009 14692 14692 D GeckoConsole:     at aw_debug (app://system.gaiamobile.org/js/app_window.js:1218:9)
02-14 04:02:32.009 14692 14692 D GeckoConsole:     at iterator (app://system.gaiamobile.org/js/app_window.js:1154:7)
02-14 04:02:32.009 14692 14692 D GeckoConsole:     at aw__registerEvents (app://system.gaiamobile.org/js/app_window.js:1153:5)
02-14 04:02:32.009 14692 14692 D GeckoConsole:     at aw_render (app://system.gaiamobile.org/js/app_window.js:659:5)
02-14 04:02:32.009 14692 14692 D GeckoConsole:     at AppWindow (app://system.gaiamobile.org/js/app_window.js:56:5)
02-14 04:02:32.009 14692 14692 D GeckoConsole:     at AppWindowFactory.prototype.trackLaunchingWindow (app://system.gaiamobile.org/js/app_window_factory.js:299:17)
02-14 04:02:32.009 14692 14692 D GeckoConsole:     at awf_launch (app://system.gaiamobile.org/js/app_window_factory.js:251:9)
02-14 04:02:32.009 14692 14692 D GeckoConsole:     at awf_handleEvent (app://system.gaiamobile.org/js/app_window_factory.js:149:11)
02-14 04:02:32.009 14692 14692 D GeckoConsole:     at AppWindowFactory.prototype.preHandleEvent (app://system.gaiamobile.org/js/app_window_factory.js:97:9)
02-14 04:02:32.009 14692 14692 I GeckoConsole: Content JS LOG: [AppWindow][Messages][AppWindow_5][2419.551] installing sub components... 
02-14 04:02:32.009 14692 14692 I GeckoConsole:     at aw_debug (app://system.gaiamobile.org/js/app_window.js:1212:7)
02-14 04:02:32.019 14692 14692 D GeckoConsole: Content JS TRACE: 
02-14 04:02:32.019 14692 14692 D GeckoConsole:     at aw_debug (app://system.gaiamobile.org/js/app_window.js:1218:9)
02-14 04:02:32.019 14692 14692 D GeckoConsole:     at aw_installSubComponents (app://system.gaiamobile.org/js/app_window.js:833:7)
02-14 04:02:32.019 14692 14692 D GeckoConsole:     at aw_render (app://system.gaiamobile.org/js/app_window.js:660:5)
02-14 04:02:32.019 14692 14692 D GeckoConsole:     at AppWindow (app://system.gaiamobile.org/js/app_window.js:56:5)
02-14 04:02:32.019 14692 14692 D GeckoConsole:     at AppWindowFactory.prototype.trackLaunchingWindow (app://system.gaiamobile.org/js/app_window_factory.js:299:17)
02-14 04:02:32.019 14692 14692 D GeckoConsole:     at awf_launch (app://system.gaiamobile.org/js/app_window_factory.js:251:9)
02-14 04:02:32.019 14692 14692 D GeckoConsole:     at awf_handleEvent (app://system.gaiamobile.org/js/app_window_factory.js:149:11)
02-14 04:02:32.019 14692 14692 D GeckoConsole:     at AppWindowFactory.prototype.preHandleEvent (app://system.gaiamobile.org/js/app_window_factory.js:97:9)
02-14 04:02:32.019 14692 14692 I GeckoConsole: Content JS LOG: [AppWindow][Messages][AppWindow_5][2419.556] default animation:,enlarge,reduce 
02-14 04:02:32.019 14692 14692 I GeckoConsole:     at aw_debug (app://system.gaiamobile.org/js/app_window.js:1212:7)
02-14 04:02:32.019 14692 14692 D GeckoConsole: Content JS TRACE: 
02-14 04:02:32.019 14692 14692 D GeckoConsole:     at aw_debug (app://system.gaiamobile.org/js/app_window.js:1218:9)
02-14 04:02:32.019 14692 14692 D GeckoConsole:     at AppTransitionController (app://system.gaiamobile.org/js/app_transition_controller.js:45:7)
02-14 04:02:32.019 14692 14692 D GeckoConsole:     at aw_installSubComponents (app://system.gaiamobile.org/js/app_window.js:837:13)
02-14 04:02:32.019 14692 14692 D GeckoConsole:     at aw_render (app://system.gaiamobile.org/js/app_window.js:660:5)
02-14 04:02:32.019 14692 14692 D GeckoConsole:     at AppWindow (app://system.gaiamobile.org/js/app_window.js:56:5)
02-14 04:02:32.019 14692 14692 D GeckoConsole:     at AppWindowFactory.prototype.trackLaunchingWindow (app://system.gaiamobile.org/js/app_window_factory.js:299:17)
02-14 04:02:32.019 14692 14692 D GeckoConsole:     at awf_launch (app://system.gaiamobile.org/js/app_window_factory.js:251:9)
02-14 04:02:32.019 14692 14692 D GeckoConsole:     at awf_handleEvent (app://system.gaiamobile.org/js/app_window_factory.js:149:11)
02-14 04:02:32.019 14692 14692 D GeckoConsole:     at AppWindowFactory.prototype.preHandleEvent (app://system.gaiamobile.org/js/app_window_factory.js:97:9)
02-14 04:02:32.029 14692 14692 I GeckoConsole: Content JS LOG: [AppWindow][Messages][AppWindow_5][2419.568] publishing internal event: created 
02-14 04:02:32.029 14692 14692 I GeckoConsole:     at aw_debug (app://system.gaiamobile.org/js/app_window.js:1212:7)
02-14 04:02:32.029 14692 14692 D GeckoConsole: Content JS TRACE: 
02-14 04:02:32.029 14692 14692 D GeckoConsole:     at aw_debug (app://system.gaiamobile.org/js/app_window.js:1218:9)
02-14 04:02:32.029 14692 14692 D GeckoConsole:     at aw_broadcast (app://system.gaiamobile.org/js/app_window.js:1429:7)
02-14 04:02:32.029 14692 14692 D GeckoConsole:     at AppWindow.prototype.publish (app://system.gaiamobile.org/js/app_window.js:1396:5)
02-14 04:02:32.029 14692 14692 D GeckoConsole:     at AppWindow (app://system.gaiamobile.org/js/app_window.js:61:5)
02-14 04:02:32.029 14692 14692 D GeckoConsole:     at AppWindowFactory.prototype.trackLaunchingWindow (app://system.gaiamobile.org/js/app_window_factory.js:299:17)
